certifying base cut a2 pair=(0, 1)
certified base cut a2 radius=2.377e-22
certifying base cut b2 pair=(1, 4)
certified base cut b2 radius=1.033e-23
certifying base cut minus_a1_plus_a2 pair=(3, 4)
certified base cut minus_a1_plus_a2 radius=1.395e-22
certifying base cut minus_a1_minus_b1 pair=(3, 5)
certified base cut minus_a1_minus_b1 radius=5.566e-24
validated A:b2 steps=25 position=0.25 step=1.000e-02 radius=8.179e-16
validated A:b2 steps=50 position=0.5 step=1.000e-02 radius=1.718e-12
validated A:b2 steps=75 position=0.619212550668 step=6.089e-03 radius=1.001e-04
validated A:b2 steps=100 position=0.744069741995 step=4.219e-03 radius=2.472e-04
validated A:b2 steps=125 position=0.884603990347 step=7.500e-03 radius=4.021e-04
validated A:b2 steps=137 position=1 step=5.396e-03 radius=4.761e-04
wrote candidate_data/selected_q79covariantperiodbranchcutsetandtightbetatransport/selected_alignment_thimble_periods/primitive_handle_03_A_b2.E32.interval.packet.json
{
  "column_index": 3,
  "label": "A:b2",
  "radius": 0.0004760645421221356,
  "A131_center_difference": 2.35164629421083e-10
}
