certifying base cut a2 pair=(0, 1)
certified base cut a2 radius=2.377e-22
certifying base cut b2 pair=(1, 4)
certified base cut b2 radius=1.033e-23
certifying base cut minus_a1_plus_a2 pair=(3, 4)
certified base cut minus_a1_plus_a2 radius=1.395e-22
certifying base cut minus_a1_minus_b1 pair=(3, 5)
certified base cut minus_a1_minus_b1 radius=5.566e-24
validated B:b2 steps=25 position=0.223671875 step=2.109e-03 radius=1.977e-10
validated B:b2 steps=50 position=0.238708495697 step=1.625e-03 radius=4.727e-06
validated B:b2 steps=75 position=0.468519202233 step=1.000e-02 radius=1.129e-04
validated B:b2 steps=100 position=0.718519202233 step=1.000e-02 radius=2.816e-04
validated B:b2 steps=125 position=0.734559714356 step=2.508e-06 radius=2.890e-04
validated B:b2 steps=150 position=0.746548706121 step=9.897e-04 radius=3.792e-04
validated B:b2 steps=175 position=0.770512506834 step=7.627e-04 radius=5.523e-04
validated B:b2 steps=200 position=0.794207946301 step=1.175e-03 radius=7.338e-04
validated B:b2 steps=225 position=0.81575586115 step=9.058e-04 radius=9.086e-04
validated B:b2 steps=250 position=0.83594330551 step=6.980e-04 radius=1.084e-03
validated B:b2 steps=275 position=0.85484657128 step=5.379e-04 radius=1.260e-03
validated B:b2 steps=300 position=0.872502980186 step=8.290e-04 radius=1.440e-03
validated B:b2 steps=325 position=0.888142743596 step=6.388e-04 radius=1.613e-03
validated B:b2 steps=350 position=0.90276933978 step=4.923e-04 radius=1.792e-03
validated B:b2 steps=375 position=0.916101269075 step=3.794e-04 radius=1.972e-03
validated B:b2 steps=400 position=0.928212013315 step=5.847e-04 radius=2.154e-03
validated B:b2 steps=425 position=0.938930107609 step=4.506e-04 radius=2.331e-03
validated B:b2 steps=450 position=0.94868637622 step=3.472e-04 radius=2.508e-03
validated B:b2 steps=475 position=0.957578052683 step=2.676e-04 radius=2.685e-03
validated B:b2 steps=500 position=0.965890583185 step=4.124e-04 radius=2.864e-03
validated B:b2 steps=525 position=0.973449746613 step=3.178e-04 radius=3.040e-03
validated B:b2 steps=550 position=0.980725125145 step=2.449e-04 radius=3.222e-03
validated B:b2 steps=575 position=0.987356526665 step=1.887e-04 radius=3.399e-03
validated B:b2 steps=600 position=0.993550521834 step=2.908e-04 radius=3.573e-03
validated B:b2 steps=625 position=0.999673277812 step=2.241e-04 radius=3.755e-03
validated B:b2 steps=627 position=1 step=1.634e-04 radius=3.765e-03
wrote candidate_data/selected_q79covariantperiodbranchcutsetandtightbetatransport/selected_alignment_thimble_periods/primitive_handle_07_B_b2.E32.interval.packet.json
{
  "column_index": 7,
  "label": "B:b2",
  "radius": 0.0037651091121024315,
  "A131_center_difference": 7.02536384603431e-10
}
