certifying base cut a2 pair=(0, 1)
certified base cut a2 radius=2.377e-22
certifying base cut b2 pair=(1, 4)
certified base cut b2 radius=1.033e-23
certifying base cut minus_a1_plus_a2 pair=(3, 4)
certified base cut minus_a1_plus_a2 radius=1.395e-22
certifying base cut minus_a1_minus_b1 pair=(3, 5)
certified base cut minus_a1_minus_b1 radius=5.566e-24
validated B:a1 steps=25 position=0.223671875 step=2.109e-03 radius=7.086e-10
validated B:a1 steps=50 position=0.236028472922 step=1.625e-03 radius=2.872e-06
validated B:a1 steps=75 position=0.452582439183 step=1.000e-02 radius=8.661e-05
validated B:a1 steps=100 position=0.702582439183 step=1.000e-02 radius=2.281e-04
validated B:a1 steps=125 position=0.734552172788 step=5.574e-07 radius=2.479e-04
validated B:a1 steps=150 position=0.740515916201 step=8.798e-04 radius=2.859e-04
validated B:a1 steps=175 position=0.768600917349 step=1.356e-03 radius=4.651e-04
validated B:a1 steps=200 position=0.794876857983 step=1.045e-03 radius=6.417e-04
validated B:a1 steps=225 position=0.818799164248 step=8.052e-04 radius=8.131e-04
validated B:a1 steps=250 position=0.841216109041 step=6.205e-04 radius=9.863e-04
validated B:a1 steps=275 position=0.862171653286 step=9.563e-04 radius=1.163e-03
validated B:a1 steps=300 position=0.881241215482 step=7.369e-04 radius=1.340e-03
validated B:a1 steps=325 position=0.898112929585 step=5.679e-04 radius=1.513e-03
validated B:a1 steps=350 position=0.913491251149 step=4.376e-04 radius=1.691e-03
validated B:a1 steps=375 position=0.927460941146 step=6.744e-04 radius=1.871e-03
validated B:a1 steps=400 position=0.939824215579 step=5.197e-04 radius=2.050e-03
validated B:a1 steps=425 position=0.950765847623 step=4.005e-04 radius=2.226e-03
validated B:a1 steps=450 position=0.960462908444 step=3.086e-04 radius=2.398e-03
validated B:a1 steps=475 position=0.969800826463 step=4.757e-04 radius=2.579e-03
validated B:a1 steps=500 position=0.978279217369 step=3.665e-04 radius=2.759e-03
validated B:a1 steps=525 position=0.985996035539 step=2.825e-04 radius=2.935e-03
validated B:a1 steps=550 position=0.99322965652 step=2.177e-04 radius=3.112e-03
validated B:a1 steps=575 position=1 step=1.904e-04 radius=3.287e-03
wrote candidate_data/selected_q79covariantperiodbranchcutsetandtightbetatransport/selected_alignment_thimble_periods/primitive_handle_04_B_a1.E32.interval.packet.json
{
  "column_index": 4,
  "label": "B:a1",
  "radius": 0.0032873791724389997,
  "A131_center_difference": 3.453726698816475e-10
}
