certifying base cut a2 pair=(0, 1)
certified base cut a2 radius=2.377e-22
certifying base cut b2 pair=(1, 4)
certified base cut b2 radius=1.033e-23
certifying base cut minus_a1_plus_a2 pair=(3, 4)
certified base cut minus_a1_plus_a2 radius=1.395e-22
certifying base cut minus_a1_minus_b1 pair=(3, 5)
certified base cut minus_a1_minus_b1 radius=5.566e-24
validated A:a2 steps=25 position=0.25 step=1.000e-02 radius=2.161e-13
validated A:a2 steps=50 position=0.5 step=1.000e-02 radius=8.253e-12
validated A:a2 steps=75 position=0.616209163217 step=6.089e-03 radius=1.153e-04
validated A:a2 steps=100 position=0.73749959111 step=4.692e-03 radius=2.643e-04
validated A:a2 steps=125 position=0.869669505896 step=5.000e-03 radius=4.204e-04
validated A:a2 steps=140 position=1 step=3.305e-04 radius=5.111e-04
wrote candidate_data/selected_q79covariantperiodbranchcutsetandtightbetatransport/selected_alignment_thimble_periods/primitive_handle_02_A_a2.E32.interval.packet.json
{
  "column_index": 2,
  "label": "A:a2",
  "radius": 0.0005111160620568766,
  "A131_center_difference": 1.1838547076869814e-10
}
