process below-normal priority applied=False; checkpoint cooling=3.0s/8 accepted steps
loaded n3 y-chart fibration packet
constructed selected q79 interval system
initialized exact n3 y-chart interval system for d030
certified d030 node parameter_radius=9.694e-64 root_radius=9.694e-64
resumed d030 all-row main checkpoint steps=75 fraction=0.0101835047268
validated d030 all-row main steps=80 fraction=0.0162844471601 radius=5.852e-10
validated d030 all-row main rejections=60 fraction=0.0194916988827 next_step=9.684e-04 reason=ArithmeticError: lift correction exceeds local budget
validated d030 all-row main steps=90 fraction=0.040850177751 radius=7.314e-10
validated d030 all-row main rejections=70 fraction=0.0713706806541 next_step=3.000e-03 reason=ArithmeticError: lift correction exceeds local budget
validated d030 all-row main steps=100 fraction=0.0973548257679 radius=1.227e-09
validated d030 all-row main steps=110 fraction=0.211179178257 radius=5.715e-09
validated d030 all-row main steps=120 fraction=0.291661043654 radius=1.782e-08
validated d030 all-row main rejections=80 fraction=0.323853789813 next_step=3.000e-03 reason=ArithmeticError: lift correction exceeds local budget
validated d030 all-row main steps=130 fraction=0.385939800261 radius=3.139e-08
validated d030 all-row main steps=140 fraction=0.444608723166 radius=4.034e-08
validated d030 all-row main rejections=90 fraction=0.453162995772 next_step=2.583e-03 reason=ArithmeticError: lift correction exceeds local budget
validated d030 all-row main steps=150 fraction=0.47500114484 radius=6.478e-08
validated d030 all-row main rejections=100 fraction=0.47904908185 next_step=9.006e-04 reason=ArithmeticError: lift correction exceeds local budget
validated d030 all-row main steps=160 fraction=0.48731574813 radius=9.300e-08
validated d030 all-row main rejections=110 fraction=0.488727176492 next_step=3.140e-04 reason=ArithmeticError: lift correction exceeds local budget
validated d030 all-row main steps=170 fraction=0.494526046392 radius=9.840e-08
validated d030 all-row main rejections=120 fraction=0.500203933239 next_step=6.385e-04 reason=ArithmeticError: lift correction exceeds local budget
validated d030 all-row main steps=180 fraction=0.507900504984 radius=1.017e-07
validated d030 all-row main rejections=130 fraction=0.538622082313 next_step=2.337e-03 reason=ArithmeticError: lift correction exceeds local budget
validated d030 all-row main steps=190 fraction=0.543100741165 radius=1.095e-07
validated d030 all-row main steps=200 fraction=0.617438754304 radius=1.253e-07
validated d030 all-row main steps=210 fraction=0.732412847728 radius=1.399e-07
validated d030 all-row main rejections=140 fraction=0.762122153469 next_step=2.700e-03 reason=ArithmeticError: lift correction exceeds local budget
validated d030 all-row main steps=220 fraction=0.783309521918 radius=1.537e-07
validated d030 all-row main rejections=150 fraction=0.795820451113 next_step=9.414e-04 reason=ArithmeticError: lift correction exceeds local budget
validated d030 all-row main steps=230 fraction=0.803208029694 radius=1.550e-07
validated d030 all-row main rejections=160 fraction=0.80757032097 next_step=3.283e-04 reason=ArithmeticError: lift correction exceeds local budget
validated d030 all-row main steps=240 fraction=0.812093082267 radius=2.067e-07
validated d030 all-row main rejections=170 fraction=0.815573805751 next_step=2.060e-04 reason=ArithmeticError: lift correction exceeds local budget
validated d030 all-row main steps=250 fraction=0.816931470281 radius=2.781e-07
validated d030 all-row main rejections=180 fraction=0.818145123516 next_step=7.184e-05 reason=ArithmeticError: lift correction exceeds local budget
validated d030 all-row main steps=260 fraction=0.818618511866 radius=2.801e-07
validated d030 all-row main rejections=190 fraction=0.819560854502 next_step=4.509e-05 reason=ArithmeticError: lift correction exceeds local budget
validated d030 all-row main steps=270 fraction=0.819794981923 radius=3.321e-07
validated d030 all-row main rejections=200 fraction=0.820392714245 next_step=2.830e-05 reason=ArithmeticError: lift correction exceeds local budget
validated d030 all-row main steps=280 fraction=0.820544537613 radius=3.710e-07
validated d030 all-row main steps=290 fraction=0.821277202632 radius=3.848e-07
validated d030 all-row main rejections=210 fraction=0.821277202632 next_step=3.197e-05 reason=ArithmeticError: lift correction exceeds local budget
validated d030 all-row main steps=300 fraction=0.822237804324 radius=4.279e-07
validated d030 all-row main rejections=220 fraction=0.822615426986 next_step=6.500e-05 reason=ArithmeticError: lift correction exceeds local budget
validated d030 all-row main steps=310 fraction=0.82367846574 radius=4.646e-07
validated d030 all-row main rejections=230 fraction=0.825092191532 next_step=1.322e-04 reason=ArithmeticError: lift correction exceeds local budget
validated d030 all-row main steps=320 fraction=0.826353121032 radius=4.891e-07
validated d030 all-row main rejections=240 fraction=0.830751184106 next_step=2.688e-04 reason=ArithmeticError: lift correction exceeds local budget
validated d030 all-row main steps=330 fraction=0.831266268655 radius=5.136e-07
validated d030 all-row main steps=340 fraction=0.84167188922 radius=5.330e-07
validated d030 all-row main rejections=250 fraction=0.846223643165 next_step=9.839e-04 reason=ArithmeticError: lift correction exceeds local budget
validated d030 all-row main steps=350 fraction=0.864317310382 radius=5.723e-07
validated d030 all-row main rejections=260 fraction=0.896012186147 next_step=3.000e-03 reason=ArithmeticError: lift correction exceeds local budget
validated d030 all-row main steps=360 fraction=0.91624762659 radius=6.142e-07
validated d030 all-row main steps=368 fraction=1 radius=6.884e-07
wrote candidate_data/selected_q79covariantperiodbranchcutsetandtightbetatransport/selected_alignment_thimble_periods/covariant_floating_probe/validated_transport/d030.n3.node.refined.json
wrote candidate_data/selected_q79covariantperiodbranchcutsetandtightbetatransport/selected_alignment_thimble_periods/covariant_floating_probe/validated_transport/d030.n3.main8.refined.json
{
  "main_maximum_radius": 6.884170385891172e-07,
  "accepted_steps": 368,
  "rejected_steps": 261,
  "orientation_sign": -1,
  "elapsed_seconds": 958.7000056999996
}
