Traceback (most recent call last):
  File "C:\Users\nero_\Downloads\TEXPAPERS\mtt-sm-parity-closure\scripts\certify_q79_height4_target_full_residue_interval.py", line 1006, in <module>
    raise SystemExit(main())
                     ~~~~^^
  File "C:\Users\nero_\Downloads\TEXPAPERS\mtt-sm-parity-closure\scripts\certify_q79_height4_target_full_residue_interval.py", line 997, in main
    execute_main(arguments)
    ~~~~~~~~~~~~^^^^^^^^^^^
  File "C:\Users\nero_\Downloads\TEXPAPERS\mtt-sm-parity-closure\scripts\certify_q79_height4_target_full_residue_interval.py", line 371, in execute_main
    node_parameter, node_root, node_diagnostics = main_engine.fast_certify_node(
                                                  ~~~~~~~~~~~~~~~~~~~~~~~~~~~~~^
        system,
        ^^^^^^^
    ...<2 lines>...
        iterations=arguments.node_iterations,
        ^^^^^^^^^^^^^^^^^^^^^^^^^^^^^^^^^^^^^
    )
    ^
  File "C:\Users\nero_\Downloads\TEXPAPERS\mtt-sm-parity-closure\scripts\certify_q79_height4_d087_full_residue_main_interval.py", line 121, in fast_certify_node
    raise AssertionError("midpoint colliding-pair seed is not separated")
AssertionError: midpoint colliding-pair seed is not separated
