process below-normal priority applied=False; checkpoint cooling=2.0s/10 accepted steps
loaded n3 y-chart fibration packet
constructed selected q79 interval system
certified d030 all-row tail segments=480/9600 radius=1.534e-06
certified d030 all-row tail segments=960/9600 radius=2.243e-06
certified d030 all-row tail segments=1440/9600 radius=2.554e-06
certified d030 all-row tail segments=1920/9600 radius=2.663e-06
certified d030 all-row tail segments=2400/9600 radius=2.676e-06
certified d030 all-row tail segments=2880/9600 radius=2.678e-06
certified d030 all-row tail segments=3360/9600 radius=2.679e-06
certified d030 all-row tail segments=3840/9600 radius=2.679e-06
certified d030 all-row tail segments=4320/9600 radius=2.680e-06
certified d030 all-row tail segments=4800/9600 radius=2.680e-06
certified d030 all-row tail segments=5280/9600 radius=2.680e-06
certified d030 all-row tail segments=5760/9600 radius=2.680e-06
certified d030 all-row tail segments=6240/9600 radius=2.680e-06
certified d030 all-row tail segments=6720/9600 radius=2.680e-06
certified d030 all-row tail segments=7200/9600 radius=2.680e-06
certified d030 all-row tail segments=7680/9600 radius=2.680e-06
certified d030 all-row tail segments=8160/9600 radius=2.680e-06
certified d030 all-row tail segments=8640/9600 radius=2.680e-06
certified d030 all-row tail segments=9120/9600 radius=2.680e-06
certified d030 all-row tail segments=9600/9600 radius=2.680e-06
wrote candidate_data/selected_q79covariantperiodbranchcutsetandtightbetatransport/selected_alignment_thimble_periods/covariant_floating_probe/validated_transport/d030.n3.tail8.refined.json
{
  "maximum_tail_radius": 2.6796989054389546e-06,
  "regular_segments": 9600,
  "elapsed_seconds": 25.32674020000013
}
