process below-normal priority applied=False; checkpoint cooling=2.0s/10 accepted steps
loaded n3 y-chart fibration packet
constructed selected q79 interval system
certified d041 all-row tail segments=480/9600 radius=4.299e-09
certified d041 all-row tail segments=960/9600 radius=5.787e-09
certified d041 all-row tail segments=1440/9600 radius=6.396e-09
certified d041 all-row tail segments=1920/9600 radius=6.647e-09
certified d041 all-row tail segments=2400/9600 radius=6.751e-09
certified d041 all-row tail segments=2880/9600 radius=6.794e-09
certified d041 all-row tail segments=3360/9600 radius=6.812e-09
certified d041 all-row tail segments=3840/9600 radius=6.820e-09
certified d041 all-row tail segments=4320/9600 radius=6.823e-09
certified d041 all-row tail segments=4800/9600 radius=6.824e-09
certified d041 all-row tail segments=5280/9600 radius=6.825e-09
certified d041 all-row tail segments=5760/9600 radius=6.825e-09
certified d041 all-row tail segments=6240/9600 radius=6.825e-09
certified d041 all-row tail segments=6720/9600 radius=6.825e-09
certified d041 all-row tail segments=7200/9600 radius=6.825e-09
certified d041 all-row tail segments=7680/9600 radius=6.825e-09
certified d041 all-row tail segments=8160/9600 radius=6.825e-09
certified d041 all-row tail segments=8640/9600 radius=6.825e-09
certified d041 all-row tail segments=9120/9600 radius=6.825e-09
certified d041 all-row tail segments=9600/9600 radius=6.825e-09
wrote candidate_data/selected_q79covariantperiodbranchcutsetandtightbetatransport/selected_alignment_thimble_periods/covariant_floating_probe/validated_transport/d041.n3.tail8.refined.json
{
  "maximum_tail_radius": 6.8253531229633965e-09,
  "regular_segments": 9600,
  "elapsed_seconds": 25.807680700000674
}
