process below-normal priority applied=False; checkpoint cooling=2.0s/10 accepted steps
loaded n3 y-chart fibration packet
constructed selected q79 interval system
initialized exact n3 y-chart interval system for d041
certified d041 node parameter_radius=9.179e-66 root_radius=9.179e-66
validated d041 all-row main steps=1 fraction=1.25001250012e-06 radius=4.889e-16
validated d041 all-row main steps=2 fraction=3.50003500034e-06 radius=2.650e-12
validated d041 all-row main steps=3 fraction=5.52505525054e-06 radius=2.666e-12
validated d041 all-row main steps=10 fraction=4.18585015649e-05 radius=1.583e-10
validated d041 all-row main rejections=10 fraction=0.000101151165874 next_step=2.044e-05 reason=ArithmeticError: lift correction exceeds local budget
validated d041 all-row main steps=20 fraction=0.000241198067264 radius=2.682e-10
validated d041 all-row main steps=30 fraction=0.00127058193315 radius=1.049e-09
validated d041 all-row main rejections=20 fraction=0.00148762683396 next_step=2.424e-04 reason=ArithmeticError: lift correction exceeds local budget
validated d041 all-row main steps=40 fraction=0.0058605174406 radius=4.893e-09
validated d041 all-row main rejections=30 fraction=0.0165002943706 next_step=2.874e-03 reason=ArithmeticError: lift correction exceeds local budget
validated d041 all-row main steps=50 fraction=0.0246547483307 radius=2.301e-08
validated d041 all-row main steps=60 fraction=0.0730158904468 radius=1.099e-07
validated d041 all-row main steps=70 fraction=0.121377032563 radius=1.726e-07
validated d041 all-row main steps=80 fraction=0.169738174679 radius=2.373e-07
validated d041 all-row main steps=90 fraction=0.218099316795 radius=3.059e-07
validated d041 all-row main steps=100 fraction=0.266460458911 radius=4.016e-07
validated d041 all-row main steps=110 fraction=0.309501875395 radius=7.097e-07
validated d041 all-row main steps=120 fraction=0.345385842845 radius=9.773e-07
validated d041 all-row main steps=130 fraction=0.393746984961 radius=1.105e-06
validated d041 all-row main steps=140 fraction=0.442108127077 radius=1.216e-06
validated d041 all-row main rejections=40 fraction=0.460485361081 next_step=3.000e-03 reason=ArithmeticError: lift correction exceeds local budget
validated d041 all-row main steps=150 fraction=0.478862595085 radius=1.309e-06
validated d041 all-row main steps=160 fraction=0.51324736713 radius=1.391e-06
validated d041 all-row main steps=170 fraction=0.551791197396 radius=1.486e-06
validated d041 all-row main rejections=50 fraction=0.556627311608 next_step=3.000e-03 reason=ArithmeticError: lift correction exceeds local budget
validated d041 all-row main steps=180 fraction=0.576468896815 radius=1.553e-06
validated d041 all-row main rejections=60 fraction=0.578910500719 next_step=1.291e-03 reason=ArithmeticError: lift correction exceeds local budget
validated d041 all-row main steps=190 fraction=0.587187333885 radius=1.585e-06
validated d041 all-row main rejections=70 fraction=0.589615877965 next_step=8.105e-04 reason=ArithmeticError: lift correction exceeds local budget
validated d041 all-row main steps=200 fraction=0.597244917626 radius=1.617e-06
validated d041 all-row main rejections=80 fraction=0.604750434108 next_step=1.648e-03 reason=ArithmeticError: lift correction exceeds local budget
validated d041 all-row main steps=210 fraction=0.609318990749 radius=1.665e-06
validated d041 all-row main rejections=90 fraction=0.613402947739 next_step=5.747e-04 reason=ArithmeticError: lift correction exceeds local budget
validated d041 all-row main steps=220 fraction=0.616125658539 radius=1.694e-06
validated d041 all-row main rejections=100 fraction=0.622448477089 next_step=1.169e-03 reason=ArithmeticError: lift correction exceeds local budget
validated d041 all-row main steps=230 fraction=0.623390398225 radius=1.725e-06
validated d041 all-row main steps=240 fraction=0.635020223464 radius=1.789e-06
validated d041 all-row main rejections=110 fraction=0.636202562796 next_step=1.320e-03 reason=ArithmeticError: lift correction exceeds local budget
validated d041 all-row main steps=250 fraction=0.648133870797 radius=1.861e-06
validated d041 all-row main rejections=120 fraction=0.652602728372 next_step=1.491e-03 reason=ArithmeticError: lift correction exceeds local budget
validated d041 all-row main steps=260 fraction=0.66022304294 radius=1.923e-06
validated d041 all-row main rejections=130 fraction=0.664177751544 next_step=9.361e-04 reason=ArithmeticError: lift correction exceeds local budget
validated d041 all-row main steps=270 fraction=0.667712973084 radius=1.963e-06
validated d041 all-row main rejections=140 fraction=0.66938419883 next_step=3.264e-04 reason=ArithmeticError: lift correction exceeds local budget
validated d041 all-row main steps=280 fraction=0.671586436187 radius=2.044e-06
validated d041 all-row main rejections=150 fraction=0.673675499956 next_step=3.687e-04 reason=ArithmeticError: lift correction exceeds local budget
validated d041 all-row main steps=290 fraction=0.674697567802 radius=2.097e-06
validated d041 all-row main rejections=160 fraction=0.676732130137 next_step=2.314e-04 reason=ArithmeticError: lift correction exceeds local budget
validated d041 all-row main steps=300 fraction=0.677556586015 radius=2.232e-06
validated d041 all-row main rejections=170 fraction=0.679469694347 next_step=2.614e-04 reason=ArithmeticError: lift correction exceeds local budget
validated d041 all-row main steps=310 fraction=0.679680418954 radius=2.282e-06
validated d041 all-row main steps=320 fraction=0.681498695863 radius=2.317e-06
validated d041 all-row main rejections=180 fraction=0.681498695863 next_step=1.641e-04 reason=ArithmeticError: lift correction exceeds local budget
validated d041 all-row main steps=330 fraction=0.683432108664 radius=2.442e-06
validated d041 all-row main rejections=190 fraction=0.683782579221 next_step=1.854e-04 reason=ArithmeticError: lift correction exceeds local budget
validated d041 all-row main steps=340 fraction=0.685079565836 radius=2.473e-06
validated d041 all-row main rejections=200 fraction=0.685964304895 next_step=2.094e-04 reason=ArithmeticError: lift correction exceeds local budget
validated d041 all-row main steps=350 fraction=0.686965612195 radius=2.665e-06
validated d041 all-row main rejections=210 fraction=0.688160671023 next_step=2.366e-04 reason=ArithmeticError: lift correction exceeds local budget
validated d041 all-row main steps=360 fraction=0.688955458247 radius=2.847e-06
validated d041 all-row main rejections=220 fraction=0.690780957182 next_step=2.673e-04 reason=ArithmeticError: lift correction exceeds local budget
validated d041 all-row main steps=370 fraction=0.691190262015 radius=2.905e-06
validated d041 all-row main steps=380 fraction=0.693926607592 radius=3.013e-06
validated d041 all-row main rejections=230 fraction=0.693926607592 next_step=3.019e-04 reason=ArithmeticError: lift correction exceeds local budget
validated d041 all-row main steps=390 fraction=0.697484355013 radius=3.183e-06
validated d041 all-row main rejections=240 fraction=0.698434755157 next_step=3.411e-04 reason=ArithmeticError: lift correction exceeds local budget
validated d041 all-row main steps=400 fraction=0.702171457113 radius=3.420e-06
validated d041 all-row main rejections=250 fraction=0.705575339286 next_step=6.936e-04 reason=ArithmeticError: lift correction exceeds local budget
validated d041 all-row main steps=410 fraction=0.709595256055 radius=3.598e-06
validated d041 all-row main rejections=260 fraction=0.720095664721 next_step=1.411e-03 reason=ArithmeticError: lift correction exceeds local budget
validated d041 all-row main steps=420 fraction=0.72327895858 radius=3.717e-06
validated d041 all-row main steps=430 fraction=0.743513354249 radius=3.783e-06
validated d041 all-row main rejections=270 fraction=0.749606858155 next_step=3.000e-03 reason=ArithmeticError: lift correction exceeds local budget
validated d041 all-row main steps=440 fraction=0.771224288681 radius=4.239e-06
validated d041 all-row main rejections=280 fraction=0.783261376954 next_step=2.187e-03 reason=ArithmeticError: lift correction exceeds local budget
validated d041 all-row main steps=450 fraction=0.794750049875 radius=4.626e-06
validated d041 all-row main steps=460 fraction=0.832902154891 radius=5.245e-06
validated d041 all-row main steps=470 fraction=0.881263297007 radius=5.856e-06
validated d041 all-row main rejections=290 fraction=0.907136508039 next_step=2.430e-03 reason=ArithmeticError: lift correction exceeds local budget
validated d041 all-row main steps=480 fraction=0.912444385192 radius=6.238e-06
validated d041 all-row main rejections=300 fraction=0.925995509317 next_step=1.525e-03 reason=ArithmeticError: lift correction exceeds local budget
validated d041 all-row main steps=490 fraction=0.928331132473 radius=6.570e-06
validated d041 all-row main steps=500 fraction=0.946664543657 radius=6.910e-06
validated d041 all-row main rejections=310 fraction=0.949082600763 next_step=2.700e-03 reason=ArithmeticError: lift correction exceeds local budget
validated d041 all-row main steps=510 fraction=0.989028904151 radius=7.379e-06
validated d041 all-row main steps=513 fraction=1 radius=7.443e-06
wrote candidate_data/selected_q79covariantperiodbranchcutsetandtightbetatransport/selected_alignment_thimble_periods/covariant_floating_probe/validated_transport/d041.n3.node.refined.json
wrote candidate_data/selected_q79covariantperiodbranchcutsetandtightbetatransport/selected_alignment_thimble_periods/covariant_floating_probe/validated_transport/d041.n3.main8.refined.json
{
  "main_maximum_radius": 7.4434467632471355e-06,
  "accepted_steps": 513,
  "rejected_steps": 310,
  "orientation_sign": -1,
  "elapsed_seconds": 1629.8238107999996
}
