#Reduced Groebner basis data
#---
#field characteristic: 101
#variable order:       h1, h2, h3, h4, h5, h6, u3, u4, u5, u6, u7, t
#monomial order:       graded reverse lexicographical
#length of basis:      48 elements sorted by increasing leading monomials
#---
[1*h3^1+85*h4^1+82*h5^1+59*h6^1+78*u3^1+69*u4^1+11*u5^1+69*u6^1+75*u7^1+58*t^1+79,
1*h2^1+12*h4^1+60*h5^1+26*h6^1+55*u3^1+34*u4^1+100*u5^1+48*u6^1+42*u7^1+26*t^1+65,
1*h1^1+77*h4^1+48*h5^1+82*h6^1+46*u3^1+7*u4^1+48*u5^1+4*u6^1+8*u7^1+80*t^1+37,
1*t^2+26*u3^1+47*t^1+63,
1*u7^1*t^1+21*h4^1+51*h5^1+45*h6^1+59*u3^1+86*u4^1+14*u5^1+41*u6^1+69*u7^1+7*t^1+98,
1*u6^1*t^1+72*h4^1+46*h5^1+42*h6^1+65*u3^1+32*u4^1+73*u5^1+94*u6^1+61*u7^1+80*t^1+7,
1*u5^1*t^1+42*h4^1+83*h5^1+81*h6^1+51*u3^1+18*u4^1+1*u5^1+79*u6^1+55*u7^1+72*t^1+59,
1*u4^1*t^1+66*h4^1+41*h5^1+55*h6^1+78*u3^1+46*u4^1+96*u5^1+84*u6^1+97*u7^1+78*t^1+65,
1*u3^1*t^1+100,
1*h6^1*t^1+31*h4^1+84*h5^1+90*h6^1+96*u3^1+36*u4^1+33*u5^1+41*u6^1+45*u7^1+53*t^1+50,
1*h5^1*t^1+69*h4^1+20*h5^1+48*h6^1+29*u3^1+23*u4^1+23*u5^1+51*u6^1+95*u7^1+66*t^1+67,
1*h4^1*t^1+59*h4^1+21*h5^1+47*h6^1+88*u3^1+11*u4^1+27*u5^1+66*u6^1+58*u7^1+35*t^1+93,
1*u7^2+60*h4^1+37*h5^1+22*h6^1+21*u3^1+57*u4^1+90*u5^1+87*u6^1+77*u7^1+8*t^1+85,
1*u6^1*u7^1+28*h4^1+26*h5^1+29*h6^1+26*u3^1+28*u4^1+6*u5^1+66*u6^1+61*u7^1+59*t^1+55,
1*u5^1*u7^1+79*h4^1+26*h5^1+63*h6^1+15*u3^1+22*u4^1+39*u5^1+73*u6^1+32*u7^1+22*t^1+52,
1*u4^1*u7^1+48*h4^1+16*h5^1+34*h6^1+45*u3^1+86*u4^1+92*u5^1+65*u6^1+11*u7^1+56*t^1+58,
1*u3^1*u7^1+100*h4^1+12*h5^1+70*h6^1+32*u3^1+44*u4^1+33*u5^1+75*u6^1+96*u7^1+54*t^1+93,
1*h6^1*u7^1+45*h4^1+35*h5^1+58*h6^1+65*u3^1+86*u4^1+16*u5^1+17*u6^1+34*u7^1+6*t^1+65,
1*h5^1*u7^1+76*h4^1+73*h5^1+75*h6^1+99*u3^1+18*u4^1+7*u5^1+47*u6^1+3*u7^1+73*t^1+59,
1*h4^1*u7^1+64*h4^1+56*h5^1+51*h6^1+35*u3^1+35*u4^1+13*u5^1+25*u6^1+30*u7^1+39*t^1+51,
1*u6^2+38*h4^1+98*h5^1+30*h6^1+72*u3^1+95*u4^1+23*u5^1+42*u6^1+53*u7^1+43*t^1+80,
1*u5^1*u6^1+41*h4^1+44*h5^1+18*h6^1+88*u3^1+13*u4^1+3*u5^1+60*u6^1+2*u7^1+33*t^1+89,
1*u4^1*u6^1+69*h4^1+22*h5^1+19*h6^1+86*u3^1+37*u4^1+66*u5^1+69*u6^1+61*u7^1+49*t^1+72,
1*u3^1*u6^1+11*h4^1+94*h5^1+99*h6^1+89*u3^1+61*u4^1+35*u5^1+90*u6^1+50*u7^1+56*t^1+6,
1*h6^1*u6^1+85*h4^1+4*h5^1+38*h6^1+62*u3^1+73*u4^1+2*u5^1+37*u6^1+29*u7^1+66*t^1+20,
1*h5^1*u6^1+68*h4^1+23*h5^1+32*h6^1+96*u3^1+19*u4^1+16*u5^1+33*u6^1+46*u7^1+55*t^1+20,
1*h4^1*u6^1+67*h4^1+98*h5^1+2*h6^1+21*u3^1+77*u4^1+49*u5^1+62*u6^1+20*u7^1+42*t^1+41,
1*u5^2+22*h4^1+38*h5^1+29*h6^1+52*u3^1+92*u4^1+69*u5^1+3*u6^1+72*u7^1+85*t^1+82,
1*u4^1*u5^1+9*h4^1+31*h5^1+66*h6^1+24*u3^1+5*u4^1+77*u5^1+75*u6^1+83*u7^1+39*t^1+33,
1*u3^1*u5^1+99*h4^1+73*h5^1+25*h6^1+80*u3^1+28*u4^1+80*u5^1+78*u6^1+7*u7^1+96*t^1+73,
1*h6^1*u5^1+94*h4^1+62*h5^1+85*h6^1+79*u3^1+41*u4^1+35*u5^1+86*u6^1+52*u7^1+38*t^1+55,
1*h5^1*u5^1+20*h4^1+39*h5^1+32*h6^1+73*u3^1+81*u4^1+25*u5^1+92*u6^1+39*u7^1+53*t^1+14,
1*h4^1*u5^1+36*h4^1+45*h5^1+40*h6^1+83*u3^1+30*u4^1+10*u5^1+18*u6^1+15*u7^1+76*t^1+98,
1*u4^2+22*h4^1+93*h5^1+76*h6^1+7*u3^1+45*u4^1+3*u5^1+28*u6^1+80*u7^1+10*t^1+33,
1*u3^1*u4^1+69*h4^1+75*h5^1+7*h6^1+8*u3^1+49*u4^1+82*u5^1+97*u6^1+5*u7^1+47*t^1+95,
1*h6^1*u4^1+8*h4^1+81*h5^1+49*h6^1+3*u3^1+81*u4^1+91*u5^1+91*u6^1+77*u7^1+89*t^1+70,
1*h5^1*u4^1+81*h4^1+67*h5^1+73*h6^1+22*u3^1+71*u4^1+6*u5^1+4*u6^1+93*u7^1+91*t^1+2,
1*h4^1*u4^1+45*h4^1+73*h5^1+74*h6^1+52*u3^1+19*u4^1+18*u5^1+24*u6^1+2*u7^1+92*t^1+85,
1*u3^2+84*u3^1+35*t^1+29,
1*h6^1*u3^1+37*h4^1+97*h5^1+95*h6^1+38*u3^1+56*u4^1+85*u5^1+75*u6^1+70*u7^1+5*t^1+49,
1*h5^1*u3^1+40*h4^1+31*h5^1+41*h6^1+57*u3^1+47*u4^1+47*u5^1+12*u6^1+58*u7^1+53*t^1+63,
1*h4^1*u3^1+58*h4^1+100*h5^1+17*h6^1+88*u3^1+62*u4^1+42*u5^1+69*u6^1+79*u7^1+27*t^1+89,
1*h6^2+70*h5^1+86*h6^1+57*u3^1+34*u4^1+10*u5^1+69*u6^1+1*u7^1+8*t^1+48,
1*h5^1*h6^1+94*h4^1+39*h5^1+6*h6^1+16*u3^1+42*u4^1+71*u5^1+72*u6^1+21*u7^1+95*t^1+33,
1*h4^1*h6^1+66*h4^1+29*h5^1+60*h6^1+28*u3^1+88*u4^1+41*u5^1+12*u6^1+22*u7^1+3*t^1+55,
1*h5^2+34*h4^1+12*h5^1+83*h6^1+94*u3^1+42*u4^1+47*u5^1+81*u6^1+99*u7^1+28*t^1+7,
1*h4^1*h5^1+3*h4^1+24*h5^1+89*h6^1+93*u3^1+33*u4^1+18*u5^1+49*u6^1+92*u7^1+10*t^1+73,
1*h4^2+36*h4^1+62*h5^1+53*h6^1+26*u3^1+59*u4^1+38*u5^1+98*u6^1+27*u7^1+1*t^1+53]:
