Initial seed for pseudo-random number generator is 790031

--------------- INPUT DATA ---------------
#variables                      12
#equations                      13
#invalid equations               0
field characteristic           101
homogeneous input?               0
signature-based computation      0
monomial order                 DRL
basis hash table resetting     OFF
linear algebra option            2
initial hash table size     131072 (2^17)
max pair selection             ALL
reduce gb                        1
#threads                         1
info level                       1
generate pbm files               0
------------------------------------------

---------------- TIMINGS ----------------
overall(elapsed)      233.40 sec
overall(cpu)          233.39 sec
select                  2.28 sec   1.0%
symbolic prep.          1.53 sec   0.7%
update                  8.91 sec   3.8%
convert                 0.19 sec   0.1%
linear algebra        220.49 sec  94.5%
reduce gb               0.00 sec   0.0%
-----------------------------------------

---------- COMPUTATIONAL DATA -----------
size of basis                    48
#terms in basis                 504
#pairs reduced                46351
#GM criterion              51907370
#redundant elements           10156
#rows reduced                 93142
#zero reductions              36366
max. matrix data              38115 x 36373 (4.755%)
max. symbolic hash table size  2^16
max. basis hash table size     2^20
-----------------------------------------



------------------------------------------------------------------------------------
msolve overall time         233.45 sec (elapsed) / 233.40 sec (cpu)
------------------------------------------------------------------------------------
