Initial seed for pseudo-random number generator is 790073

--------------- INPUT DATA ---------------
#variables                      12
#equations                      13
#invalid equations               0
field characteristic           101
homogeneous input?               0
signature-based computation      0
monomial order                 DRL
basis hash table resetting     OFF
linear algebra option            2
initial hash table size     131072 (2^17)
max pair selection             ALL
reduce gb                        1
#threads                         1
info level                       1
generate pbm files               0
------------------------------------------

---------------- TIMINGS ----------------
overall(elapsed)      229.26 sec
overall(cpu)          229.25 sec
select                  2.26 sec   1.0%
symbolic prep.          1.46 sec   0.6%
update                  8.75 sec   3.8%
convert                 0.18 sec   0.1%
linear algebra        216.59 sec  94.5%
reduce gb               0.00 sec   0.0%
-----------------------------------------

---------- COMPUTATIONAL DATA -----------
size of basis                    48
#terms in basis                 500
#pairs reduced                46351
#GM criterion              51907370
#redundant elements           10156
#rows reduced                 93142
#zero reductions              36366
max. matrix data              38115 x 36373 (4.756%)
max. symbolic hash table size  2^16
max. basis hash table size     2^20
-----------------------------------------



------------------------------------------------------------------------------------
msolve overall time         229.31 sec (elapsed) / 229.26 sec (cpu)
------------------------------------------------------------------------------------
