Initial seed for pseudo-random number generator is 1784593894

--------------- INPUT DATA ---------------
#variables                      12
#equations                      13
#invalid equations               0
field characteristic           101
homogeneous input?               0
signature-based computation      0
monomial order                 DRL
basis hash table resetting     OFF
linear algebra option            2
initial hash table size     131072 (2^17)
max pair selection             ALL
reduce gb                        1
#threads                         1
info level                       1
generate pbm files               0
------------------------------------------

---------------- TIMINGS ----------------
overall(elapsed)      294.23 sec
overall(cpu)          294.23 sec
select                  2.44 sec   0.8%
symbolic prep.          1.59 sec   0.5%
update                 13.49 sec   4.6%
convert                 0.20 sec   0.1%
linear algebra        276.49 sec  94.0%
reduce gb               0.00 sec   0.0%
-----------------------------------------

---------- COMPUTATIONAL DATA -----------
size of basis                     1
#terms in basis                   1
#pairs reduced                36489
#GM criterion              52009447
#redundant elements           10203
#rows reduced                 73371
#zero reductions              26494
max. matrix data              38115 x 36373 (4.756%)
max. symbolic hash table size  2^16
max. basis hash table size     2^20
-----------------------------------------

Grobner basis has a single element
No solution


------------------------------------------------------------------------------------
msolve overall time         294.26 sec (elapsed) / 294.24 sec (cpu)
------------------------------------------------------------------------------------
