#Reduced Groebner basis data
#---
#field characteristic: 101
#variable order:       h1, h2, h3, h4, h5, h6, u3, u4, u5, u6, u7, t
#monomial order:       graded reverse lexicographical
#length of basis:      78 elements sorted by increasing leading monomials
#---
[1*u3^1*t^1+100,
1*h4^1*t^1+58*h5^1*t^1+74*h6^1*t^1+90*u4^1*t^1+55*u5^1*t^1+61*u6^1*t^1+48*u7^1*t^1+46*t^2+36*h1^1+82*h2^1+86*h3^1+35*h4^1+40*h5^1+97*h6^1+98*u3^1+97*u4^1+22*u5^1+64*u6^1+37*u7^1+30*t^1+10,
1*h3^1*t^1+92*h5^1*t^1+63*h6^1*t^1+48*u4^1*t^1+50*u5^1*t^1+39*u6^1*t^1+5*u7^1*t^1+11*t^2+10*h1^1+38*h2^1+95*h3^1+18*h4^1+35*h5^1+22*h6^1+55*u3^1+39*u4^1+39*u5^1+83*u6^1+53*u7^1+43*t^1+74,
1*h2^1*t^1+95*h5^1*t^1+57*h6^1*t^1+21*u4^1*t^1+67*u5^1*t^1+57*u6^1*t^1+13*u7^1*t^1+41*t^2+22*h1^1+84*h2^1+44*h3^1+75*h4^1+78*h5^1+25*h6^1+37*u3^1+27*u4^1+13*u5^1+96*u6^1+41*u7^1+80*t^1+28,
1*h1^1*t^1+83*h5^1*t^1+35*h6^1*t^1+18*u4^1*t^1+95*u5^1*t^1+21*u6^1*t^1+6*u7^1*t^1+62*t^2+43*h1^1+62*h2^1+12*h3^1+54*h4^1+60*h5^1+18*h6^1+21*u3^1+46*u4^1+48*u5^1+19*u6^1+94*u7^1+58*t^1+69,
1*u7^2+82*h5^1*t^1+7*h6^1*t^1+9*u4^1*t^1+92*u5^1*t^1+28*u6^1*t^1+16*u7^1*t^1+23*t^2+37*h1^1+8*h2^1+77*h3^1+48*h4^1+49*h5^1+52*h6^1+17*u3^1+8*u4^1+20*u5^1+5*u6^1+55*u7^1+92*t^1+36,
1*u6^1*u7^1+93*h5^1*t^1+64*h6^1*t^1+26*u4^1*t^1+93*u5^1*t^1+81*u6^1*t^1+58*u7^1*t^1+94*t^2+39*h1^1+1*h2^1+36*h3^1+59*h4^1+100*h5^1+35*u3^1+7*u4^1+37*u6^1+10*u7^1+87*t^1+17,
1*u5^1*u7^1+24*h5^1*t^1+45*h6^1*t^1+45*u4^1*t^1+39*u5^1*t^1+4*u6^1*t^1+55*u7^1*t^1+2*t^2+3*h1^1+2*h2^1+20*h3^1+93*h4^1+95*h5^1+57*u3^1+48*u4^1+24*u5^1+34*u6^1+58*u7^1+33*t^1+50,
1*u4^1*u7^1+94*h5^1*t^1+18*h6^1*t^1+14*u4^1*t^1+98*u5^1*t^1+40*u6^1*t^1+96*u7^1*t^1+8*t^2+21*h1^1+55*h2^1+41*h3^1+61*h4^1+56*h5^1+90*h6^1+9*u3^1+50*u4^1+97*u5^1+3*u6^1+51*u7^1+49*t^1+34,
1*u3^1*u7^1+92*h5^1*t^1+53*h6^1*t^1+90*u4^1*t^1+59*u5^1*t^1+81*u6^1*t^1+76*u7^1*t^1+65*t^2+85*h1^1+82*h2^1+75*h3^1+80*h4^1+52*h5^1+82*h6^1+51*u3^1+92*u4^1+66*u5^1+64*u6^1+39*u7^1+59*t^1+31,
1*h6^1*u7^1+9*h5^1*t^1+28*h6^1*t^1+100*u4^1*t^1+85*u5^1*t^1+65*u6^1*t^1+84*u7^1*t^1+23*t^2+77*h1^1+78*h2^1+23*h3^1+86*h4^1+31*h5^1+48*h6^1+3*u3^1+64*u4^1+58*u5^1+43*u6^1+11*u7^1+15*t^1+94,
1*h5^1*u7^1+97*h5^1*t^1+13*h6^1*t^1+82*u4^1*t^1+17*u5^1*t^1+20*u6^1*t^1+90*u7^1*t^1+79*t^2+57*h1^1+35*h2^1+89*h3^1+29*h4^1+27*h5^1+33*h6^1+59*u3^1+16*u4^1+19*u5^1+19*u6^1+46*u7^1+68*t^1+79,
1*h4^1*u7^1+13*h5^1*t^1+65*h6^1*t^1+87*u4^1*t^1+36*u5^1*t^1+26*u6^1*t^1+10*u7^1*t^1+26*t^2+59*h1^1+50*h2^1+52*h3^1+56*h4^1+63*h5^1+81*h6^1+9*u3^1+100*u4^1+45*u5^1+46*u6^1+2*u7^1+3*t^1+78,
1*h3^1*u7^1+53*h5^1*t^1+71*h6^1*t^1+90*u4^1*t^1+55*u5^1*t^1+92*u6^1*t^1+19*u7^1*t^1+21*t^2+39*h1^1+87*h2^1+48*h3^1+85*h4^1+67*h5^1+9*h6^1+55*u3^1+46*u4^1+17*u5^1+82*u6^1+91*u7^1+27*t^1+87,
1*h2^1*u7^1+19*h5^1*t^1+84*h6^1*t^1+29*u4^1*t^1+54*u5^1*t^1+26*u6^1*t^1+59*u7^1*t^1+75*t^2+78*h1^1+73*h2^1+38*h3^1+74*h4^1+34*h5^1+34*h6^1+47*u3^1+41*u4^1+5*u5^1+66*u6^1+54*u7^1+33*t^1+32,
1*h1^1*u7^1+86*h5^1*t^1+65*h6^1*t^1+78*u4^1*t^1+12*u5^1*t^1+23*u6^1*t^1+96*u7^1*t^1+83*t^2+54*h1^1+40*h2^1+32*h4^1+41*h5^1+78*h6^1+13*u3^1+93*u4^1+65*u5^1+85*u6^1+60*u7^1+30*t^1+78,
1*u6^2+97*h5^1*t^1+55*h6^1*t^1+69*u4^1*t^1+97*u5^1*t^1+59*u6^1*t^1+63*u7^1*t^1+100*t^2+33*h2^1+22*h3^1+22*h4^1+35*h5^1+99*h6^1+95*u3^1+14*u4^1+89*u5^1+71*u6^1+25*u7^1+56*t^1+100,
1*u5^1*u6^1+86*h5^1*t^1+94*h6^1*t^1+82*u4^1*t^1+89*u5^1*t^1+28*u6^1*t^1+51*u7^1*t^1+94*t^2+62*h1^1+17*h2^1+65*h3^1+28*h4^1+52*h5^1+64*h6^1+55*u3^1+86*u4^1+29*u5^1+67*u6^1+70*u7^1+33*t^1+16,
1*u4^1*u6^1+49*h5^1*t^1+8*h6^1*t^1+83*u4^1*t^1+100*u5^1*t^1+21*u6^1*t^1+39*u7^1*t^1+48*t^2+71*h1^1+51*h2^1+74*h3^1+28*h4^1+13*h5^1+27*h6^1+45*u3^1+8*u4^1+84*u5^1+49*u6^1+73*u7^1+37*t^1+87,
1*u3^1*u6^1+33*h5^1*t^1+16*h6^1*t^1+65*u4^1*t^1+1*u5^1*t^1+35*u6^1*t^1+89*u7^1*t^1+42*t^2+65*h1^1+48*h2^1+90*h3^1+76*h4^1+68*h5^1+32*h6^1+52*u3^1+71*u4^1+66*u5^1+33*u6^1+39*u7^1+45*t^1+69,
1*h6^1*u6^1+3*h5^1*t^1+2*h6^1*t^1+50*u4^1*t^1+90*u5^1*t^1+64*u6^1*t^1+9*u7^1*t^1+40*t^2+45*h1^1+53*h2^1+40*h3^1+97*h4^1+72*h5^1+58*h6^1+90*u3^1+37*u4^1+26*u5^1+65*u6^1+83*u7^1+4*t^1+13,
1*h5^1*u6^1+72*h5^1*t^1+55*h6^1*t^1+58*u4^1*t^1+81*u5^1*t^1+51*u6^1*t^1+38*u7^1*t^1+68*t^2+86*h1^1+65*h2^1+1*h3^1+83*h4^1+6*h5^1+31*h6^1+81*u3^1+16*u4^1+50*u5^1+6*u6^1+60*u7^1+46*t^1+70,
1*h4^1*u6^1+5*h5^1*t^1+100*h6^1*t^1+86*u4^1*t^1+76*u5^1*t^1+34*u6^1*t^1+10*u7^1*t^1+17*t^2+63*h1^1+28*h2^1+30*h3^1+49*h4^1+99*h5^1+8*h6^1+38*u3^1+58*u4^1+28*u5^1+77*u6^1+83*u7^1+62*t^1+15,
1*h3^1*u6^1+49*h5^1*t^1+91*h6^1*t^1+30*u4^1*t^1+93*u5^1*t^1+9*u6^1*t^1+70*u7^1*t^1+42*t^2+56*h1^1+9*h2^1+44*h3^1+38*h4^1+60*h5^1+37*h6^1+12*u3^1+65*u4^1+29*u5^1+94*u6^1+75*u7^1+35*t^1+98,
1*h2^1*u6^1+80*h5^1*t^1+5*h6^1*t^1+37*u4^1*t^1+36*u5^1*t^1+42*u6^1*t^1+4*u7^1*t^1+37*t^2+59*h1^1+63*h2^1+57*h3^1+3*h4^1+40*h5^1+74*h6^1+67*u3^1+89*u4^1+91*u5^1+74*u6^1+42*u7^1+45*t^1+19,
1*h1^1*u6^1+100*h5^1*t^1+74*h6^1*t^1+48*u4^1*t^1+87*u5^1*t^1+4*u6^1*t^1+61*u7^1*t^1+4*t^2+82*h1^1+33*h2^1+9*h3^1+53*h4^1+66*h5^1+23*h6^1+13*u3^1+27*u4^1+75*u5^1+41*u6^1+15*u7^1+62*t^1+62,
1*u5^2+75*h5^1*t^1+82*h6^1*t^1+54*u4^1*t^1+26*u5^1*t^1+16*u6^1*t^1+60*u7^1*t^1+91*t^2+95*h1^1+48*h2^1+12*h3^1+17*h4^1+39*h5^1+86*h6^1+28*u3^1+53*u4^1+7*u5^1+82*u7^1+50*t^1+64,
1*u4^1*u5^1+31*h5^1*t^1+53*h6^1*t^1+4*u4^1*t^1+71*u5^1*t^1+20*u6^1*t^1+100*u7^1*t^1+61*t^2+63*h1^1+16*h2^1+6*h3^1+38*h4^1+93*h5^1+38*h6^1+12*u3^1+83*u4^1+91*u5^1+24*u6^1+51*u7^1+89*t^1+44,
1*u3^1*u5^1+19*h5^1*t^1+22*h6^1*t^1+19*u4^1*t^1+62*u5^1*t^1+64*u6^1*t^1+49*u7^1*t^1+6*t^2+52*h1^1+84*h2^1+75*h3^1+84*h4^1+37*h5^1+95*h6^1+48*u3^1+34*u4^1+56*u5^1+8*u6^1+72*u7^1+12*t^1+95,
1*h6^1*u5^1+67*h5^1*t^1+52*h6^1*t^1+4*u4^1*t^1+88*u5^1*t^1+62*u6^1*t^1+54*u7^1*t^1+59*t^2+96*h1^1+47*h2^1+2*h3^1+76*h4^1+42*h5^1+43*h6^1+76*u3^1+84*u4^1+94*u5^1+47*u6^1+15*u7^1+16*t^1+60,
1*h5^1*u5^1+91*h5^1*t^1+87*h6^1*t^1+95*u4^1*t^1+15*u5^1*t^1+28*u6^1*t^1+28*u7^1*t^1+97*t^2+13*h1^1+78*h2^1+34*h3^1+12*h4^1+28*h5^1+31*h6^1+27*u3^1+63*u4^1+89*u5^1+84*u6^1+69*u7^1+48*t^1+83,
1*h4^1*u5^1+65*h5^1*t^1+66*h6^1*t^1+70*u4^1*t^1+70*u5^1*t^1+7*u6^1*t^1+59*u7^1*t^1+2*t^2+80*h1^1+80*h2^1+36*h3^1+71*h4^1+68*h5^1+12*h6^1+20*u3^1+40*u4^1+40*u5^1+67*u6^1+27*u7^1+15*t^1+65,
1*h3^1*u5^1+58*h5^1*t^1+67*h6^1*t^1+90*u4^1*t^1+33*u5^1*t^1+9*u6^1*t^1+50*u7^1*t^1+10*t^2+89*h1^1+87*h2^1+33*h3^1+80*h4^1+79*h5^1+11*h6^1+24*u3^1+2*u4^1+20*u5^1+2*u6^1+58*u7^1+6*t^1+43,
1*h2^1*u5^1+90*h5^1*t^1+57*h6^1*t^1+27*u4^1*t^1+52*u5^1*t^1+20*u6^1*t^1+36*u7^1*t^1+90*t^2+23*h1^1+46*h2^1+11*h3^1+52*h4^1+66*h5^1+46*h6^1+32*u3^1+8*u4^1+37*u6^1+99*u7^1+38*t^1+32,
1*h1^1*u5^1+8*h5^1*t^1+45*h6^1*t^1+32*u4^1*t^1+90*u5^1*t^1+34*u6^1*t^1+87*u7^1*t^1+88*t^2+88*h1^1+83*h2^1+73*h3^1+5*h4^1+85*h5^1+6*h6^1+25*u3^1+87*u4^1+47*u5^1+53*u6^1+78*u7^1+64*t^1+74,
1*u4^2+37*h5^1*t^1+97*h6^1*t^1+28*u4^1*t^1+84*u5^1*t^1+97*u6^1*t^1+42*u7^1*t^1+24*t^2+5*h1^1+92*h2^1+52*h3^1+14*h4^1+52*h5^1+29*h6^1+83*u3^1+59*u4^1+26*u5^1+60*u6^1+40*u7^1+77*t^1+52,
1*u3^1*u4^1+28*h5^1*t^1+92*h6^1*t^1+42*u4^1*t^1+45*u5^1*t^1+34*u6^1*t^1+42*u7^1*t^1+53*t^2+26*h1^1+24*h2^1+31*h3^1+86*h4^1+44*h5^1+90*h6^1+53*u3^1+22*u4^1+57*u5^1+73*u6^1+58*u7^1+17*t^1+55,
1*h6^1*u4^1+66*h5^1*t^1+86*h6^1*t^1+52*u4^1*t^1+95*u5^1*t^1+84*u7^1*t^1+49*t^2+26*h1^1+32*h2^1+87*h3^1+13*h4^1+74*h5^1+69*h6^1+16*u3^1+56*u4^1+92*u5^1+34*u6^1+69*u7^1+80*t^1+8,
1*h5^1*u4^1+85*h5^1*t^1+53*h6^1*t^1+57*u4^1*t^1+61*u5^1*t^1+96*u6^1*t^1+53*u7^1*t^1+31*t^2+92*h1^1+39*h2^1+75*h3^1+42*h4^1+50*h5^1+7*h6^1+82*u3^1+80*u4^1+59*u5^1+78*u6^1+10*u7^1+54*t^1+78,
1*h4^1*u4^1+8*h5^1*t^1+90*h6^1*t^1+2*u4^1*t^1+72*u5^1*t^1+50*u6^1*t^1+10*u7^1*t^1+29*t^2+72*h1^1+73*h2^1+57*h3^1+60*h4^1+90*h5^1+91*h6^1+86*u3^1+98*u4^1+37*u5^1+56*u6^1+22*u7^1+44*t^1+42,
1*h3^1*u4^1+92*h5^1*t^1+59*h6^1*t^1+86*u4^1*t^1+92*u5^1*t^1+69*u6^1*t^1+75*u7^1*t^1+14*t^2+48*h1^1+23*h2^1+8*h3^1+22*h4^1+39*h5^1+50*h6^1+94*u3^1+90*u4^1+45*u5^1+53*u6^1+34*u7^1+12*t^1+65,
1*h2^1*u4^1+85*h5^1*t^1+66*h6^1*t^1+79*u4^1*t^1+25*u5^1*t^1+92*u6^1*t^1+34*u7^1*t^1+99*t^2+78*h1^1+18*h2^1+36*h3^1+66*h4^1+74*h5^1+8*h6^1+38*u3^1+8*u4^1+69*u5^1+42*u6^1+51*u7^1+5*t^1+62,
1*h1^1*u4^1+83*h5^1*t^1+58*h6^1*t^1+15*u4^1*t^1+81*u5^1*t^1+92*u6^1*t^1+92*u7^1*t^1+45*t^2+16*h1^1+27*h2^1+97*h3^1+36*h4^1+1*h5^1+39*h6^1+17*u3^1+14*u4^1+62*u5^1+41*u6^1+47*u7^1+51*t^1+26,
1*u3^2+36*t^2+45*u3^1+33*t^1+65,
1*h6^1*u3^1+90*h5^1*t^1+9*h6^1*t^1+55*u4^1*t^1+75*u5^1*t^1+41*u6^1*t^1+66*u7^1*t^1+83*t^2+82*h1^1+88*h2^1+72*h3^1+59*h4^1+42*h5^1+99*h6^1+90*u3^1+81*u4^1+64*u5^1+13*u6^1+100*u7^1+35*t^1+95,
1*h5^1*u3^1+41*h5^1*t^1+46*h6^1*t^1+11*u4^1*t^1+78*u5^1*t^1+87*u6^1*t^1+78*u7^1*t^1+2*t^2+28*h1^1+1*h2^1+57*h3^1+23*h4^1+92*h5^1+84*h6^1+54*u3^1+9*u4^1+33*u5^1+25*u6^1+93*u7^1+99*t^1+73,
1*h4^1*u3^1+78*h5^1*t^1+84*h6^1*t^1+100*u4^1*t^1+31*u5^1*t^1+14*u6^1*t^1+17*u7^1*t^1+30*t^2+9*h1^1+30*h2^1+60*h3^1+100*h4^1+88*h5^1+51*h6^1+67*u3^1+27*u4^1+28*u5^1+82*u6^1+36*u7^1+94*t^1+56,
1*h3^1*u3^1+26*h5^1*t^1+72*h6^1*t^1+51*u4^1*t^1+78*u5^1*t^1+44*u6^1*t^1+74*u7^1*t^1+6*t^2+67*h1^1+71*h2^1+12*h3^1+24*h4^1+20*h5^1+38*h6^1+39*u3^1+40*u4^1+41*u5^1+5*u6^1+5*u7^1+48*t^1+74,
1*h2^1*u3^1+85*h5^1*t^1+5*h6^1*t^1+37*u4^1*t^1+18*u5^1*t^1+95*u6^1*t^1+5*u7^1*t^1+21*t^2+100*h1^1+80*h2^1+21*h3^1+15*h4^1+25*h5^1+98*h6^1+13*u3^1+45*u4^1+46*u5^1+94*u6^1+79*u7^1+26*t^1+32,
1*h1^1*u3^1+94*h5^1*t^1+56*h6^1*t^1+3*u4^1*t^1+29*u5^1*t^1+12*u6^1*t^1+80*u7^1*t^1+74*t^2+51*h1^1+21*h2^1+55*h3^1+41*h4^1+66*h5^1+15*h6^1+100*u3^1+1*u4^1+48*u5^1+73*u6^1+15*u7^1+14*t^1+76,
1*h6^2+53*h5^1*t^1+15*h6^1*t^1+71*u4^1*t^1+47*u5^1*t^1+98*u6^1*t^1+19*u7^1*t^1+90*t^2+82*h1^1+62*h2^1+5*h3^1+91*h4^1+72*h5^1+46*h6^1+15*u3^1+34*u4^1+75*u5^1+14*u6^1+64*u7^1+27*t^1+47,
1*h5^1*h6^1+90*h5^1*t^1+15*h6^1*t^1+45*u4^1*t^1+51*u5^1*t^1+12*u6^1*t^1+49*u7^1*t^1+22*t^2+26*h1^1+30*h2^1+74*h3^1+10*h4^1+42*h5^1+86*h6^1+4*u3^1+15*u4^1+31*u5^1+82*u6^1+50*u7^1+84*t^1+25,
1*h4^1*h6^1+49*h5^1*t^1+74*h6^1*t^1+69*u4^1*t^1+14*u5^1*t^1+38*u6^1*t^1+3*u7^1*t^1+54*t^2+50*h1^1+17*h2^1+55*h3^1+34*h4^1+18*h5^1+80*h6^1+61*u3^1+1*u4^1+3*u5^1+25*u6^1+6*u7^1+88*t^1+25,
1*h3^1*h6^1+50*h5^1*t^1+95*h6^1*t^1+58*u4^1*t^1+73*u5^1*t^1+46*u6^1*t^1+73*u7^1*t^1+46*t^2+20*h1^1+54*h2^1+39*h3^1+16*h4^1+62*h5^1+72*h6^1+22*u3^1+65*u4^1+8*u5^1+78*u6^1+63*u7^1+66*t^1+16,
1*h2^1*h6^1+60*h5^1*t^1+32*h6^1*t^1+6*u4^1*t^1+76*u5^1*t^1+84*u6^1*t^1+66*u7^1*t^1+94*t^2+37*h1^1+7*h2^1+5*h3^1+75*h4^1+91*h5^1+30*h6^1+90*u3^1+96*u4^1+52*u5^1+53*u6^1+33*u7^1+92*t^1+16,
1*h1^1*h6^1+4*h5^1*t^1+82*h6^1*t^1+29*u4^1*t^1+17*u5^1*t^1+48*u6^1*t^1+75*u7^1*t^1+20*t^2+21*h1^1+6*h2^1+15*h3^1+19*h4^1+16*h5^1+32*h6^1+81*u3^1+79*u4^1+24*u5^1+20*u6^1+73*u7^1+62*t^1+14,
1*h5^2+29*h5^1*t^1+23*h6^1*t^1+98*u4^1*t^1+48*u5^1*t^1+37*u6^1*t^1+62*u7^1*t^1+68*t^2+15*h1^1+90*h2^1+25*h3^1+95*h4^1+17*h5^1+83*h6^1+10*u3^1+65*u4^1+69*u5^1+51*u6^1+17*u7^1+50,
1*h4^1*h5^1+42*h5^1*t^1+66*h6^1*t^1+12*u4^1*t^1+32*u5^1*t^1+73*u6^1*t^1+25*u7^1*t^1+6*t^2+97*h1^1+85*h2^1+25*h3^1+72*h4^1+41*h5^1+42*h6^1+16*u3^1+69*u4^1+17*u5^1+37*u6^1+59*u7^1+69*t^1+63,
1*h3^1*h5^1+97*h5^1*t^1+93*h6^1*t^1+30*u4^1*t^1+80*u5^1*t^1+33*u6^1*t^1+13*u7^1*t^1+14*t^2+61*h1^1+28*h2^1+84*h3^1+57*h4^1+65*h5^1+54*h6^1+70*u3^1+99*u4^1+30*u5^1+77*u6^1+95*u7^1+46*t^1+55,
1*h2^1*h5^1+22*h5^1*t^1+40*h6^1*t^1+38*u4^1*t^1+69*u5^1*t^1+88*u6^1*t^1+13*u7^1*t^1+38*t^2+21*h1^1+76*h2^1+54*h3^1+87*h4^1+49*h5^1+47*h6^1+53*u3^1+76*u4^1+61*u5^1+34*u6^1+31*u7^1+7*t^1+65,
1*h1^1*h5^1+24*h5^1*t^1+7*h6^1*t^1+97*u4^1*t^1+35*u5^1*t^1+58*u6^1*t^1+55*u7^1*t^1+43*t^2+15*h1^1+42*h2^1+69*h3^1+83*h4^1+55*h5^1+24*h6^1+83*u3^1+50*u4^1+90*u5^1+52*u6^1+44*u7^1+91*t^1+36,
1*h4^2+16*h5^1*t^1+9*h6^1*t^1+85*u4^1*t^1+74*u5^1*t^1+54*u6^1*t^1+55*u7^1*t^1+11*t^2+52*h1^1+6*h2^1+27*h3^1+99*h4^1+1*h5^1+72*h6^1+26*u3^1+28*u4^1+37*u5^1+81*u6^1+79*u7^1+53*t^1+88,
1*h3^1*h4^1+95*h5^1*t^1+23*h6^1*t^1+66*u4^1*t^1+33*u5^1*t^1+17*u6^1*t^1+18*u7^1*t^1+23*t^2+94*h1^1+40*h2^1+61*h3^1+40*h4^1+71*h5^1+83*h6^1+90*u3^1+5*u4^1+98*u5^1+89*u6^1+8*u7^1+12*t^1+100,
1*h2^1*h4^1+42*h5^1*t^1+72*h6^1*t^1+100*u5^1*t^1+8*u6^1*t^1+52*u7^1*t^1+17*t^2+88*h1^1+29*h2^1+39*h4^1+55*h5^1+9*h6^1+49*u3^1+35*u4^1+38*u5^1+20*u6^1+24*u7^1+3*t^1+81,
1*h1^1*h4^1+21*h5^1*t^1+71*h6^1*t^1+87*u4^1*t^1+92*u5^1*t^1+93*u6^1*t^1+26*u7^1*t^1+10*t^2+98*h1^1+21*h2^1+64*h3^1+92*h4^1+78*h5^1+29*h6^1+96*u3^1+80*u4^1+97*u5^1+96*u6^1+95*u7^1+5*t^1+33,
1*h3^2+95*h5^1*t^1+56*h6^1*t^1+65*u4^1*t^1+23*u5^1*t^1+80*u6^1*t^1+68*u7^1*t^1+64*t^2+17*h1^1+96*h2^1+92*h3^1+80*h4^1+93*h5^1+78*h6^1+5*u3^1+87*u4^1+54*u5^1+12*u6^1+44*u7^1+64*t^1+88,
1*h2^1*h3^1+48*h5^1*t^1+94*h6^1*t^1+96*u4^1*t^1+47*u5^1*t^1+64*u6^1*t^1+45*u7^1*t^1+66*t^2+76*h1^1+28*h2^1+75*h3^1+4*h4^1+4*h6^1+21*u3^1+20*u4^1+29*u5^1+69*u6^1+67*u7^1+84*t^1+100,
1*h1^1*h3^1+75*h5^1*t^1+43*h6^1*t^1+98*u5^1*t^1+29*u6^1*t^1+55*u7^1*t^1+71*t^2+93*h1^1+32*h2^1+87*h3^1+68*h4^1+100*h5^1+48*u3^1+78*u4^1+8*u5^1+30*u6^1+2*u7^1+36*t^1+8,
1*h2^2+44*h5^1*t^1+6*h6^1*t^1+54*u4^1*t^1+81*u5^1*t^1+25*u6^1*t^1+20*u7^1*t^1+39*t^2+87*h1^1+97*h2^1+40*h3^1+58*h4^1+77*h5^1+16*h6^1+89*u3^1+70*u4^1+68*u5^1+99*u6^1+82*u7^1+51*t^1+5,
1*h1^1*h2^1+12*h5^1*t^1+82*h6^1*t^1+38*u4^1*t^1+67*u5^1*t^1+42*u6^1*t^1+35*u7^1*t^1+76*t^2+81*h1^1+97*h2^1+2*h3^1+71*h4^1+19*h5^1+9*h6^1+99*u3^1+29*u4^1+46*u5^1+14*u6^1+53*u7^1+38*t^1+33,
1*h1^2+3*h5^1*t^1+83*h6^1*t^1+27*u4^1*t^1+5*u5^1*t^1+77*u6^1*t^1+68*u7^1*t^1+86*t^2+51*h1^1+62*h2^1+18*h3^1+62*h4^1+4*h5^1+11*h6^1+88*u3^1+69*u4^1+96*u5^1+100*u6^1+74*u7^1+61*t^1+83,
1*t^3+43*t^2+87*u3^1+100*t^1+77,
1*u7^1*t^2+47*h5^1*t^1+15*h6^1*t^1+35*u4^1*t^1+51*u5^1*t^1+82*u6^1*t^1+59*u7^1*t^1+76*t^2+5*h1^1+88*h2^1+46*h3^1+76*h4^1+9*h5^1+88*h6^1+69*u3^1+47*u4^1+93*u5^1+81*u6^1+82*u7^1+75*t^1+40,
1*u6^1*t^2+97*h5^1*t^1+96*h6^1*t^1+87*u4^1*t^1+6*u5^1*t^1+15*u6^1*t^1+29*u7^1*t^1+14*t^2+87*h1^1+86*h2^1+35*h3^1+52*h4^1+4*h5^1+91*h6^1+23*u3^1+22*u4^1+93*u5^1+46*u6^1+32*u7^1+18*t^1+28,
1*u5^1*t^2+13*h5^1*t^1+31*h6^1*t^1+13*u4^1*t^1+76*u5^1*t^1+81*u6^1*t^1+92*u7^1*t^1+45*t^2+9*h1^1+100*h2^1+46*h3^1+100*h4^1+20*h5^1+65*h6^1+32*u3^1+2*u4^1+83*u5^1+48*u6^1+28*u7^1+34*t^1+10,
1*u4^1*t^2+67*h5^1*t^1+47*h6^1*t^1+57*u4^1*t^1+68*u5^1*t^1+2*u6^1*t^1+50*u7^1*t^1+93*t^2+55*h1^1+43*h2^1+85*h3^1+11*h4^1+62*h5^1+35*h6^1+52*u3^1+81*u4^1+39*u5^1+34*u6^1+45*u7^1+42*t^1+89,
1*h6^1*t^2+35*h5^1*t^1+61*h6^1*t^1+27*u4^1*t^1+46*u5^1*t^1+44*u6^1*t^1+93*u7^1*t^1+52*t^2+88*h1^1+23*h2^1+28*h3^1+51*h4^1+50*h5^1+38*h6^1+85*u3^1+82*u4^1+81*u5^1+78*u6^1+95*u7^1+17*t^1+86,
1*h5^1*t^2+51*h5^1*t^1+74*h6^1*t^1+66*u4^1*t^1+64*u5^1*t^1+17*u6^1*t^1+64*u7^1*t^1+90*t^2+67*h1^1+6*h2^1+39*h3^1+37*h4^1+97*h5^1+100*h6^1+58*u3^1+54*u4^1+97*u5^1+49*u6^1+53*u7^1+29*t^1+96]:
