#Reduced Groebner basis data
#---
#field characteristic: 101
#variable order:       h1, h2, h3, h4, h5, h6, u3, u4, u5, u6, u7, t
#monomial order:       graded reverse lexicographical
#length of basis:      48 elements sorted by increasing leading monomials
#---
[1*h3^1+52*h4^1+85*h5^1+25*h6^1+99*u3^1+97*u4^1+79*u5^1+50*u6^1+3*u7^1+82*t^1+39,
1*h2^1+18*h4^1+75*h5^1+14*h6^1+80*u3^1+2*u4^1+18*u5^1+83*u6^1+97*u7^1+81*t^1+75,
1*h1^1+69*h4^1+45*h5^1+18*h6^1+46*u3^1+78*u4^1+89*u5^1+59*u6^1+19*u7^1+63*t^1+71,
1*t^2+40*u3^1+21*t^1+46,
1*u7^1*t^1+36*h4^1+55*h5^1+99*h6^1+26*u4^1+73*u5^1+31*u6^1+35*u7^1+11*t^1+54,
1*u6^1*t^1+85*h4^1+39*h5^1+60*h6^1+40*u3^1+7*u4^1+97*u5^1+83*u6^1+43*u7^1+51*t^1+68,
1*u5^1*t^1+59*h4^1+98*h6^1+43*u3^1+43*u4^1+3*u5^1+67*u6^1+22*u7^1+21*t^1+31,
1*u4^1*t^1+91*h4^1+73*h5^1+91*h6^1+47*u3^1+69*u4^1+45*u5^1+23*u6^1+69*u7^1+94*t^1+19,
1*u3^1*t^1+100,
1*h6^1*t^1+86*h4^1+57*h5^1+92*h6^1+32*u3^1+70*u4^1+36*u5^1+58*u6^1+67*u7^1+83*t^1+83,
1*h5^1*t^1+40*h4^1+58*h5^1+28*h6^1+54*u3^1+51*u4^1+42*u5^1+39*u6^1+58*u7^1+44*t^1+45,
1*h4^1*t^1+12*h4^1+15*h5^1+57*h6^1+55*u3^1+96*u4^1+6*u5^1+100*u6^1+34*u7^1+50*t^1+100,
1*u7^2+16*h4^1+1*h5^1+58*h6^1+46*u3^1+50*u4^1+87*u5^1+30*u6^1+77*u7^1+6*t^1+45,
1*u6^1*u7^1+66*h4^1+7*h5^1+3*h6^1+84*u3^1+93*u4^1+45*u5^1+26*u6^1+35*u7^1+90*t^1+56,
1*u5^1*u7^1+79*h4^1+34*h5^1+89*h6^1+39*u3^1+21*u4^1+21*u5^1+45*u6^1+63*u7^1+38*t^1+33,
1*u4^1*u7^1+43*h4^1+6*h5^1+9*h6^1+50*u3^1+58*u4^1+73*u5^1+46*u6^1+35*u7^1+76*t^1+34,
1*u3^1*u7^1+24*h4^1+3*h5^1+66*h6^1+3*u3^1+51*u4^1+15*u5^1+88*u6^1+14*u7^1+39*t^1+8,
1*h6^1*u7^1+71*h4^1+7*h5^1+26*h6^1+26*u3^1+5*u4^1+87*u5^1+76*u6^1+82*u7^1+90*t^1+88,
1*h5^1*u7^1+79*h4^1+50*h5^1+59*h6^1+31*u3^1+20*u4^1+73*u5^1+27*u6^1+93*u7^1+94*t^1+93,
1*h4^1*u7^1+61*h4^1+100*h5^1+22*h6^1+45*u3^1+32*u4^1+63*u5^1+55*u6^1+75*u7^1+100*t^1+52,
1*u6^2+12*h4^1+25*h5^1+92*h6^1+76*u3^1+23*u4^1+20*u5^1+33*u6^1+9*u7^1+54*t^1+69,
1*u5^1*u6^1+85*h4^1+85*h5^1+29*h6^1+89*u3^1+87*u4^1+57*u5^1+11*u6^1+72*u7^1+72*t^1+28,
1*u4^1*u6^1+64*h4^1+84*h5^1+75*h6^1+63*u3^1+48*u4^1+96*u5^1+52*u6^1+94*u7^1+79*t^1+73,
1*u3^1*u6^1+23*h4^1+26*h5^1+40*h6^1+87*u3^1+72*u4^1+31*u5^1+46*u6^1+96*u7^1+5*t^1+77,
1*h6^1*u6^1+3*h4^1+92*h5^1+58*h6^1+100*u3^1+84*u4^1+14*u5^1+94*u6^1+69*u7^1+60,
1*h5^1*u6^1+53*h4^1+77*h5^1+30*h6^1+72*u3^1+82*u4^1+94*u5^1+46*u6^1+69*u7^1+5*t^1+98,
1*h4^1*u6^1+90*h4^1+57*h5^1+95*h6^1+77*u3^1+97*u4^1+50*u5^1+61*u6^1+61*u7^1+5*t^1+18,
1*u5^2+46*h4^1+66*h5^1+9*h6^1+35*u3^1+87*u4^1+70*u5^1+79*u6^1+87*u7^1+43*t^1+40,
1*u4^1*u5^1+53*h4^1+86*h5^1+40*h6^1+57*u3^1+5*u4^1+6*u5^1+83*u6^1+43*u7^1+96*t^1+77,
1*u3^1*u5^1+73*h4^1+99*h6^1+6*u3^1+96*u4^1+60*u5^1+11*u6^1+82*u7^1+74*t^1+19,
1*h6^1*u5^1+78*h4^1+94*h5^1+98*h6^1+54*u3^1+92*u4^1+11*u5^1+86*u6^1+37*u7^1+92*t^1+24,
1*h5^1*u5^1+41*h4^1+56*h5^1+76*h6^1+9*u3^1+49*u4^1+31*u5^1+13*u6^1+53*u7^1+51*t^1+40,
1*h4^1*u5^1+83*h4^1+23*h6^1+72*u3^1+81*u4^1+11*u5^1+74*u6^1+72*u7^1+36*t^1+1,
1*u4^2+90*h4^1+61*h5^1+16*h6^1+90*u3^1+20*u4^1+65*u5^1+82*u6^1+87*u7^1+44*t^1+42,
1*u3^1*u4^1+27*h4^1+15*h5^1+27*h6^1+89*u3^1+3*u4^1+30*u5^1+49*u6^1+46*u7^1+13*t^1+58,
1*h6^1*u4^1+26*h4^1+21*h5^1+76*h6^1+99*u3^1+96*u4^1+35*u5^1+57*u6^1+26*u7^1+7*t^1+38,
1*h5^1*u4^1+20*h4^1+73*h5^1+45*h6^1+96*u3^1+54*u4^1+48*u5^1+21*u6^1+94*u7^1+5*t^1+9,
1*h4^1*u4^1+98*h4^1+100*h5^1+19*h6^1+46*u3^1+56*u4^1+10*u5^1+4*u6^1+21*u7^1+22*t^1+53,
1*u3^2+87*u3^1+48*t^1+99,
1*h6^1*u3^1+91*h4^1+38*h5^1+52*h6^1+14*u3^1+13*u4^1+24*u5^1+5*u6^1+11*u7^1+49*t^1+34,
1*h5^1*u3^1+94*h4^1+63*h5^1+86*h6^1+20*u3^1+34*u4^1+28*u5^1+26*u6^1+5*u7^1+40*t^1+11,
1*h4^1*u3^1+66*h4^1+10*h5^1+38*h6^1+98*u3^1+64*u4^1+4*u5^1+33*u6^1+90*u7^1+71*t^1+89,
1*h6^2+23*h4^1+11*h5^1+41*h6^1+15*u3^1+45*u4^1+90*u5^1+77*u6^1+8*u7^1+73*t^1+37,
1*h5^1*h6^1+28*h4^1+30*h5^1+77*h6^1+45*u3^1+31*u4^1+94*u5^1+70*u6^1+24*u7^1+31*t^1+37,
1*h4^1*h6^1+48*h4^1+80*h5^1+43*h6^1+22*u3^1+52*u4^1+75*u5^1+35*u6^1+3*u7^1+7*t^1+58,
1*h5^2+18*h4^1+84*h5^1+39*h6^1+44*u3^1+23*u4^1+10*u5^1+79*u6^1+25*u7^1+95*t^1+30,
1*h4^1*h5^1+98*h4^1+48*h5^1+71*h6^1+61*u3^1+39*u4^1+58*u5^1+56*u6^1+88*u7^1+60*t^1+80,
1*h4^2+3*h4^1+59*h5^1+73*h6^1+81*u3^1+45*u4^1+47*u5^1+70*u6^1+50*u7^1+76*t^1+46]:
