#Reduced Groebner basis data
#---
#field characteristic: 101
#variable order:       h1, h2, h3, h4, h5, h6, u3, u4, u5, u6, u7, t
#monomial order:       graded reverse lexicographical
#length of basis:      48 elements sorted by increasing leading monomials
#---
[1*h3^1+24*h4^1+87*h5^1+68*h6^1+23*u3^1+57*u4^1+25*u5^1+64*u6^1+44*u7^1+76*t^1+81,
1*h2^1+76*h4^1+67*h5^1+48*h6^1+27*u3^1+78*u4^1+71*u5^1+96*u6^1+21*u7^1+55*t^1+24,
1*h1^1+32*h4^1+46*h5^1+13*h6^1+35*u3^1+48*u4^1+78*u5^1+76*u6^1+87*u7^1+35*t^1+67,
1*t^2+66*u3^1+17*t^1+29,
1*u7^1*t^1+51*h4^1+37*h5^1+3*h6^1+22*u3^1+48*u4^1+66*u5^1+15*u6^1+92*u7^1+23*t^1+38,
1*u6^1*t^1+79*h4^1+42*h5^1+31*h6^1+43*u3^1+43*u4^1+81*u5^1+84*u6^1+2*u7^1+85*t^1+90,
1*u5^1*t^1+9*h4^1+48*h5^1+18*h6^1+68*u3^1+32*u4^1+7*u5^1+44*u6^1+69*u7^1+47*t^1+56,
1*u4^1*t^1+6*h4^1+53*h5^1+63*h6^1+69*u3^1+48*u4^1+60*u5^1+15*u6^1+84*u7^1+51*t^1+7,
1*u3^1*t^1+100,
1*h6^1*t^1+57*h4^1+48*h5^1+89*h6^1+47*u3^1+72*u4^1+72*u5^1+11*u6^1+22*u7^1+49*t^1+93,
1*h5^1*t^1+58*h4^1+17*h5^1+62*h6^1+95*u3^1+59*u4^1+100*u5^1+51*u6^1+73*u7^1+28*t^1+33,
1*h4^1*t^1+73*h4^1+68*h5^1+89*h6^1+6*u3^1+61*u4^1+80*u5^1+31*u6^1+45*u7^1+61*t^1+43,
1*u7^2+13*h4^1+94*h5^1+47*h6^1+65*u3^1+69*u4^1+59*u5^1+44*u6^1+79*u7^1+36*t^1+19,
1*u6^1*u7^1+78*h4^1+64*h5^1+42*h6^1+93*u3^1+5*u4^1+23*u5^1+69*u6^1+97*u7^1+47*t^1+79,
1*u5^1*u7^1+55*h4^1+38*h5^1+20*h6^1+34*u3^1+44*u4^1+89*u5^1+14*u6^1+72*u7^1+24*t^1+71,
1*u4^1*u7^1+75*h4^1+63*h5^1+53*h6^1+8*u3^1+33*u4^1+24*u5^1+76*u6^1+27*u7^1+45*t^1+80,
1*u3^1*u7^1+40*h4^1+31*h5^1+38*h6^1+60*u3^1+2*u4^1+28*u5^1+89*u6^1+23*u7^1+76*t^1+16,
1*h6^1*u7^1+35*h4^1+89*h5^1+44*h6^1+4*u3^1+7*u4^1+81*u5^1+38*u6^1+22*u7^1+78*t^1+14,
1*h5^1*u7^1+59*h4^1+61*h5^1+72*h6^1+27*u3^1+88*u4^1+50*u5^1+7*u6^1+76*u7^1+78*t^1+19,
1*h4^1*u7^1+15*h4^1+66*h5^1+6*h6^1+52*u3^1+38*u4^1+58*u5^1+53*u6^1+34*u7^1+76*t^1+35,
1*u6^2+31*h4^1+5*h5^1+39*h6^1+87*u3^1+4*u4^1+64*u5^1+30*u6^1+27*u7^1+72*t^1+26,
1*u5^1*u6^1+50*h4^1+77*h5^1+32*h6^1+41*u3^1+97*u4^1+70*u5^1+68*u6^1+26*u7^1+56*t^1+15,
1*u4^1*u6^1+11*h4^1+24*h5^1+93*h6^1+94*u3^1+20*u4^1+57*u5^1+96*u6^1+3*u7^1+61*t^1+85,
1*u3^1*u6^1+58*h4^1+27*h5^1+56*h6^1+98*u3^1+6*u4^1+16*u5^1+90*u6^1+59*u7^1+46*t^1+8,
1*h6^1*u6^1+68*h4^1+56*h5^1+18*h6^1+98*u3^1+52*u4^1+47*u5^1+38*u6^1+77*u7^1+31*t^1+52,
1*h5^1*u6^1+90*h4^1+5*h5^1+25*h6^1+83*u3^1+54*u5^1+7*u6^1+80*u7^1+85*t^1+58,
1*h4^1*u6^1+93*h4^1+66*h5^1+40*h6^1+89*u3^1+79*u4^1+97*u5^1+95*u6^1+14*u7^1+44*t^1+80,
1*u5^2+32*h4^1+80*h5^1+17*h6^1+37*u3^1+81*u4^1+11*u5^1+95*u6^1+82*u7^1+64*t^1+35,
1*u4^1*u5^1+33*h4^1+53*h5^1+7*h6^1+96*u3^1+81*u4^1+89*u5^1+28*u6^1+91*u7^1+90*t^1+42,
1*u3^1*u5^1+13*h4^1+2*h5^1+26*h6^1+76*u3^1+35*u4^1+91*u5^1+86*u6^1+66*u7^1+95*t^1+44,
1*h6^1*u5^1+76*h4^1+89*h5^1+36*h6^1+98*u3^1+49*u4^1+20*u5^1+38*u6^1+13*u7^1+86*t^1+51,
1*h5^1*u5^1+13*h4^1+66*h5^1+80*h6^1+76*u3^1+80*u4^1+63*u5^1+22*u6^1+81*u7^1+50*t^1+43,
1*h4^1*u5^1+39*h4^1+63*h5^1+23*h6^1+95*u3^1+76*u4^1+74*u5^1+43*u6^1+32*u7^1+13*t^1+86,
1*u4^2+68*h4^1+36*h5^1+73*h6^1+43*u3^1+77*u4^1+80*u5^1+56*u6^1+61*u7^1+76*t^1+72,
1*u3^1*u4^1+76*h4^1+99*h5^1+91*h6^1+17*u3^1+38*u4^1+53*u5^1+89*u6^1+54*u7^1+21*t^1+8,
1*h6^1*u4^1+44*h4^1+47*h5^1+23*h6^1+88*u3^1+20*u4^1+40*u5^1+48*u6^1+65*u7^1+66*t^1+48,
1*h5^1*u4^1+70*h4^1+85*h5^1+59*h6^1+34*u3^1+44*u4^1+43*u5^1+64*u6^1+96*u7^1+35*t^1+47,
1*h4^1*u4^1+55*h4^1+29*h5^1+27*h6^1+65*u3^1+52*u4^1+55*u5^1+22*u6^1+91*u7^1+50*t^1+100,
1*u3^2+54*u3^1+75*t^1+63,
1*h6^1*u3^1+15*h4^1+2*h5^1+86*h6^1+86*u3^1+3*u4^1+3*u5^1+72*u6^1+43*u7^1+92*t^1+12,
1*h5^1*u3^1+95*h4^1+83*h5^1+11*h6^1+12*u3^1+74*u4^1+21*u5^1+40*u6^1+83*u7^1+48*t^1+51,
1*h4^1*u3^1+18*h4^1+87*h5^1+50*h6^1+43*u3^1+32*u4^1+37*u5^1+56*u6^1+65*u7^1+46*t^1+30,
1*h6^2+9*h4^1+8*h5^1+28*h6^1+72*u3^1+73*u4^1+37*u5^1+49*u6^1+51*u7^1+38*t^1+27,
1*h5^1*h6^1+34*h4^1+28*h5^1+47*h6^1+22*u3^1+35*u4^1+90*u5^1+95*u6^1+67*u7^1+25*t^1+74,
1*h4^1*h6^1+36*h4^1+49*h5^1+98*h6^1+67*u3^1+92*u4^1+75*u5^1+66*u6^1+32*u7^1+33*t^1+14,
1*h5^2+40*h4^1+16*h5^1+3*h6^1+72*u3^1+28*u4^1+54*u5^1+67*u6^1+62*u7^1+57*t^1+10,
1*h4^1*h5^1+82*h4^1+61*h5^1+94*h6^1+31*u3^1+32*u4^1+1*u5^1+63*u6^1+41*u7^1+77*t^1+58,
1*h4^2+61*h4^1+91*h5^1+13*h6^1+55*u3^1+2*u4^1+44*u5^1+78*u6^1+72*u7^1+24*t^1+24]:
