Initial seed for pseudo-random number generator is 790023

--------------- INPUT DATA ---------------
#variables                      12
#equations                      13
#invalid equations               0
field characteristic           101
homogeneous input?               0
signature-based computation      0
monomial order                 DRL
basis hash table resetting     OFF
linear algebra option            2
initial hash table size     131072 (2^17)
max pair selection             ALL
reduce gb                        1
#threads                         1
info level                       1
generate pbm files               0
------------------------------------------

---------------- TIMINGS ----------------
overall(elapsed)      258.35 sec
overall(cpu)          258.34 sec
select                  2.42 sec   0.9%
symbolic prep.          1.53 sec   0.6%
update                 10.99 sec   4.3%
convert                 0.21 sec   0.1%
linear algebra        243.18 sec  94.1%
reduce gb               0.00 sec   0.0%
-----------------------------------------

---------- COMPUTATIONAL DATA -----------
size of basis                    78
#terms in basis                1573
#pairs reduced                46442
#GM criterion              51805394
#redundant elements           10116
#rows reduced                 93354
#zero reductions              36467
max. matrix data              38115 x 36373 (4.756%)
max. symbolic hash table size  2^16
max. basis hash table size     2^20
-----------------------------------------



------------------------------------------------------------------------------------
msolve overall time         258.46 sec (elapsed) / 258.36 sec (cpu)
------------------------------------------------------------------------------------
