
=== nodal: C:\Users\nero_\AppData\Local\Programs\Python\Python314\python.exe scripts/certify_q79_selected_alignment_single_E32_thimble_nodal_factor.py --distinguished-index 2 --dps 100 ===
wrote candidate_data/selected_q79covariantperiodbranchcutsetandtightbetatransport/selected_alignment_thimble_periods/d002_selected_003.nodal_factor.interval.packet.json
{
  "distinguished_index": 2,
  "root_id": "selected_003",
  "parameter_radius": 1.4142135714185176e-80,
  "double_root_radius": 1.4142135714185176e-80,
  "node_jacobian_lower": 742060.1214146999,
  "quartic_at_node_lower": 663.9926837999226,
  "hensel_jacobian_lower": 440886.284139824
}

=== tail-384: C:\Users\nero_\AppData\Local\Programs\Python\Python314\python.exe scripts/certify_q79_selected_alignment_single_E32_thimble_tail_interval_node_pair.py --distinguished-index 2 --outer-segments 384 --dps 100 ===
certified E32 tail segments=8/384 x=[7.867e-06,1.000e-05] radius=1.636e-07
certified E32 tail segments=16/384 x=[6.190e-06,1.000e-05] radius=2.777e-07
certified E32 tail segments=24/384 x=[4.870e-06,1.000e-05] radius=3.561e-07
certified E32 tail segments=32/384 x=[3.831e-06,1.000e-05] radius=4.075e-07
certified E32 tail segments=40/384 x=[3.014e-06,1.000e-05] radius=4.401e-07
certified E32 tail segments=48/384 x=[2.371e-06,1.000e-05] radius=4.555e-07
certified E32 tail segments=56/384 x=[1.866e-06,1.000e-05] radius=4.592e-07
certified E32 tail segments=64/384 x=[1.468e-06,1.000e-05] radius=4.618e-07
certified E32 tail segments=72/384 x=[1.155e-06,1.000e-05] radius=4.635e-07
certified E32 tail segments=80/384 x=[9.085e-07,1.000e-05] radius=4.648e-07
certified E32 tail segments=88/384 x=[7.148e-07,1.000e-05] radius=4.656e-07
certified E32 tail segments=96/384 x=[5.623e-07,1.000e-05] radius=4.662e-07
certified E32 tail segments=104/384 x=[4.424e-07,1.000e-05] radius=4.667e-07
certified E32 tail segments=112/384 x=[3.481e-07,1.000e-05] radius=4.670e-07
certified E32 tail segments=120/384 x=[2.738e-07,1.000e-05] radius=4.672e-07
certified E32 tail segments=128/384 x=[2.154e-07,1.000e-05] radius=4.673e-07
certified E32 tail segments=136/384 x=[1.695e-07,1.000e-05] radius=4.674e-07
certified E32 tail segments=144/384 x=[1.334e-07,1.000e-05] radius=4.675e-07
certified E32 tail segments=152/384 x=[1.049e-07,1.000e-05] radius=4.675e-07
certified E32 tail segments=160/384 x=[8.254e-08,1.000e-05] radius=4.676e-07
certified E32 tail segments=168/384 x=[6.494e-08,1.000e-05] radius=4.676e-07
certified E32 tail segments=176/384 x=[5.109e-08,1.000e-05] radius=4.676e-07
certified E32 tail segments=184/384 x=[4.019e-08,1.000e-05] radius=4.676e-07
certified E32 tail segments=192/384 x=[3.162e-08,1.000e-05] radius=4.676e-07
certified E32 tail segments=200/384 x=[2.488e-08,1.000e-05] radius=4.676e-07
certified E32 tail segments=208/384 x=[1.957e-08,1.000e-05] radius=4.676e-07
certified E32 tail segments=216/384 x=[1.540e-08,1.000e-05] radius=4.676e-07
certified E32 tail segments=224/384 x=[1.212e-08,1.000e-05] radius=4.676e-07
certified E32 tail segments=232/384 x=[9.532e-09,1.000e-05] radius=4.676e-07
certified E32 tail segments=240/384 x=[7.499e-09,1.000e-05] radius=4.676e-07
certified E32 tail segments=248/384 x=[5.900e-09,1.000e-05] radius=4.676e-07
certified E32 tail segments=256/384 x=[4.642e-09,1.000e-05] radius=4.676e-07
certified E32 tail segments=264/384 x=[3.652e-09,1.000e-05] radius=4.676e-07
certified E32 tail segments=272/384 x=[2.873e-09,1.000e-05] radius=4.676e-07
certified E32 tail segments=280/384 x=[2.260e-09,1.000e-05] radius=4.676e-07
certified E32 tail segments=288/384 x=[1.778e-09,1.000e-05] radius=4.676e-07
certified E32 tail segments=296/384 x=[1.399e-09,1.000e-05] radius=4.676e-07
certified E32 tail segments=304/384 x=[1.101e-09,1.000e-05] radius=4.676e-07
certified E32 tail segments=312/384 x=[8.660e-10,1.000e-05] radius=4.676e-07
certified E32 tail segments=320/384 x=[6.813e-10,1.000e-05] radius=4.676e-07
certified E32 tail segments=328/384 x=[5.360e-10,1.000e-05] radius=4.676e-07
certified E32 tail segments=336/384 x=[4.217e-10,1.000e-05] radius=4.676e-07
certified E32 tail segments=344/384 x=[3.318e-10,1.000e-05] radius=4.676e-07
certified E32 tail segments=352/384 x=[2.610e-10,1.000e-05] radius=4.676e-07
certified E32 tail segments=360/384 x=[2.054e-10,1.000e-05] radius=4.676e-07
certified E32 tail segments=368/384 x=[1.616e-10,1.000e-05] radius=4.676e-07
certified E32 tail segments=376/384 x=[1.271e-10,1.000e-05] radius=4.676e-07
certified E32 tail segments=384/384 x=[1.000e-10,1.000e-05] radius=4.676e-07
wrote candidate_data/selected_q79covariantperiodbranchcutsetandtightbetatransport/selected_alignment_thimble_periods/d002_selected_003.E32_tail.interval.packet.json
{
  "distinguished_index": 2,
  "tail_center": {
    "real": "-6.1664365978108803e-06",
    "imaginary": "6.7471873011063009e-06"
  },
  "tail_radius": 4.676445088946935e-07,
  "node_bound_radius": 1.9591964617489413e-10,
  "regular_segments": 384
}

=== route scan: C:\Users\nero_\AppData\Local\Programs\Python\Python314\python.exe scripts/scan_q79_selected_alignment_E32_polygonal_detours.py --distinguished-index 2 --limit 5 ===
{
  "distinguished_index": 2,
  "root_id": "selected_003",
  "line_chart": "y",
  "tested": 1122,
  "accepted_null_homotopic": 656,
  "rejected": 466,
  "ranked_routes": [
    {
      "detour_fraction": 0.2,
      "detour_offset": 0.0,
      "return_fraction": 0.65,
      "minimum_clearance_lower": 0.002249252401355807,
      "other_critical_clearance_lower": 0.002249252401355807,
      "chart_zero_clearance_lower": 0.1839096428935874,
      "elliptic_infinity_clearance_lower": 0.31955990294405395,
      "path_length": 0.7512115002229163,
      "maximum_winding_residual": 7.067899292141149e-17,
      "path": [
        {
          "real": "0.25",
          "imaginary": "0.25"
        },
        {
          "real": "0.3995752899445324",
          "imaginary": "0.26415742993774"
        },
        {
          "real": "0.73611969231973018",
          "imaginary": "0.29601164729765495"
        },
        {
          "real": "0.99786897095816474",
          "imaginary": "0.32078644181720306"
        }
      ]
    },
    {
      "detour_fraction": 0.2,
      "detour_offset": 0.0,
      "return_fraction": 0.7,
      "minimum_clearance_lower": 0.002249252401355807,
      "other_critical_clearance_lower": 0.002249252401355807,
      "chart_zero_clearance_lower": 0.1839096428935874,
      "elliptic_infinity_clearance_lower": 0.31955990294405395,
      "path_length": 0.7512115002229163,
      "maximum_winding_residual": 7.067899292141149e-17,
      "path": [
        {
          "real": "0.25",
          "imaginary": "0.25"
        },
        {
          "real": "0.3995752899445324",
          "imaginary": "0.26415742993774"
        },
        {
          "real": "0.77351351480586328",
          "imaginary": "0.29955100478208996"
        },
        {
          "real": "0.99786897095816474",
          "imaginary": "0.32078644181720306"
        }
      ]
    },
    {
      "detour_fraction": 0.2,
      "detour_offset": 0.0,
      "return_fraction": 0.74,
      "minimum_clearance_lower": 0.002249252401355807,
      "other_critical_clearance_lower": 0.002249252401355807,
      "chart_zero_clearance_lower": 0.1839096428935874,
      "elliptic_infinity_clearance_lower": 0.31955990294405395,
      "path_length": 0.7512115002229163,
      "maximum_winding_residual": 7.067899292141149e-17,
      "path": [
        {
          "real": "0.25",
          "imaginary": "0.25"
        },
        {
          "real": "0.3995752899445324",
          "imaginary": "0.26415742993774"
        },
        {
          "real": "0.80342857279476976",
          "imaginary": "0.30238249076963797"
        },
        {
          "real": "0.99786897095816474",
          "imaginary": "0.32078644181720306"
        }
      ]
    },
    {
      "detour_fraction": 0.2,
      "detour_offset": 0.0,
      "return_fraction": 0.78,
      "minimum_clearance_lower": 0.002249252401355807,
      "other_critical_clearance_lower": 0.002249252401355807,
      "chart_zero_clearance_lower": 0.1839096428935874,
      "elliptic_infinity_clearance_lower": 0.31955990294405395,
      "path_length": 0.7512115002229163,
      "maximum_winding_residual": 7.067899292141149e-17,
      "path": [
        {
          "real": "0.25",
          "imaginary": "0.25"
        },
        {
          "real": "0.3995752899445324",
          "imaginary": "0.26415742993774"
        },
        {
          "real": "0.83334363078367624",
          "imaginary": "0.30521397675718592"
        },
        {
          "real": "0.99786897095816474",
          "imaginary": "0.32078644181720306"
        }
      ]
    },
    {
      "detour_fraction": 0.2,
      "detour_offset": 0.0,
      "return_fraction": 0.82,
      "minimum_clearance_lower": 0.002249252401355807,
      "other_critical_clearance_lower": 0.002249252401355807,
      "chart_zero_clearance_lower": 0.1839096428935874,
      "elliptic_infinity_clearance_lower": 0.31955990294405395,
      "path_length": 0.7512115002229163,
      "maximum_winding_residual": 7.067899292141149e-17,
      "path": [
        {
          "real": "0.25",
          "imaginary": "0.25"
        },
        {
          "real": "0.3995752899445324",
          "imaginary": "0.26415742993774"
        },
        {
          "real": "0.86325868877258272",
          "imaginary": "0.30804546274473393"
        },
        {
          "real": "0.99786897095816474",
          "imaginary": "0.32078644181720306"
        }
      ]
    }
  ]
}

=== main: C:\Users\nero_\AppData\Local\Programs\Python\Python314\python.exe scripts/certify_q79_selected_alignment_E32_thimble_polygonal_main_interval_tail_reuse_zonotope.py --distinguished-index 2 --dps 100 --order 20 --detour-fraction 0.2 --detour-offset 0.0 --return-fraction 0.65 ===
starting certified zonotope transport index=2
reused certified cutoff periods index=2 radius=5.551e-17
validated polygonal E32 main steps=10 segment=1/3 fraction=9.54114885712e-05 radius=1.317e-08
validated polygonal E32 main steps=20 segment=1/3 fraction=0.0011147508433 radius=3.219e-08
validated polygonal E32 main steps=30 segment=1/3 fraction=0.0119106836485 radius=6.829e-08
validated polygonal E32 main rejections=10 segment=1/3 fraction=0.0119106836485 next_step=1.487e-03 reason=ArithmeticError: E32 lift correction exceeds local budget
validated polygonal E32 main steps=40 segment=1/3 fraction=0.0522424746883 radius=1.610e-07
validated polygonal E32 main rejections=20 segment=1/3 fraction=0.0555290196316 next_step=5.383e-04 reason=ArithmeticError: E32 lift correction exceeds local budget
validated polygonal E32 main steps=50 segment=1/3 fraction=0.0607110658533 radius=1.832e-07
validated polygonal E32 main rejections=30 segment=1/3 fraction=0.0839811438261 next_step=2.020e-03 reason=ArithmeticError: E32 lift correction exceeds local budget
validated polygonal E32 main steps=60 segment=1/3 fraction=0.0866701549834 radius=2.870e-07
validated polygonal E32 main steps=70 segment=1/3 fraction=0.105986474028 radius=3.525e-07
validated polygonal E32 main rejections=40 segment=1/3 fraction=0.107885114465 next_step=1.284e-03 reason=ArithmeticError: E32 lift correction exceeds local budget
validated polygonal E32 main steps=80 segment=1/3 fraction=0.135239285564 radius=4.270e-07
validated polygonal E32 main steps=90 segment=1/3 fraction=0.214974091083 radius=8.526e-07
validated polygonal E32 main rejections=50 segment=1/3 fraction=0.248253666798 next_step=4.500e-03 reason=ArithmeticError: E32 lift correction exceeds local budget
validated polygonal E32 main steps=100 segment=1/3 fraction=0.27950537087 radius=1.304e-06
validated polygonal E32 main rejections=60 segment=1/3 fraction=0.309117961431 next_step=3.860e-03 reason=ArithmeticError: E32 lift correction exceeds local budget
validated polygonal E32 main steps=110 segment=1/3 fraction=0.342143659823 radius=1.839e-06
validated polygonal E32 main steps=111 segment=1/3 fraction=0.349993499935 radius=1.902e-06
validated polygonal E32 main steps=120 segment=2/3 fraction=0.449965345384 radius=2.628e-06
validated polygonal E32 main steps=130 segment=2/3 fraction=0.52605715173 radius=3.084e-06
validated polygonal E32 main rejections=70 segment=2/3 fraction=0.532047475359 next_step=4.050e-03 reason=ArithmeticError: E32 lift correction exceeds local budget
validated polygonal E32 main steps=140 segment=2/3 fraction=0.565073421033 radius=3.277e-06
validated polygonal E32 main rejections=80 segment=2/3 fraction=0.567162117731 next_step=1.412e-03 reason=ArithmeticError: E32 lift correction exceeds local budget
validated polygonal E32 main steps=150 segment=2/3 fraction=0.590970174297 radius=3.409e-06
validated polygonal E32 main rejections=90 segment=2/3 fraction=0.629977272103 next_step=3.974e-03 reason=ArithmeticError: E32 lift correction exceeds local budget
validated polygonal E32 main steps=160 segment=2/3 fraction=0.648599300955 radius=3.624e-06
validated polygonal E32 main steps=170 segment=2/3 fraction=0.754158203336 radius=3.942e-06
validated polygonal E32 main steps=174 segment=2/3 fraction=0.79999799998 radius=4.084e-06
validated polygonal E32 main steps=180 segment=3/3 fraction=0.860034354571 radius=4.282e-06
validated polygonal E32 main steps=190 segment=3/3 fraction=0.985165559261 radius=4.764e-06
validated polygonal E32 main steps=192 segment=3/3 fraction=1 radius=4.826e-06
wrote candidate_data/selected_q79covariantperiodbranchcutsetandtightbetatransport/selected_alignment_thimble_periods/d002_selected_003.E32_main.interval.packet.json
{
  "distinguished_index": 2,
  "main_radius": 4.825692959044482e-06,
  "base_center_difference": 6.703222273066749e-12,
  "other_critical_clearance": 0.002249252401355807,
  "accepted_steps": 192,
  "rejected_steps": 95
}

=== full: C:\Users\nero_\AppData\Local\Programs\Python\Python314\python.exe scripts/build_selected_q79_single_E32_thimble_full_interval.py --distinguished-index 2 ===
wrote candidate_data/selected_q79covariantperiodbranchcutsetandtightbetatransport/selected_alignment_thimble_periods/d002_selected_003.E32_full.interval.packet.json
{
  "distinguished_index": 2,
  "root_id": "selected_003",
  "full_center": {
    "real": "-0.19561387989697182",
    "imaginary": "0.23858978807060213"
  },
  "full_radius": 7.2921874263442996e-06,
  "fallback": 2.3086601928801926e-05,
  "fallback_met": true,
  "floating_contained": true
}
