
=== nodal: C:\Users\nero_\AppData\Local\Programs\Python\Python314\python.exe scripts/certify_q79_selected_alignment_single_E32_thimble_nodal_factor.py --distinguished-index 15 --dps 100 ===
wrote candidate_data/selected_q79covariantperiodbranchcutsetandtightbetatransport/selected_alignment_thimble_periods/d015_selected_030.nodal_factor.interval.packet.json
{
  "distinguished_index": 15,
  "root_id": "selected_030",
  "parameter_radius": 1.4142135714185176e-80,
  "double_root_radius": 1.4142135714185176e-80,
  "node_jacobian_lower": 7966.742127522616,
  "quartic_at_node_lower": 24.151647233439423,
  "hensel_jacobian_lower": 583.3020640885021
}

=== tail-384: C:\Users\nero_\AppData\Local\Programs\Python\Python314\python.exe scripts/certify_q79_selected_alignment_single_E32_thimble_tail_interval_node_pair.py --distinguished-index 15 --outer-segments 384 --dps 100 ===
certified E32 tail segments=8/384 x=[7.867e-06,1.000e-05] radius=1.270e-07
certified E32 tail segments=16/384 x=[6.190e-06,1.000e-05] radius=2.082e-07
certified E32 tail segments=24/384 x=[4.870e-06,1.000e-05] radius=2.609e-07
certified E32 tail segments=32/384 x=[3.831e-06,1.000e-05] radius=2.946e-07
certified E32 tail segments=40/384 x=[3.014e-06,1.000e-05] radius=3.152e-07
certified E32 tail segments=48/384 x=[2.371e-06,1.000e-05] radius=3.231e-07
certified E32 tail segments=56/384 x=[1.866e-06,1.000e-05] radius=3.248e-07
certified E32 tail segments=64/384 x=[1.468e-06,1.000e-05] radius=3.260e-07
certified E32 tail segments=72/384 x=[1.155e-06,1.000e-05] radius=3.268e-07
certified E32 tail segments=80/384 x=[9.085e-07,1.000e-05] radius=3.274e-07
certified E32 tail segments=88/384 x=[7.148e-07,1.000e-05] radius=3.278e-07
certified E32 tail segments=96/384 x=[5.623e-07,1.000e-05] radius=3.281e-07
certified E32 tail segments=104/384 x=[4.424e-07,1.000e-05] radius=3.283e-07
certified E32 tail segments=112/384 x=[3.481e-07,1.000e-05] radius=3.284e-07
certified E32 tail segments=120/384 x=[2.738e-07,1.000e-05] radius=3.285e-07
certified E32 tail segments=128/384 x=[2.154e-07,1.000e-05] radius=3.286e-07
certified E32 tail segments=136/384 x=[1.695e-07,1.000e-05] radius=3.286e-07
certified E32 tail segments=144/384 x=[1.334e-07,1.000e-05] radius=3.286e-07
certified E32 tail segments=152/384 x=[1.049e-07,1.000e-05] radius=3.287e-07
certified E32 tail segments=160/384 x=[8.254e-08,1.000e-05] radius=3.287e-07
certified E32 tail segments=168/384 x=[6.494e-08,1.000e-05] radius=3.287e-07
certified E32 tail segments=176/384 x=[5.109e-08,1.000e-05] radius=3.287e-07
certified E32 tail segments=184/384 x=[4.019e-08,1.000e-05] radius=3.287e-07
certified E32 tail segments=192/384 x=[3.162e-08,1.000e-05] radius=3.287e-07
certified E32 tail segments=200/384 x=[2.488e-08,1.000e-05] radius=3.287e-07
certified E32 tail segments=208/384 x=[1.957e-08,1.000e-05] radius=3.287e-07
certified E32 tail segments=216/384 x=[1.540e-08,1.000e-05] radius=3.287e-07
certified E32 tail segments=224/384 x=[1.212e-08,1.000e-05] radius=3.287e-07
certified E32 tail segments=232/384 x=[9.532e-09,1.000e-05] radius=3.287e-07
certified E32 tail segments=240/384 x=[7.499e-09,1.000e-05] radius=3.287e-07
certified E32 tail segments=248/384 x=[5.900e-09,1.000e-05] radius=3.287e-07
certified E32 tail segments=256/384 x=[4.642e-09,1.000e-05] radius=3.287e-07
certified E32 tail segments=264/384 x=[3.652e-09,1.000e-05] radius=3.287e-07
certified E32 tail segments=272/384 x=[2.873e-09,1.000e-05] radius=3.287e-07
certified E32 tail segments=280/384 x=[2.260e-09,1.000e-05] radius=3.287e-07
certified E32 tail segments=288/384 x=[1.778e-09,1.000e-05] radius=3.287e-07
certified E32 tail segments=296/384 x=[1.399e-09,1.000e-05] radius=3.287e-07
certified E32 tail segments=304/384 x=[1.101e-09,1.000e-05] radius=3.287e-07
certified E32 tail segments=312/384 x=[8.660e-10,1.000e-05] radius=3.287e-07
certified E32 tail segments=320/384 x=[6.813e-10,1.000e-05] radius=3.287e-07
certified E32 tail segments=328/384 x=[5.360e-10,1.000e-05] radius=3.287e-07
certified E32 tail segments=336/384 x=[4.217e-10,1.000e-05] radius=3.287e-07
certified E32 tail segments=344/384 x=[3.318e-10,1.000e-05] radius=3.287e-07
certified E32 tail segments=352/384 x=[2.610e-10,1.000e-05] radius=3.287e-07
certified E32 tail segments=360/384 x=[2.054e-10,1.000e-05] radius=3.287e-07
certified E32 tail segments=368/384 x=[1.616e-10,1.000e-05] radius=3.287e-07
certified E32 tail segments=376/384 x=[1.271e-10,1.000e-05] radius=3.287e-07
certified E32 tail segments=384/384 x=[1.000e-10,1.000e-05] radius=3.287e-07
wrote candidate_data/selected_q79covariantperiodbranchcutsetandtightbetatransport/selected_alignment_thimble_periods/d015_selected_030.E32_tail.interval.packet.json
{
  "distinguished_index": 15,
  "tail_center": {
    "real": "-8.9500391418942841e-06",
    "imaginary": "1.7634621056764611e-05"
  },
  "tail_radius": 3.287063203849528e-07,
  "node_bound_radius": 2.811970331063896e-10,
  "regular_segments": 384
}

=== route scan: C:\Users\nero_\AppData\Local\Programs\Python\Python314\python.exe scripts/scan_q79_selected_alignment_E32_polygonal_detours.py --distinguished-index 15 --limit 5 ===
{
  "distinguished_index": 15,
  "root_id": "selected_030",
  "line_chart": "z",
  "tested": 1122,
  "accepted_null_homotopic": 199,
  "rejected": 923,
  "ranked_routes": [
    {
      "detour_fraction": 0.2,
      "detour_offset": 0.0,
      "return_fraction": 0.65,
      "minimum_clearance_lower": 0.0028786457552172668,
      "other_critical_clearance_lower": 0.0028786457552172668,
      "chart_zero_clearance_lower": 0.2112798297236558,
      "elliptic_infinity_clearance_lower": 0.3535533905922738,
      "path_length": 1.0257689232842042,
      "maximum_winding_residual": 7.067899292141149e-17,
      "path": [
        {
          "real": "0.25",
          "imaginary": "0.25"
        },
        {
          "real": "0.44993321358769556",
          "imaginary": "0.29599594805693308"
        },
        {
          "real": "0.8997829441600107",
          "imaginary": "0.39948683118503248"
        },
        {
          "real": "1.2496560712777987",
          "imaginary": "0.47997744048726254"
        }
      ]
    },
    {
      "detour_fraction": 0.2,
      "detour_offset": 0.0,
      "return_fraction": 0.7,
      "minimum_clearance_lower": 0.0028786457552172668,
      "other_critical_clearance_lower": 0.0028786457552172668,
      "chart_zero_clearance_lower": 0.21127982972365592,
      "elliptic_infinity_clearance_lower": 0.3535533905922738,
      "path_length": 1.0257689232842042,
      "maximum_winding_residual": 7.067899292141149e-17,
      "path": [
        {
          "real": "0.25",
          "imaginary": "0.25"
        },
        {
          "real": "0.44993321358769556",
          "imaginary": "0.29599594805693308"
        },
        {
          "real": "0.94976624755693451",
          "imaginary": "0.41098581819926577"
        },
        {
          "real": "1.2496560712777987",
          "imaginary": "0.47997744048726254"
        }
      ]
    },
    {
      "detour_fraction": 0.2,
      "detour_offset": 0.0,
      "return_fraction": 0.74,
      "minimum_clearance_lower": 0.0028786457552172668,
      "other_critical_clearance_lower": 0.0028786457552172668,
      "chart_zero_clearance_lower": 0.21127982972365583,
      "elliptic_infinity_clearance_lower": 0.3535533905922738,
      "path_length": 1.0257689232842042,
      "maximum_winding_residual": 7.067899292141149e-17,
      "path": [
        {
          "real": "0.25",
          "imaginary": "0.25"
        },
        {
          "real": "0.44993321358769556",
          "imaginary": "0.29599594805693308"
        },
        {
          "real": "0.98975289027447366",
          "imaginary": "0.42018500781065238"
        },
        {
          "real": "1.2496560712777987",
          "imaginary": "0.47997744048726254"
        }
      ]
    },
    {
      "detour_fraction": 0.2,
      "detour_offset": 0.0,
      "return_fraction": 0.78,
      "minimum_clearance_lower": 0.0028786457552172668,
      "other_critical_clearance_lower": 0.0028786457552172668,
      "chart_zero_clearance_lower": 0.21127982972365592,
      "elliptic_infinity_clearance_lower": 0.3535533905922738,
      "path_length": 1.0257689232842042,
      "maximum_winding_residual": 7.067899292141149e-17,
      "path": [
        {
          "real": "0.25",
          "imaginary": "0.25"
        },
        {
          "real": "0.44993321358769556",
          "imaginary": "0.29599594805693308"
        },
        {
          "real": "1.0297395329920129",
          "imaginary": "0.42938419742203904"
        },
        {
          "real": "1.2496560712777987",
          "imaginary": "0.47997744048726254"
        }
      ]
    },
    {
      "detour_fraction": 0.2,
      "detour_offset": 0.0,
      "return_fraction": 0.82,
      "minimum_clearance_lower": 0.0028786457552172668,
      "other_critical_clearance_lower": 0.0028786457552172668,
      "chart_zero_clearance_lower": 0.21127982972365583,
      "elliptic_infinity_clearance_lower": 0.3535533905922738,
      "path_length": 1.0257689232842042,
      "maximum_winding_residual": 7.067899292141149e-17,
      "path": [
        {
          "real": "0.25",
          "imaginary": "0.25"
        },
        {
          "real": "0.44993321358769556",
          "imaginary": "0.29599594805693308"
        },
        {
          "real": "1.069726175709552",
          "imaginary": "0.43858338703342559"
        },
        {
          "real": "1.2496560712777987",
          "imaginary": "0.47997744048726254"
        }
      ]
    }
  ]
}

=== main: C:\Users\nero_\AppData\Local\Programs\Python\Python314\python.exe scripts/certify_q79_selected_alignment_E32_thimble_polygonal_main_interval_tail_reuse_zonotope.py --distinguished-index 15 --dps 100 --order 20 --detour-fraction 0.2 --detour-offset 0.0 --return-fraction 0.65 ===
starting certified zonotope transport index=15
reused certified cutoff periods index=15 radius=4.441e-16
validated polygonal E32 main steps=10 segment=1/3 fraction=0.00018113567677 radius=3.029e-08
validated polygonal E32 main steps=20 segment=1/3 fraction=0.00334079772508 radius=7.069e-08
validated polygonal E32 main steps=30 segment=1/3 fraction=0.0304707888278 radius=9.095e-08
validated polygonal E32 main steps=40 segment=1/3 fraction=0.110630871174 radius=1.146e-07
validated polygonal E32 main rejections=10 segment=1/3 fraction=0.11418430306 next_step=3.281e-03 reason=ZeroDivisionError: Taylor reciprocal residual is not contractive: 3.825213e+06
validated polygonal E32 main steps=50 segment=1/3 fraction=0.122166315451 radius=1.173e-07
validated polygonal E32 main rejections=20 segment=1/3 fraction=0.123405320538 next_step=1.144e-03 reason=ArithmeticError: E32 lift correction exceeds local budget
validated polygonal E32 main steps=60 segment=1/3 fraction=0.129638191124 radius=1.218e-07
validated polygonal E32 main rejections=30 segment=1/3 fraction=0.135423533041 next_step=1.325e-03 reason=ArithmeticError: E32 lift correction exceeds local budget
validated polygonal E32 main steps=70 segment=1/3 fraction=0.147439520663 radius=1.384e-07
validated polygonal E32 main steps=80 segment=1/3 fraction=0.220088267025 radius=1.669e-07
validated polygonal E32 main rejections=40 segment=1/3 fraction=0.256646208242 next_step=4.050e-03 reason=ArithmeticError: E32 lift correction exceeds local budget
validated polygonal E32 main steps=90 segment=1/3 fraction=0.270224266305 radius=1.877e-07
validated polygonal E32 main rejections=50 segment=1/3 fraction=0.282362061566 next_step=1.412e-03 reason=ArithmeticError: E32 lift correction exceeds local budget
validated polygonal E32 main steps=100 segment=1/3 fraction=0.287096437672 radius=1.908e-07
validated polygonal E32 main rejections=60 segment=1/3 fraction=0.293672479967 next_step=6.647e-04 reason=ArithmeticError: E32 lift correction exceeds local budget
validated polygonal E32 main steps=110 segment=1/3 fraction=0.295953515794 radius=2.038e-07
validated polygonal E32 main steps=120 segment=1/3 fraction=0.307846220723 radius=2.183e-07
validated polygonal E32 main rejections=70 segment=1/3 fraction=0.320820707218 next_step=2.557e-03 reason=ArithmeticError: E32 lift correction exceeds local budget
validated polygonal E32 main steps=130 segment=1/3 fraction=0.342015355698 radius=2.378e-07
validated polygonal E32 main steps=132 segment=1/3 fraction=0.349993499935 radius=2.425e-07
validated polygonal E32 main steps=140 segment=2/3 fraction=0.39157206508 radius=2.835e-07
validated polygonal E32 main rejections=80 segment=2/3 fraction=0.407793481641 next_step=3.986e-03 reason=ArithmeticError: E32 lift correction exceeds local budget
validated polygonal E32 main steps=150 segment=2/3 fraction=0.43918085203 radius=3.709e-07
validated polygonal E32 main steps=160 segment=2/3 fraction=0.523030454106 radius=5.538e-07
validated polygonal E32 main steps=170 segment=2/3 fraction=0.610282073811 radius=7.298e-07
validated polygonal E32 main rejections=90 segment=2/3 fraction=0.614230331463 next_step=3.645e-03 reason=ArithmeticError: E32 lift correction exceeds local budget
validated polygonal E32 main steps=180 segment=2/3 fraction=0.654752695736 radius=8.175e-07
validated polygonal E32 main rejections=100 segment=2/3 fraction=0.661048390335 next_step=1.737e-03 reason=ArithmeticError: E32 lift correction exceeds local budget
validated polygonal E32 main steps=190 segment=2/3 fraction=0.673294996357 radius=8.407e-07
validated polygonal E32 main rejections=110 segment=2/3 fraction=0.688013877181 next_step=1.490e-03 reason=ArithmeticError: E32 lift correction exceeds local budget
validated polygonal E32 main steps=200 segment=2/3 fraction=0.694716716594 radius=8.607e-07
validated polygonal E32 main steps=210 segment=2/3 fraction=0.731761691754 radius=8.898e-07
validated polygonal E32 main rejections=120 segment=2/3 fraction=0.734285635768 next_step=2.330e-03 reason=ArithmeticError: E32 lift correction exceeds local budget
validated polygonal E32 main steps=220 segment=2/3 fraction=0.78116016016 radius=9.053e-07
validated polygonal E32 main steps=222 segment=2/3 fraction=0.79999799998 radius=9.085e-07
validated polygonal E32 main steps=230 segment=3/3 fraction=0.863462585933 radius=9.182e-07
validated polygonal E32 main rejections=130 segment=3/3 fraction=0.914322464134 next_step=3.587e-03 reason=ArithmeticError: E32 lift correction exceeds local budget
validated polygonal E32 main steps=240 segment=3/3 fraction=0.917819574125 radius=9.334e-07
validated polygonal E32 main steps=250 segment=3/3 fraction=0.976748516371 radius=9.536e-07
validated polygonal E32 main steps=253 segment=3/3 fraction=1 radius=9.612e-07
wrote candidate_data/selected_q79covariantperiodbranchcutsetandtightbetatransport/selected_alignment_thimble_periods/d015_selected_030.E32_main.interval.packet.json
{
  "distinguished_index": 15,
  "main_radius": 9.611593385424358e-07,
  "base_center_difference": 3.1736297760694116e-09,
  "other_critical_clearance": 0.0028786457552172668,
  "accepted_steps": 253,
  "rejected_steps": 135
}

=== full: C:\Users\nero_\AppData\Local\Programs\Python\Python314\python.exe scripts/build_selected_q79_single_E32_thimble_full_interval.py --distinguished-index 15 ===
wrote candidate_data/selected_q79covariantperiodbranchcutsetandtightbetatransport/selected_alignment_thimble_periods/d015_selected_030.E32_full.interval.packet.json
{
  "distinguished_index": 15,
  "root_id": "selected_030",
  "full_center": {
    "real": "-0.31240558001749941",
    "imaginary": "0.8019438809728715"
  },
  "full_radius": 1.6860424079112592e-06,
  "fallback": 2.3086601928801926e-05,
  "fallback_met": true,
  "floating_contained": true
}
