
=== nodal: C:\Users\nero_\AppData\Local\Programs\Python\Python314\python.exe scripts/certify_q79_selected_alignment_single_E32_thimble_nodal_factor.py --distinguished-index 24 --dps 100 ===
wrote candidate_data/selected_q79covariantperiodbranchcutsetandtightbetatransport/selected_alignment_thimble_periods/d024_selected_053.nodal_factor.interval.packet.json
{
  "distinguished_index": 24,
  "root_id": "selected_053",
  "parameter_radius": 1.4142135714185176e-80,
  "double_root_radius": 1.4142135714185176e-80,
  "node_jacobian_lower": 47.666720769279195,
  "quartic_at_node_lower": 5.819166085101711,
  "hensel_jacobian_lower": 33.862693925997974
}

=== tail-384: C:\Users\nero_\AppData\Local\Programs\Python\Python314\python.exe scripts/certify_q79_selected_alignment_single_E32_thimble_tail_interval_node_pair.py --distinguished-index 24 --outer-segments 384 --dps 100 ===
Traceback (most recent call last):
  File "C:\Users\nero_\Downloads\TEXPAPERS\mtt-sm-parity-closure\scripts\certify_q79_selected_alignment_single_E32_thimble_tail_interval_node_pair.py", line 71, in <module>
    result = tail.main()
  File "C:\Users\nero_\Downloads\TEXPAPERS\mtt-sm-parity-closure\scripts\certify_q79_selected_alignment_single_E32_thimble_tail_interval.py", line 737, in main
    periods, period_diagnostics = period_enclosure(
                                  ~~~~~~~~~~~~~~~~^
        factor, theta_segments=arguments.theta_segments
        ^^^^^^^^^^^^^^^^^^^^^^^^^^^^^^^^^^^^^^^^^^^^^^^
    )
    ^
  File "C:\Users\nero_\Downloads\TEXPAPERS\mtt-sm-parity-closure\scripts\certify_q79_selected_alignment_single_E32_thimble_tail_interval.py", line 474, in period_enclosure
    raise ZeroDivisionError("regular period segment contains the nodal discriminant")
ZeroDivisionError: regular period segment contains the nodal discriminant

=== tail-768: C:\Users\nero_\AppData\Local\Programs\Python\Python314\python.exe scripts/certify_q79_selected_alignment_single_E32_thimble_tail_interval_node_pair.py --distinguished-index 24 --outer-segments 768 --dps 100 ===
certified E32 tail segments=8/768 x=[8.870e-06,1.000e-05] radius=9.688e-10
certified E32 tail segments=16/768 x=[7.867e-06,1.000e-05] radius=1.736e-09
certified E32 tail segments=24/768 x=[6.978e-06,1.000e-05] radius=2.376e-09
certified E32 tail segments=32/768 x=[6.190e-06,1.000e-05] radius=2.911e-09
certified E32 tail segments=40/768 x=[5.490e-06,1.000e-05] radius=3.358e-09
certified E32 tail segments=48/768 x=[4.870e-06,1.000e-05] radius=3.731e-09
certified E32 tail segments=56/768 x=[4.319e-06,1.000e-05] radius=4.042e-09
certified E32 tail segments=64/768 x=[3.831e-06,1.000e-05] radius=4.302e-09
certified E32 tail segments=72/768 x=[3.398e-06,1.000e-05] radius=4.519e-09
certified E32 tail segments=80/768 x=[3.014e-06,1.000e-05] radius=4.701e-09
certified E32 tail segments=88/768 x=[2.674e-06,1.000e-05] radius=4.852e-09
certified E32 tail segments=96/768 x=[2.371e-06,1.000e-05] radius=4.979e-09
certified E32 tail segments=104/768 x=[2.103e-06,1.000e-05] radius=5.084e-09
certified E32 tail segments=112/768 x=[1.866e-06,1.000e-05] radius=5.173e-09
certified E32 tail segments=120/768 x=[1.655e-06,1.000e-05] radius=5.246e-09
certified E32 tail segments=128/768 x=[1.468e-06,1.000e-05] radius=5.308e-09
certified E32 tail segments=136/768 x=[1.302e-06,1.000e-05] radius=5.359e-09
certified E32 tail segments=144/768 x=[1.155e-06,1.000e-05] radius=5.402e-09
certified E32 tail segments=152/768 x=[1.024e-06,1.000e-05] radius=5.438e-09
certified E32 tail segments=160/768 x=[9.085e-07,1.000e-05] radius=5.468e-09
certified E32 tail segments=168/768 x=[8.058e-07,1.000e-05] radius=5.493e-09
certified E32 tail segments=176/768 x=[7.148e-07,1.000e-05] radius=5.514e-09
certified E32 tail segments=184/768 x=[6.340e-07,1.000e-05] radius=5.532e-09
certified E32 tail segments=192/768 x=[5.623e-07,1.000e-05] radius=5.546e-09
certified E32 tail segments=200/768 x=[4.988e-07,1.000e-05] radius=5.558e-09
certified E32 tail segments=208/768 x=[4.424e-07,1.000e-05] radius=5.569e-09
certified E32 tail segments=216/768 x=[3.924e-07,1.000e-05] radius=5.577e-09
certified E32 tail segments=224/768 x=[3.481e-07,1.000e-05] radius=5.584e-09
certified E32 tail segments=232/768 x=[3.087e-07,1.000e-05] radius=5.590e-09
certified E32 tail segments=240/768 x=[2.738e-07,1.000e-05] radius=5.595e-09
certified E32 tail segments=248/768 x=[2.429e-07,1.000e-05] radius=5.599e-09
certified E32 tail segments=256/768 x=[2.154e-07,1.000e-05] radius=5.603e-09
certified E32 tail segments=264/768 x=[1.911e-07,1.000e-05] radius=5.606e-09
certified E32 tail segments=272/768 x=[1.695e-07,1.000e-05] radius=5.608e-09
certified E32 tail segments=280/768 x=[1.503e-07,1.000e-05] radius=5.610e-09
certified E32 tail segments=288/768 x=[1.334e-07,1.000e-05] radius=5.612e-09
certified E32 tail segments=296/768 x=[1.183e-07,1.000e-05] radius=5.613e-09
certified E32 tail segments=304/768 x=[1.049e-07,1.000e-05] radius=5.614e-09
certified E32 tail segments=312/768 x=[9.306e-08,1.000e-05] radius=5.615e-09
certified E32 tail segments=320/768 x=[8.254e-08,1.000e-05] radius=5.616e-09
certified E32 tail segments=328/768 x=[7.321e-08,1.000e-05] radius=5.617e-09
certified E32 tail segments=336/768 x=[6.494e-08,1.000e-05] radius=5.617e-09
certified E32 tail segments=344/768 x=[5.760e-08,1.000e-05] radius=5.618e-09
certified E32 tail segments=352/768 x=[5.109e-08,1.000e-05] radius=5.618e-09
certified E32 tail segments=360/768 x=[4.532e-08,1.000e-05] radius=5.619e-09
certified E32 tail segments=368/768 x=[4.019e-08,1.000e-05] radius=5.619e-09
certified E32 tail segments=376/768 x=[3.565e-08,1.000e-05] radius=5.619e-09
certified E32 tail segments=384/768 x=[3.162e-08,1.000e-05] radius=5.619e-09
certified E32 tail segments=392/768 x=[2.805e-08,1.000e-05] radius=5.619e-09
certified E32 tail segments=400/768 x=[2.488e-08,1.000e-05] radius=5.620e-09
certified E32 tail segments=408/768 x=[2.207e-08,1.000e-05] radius=5.620e-09
certified E32 tail segments=416/768 x=[1.957e-08,1.000e-05] radius=5.620e-09
certified E32 tail segments=424/768 x=[1.736e-08,1.000e-05] radius=5.620e-09
certified E32 tail segments=432/768 x=[1.540e-08,1.000e-05] radius=5.620e-09
certified E32 tail segments=440/768 x=[1.366e-08,1.000e-05] radius=5.620e-09
certified E32 tail segments=448/768 x=[1.212e-08,1.000e-05] radius=5.620e-09
certified E32 tail segments=456/768 x=[1.075e-08,1.000e-05] radius=5.620e-09
certified E32 tail segments=464/768 x=[9.532e-09,1.000e-05] radius=5.620e-09
certified E32 tail segments=472/768 x=[8.454e-09,1.000e-05] radius=5.620e-09
certified E32 tail segments=480/768 x=[7.499e-09,1.000e-05] radius=5.620e-09
certified E32 tail segments=488/768 x=[6.651e-09,1.000e-05] radius=5.620e-09
certified E32 tail segments=496/768 x=[5.900e-09,1.000e-05] radius=5.620e-09
certified E32 tail segments=504/768 x=[5.233e-09,1.000e-05] radius=5.620e-09
certified E32 tail segments=512/768 x=[4.642e-09,1.000e-05] radius=5.620e-09
certified E32 tail segments=520/768 x=[4.117e-09,1.000e-05] radius=5.620e-09
certified E32 tail segments=528/768 x=[3.652e-09,1.000e-05] radius=5.620e-09
certified E32 tail segments=536/768 x=[3.239e-09,1.000e-05] radius=5.620e-09
certified E32 tail segments=544/768 x=[2.873e-09,1.000e-05] radius=5.620e-09
certified E32 tail segments=552/768 x=[2.548e-09,1.000e-05] radius=5.620e-09
certified E32 tail segments=560/768 x=[2.260e-09,1.000e-05] radius=5.620e-09
certified E32 tail segments=568/768 x=[2.005e-09,1.000e-05] radius=5.620e-09
certified E32 tail segments=576/768 x=[1.778e-09,1.000e-05] radius=5.620e-09
certified E32 tail segments=584/768 x=[1.577e-09,1.000e-05] radius=5.620e-09
certified E32 tail segments=592/768 x=[1.399e-09,1.000e-05] radius=5.620e-09
certified E32 tail segments=600/768 x=[1.241e-09,1.000e-05] radius=5.620e-09
certified E32 tail segments=608/768 x=[1.101e-09,1.000e-05] radius=5.620e-09
certified E32 tail segments=616/768 x=[9.763e-10,1.000e-05] radius=5.620e-09
certified E32 tail segments=624/768 x=[8.660e-10,1.000e-05] radius=5.620e-09
certified E32 tail segments=632/768 x=[7.681e-10,1.000e-05] radius=5.620e-09
certified E32 tail segments=640/768 x=[6.813e-10,1.000e-05] radius=5.620e-09
certified E32 tail segments=648/768 x=[6.043e-10,1.000e-05] radius=5.620e-09
certified E32 tail segments=656/768 x=[5.360e-10,1.000e-05] radius=5.620e-09
certified E32 tail segments=664/768 x=[4.754e-10,1.000e-05] radius=5.620e-09
certified E32 tail segments=672/768 x=[4.217e-10,1.000e-05] radius=5.620e-09
certified E32 tail segments=680/768 x=[3.740e-10,1.000e-05] radius=5.620e-09
certified E32 tail segments=688/768 x=[3.318e-10,1.000e-05] radius=5.620e-09
certified E32 tail segments=696/768 x=[2.943e-10,1.000e-05] radius=5.620e-09
certified E32 tail segments=704/768 x=[2.610e-10,1.000e-05] radius=5.620e-09
certified E32 tail segments=712/768 x=[2.315e-10,1.000e-05] radius=5.620e-09
certified E32 tail segments=720/768 x=[2.054e-10,1.000e-05] radius=5.620e-09
certified E32 tail segments=728/768 x=[1.821e-10,1.000e-05] radius=5.620e-09
certified E32 tail segments=736/768 x=[1.616e-10,1.000e-05] radius=5.620e-09
certified E32 tail segments=744/768 x=[1.433e-10,1.000e-05] radius=5.620e-09
certified E32 tail segments=752/768 x=[1.271e-10,1.000e-05] radius=5.620e-09
certified E32 tail segments=760/768 x=[1.127e-10,1.000e-05] radius=5.620e-09
certified E32 tail segments=768/768 x=[1.000e-10,1.000e-05] radius=5.620e-09
wrote candidate_data/selected_q79covariantperiodbranchcutsetandtightbetatransport/selected_alignment_thimble_periods/d024_selected_053.E32_tail.interval.packet.json
{
  "distinguished_index": 24,
  "tail_center": {
    "real": "2.2696866443603641e-06",
    "imaginary": "2.6905783325617432e-06"
  },
  "tail_radius": 5.62026607198174e-09,
  "node_bound_radius": 5.0385837483627606e-11,
  "regular_segments": 768
}

=== route scan: C:\Users\nero_\AppData\Local\Programs\Python\Python314\python.exe scripts/scan_q79_selected_alignment_E32_polygonal_detours.py --distinguished-index 24 --limit 5 ===
{
  "distinguished_index": 24,
  "root_id": "selected_053",
  "line_chart": "z",
  "tested": 1122,
  "accepted_null_homotopic": 1122,
  "rejected": 0,
  "ranked_routes": [
    {
      "detour_fraction": 0.6,
      "detour_offset": 0.0,
      "return_fraction": 0.65,
      "minimum_clearance_lower": 0.03741561703472512,
      "other_critical_clearance_lower": 0.03741561703472512,
      "chart_zero_clearance_lower": 0.25629873774204354,
      "elliptic_infinity_clearance_lower": 0.3535533905922738,
      "path_length": 0.24604484804581372,
      "maximum_winding_residual": 3.533949646070574e-17,
      "path": [
        {
          "real": "0.25",
          "imaginary": "0.25"
        },
        {
          "real": "0.38640753157829816",
          "imaginary": "0.30645463151325603"
        },
        {
          "real": "0.39777482587648971",
          "imaginary": "0.31115918413936072"
        },
        {
          "real": "0.47734361250497059",
          "imaginary": "0.34409011161156822"
        }
      ]
    },
    {
      "detour_fraction": 0.6,
      "detour_offset": 0.0,
      "return_fraction": 0.74,
      "minimum_clearance_lower": 0.03741561703472512,
      "other_critical_clearance_lower": 0.03741561703472512,
      "chart_zero_clearance_lower": 0.25629873774204354,
      "elliptic_infinity_clearance_lower": 0.3535533905922738,
      "path_length": 0.24604484804581372,
      "maximum_winding_residual": 3.533949646070574e-17,
      "path": [
        {
          "real": "0.25",
          "imaginary": "0.25"
        },
        {
          "real": "0.38640753157829816",
          "imaginary": "0.30645463151325603"
        },
        {
          "real": "0.4182359556132344",
          "imaginary": "0.31962737886634912"
        },
        {
          "real": "0.47734361250497059",
          "imaginary": "0.34409011161156822"
        }
      ]
    },
    {
      "detour_fraction": 0.6,
      "detour_offset": 0.0,
      "return_fraction": 0.78,
      "minimum_clearance_lower": 0.03741561703472512,
      "other_critical_clearance_lower": 0.03741561703472512,
      "chart_zero_clearance_lower": 0.25629873774204354,
      "elliptic_infinity_clearance_lower": 0.3535533905922738,
      "path_length": 0.24604484804581372,
      "maximum_winding_residual": 4.417437057588218e-17,
      "path": [
        {
          "real": "0.25",
          "imaginary": "0.25"
        },
        {
          "real": "0.38640753157829816",
          "imaginary": "0.30645463151325603"
        },
        {
          "real": "0.42732979105178759",
          "imaginary": "0.32339102096723288"
        },
        {
          "real": "0.47734361250497059",
          "imaginary": "0.34409011161156822"
        }
      ]
    },
    {
      "detour_fraction": 0.2,
      "detour_offset": 0.0,
      "return_fraction": 0.74,
      "minimum_clearance_lower": 0.03741561703472512,
      "other_critical_clearance_lower": 0.03741561703472512,
      "chart_zero_clearance_lower": 0.25629873774204354,
      "elliptic_infinity_clearance_lower": 0.3535533905922738,
      "path_length": 0.24604484804581375,
      "maximum_winding_residual": 3.533949646070574e-17,
      "path": [
        {
          "real": "0.25",
          "imaginary": "0.25"
        },
        {
          "real": "0.29546917719276605",
          "imaginary": "0.26881821050441868"
        },
        {
          "real": "0.4182359556132344",
          "imaginary": "0.31962737886634912"
        },
        {
          "real": "0.47734361250497059",
          "imaginary": "0.34409011161156822"
        }
      ]
    },
    {
      "detour_fraction": 0.2,
      "detour_offset": 0.0,
      "return_fraction": 0.78,
      "minimum_clearance_lower": 0.03741561703472512,
      "other_critical_clearance_lower": 0.03741561703472512,
      "chart_zero_clearance_lower": 0.25629873774204354,
      "elliptic_infinity_clearance_lower": 0.3535533905922738,
      "path_length": 0.24604484804581375,
      "maximum_winding_residual": 3.533949646070574e-17,
      "path": [
        {
          "real": "0.25",
          "imaginary": "0.25"
        },
        {
          "real": "0.29546917719276605",
          "imaginary": "0.26881821050441868"
        },
        {
          "real": "0.42732979105178759",
          "imaginary": "0.32339102096723288"
        },
        {
          "real": "0.47734361250497059",
          "imaginary": "0.34409011161156822"
        }
      ]
    }
  ]
}

=== main: C:\Users\nero_\AppData\Local\Programs\Python\Python314\python.exe scripts/certify_q79_selected_alignment_E32_thimble_polygonal_main_interval_tail_reuse_zonotope.py --distinguished-index 24 --dps 100 --order 20 --detour-fraction 0.6 --detour-offset 0.0 --return-fraction 0.65 ===
starting certified zonotope transport index=24
reused certified cutoff periods index=24 radius=8.882e-16
validated polygonal E32 main steps=10 segment=1/3 fraction=7.54964974945e-05 radius=1.687e-08
validated polygonal E32 main steps=20 segment=1/3 fraction=0.000720015624701 radius=2.567e-08
validated polygonal E32 main rejections=10 segment=1/3 fraction=0.00180606876508 next_step=8.048e-05 reason=ArithmeticError: E32 lift correction exceeds local budget
validated polygonal E32 main steps=30 segment=1/3 fraction=0.00723160578457 radius=5.539e-08
validated polygonal E32 main steps=40 segment=1/3 fraction=0.0611391045484 radius=7.315e-08
validated polygonal E32 main steps=50 segment=1/3 fraction=0.349993499935 radius=9.042e-08
validated polygonal E32 main steps=53 segment=2/3 fraction=0.39999399994 radius=9.294e-08
validated polygonal E32 main rejections=20 segment=3/3 fraction=0.540618769265 next_step=4.050e-03 reason=ArithmeticError: E32 lift correction exceeds local budget
validated polygonal E32 main steps=60 segment=3/3 fraction=0.557079183015 radius=1.079e-07
validated polygonal E32 main steps=70 segment=3/3 fraction=0.649117838528 radius=1.166e-07
validated polygonal E32 main rejections=30 segment=3/3 fraction=0.660740106093 next_step=1.930e-03 reason=ArithmeticError: E32 lift correction exceeds local budget
validated polygonal E32 main steps=80 segment=3/3 fraction=0.811027019606 radius=1.357e-07
validated polygonal E32 main steps=85 segment=3/3 fraction=1 radius=1.651e-07
wrote candidate_data/selected_q79covariantperiodbranchcutsetandtightbetatransport/selected_alignment_thimble_periods/d024_selected_053.E32_main.interval.packet.json
{
  "distinguished_index": 24,
  "main_radius": 1.650870811466131e-07,
  "base_center_difference": 1.6269281195696838e-12,
  "other_critical_clearance": 0.03741561703472512,
  "accepted_steps": 85,
  "rejected_steps": 34
}

=== full: C:\Users\nero_\AppData\Local\Programs\Python\Python314\python.exe scripts/build_selected_q79_single_E32_thimble_full_interval.py --distinguished-index 24 ===
wrote candidate_data/selected_q79covariantperiodbranchcutsetandtightbetatransport/selected_alignment_thimble_periods/d024_selected_053.E32_full.interval.packet.json
{
  "distinguished_index": 24,
  "root_id": "selected_053",
  "full_center": {
    "real": "0.39780138944770921",
    "imaginary": "0.14784945806349808"
  },
  "full_radius": 2.390886502112722e-07,
  "fallback": 2.3086601928801926e-05,
  "fallback_met": true,
  "floating_contained": true
}
