
=== nodal: C:\Users\nero_\AppData\Local\Programs\Python\Python314\python.exe scripts/certify_q79_selected_alignment_single_E32_thimble_nodal_factor.py --distinguished-index 25 --dps 100 ===
wrote candidate_data/selected_q79covariantperiodbranchcutsetandtightbetatransport/selected_alignment_thimble_periods/d025_selected_020.nodal_factor.interval.packet.json
{
  "distinguished_index": 25,
  "root_id": "selected_020",
  "parameter_radius": 1.4142135714185176e-80,
  "double_root_radius": 1.4142135714185176e-80,
  "node_jacobian_lower": 23526.582574586064,
  "quartic_at_node_lower": 22.330756576547454,
  "hensel_jacobian_lower": 498.66268928101744
}

=== tail-384: C:\Users\nero_\AppData\Local\Programs\Python\Python314\python.exe scripts/certify_q79_selected_alignment_single_E32_thimble_tail_interval_node_pair.py --distinguished-index 25 --outer-segments 384 --dps 100 ===
certified E32 tail segments=8/384 x=[7.867e-06,1.000e-05] radius=1.400e-07
certified E32 tail segments=16/384 x=[6.190e-06,1.000e-05] radius=2.380e-07
certified E32 tail segments=24/384 x=[4.870e-06,1.000e-05] radius=3.024e-07
certified E32 tail segments=32/384 x=[3.831e-06,1.000e-05] radius=3.456e-07
certified E32 tail segments=40/384 x=[3.014e-06,1.000e-05] radius=3.747e-07
certified E32 tail segments=48/384 x=[2.371e-06,1.000e-05] radius=3.946e-07
certified E32 tail segments=56/384 x=[1.866e-06,1.000e-05] radius=4.078e-07
certified E32 tail segments=64/384 x=[1.468e-06,1.000e-05] radius=4.168e-07
certified E32 tail segments=72/384 x=[1.155e-06,1.000e-05] radius=4.227e-07
certified E32 tail segments=80/384 x=[9.085e-07,1.000e-05] radius=4.264e-07
certified E32 tail segments=88/384 x=[7.148e-07,1.000e-05] radius=4.287e-07
certified E32 tail segments=96/384 x=[5.623e-07,1.000e-05] radius=4.296e-07
certified E32 tail segments=104/384 x=[4.424e-07,1.000e-05] radius=4.299e-07
certified E32 tail segments=112/384 x=[3.481e-07,1.000e-05] radius=4.301e-07
certified E32 tail segments=120/384 x=[2.738e-07,1.000e-05] radius=4.302e-07
certified E32 tail segments=128/384 x=[2.154e-07,1.000e-05] radius=4.303e-07
certified E32 tail segments=136/384 x=[1.695e-07,1.000e-05] radius=4.304e-07
certified E32 tail segments=144/384 x=[1.334e-07,1.000e-05] radius=4.304e-07
certified E32 tail segments=152/384 x=[1.049e-07,1.000e-05] radius=4.305e-07
certified E32 tail segments=160/384 x=[8.254e-08,1.000e-05] radius=4.305e-07
certified E32 tail segments=168/384 x=[6.494e-08,1.000e-05] radius=4.305e-07
certified E32 tail segments=176/384 x=[5.109e-08,1.000e-05] radius=4.305e-07
certified E32 tail segments=184/384 x=[4.019e-08,1.000e-05] radius=4.305e-07
certified E32 tail segments=192/384 x=[3.162e-08,1.000e-05] radius=4.305e-07
certified E32 tail segments=200/384 x=[2.488e-08,1.000e-05] radius=4.305e-07
certified E32 tail segments=208/384 x=[1.957e-08,1.000e-05] radius=4.305e-07
certified E32 tail segments=216/384 x=[1.540e-08,1.000e-05] radius=4.305e-07
certified E32 tail segments=224/384 x=[1.212e-08,1.000e-05] radius=4.305e-07
certified E32 tail segments=232/384 x=[9.532e-09,1.000e-05] radius=4.305e-07
certified E32 tail segments=240/384 x=[7.499e-09,1.000e-05] radius=4.305e-07
certified E32 tail segments=248/384 x=[5.900e-09,1.000e-05] radius=4.305e-07
certified E32 tail segments=256/384 x=[4.642e-09,1.000e-05] radius=4.305e-07
certified E32 tail segments=264/384 x=[3.652e-09,1.000e-05] radius=4.305e-07
certified E32 tail segments=272/384 x=[2.873e-09,1.000e-05] radius=4.305e-07
certified E32 tail segments=280/384 x=[2.260e-09,1.000e-05] radius=4.305e-07
certified E32 tail segments=288/384 x=[1.778e-09,1.000e-05] radius=4.305e-07
certified E32 tail segments=296/384 x=[1.399e-09,1.000e-05] radius=4.305e-07
certified E32 tail segments=304/384 x=[1.101e-09,1.000e-05] radius=4.305e-07
certified E32 tail segments=312/384 x=[8.660e-10,1.000e-05] radius=4.305e-07
certified E32 tail segments=320/384 x=[6.813e-10,1.000e-05] radius=4.305e-07
certified E32 tail segments=328/384 x=[5.360e-10,1.000e-05] radius=4.305e-07
certified E32 tail segments=336/384 x=[4.217e-10,1.000e-05] radius=4.305e-07
certified E32 tail segments=344/384 x=[3.318e-10,1.000e-05] radius=4.305e-07
certified E32 tail segments=352/384 x=[2.610e-10,1.000e-05] radius=4.305e-07
certified E32 tail segments=360/384 x=[2.054e-10,1.000e-05] radius=4.305e-07
certified E32 tail segments=368/384 x=[1.616e-10,1.000e-05] radius=4.305e-07
certified E32 tail segments=376/384 x=[1.271e-10,1.000e-05] radius=4.305e-07
certified E32 tail segments=384/384 x=[1.000e-10,1.000e-05] radius=4.305e-07
wrote candidate_data/selected_q79covariantperiodbranchcutsetandtightbetatransport/selected_alignment_thimble_periods/d025_selected_020.E32_tail.interval.packet.json
{
  "distinguished_index": 25,
  "tail_center": {
    "real": "1.1576851073018004e-05",
    "imaginary": "-5.4904295452980145e-07"
  },
  "tail_radius": 4.305287837347294e-07,
  "node_bound_radius": 1.8299063132831697e-10,
  "regular_segments": 384
}

=== route scan: C:\Users\nero_\AppData\Local\Programs\Python\Python314\python.exe scripts/scan_q79_selected_alignment_E32_polygonal_detours.py --distinguished-index 25 --limit 5 ===
{
  "distinguished_index": 25,
  "root_id": "selected_020",
  "line_chart": "y",
  "tested": 1122,
  "accepted_null_homotopic": 253,
  "rejected": 869,
  "ranked_routes": [
    {
      "detour_fraction": 0.385,
      "detour_offset": 0.0,
      "return_fraction": 0.65,
      "minimum_clearance_lower": 0.014672655442690134,
      "other_critical_clearance_lower": 0.014672655442690134,
      "chart_zero_clearance_lower": 0.08174304137904026,
      "elliptic_infinity_clearance_lower": 0.3535533905922738,
      "path_length": 0.8187560489510908,
      "maximum_winding_residual": 7.067899292141149e-17,
      "path": [
        {
          "real": "0.25",
          "imaginary": "0.25"
        },
        {
          "real": "0.5335579779481654",
          "imaginary": "0.38769963328662754"
        },
        {
          "real": "0.72873424848391566",
          "imaginary": "0.48247990035404648"
        },
        {
          "real": "0.98650686329450898",
          "imaginary": "0.60765780854621987"
        }
      ]
    },
    {
      "detour_fraction": 0.385,
      "detour_offset": 0.0,
      "return_fraction": 0.7,
      "minimum_clearance_lower": 0.014672655442690134,
      "other_critical_clearance_lower": 0.014672655442690134,
      "chart_zero_clearance_lower": 0.08174304137904022,
      "elliptic_infinity_clearance_lower": 0.3535533905922738,
      "path_length": 0.8187560489510908,
      "maximum_winding_residual": 7.067899292141149e-17,
      "path": [
        {
          "real": "0.25",
          "imaginary": "0.25"
        },
        {
          "real": "0.5335579779481654",
          "imaginary": "0.38769963328662754"
        },
        {
          "real": "0.76555995990575532",
          "imaginary": "0.50036296961205007"
        },
        {
          "real": "0.98650686329450898",
          "imaginary": "0.60765780854621987"
        }
      ]
    },
    {
      "detour_fraction": 0.385,
      "detour_offset": 0.0,
      "return_fraction": 0.74,
      "minimum_clearance_lower": 0.014672655442690134,
      "other_critical_clearance_lower": 0.014672655442690134,
      "chart_zero_clearance_lower": 0.08174304137904022,
      "elliptic_infinity_clearance_lower": 0.3535533905922738,
      "path_length": 0.8187560489510908,
      "maximum_winding_residual": 7.067899292141149e-17,
      "path": [
        {
          "real": "0.25",
          "imaginary": "0.25"
        },
        {
          "real": "0.5335579779481654",
          "imaginary": "0.38769963328662754"
        },
        {
          "real": "0.79502052904322706",
          "imaginary": "0.51466942501845292"
        },
        {
          "real": "0.98650686329450898",
          "imaginary": "0.60765780854621987"
        }
      ]
    },
    {
      "detour_fraction": 0.385,
      "detour_offset": 0.0,
      "return_fraction": 0.78,
      "minimum_clearance_lower": 0.014672655442690134,
      "other_critical_clearance_lower": 0.014672655442690134,
      "chart_zero_clearance_lower": 0.08174304137904022,
      "elliptic_infinity_clearance_lower": 0.3535533905922738,
      "path_length": 0.8187560489510908,
      "maximum_winding_residual": 7.067899292141149e-17,
      "path": [
        {
          "real": "0.25",
          "imaginary": "0.25"
        },
        {
          "real": "0.5335579779481654",
          "imaginary": "0.38769963328662754"
        },
        {
          "real": "0.82448109818069881",
          "imaginary": "0.52897588042485577"
        },
        {
          "real": "0.98650686329450898",
          "imaginary": "0.60765780854621987"
        }
      ]
    },
    {
      "detour_fraction": 0.385,
      "detour_offset": 0.0,
      "return_fraction": 0.82,
      "minimum_clearance_lower": 0.014672655442690134,
      "other_critical_clearance_lower": 0.014672655442690134,
      "chart_zero_clearance_lower": 0.08174304137904022,
      "elliptic_infinity_clearance_lower": 0.3535533905922738,
      "path_length": 0.8187560489510908,
      "maximum_winding_residual": 7.067899292141149e-17,
      "path": [
        {
          "real": "0.25",
          "imaginary": "0.25"
        },
        {
          "real": "0.5335579779481654",
          "imaginary": "0.38769963328662754"
        },
        {
          "real": "0.85394166731817056",
          "imaginary": "0.54328233583125862"
        },
        {
          "real": "0.98650686329450898",
          "imaginary": "0.60765780854621987"
        }
      ]
    }
  ]
}

=== main: C:\Users\nero_\AppData\Local\Programs\Python\Python314\python.exe scripts/certify_q79_selected_alignment_E32_thimble_polygonal_main_interval_tail_reuse_zonotope.py --distinguished-index 25 --dps 100 --order 20 --detour-fraction 0.385 --detour-offset 0.0 --return-fraction 0.65 ===
starting certified zonotope transport index=25
reused certified cutoff periods index=25 radius=4.441e-16
validated polygonal E32 main steps=10 segment=1/3 fraction=8.55704314447e-05 radius=2.904e-09
validated polygonal E32 main steps=20 segment=1/3 fraction=0.00179868461584 radius=6.693e-08
validated polygonal E32 main steps=30 segment=1/3 fraction=0.0162929217921 radius=7.782e-08
validated polygonal E32 main rejections=10 segment=1/3 fraction=0.0246091524428 next_step=2.955e-03 reason=ArithmeticError: E32 lift correction exceeds local budget
validated polygonal E32 main steps=40 segment=1/3 fraction=0.0612423903132 radius=8.871e-08
validated polygonal E32 main rejections=20 segment=1/3 fraction=0.0675569838103 next_step=1.391e-03 reason=ArithmeticError: E32 lift correction exceeds local budget
validated polygonal E32 main steps=50 segment=1/3 fraction=0.0798403526322 radius=9.445e-08
validated polygonal E32 main rejections=30 segment=1/3 fraction=0.109089220488 next_step=3.866e-03 reason=ArithmeticError: E32 lift correction exceeds local budget
validated polygonal E32 main steps=60 segment=1/3 fraction=0.122309269854 radius=1.022e-07
validated polygonal E32 main steps=70 segment=1/3 fraction=0.236080831619 radius=1.264e-07
validated polygonal E32 main steps=80 segment=1/3 fraction=0.344945179226 radius=1.832e-07
validated polygonal E32 main steps=81 segment=1/3 fraction=0.349993499935 radius=1.857e-07
validated polygonal E32 main steps=90 segment=2/3 fraction=0.398705710567 radius=2.155e-07
validated polygonal E32 main steps=100 segment=2/3 fraction=0.519275153845 radius=2.556e-07
validated polygonal E32 main steps=108 segment=2/3 fraction=0.614996149961 radius=2.642e-07
validated polygonal E32 main steps=110 segment=3/3 fraction=0.623545705118 radius=2.643e-07
validated polygonal E32 main rejections=40 segment=3/3 fraction=0.63954558691 next_step=4.500e-03 reason=ArithmeticError: E32 lift correction exceeds local budget
validated polygonal E32 main steps=120 segment=3/3 fraction=0.670847921205 radius=2.610e-07
validated polygonal E32 main rejections=50 segment=3/3 fraction=0.686822539927 next_step=2.860e-03 reason=ArithmeticError: E32 lift correction exceeds local budget
validated polygonal E32 main steps=130 segment=3/3 fraction=0.706510179524 radius=2.694e-07
validated polygonal E32 main steps=140 segment=3/3 fraction=0.776812263256 radius=2.592e-07
validated polygonal E32 main rejections=60 segment=3/3 fraction=0.843987339483 next_step=4.500e-03 reason=ArithmeticError: E32 lift correction exceeds local budget
validated polygonal E32 main steps=150 segment=3/3 fraction=0.862888573886 radius=2.767e-07
validated polygonal E32 main rejections=70 segment=3/3 fraction=0.879784901203 next_step=1.569e-03 reason=ArithmeticError: E32 lift correction exceeds local budget
validated polygonal E32 main steps=160 segment=3/3 fraction=0.885206837505 radius=2.970e-07
validated polygonal E32 main rejections=80 segment=3/3 fraction=0.896719808051 next_step=1.346e-03 reason=ArithmeticError: E32 lift correction exceeds local budget
validated polygonal E32 main steps=170 segment=3/3 fraction=0.898363837098 radius=3.164e-07
validated polygonal E32 main steps=180 segment=3/3 fraction=0.961832038927 radius=4.088e-07
validated polygonal E32 main steps=184 segment=3/3 fraction=1 radius=4.707e-07
wrote candidate_data/selected_q79covariantperiodbranchcutsetandtightbetatransport/selected_alignment_thimble_periods/d025_selected_020.E32_main.interval.packet.json
{
  "distinguished_index": 25,
  "main_radius": 4.707021224887113e-07,
  "base_center_difference": 3.8218230693135856e-11,
  "other_critical_clearance": 0.014672655442690134,
  "accepted_steps": 184,
  "rejected_steps": 84
}

=== full: C:\Users\nero_\AppData\Local\Programs\Python\Python314\python.exe scripts/build_selected_q79_single_E32_thimble_full_interval.py --distinguished-index 25 ===
wrote candidate_data/selected_q79covariantperiodbranchcutsetandtightbetatransport/selected_alignment_thimble_periods/d025_selected_020.E32_full.interval.packet.json
{
  "distinguished_index": 25,
  "root_id": "selected_020",
  "full_center": {
    "real": "0.09367086516008552",
    "imaginary": "0.55600275600957361"
  },
  "full_radius": 1.0952588382906472e-06,
  "fallback": 2.3086601928801926e-05,
  "fallback_met": true,
  "floating_contained": true
}
