
=== nodal: C:\Users\nero_\AppData\Local\Programs\Python\Python314\python.exe scripts/certify_q79_selected_alignment_single_E32_thimble_nodal_factor.py --distinguished-index 27 --dps 100 ===
wrote candidate_data/selected_q79covariantperiodbranchcutsetandtightbetatransport/selected_alignment_thimble_periods/d027_selected_011.nodal_factor.interval.packet.json
{
  "distinguished_index": 27,
  "root_id": "selected_011",
  "parameter_radius": 1.4142135714185176e-80,
  "double_root_radius": 1.4142135714185176e-80,
  "node_jacobian_lower": 195780.4744005069,
  "quartic_at_node_lower": 173.44942169329602,
  "hensel_jacobian_lower": 30084.70188573884
}

=== tail-384: C:\Users\nero_\AppData\Local\Programs\Python\Python314\python.exe scripts/certify_q79_selected_alignment_single_E32_thimble_tail_interval_node_pair.py --distinguished-index 27 --outer-segments 384 --dps 100 ===
certified E32 tail segments=8/384 x=[7.867e-06,1.000e-05] radius=8.282e-09
certified E32 tail segments=16/384 x=[6.190e-06,1.000e-05] radius=1.390e-08
certified E32 tail segments=24/384 x=[4.870e-06,1.000e-05] radius=1.779e-08
certified E32 tail segments=32/384 x=[3.831e-06,1.000e-05] radius=2.050e-08
certified E32 tail segments=40/384 x=[3.014e-06,1.000e-05] radius=2.237e-08
certified E32 tail segments=48/384 x=[2.371e-06,1.000e-05] radius=2.367e-08
certified E32 tail segments=56/384 x=[1.866e-06,1.000e-05] radius=2.458e-08
certified E32 tail segments=64/384 x=[1.468e-06,1.000e-05] radius=2.521e-08
certified E32 tail segments=72/384 x=[1.155e-06,1.000e-05] radius=2.564e-08
certified E32 tail segments=80/384 x=[9.085e-07,1.000e-05] radius=2.595e-08
certified E32 tail segments=88/384 x=[7.148e-07,1.000e-05] radius=2.616e-08
certified E32 tail segments=96/384 x=[5.623e-07,1.000e-05] radius=2.631e-08
certified E32 tail segments=104/384 x=[4.424e-07,1.000e-05] radius=2.641e-08
certified E32 tail segments=112/384 x=[3.481e-07,1.000e-05] radius=2.648e-08
certified E32 tail segments=120/384 x=[2.738e-07,1.000e-05] radius=2.653e-08
certified E32 tail segments=128/384 x=[2.154e-07,1.000e-05] radius=2.657e-08
certified E32 tail segments=136/384 x=[1.695e-07,1.000e-05] radius=2.659e-08
certified E32 tail segments=144/384 x=[1.334e-07,1.000e-05] radius=2.661e-08
certified E32 tail segments=152/384 x=[1.049e-07,1.000e-05] radius=2.662e-08
certified E32 tail segments=160/384 x=[8.254e-08,1.000e-05] radius=2.663e-08
certified E32 tail segments=168/384 x=[6.494e-08,1.000e-05] radius=2.663e-08
certified E32 tail segments=176/384 x=[5.109e-08,1.000e-05] radius=2.664e-08
certified E32 tail segments=184/384 x=[4.019e-08,1.000e-05] radius=2.664e-08
certified E32 tail segments=192/384 x=[3.162e-08,1.000e-05] radius=2.664e-08
certified E32 tail segments=200/384 x=[2.488e-08,1.000e-05] radius=2.664e-08
certified E32 tail segments=208/384 x=[1.957e-08,1.000e-05] radius=2.664e-08
certified E32 tail segments=216/384 x=[1.540e-08,1.000e-05] radius=2.664e-08
certified E32 tail segments=224/384 x=[1.212e-08,1.000e-05] radius=2.664e-08
certified E32 tail segments=232/384 x=[9.532e-09,1.000e-05] radius=2.665e-08
certified E32 tail segments=240/384 x=[7.499e-09,1.000e-05] radius=2.665e-08
certified E32 tail segments=248/384 x=[5.900e-09,1.000e-05] radius=2.665e-08
certified E32 tail segments=256/384 x=[4.642e-09,1.000e-05] radius=2.665e-08
certified E32 tail segments=264/384 x=[3.652e-09,1.000e-05] radius=2.665e-08
certified E32 tail segments=272/384 x=[2.873e-09,1.000e-05] radius=2.665e-08
certified E32 tail segments=280/384 x=[2.260e-09,1.000e-05] radius=2.665e-08
certified E32 tail segments=288/384 x=[1.778e-09,1.000e-05] radius=2.665e-08
certified E32 tail segments=296/384 x=[1.399e-09,1.000e-05] radius=2.665e-08
certified E32 tail segments=304/384 x=[1.101e-09,1.000e-05] radius=2.665e-08
certified E32 tail segments=312/384 x=[8.660e-10,1.000e-05] radius=2.665e-08
certified E32 tail segments=320/384 x=[6.813e-10,1.000e-05] radius=2.665e-08
certified E32 tail segments=328/384 x=[5.360e-10,1.000e-05] radius=2.665e-08
certified E32 tail segments=336/384 x=[4.217e-10,1.000e-05] radius=2.665e-08
certified E32 tail segments=344/384 x=[3.318e-10,1.000e-05] radius=2.665e-08
certified E32 tail segments=352/384 x=[2.610e-10,1.000e-05] radius=2.665e-08
certified E32 tail segments=360/384 x=[2.054e-10,1.000e-05] radius=2.665e-08
certified E32 tail segments=368/384 x=[1.616e-10,1.000e-05] radius=2.665e-08
certified E32 tail segments=376/384 x=[1.271e-10,1.000e-05] radius=2.665e-08
certified E32 tail segments=384/384 x=[1.000e-10,1.000e-05] radius=2.665e-08
wrote candidate_data/selected_q79covariantperiodbranchcutsetandtightbetatransport/selected_alignment_thimble_periods/d027_selected_011.E32_tail.interval.packet.json
{
  "distinguished_index": 27,
  "tail_center": {
    "real": "-1.1374749449844889e-05",
    "imaginary": "3.0038541671874501e-06"
  },
  "tail_radius": 2.6645768008704e-08,
  "node_bound_radius": 1.6871057762629651e-10,
  "regular_segments": 384
}

=== route scan: C:\Users\nero_\AppData\Local\Programs\Python\Python314\python.exe scripts/scan_q79_selected_alignment_E32_polygonal_detours.py --distinguished-index 27 --limit 5 ===
{
  "distinguished_index": 27,
  "root_id": "selected_011",
  "line_chart": "y",
  "tested": 1122,
  "accepted_null_homotopic": 291,
  "rejected": 831,
  "ranked_routes": [
    {
      "detour_fraction": 0.2,
      "detour_offset": 0.0,
      "return_fraction": 0.7,
      "minimum_clearance_lower": 0.005547157291956329,
      "other_critical_clearance_lower": 0.005547157291956329,
      "chart_zero_clearance_lower": 0.09474298820511598,
      "elliptic_infinity_clearance_lower": 0.3464268364019826,
      "path_length": 0.9010826333137241,
      "maximum_winding_residual": 7.067899292141149e-17,
      "path": [
        {
          "real": "0.25",
          "imaginary": "0.25"
        },
        {
          "real": "0.41071251052807201",
          "imaginary": "0.33154835995788839"
        },
        {
          "real": "0.81249378684825202",
          "imaginary": "0.5354192598526093"
        },
        {
          "real": "1.0535545170148337",
          "imaginary": "0.65773772237144401"
        }
      ]
    },
    {
      "detour_fraction": 0.2,
      "detour_offset": 0.0,
      "return_fraction": 0.82,
      "minimum_clearance_lower": 0.005547157291956329,
      "other_critical_clearance_lower": 0.005547157291956329,
      "chart_zero_clearance_lower": 0.09474298820511608,
      "elliptic_infinity_clearance_lower": 0.3464268364019826,
      "path_length": 0.9010826333137241,
      "maximum_winding_residual": 7.067899292141149e-17,
      "path": [
        {
          "real": "0.25",
          "imaginary": "0.25"
        },
        {
          "real": "0.41071251052807201",
          "imaginary": "0.33154835995788839"
        },
        {
          "real": "0.90892129316509518",
          "imaginary": "0.58434827582734239"
        },
        {
          "real": "1.0535545170148337",
          "imaginary": "0.65773772237144401"
        }
      ]
    },
    {
      "detour_fraction": 0.25,
      "detour_offset": 0.0,
      "return_fraction": 0.7,
      "minimum_clearance_lower": 0.005547157291956329,
      "other_critical_clearance_lower": 0.005547157291956329,
      "chart_zero_clearance_lower": 0.09474298820511598,
      "elliptic_infinity_clearance_lower": 0.3464268364019826,
      "path_length": 0.9010826333137241,
      "maximum_winding_residual": 7.067899292141149e-17,
      "path": [
        {
          "real": "0.25",
          "imaginary": "0.25"
        },
        {
          "real": "0.45089063816009001",
          "imaginary": "0.35193544994736048"
        },
        {
          "real": "0.81249378684825202",
          "imaginary": "0.5354192598526093"
        },
        {
          "real": "1.0535545170148337",
          "imaginary": "0.65773772237144401"
        }
      ]
    },
    {
      "detour_fraction": 0.25,
      "detour_offset": 0.0,
      "return_fraction": 0.74,
      "minimum_clearance_lower": 0.005547157291956329,
      "other_critical_clearance_lower": 0.005547157291956329,
      "chart_zero_clearance_lower": 0.09474298820511598,
      "elliptic_infinity_clearance_lower": 0.3464268364019826,
      "path_length": 0.9010826333137241,
      "maximum_winding_residual": 7.067899292141149e-17,
      "path": [
        {
          "real": "0.25",
          "imaginary": "0.25"
        },
        {
          "real": "0.45089063816009001",
          "imaginary": "0.35193544994736048"
        },
        {
          "real": "0.84463628895386644",
          "imaginary": "0.55172893184418703"
        },
        {
          "real": "1.0535545170148337",
          "imaginary": "0.65773772237144401"
        }
      ]
    },
    {
      "detour_fraction": 0.25,
      "detour_offset": 0.0,
      "return_fraction": 0.86,
      "minimum_clearance_lower": 0.005547157291956329,
      "other_critical_clearance_lower": 0.005547157291956329,
      "chart_zero_clearance_lower": 0.09474298820511602,
      "elliptic_infinity_clearance_lower": 0.3464268364019826,
      "path_length": 0.9010826333137241,
      "maximum_winding_residual": 7.067899292141149e-17,
      "path": [
        {
          "real": "0.25",
          "imaginary": "0.25"
        },
        {
          "real": "0.45089063816009001",
          "imaginary": "0.35193544994736048"
        },
        {
          "real": "0.9410637952707096",
          "imaginary": "0.60065794781892001"
        },
        {
          "real": "1.0535545170148337",
          "imaginary": "0.65773772237144401"
        }
      ]
    }
  ]
}

=== main: C:\Users\nero_\AppData\Local\Programs\Python\Python314\python.exe scripts/certify_q79_selected_alignment_E32_thimble_polygonal_main_interval_tail_reuse_zonotope.py --distinguished-index 27 --dps 100 --order 20 --detour-fraction 0.2 --detour-offset 0.0 --return-fraction 0.7 ===
starting certified zonotope transport index=27
reused certified cutoff periods index=27 radius=1.110e-16
validated polygonal E32 main steps=10 segment=1/3 fraction=7.12746340245e-05 radius=1.061e-08
validated polygonal E32 main steps=20 segment=1/3 fraction=0.000670620260702 radius=2.835e-08
validated polygonal E32 main rejections=10 segment=1/3 fraction=0.00125558002619 next_step=2.183e-04 reason=ArithmeticError: E32 lift correction exceeds local budget
validated polygonal E32 main steps=30 segment=1/3 fraction=0.00543825344879 radius=4.195e-08
validated polygonal E32 main steps=40 segment=1/3 fraction=0.0270325872082 radius=8.086e-08
validated polygonal E32 main rejections=20 segment=1/3 fraction=0.0270325872082 next_step=1.475e-03 reason=ArithmeticError: E32 lift correction exceeds local budget
validated polygonal E32 main steps=50 segment=1/3 fraction=0.0400945305651 radius=1.030e-07
validated polygonal E32 main rejections=30 segment=1/3 fraction=0.046120231212 next_step=2.249e-03 reason=ArithmeticError: E32 lift correction exceeds local budget
validated polygonal E32 main steps=60 segment=1/3 fraction=0.0749128496126 radius=1.726e-07
validated polygonal E32 main rejections=40 segment=1/3 fraction=0.0889912257223 next_step=1.429e-03 reason=ArithmeticError: E32 lift correction exceeds local budget
validated polygonal E32 main steps=70 segment=1/3 fraction=0.0965268347293 radius=2.211e-07
validated polygonal E32 main steps=80 segment=1/3 fraction=0.133948356859 radius=2.413e-07
validated polygonal E32 main rejections=50 segment=1/3 fraction=0.133948356859 next_step=3.972e-03 reason=ArithmeticError: E32 lift correction exceeds local budget
validated polygonal E32 main steps=90 segment=1/3 fraction=0.15557850966 radius=2.300e-07
validated polygonal E32 main rejections=60 segment=1/3 fraction=0.15557850966 next_step=7.791e-04 reason=ArithmeticError: E32 lift correction exceeds local budget
validated polygonal E32 main steps=100 segment=1/3 fraction=0.174133129403 radius=2.278e-07
validated polygonal E32 main steps=110 segment=1/3 fraction=0.23827614687 radius=2.862e-07
validated polygonal E32 main steps=116 segment=1/3 fraction=0.29999299993 radius=6.208e-07
validated polygonal E32 main steps=120 segment=2/3 fraction=0.32784838086 radius=8.105e-07
validated polygonal E32 main rejections=70 segment=2/3 fraction=0.372239426166 next_step=5.000e-03 reason=ArithmeticError: E32 lift correction exceeds local budget
validated polygonal E32 main steps=130 segment=2/3 fraction=0.398239205913 radius=1.345e-06
validated polygonal E32 main rejections=80 segment=2/3 fraction=0.417827734357 next_step=2.354e-03 reason=ArithmeticError: E32 lift correction exceeds local budget
validated polygonal E32 main steps=140 segment=2/3 fraction=0.431284873604 radius=1.631e-06
validated polygonal E32 main steps=150 segment=2/3 fraction=0.494826250934 radius=2.042e-06
validated polygonal E32 main steps=160 segment=2/3 fraction=0.6058038642 radius=2.390e-06
validated polygonal E32 main rejections=90 segment=2/3 fraction=0.671835544093 next_step=4.050e-03 reason=ArithmeticError: E32 lift correction exceeds local budget
validated polygonal E32 main steps=170 segment=2/3 fraction=0.684015892037 radius=2.399e-06
validated polygonal E32 main rejections=100 segment=2/3 fraction=0.704244135115 next_step=1.906e-03 reason=ArithmeticError: E32 lift correction exceeds local budget
validated polygonal E32 main steps=180 segment=2/3 fraction=0.708263920506 radius=2.331e-06
validated polygonal E32 main steps=190 segment=2/3 fraction=0.739827613749 radius=2.172e-06
validated polygonal E32 main rejections=110 segment=2/3 fraction=0.755369357067 next_step=5.000e-03 reason=ArithmeticError: E32 lift correction exceeds local budget
validated polygonal E32 main steps=199 segment=2/3 fraction=0.79999799998 radius=1.713e-06
validated polygonal E32 main steps=200 segment=3/3 fraction=0.802772440312 radius=1.689e-06
validated polygonal E32 main steps=210 segment=3/3 fraction=0.872772124767 radius=1.030e-06
validated polygonal E32 main rejections=120 segment=3/3 fraction=0.881651598418 next_step=2.152e-03 reason=ArithmeticError: E32 lift correction exceeds local budget
validated polygonal E32 main steps=220 segment=3/3 fraction=0.89189426904 radius=8.562e-07
validated polygonal E32 main rejections=130 segment=3/3 fraction=0.893635814614 next_step=4.221e-04 reason=ArithmeticError: E32 lift correction exceeds local budget
validated polygonal E32 main steps=230 segment=3/3 fraction=0.896079900701 radius=8.203e-07
validated polygonal E32 main rejections=140 segment=3/3 fraction=0.897665624593 next_step=2.683e-04 reason=ArithmeticError: E32 lift correction exceeds local budget
validated polygonal E32 main steps=240 segment=3/3 fraction=0.899625057485 radius=8.047e-07
validated polygonal E32 main steps=250 segment=3/3 fraction=0.908421766872 radius=7.427e-07
validated polygonal E32 main rejections=150 segment=3/3 fraction=0.911897179808 next_step=1.812e-03 reason=ArithmeticError: E32 lift correction exceeds local budget
validated polygonal E32 main steps=260 segment=3/3 fraction=0.941263134091 radius=7.361e-07
validated polygonal E32 main steps=266 segment=3/3 fraction=1 radius=1.370e-06
wrote candidate_data/selected_q79covariantperiodbranchcutsetandtightbetatransport/selected_alignment_thimble_periods/d027_selected_011.E32_main.interval.packet.json
{
  "distinguished_index": 27,
  "main_radius": 1.3703012649471901e-06,
  "base_center_difference": 6.819467585038291e-10,
  "other_critical_clearance": 0.005547157291956329,
  "accepted_steps": 266,
  "rejected_steps": 155
}

=== full: C:\Users\nero_\AppData\Local\Programs\Python\Python314\python.exe scripts/build_selected_q79_single_E32_thimble_full_interval.py --distinguished-index 27 ===
wrote candidate_data/selected_q79covariantperiodbranchcutsetandtightbetatransport/selected_alignment_thimble_periods/d027_selected_011.E32_full.interval.packet.json
{
  "distinguished_index": 27,
  "root_id": "selected_011",
  "full_center": {
    "real": "0.52778044880687247",
    "imaginary": "0.060735933126529883"
  },
  "full_radius": 1.964544395605117e-06,
  "fallback": 2.3086601928801926e-05,
  "fallback_met": true,
  "floating_contained": true
}
