
=== nodal: C:\Users\nero_\AppData\Local\Programs\Python\Python314\python.exe scripts/certify_q79_selected_alignment_single_E32_thimble_nodal_factor.py --distinguished-index 36 --dps 100 ===
wrote candidate_data/selected_q79covariantperiodbranchcutsetandtightbetatransport/selected_alignment_thimble_periods/d036_selected_016.nodal_factor.interval.packet.json
{
  "distinguished_index": 36,
  "root_id": "selected_016",
  "parameter_radius": 1.4142135714185176e-80,
  "double_root_radius": 1.4142135714185176e-80,
  "node_jacobian_lower": 1991658.2319547876,
  "quartic_at_node_lower": 489.78006773402825,
  "hensel_jacobian_lower": 239884.5147495493
}

=== tail-384: C:\Users\nero_\AppData\Local\Programs\Python\Python314\python.exe scripts/certify_q79_selected_alignment_single_E32_thimble_tail_interval_node_pair.py --distinguished-index 36 --outer-segments 384 --dps 100 ===
certified E32 tail segments=8/384 x=[7.867e-06,1.000e-05] radius=8.750e-07
certified E32 tail segments=16/384 x=[6.190e-06,1.000e-05] radius=1.502e-06
certified E32 tail segments=24/384 x=[4.870e-06,1.000e-05] radius=1.964e-06
certified E32 tail segments=32/384 x=[3.831e-06,1.000e-05] radius=2.298e-06
certified E32 tail segments=40/384 x=[3.014e-06,1.000e-05] radius=2.540e-06
certified E32 tail segments=48/384 x=[2.371e-06,1.000e-05] radius=2.715e-06
certified E32 tail segments=56/384 x=[1.866e-06,1.000e-05] radius=2.841e-06
certified E32 tail segments=64/384 x=[1.468e-06,1.000e-05] radius=2.930e-06
certified E32 tail segments=72/384 x=[1.155e-06,1.000e-05] radius=2.993e-06
certified E32 tail segments=80/384 x=[9.085e-07,1.000e-05] radius=3.036e-06
certified E32 tail segments=88/384 x=[7.148e-07,1.000e-05] radius=3.066e-06
certified E32 tail segments=96/384 x=[5.623e-07,1.000e-05] radius=3.084e-06
certified E32 tail segments=104/384 x=[4.424e-07,1.000e-05] radius=3.093e-06
certified E32 tail segments=112/384 x=[3.481e-07,1.000e-05] radius=3.094e-06
certified E32 tail segments=120/384 x=[2.738e-07,1.000e-05] radius=3.095e-06
certified E32 tail segments=128/384 x=[2.154e-07,1.000e-05] radius=3.095e-06
certified E32 tail segments=136/384 x=[1.695e-07,1.000e-05] radius=3.096e-06
certified E32 tail segments=144/384 x=[1.334e-07,1.000e-05] radius=3.096e-06
certified E32 tail segments=152/384 x=[1.049e-07,1.000e-05] radius=3.096e-06
certified E32 tail segments=160/384 x=[8.254e-08,1.000e-05] radius=3.096e-06
certified E32 tail segments=168/384 x=[6.494e-08,1.000e-05] radius=3.096e-06
certified E32 tail segments=176/384 x=[5.109e-08,1.000e-05] radius=3.096e-06
certified E32 tail segments=184/384 x=[4.019e-08,1.000e-05] radius=3.096e-06
certified E32 tail segments=192/384 x=[3.162e-08,1.000e-05] radius=3.096e-06
certified E32 tail segments=200/384 x=[2.488e-08,1.000e-05] radius=3.096e-06
certified E32 tail segments=208/384 x=[1.957e-08,1.000e-05] radius=3.096e-06
certified E32 tail segments=216/384 x=[1.540e-08,1.000e-05] radius=3.096e-06
certified E32 tail segments=224/384 x=[1.212e-08,1.000e-05] radius=3.096e-06
certified E32 tail segments=232/384 x=[9.532e-09,1.000e-05] radius=3.096e-06
certified E32 tail segments=240/384 x=[7.499e-09,1.000e-05] radius=3.096e-06
certified E32 tail segments=248/384 x=[5.900e-09,1.000e-05] radius=3.096e-06
certified E32 tail segments=256/384 x=[4.642e-09,1.000e-05] radius=3.096e-06
certified E32 tail segments=264/384 x=[3.652e-09,1.000e-05] radius=3.096e-06
certified E32 tail segments=272/384 x=[2.873e-09,1.000e-05] radius=3.096e-06
certified E32 tail segments=280/384 x=[2.260e-09,1.000e-05] radius=3.096e-06
certified E32 tail segments=288/384 x=[1.778e-09,1.000e-05] radius=3.096e-06
certified E32 tail segments=296/384 x=[1.399e-09,1.000e-05] radius=3.096e-06
certified E32 tail segments=304/384 x=[1.101e-09,1.000e-05] radius=3.096e-06
certified E32 tail segments=312/384 x=[8.660e-10,1.000e-05] radius=3.096e-06
certified E32 tail segments=320/384 x=[6.813e-10,1.000e-05] radius=3.096e-06
certified E32 tail segments=328/384 x=[5.360e-10,1.000e-05] radius=3.096e-06
certified E32 tail segments=336/384 x=[4.217e-10,1.000e-05] radius=3.096e-06
certified E32 tail segments=344/384 x=[3.318e-10,1.000e-05] radius=3.096e-06
certified E32 tail segments=352/384 x=[2.610e-10,1.000e-05] radius=3.096e-06
certified E32 tail segments=360/384 x=[2.054e-10,1.000e-05] radius=3.096e-06
certified E32 tail segments=368/384 x=[1.616e-10,1.000e-05] radius=3.096e-06
certified E32 tail segments=376/384 x=[1.271e-10,1.000e-05] radius=3.096e-06
certified E32 tail segments=384/384 x=[1.000e-10,1.000e-05] radius=3.096e-06
wrote candidate_data/selected_q79covariantperiodbranchcutsetandtightbetatransport/selected_alignment_thimble_periods/d036_selected_016.E32_tail.interval.packet.json
{
  "distinguished_index": 36,
  "tail_center": {
    "real": "-2.8822136216033383e-05",
    "imaginary": "-1.2342250976095988e-05"
  },
  "tail_radius": 3.0963562949182237e-06,
  "node_bound_radius": 4.438107810943171e-10,
  "regular_segments": 384
}

=== route scan: C:\Users\nero_\AppData\Local\Programs\Python\Python314\python.exe scripts/scan_q79_selected_alignment_E32_polygonal_detours.py --distinguished-index 36 --limit 5 ===
{
  "distinguished_index": 36,
  "root_id": "selected_016",
  "line_chart": "y",
  "tested": 1122,
  "accepted_null_homotopic": 412,
  "rejected": 710,
  "ranked_routes": [
    {
      "detour_fraction": 0.6,
      "detour_offset": 0.0,
      "return_fraction": 0.65,
      "minimum_clearance_lower": 0.015233935799276548,
      "other_critical_clearance_lower": 0.015233935799276548,
      "chart_zero_clearance_lower": 0.05455732203772915,
      "elliptic_infinity_clearance_lower": 0.33036091544255597,
      "path_length": 0.7875016843402484,
      "maximum_winding_residual": 7.067899292141149e-17,
      "path": [
        {
          "real": "0.25",
          "imaginary": "0.25"
        },
        {
          "real": "0.6447807668005987",
          "imaginary": "0.50963400470152576"
        },
        {
          "real": "0.67767916403398187",
          "imaginary": "0.53127017175998636"
        },
        {
          "real": "0.90796136498821778",
          "imaginary": "0.68271901393579815"
        }
      ]
    },
    {
      "detour_fraction": 0.6,
      "detour_offset": 0.0,
      "return_fraction": 0.7,
      "minimum_clearance_lower": 0.015233935799276548,
      "other_critical_clearance_lower": 0.015233935799276548,
      "chart_zero_clearance_lower": 0.05455732203772915,
      "elliptic_infinity_clearance_lower": 0.33036091544255597,
      "path_length": 0.7875016843402484,
      "maximum_winding_residual": 7.067899292141149e-17,
      "path": [
        {
          "real": "0.25",
          "imaginary": "0.25"
        },
        {
          "real": "0.6447807668005987",
          "imaginary": "0.50963400470152576"
        },
        {
          "real": "0.71057756126736504",
          "imaginary": "0.55290633881844675"
        },
        {
          "real": "0.90796136498821778",
          "imaginary": "0.68271901393579815"
        }
      ]
    },
    {
      "detour_fraction": 0.6,
      "detour_offset": 0.0,
      "return_fraction": 0.74,
      "minimum_clearance_lower": 0.015233935799276548,
      "other_critical_clearance_lower": 0.015233935799276548,
      "chart_zero_clearance_lower": 0.05455732203772915,
      "elliptic_infinity_clearance_lower": 0.33036091544255597,
      "path_length": 0.7875016843402484,
      "maximum_winding_residual": 7.067899292141149e-17,
      "path": [
        {
          "real": "0.25",
          "imaginary": "0.25"
        },
        {
          "real": "0.6447807668005987",
          "imaginary": "0.50963400470152576"
        },
        {
          "real": "0.73689627905407162",
          "imaginary": "0.57021527246521519"
        },
        {
          "real": "0.90796136498821778",
          "imaginary": "0.68271901393579815"
        }
      ]
    },
    {
      "detour_fraction": 0.6,
      "detour_offset": 0.0,
      "return_fraction": 0.78,
      "minimum_clearance_lower": 0.015233935799276548,
      "other_critical_clearance_lower": 0.015233935799276548,
      "chart_zero_clearance_lower": 0.05455732203772915,
      "elliptic_infinity_clearance_lower": 0.33036091544255597,
      "path_length": 0.7875016843402484,
      "maximum_winding_residual": 7.067899292141149e-17,
      "path": [
        {
          "real": "0.25",
          "imaginary": "0.25"
        },
        {
          "real": "0.6447807668005987",
          "imaginary": "0.50963400470152576"
        },
        {
          "real": "0.7632149968407782",
          "imaginary": "0.58752420611198364"
        },
        {
          "real": "0.90796136498821778",
          "imaginary": "0.68271901393579815"
        }
      ]
    },
    {
      "detour_fraction": 0.6,
      "detour_offset": 0.0,
      "return_fraction": 0.82,
      "minimum_clearance_lower": 0.015233935799276548,
      "other_critical_clearance_lower": 0.015233935799276548,
      "chart_zero_clearance_lower": 0.05455732203772915,
      "elliptic_infinity_clearance_lower": 0.33036091544255597,
      "path_length": 0.7875016843402484,
      "maximum_winding_residual": 7.067899292141149e-17,
      "path": [
        {
          "real": "0.25",
          "imaginary": "0.25"
        },
        {
          "real": "0.6447807668005987",
          "imaginary": "0.50963400470152576"
        },
        {
          "real": "0.78953371462748478",
          "imaginary": "0.60483313975875197"
        },
        {
          "real": "0.90796136498821778",
          "imaginary": "0.68271901393579815"
        }
      ]
    }
  ]
}

=== main: C:\Users\nero_\AppData\Local\Programs\Python\Python314\python.exe scripts/certify_q79_selected_alignment_E32_thimble_polygonal_main_interval_tail_reuse_zonotope.py --distinguished-index 36 --dps 100 --order 20 --detour-fraction 0.6 --detour-offset 0.0 --return-fraction 0.65 ===
starting certified zonotope transport index=36
reused certified cutoff periods index=36 radius=1.110e-16
validated polygonal E32 main steps=10 segment=1/3 fraction=9.24664917367e-05 radius=2.016e-08
validated polygonal E32 main steps=20 segment=1/3 fraction=0.00100831686001 radius=3.459e-08
validated polygonal E32 main rejections=10 segment=1/3 fraction=0.00798567842045 next_step=1.155e-03 reason=ArithmeticError: E32 lift correction exceeds local budget
validated polygonal E32 main steps=30 segment=1/3 fraction=0.00945238576622 radius=5.959e-08
validated polygonal E32 main steps=40 segment=1/3 fraction=0.0785069563154 radius=1.703e-07
validated polygonal E32 main steps=50 segment=1/3 fraction=0.192157506885 radius=3.523e-07
validated polygonal E32 main rejections=20 segment=1/3 fraction=0.209843754771 next_step=2.657e-03 reason=ArithmeticError: E32 lift correction exceeds local budget
validated polygonal E32 main steps=60 segment=1/3 fraction=0.223987453116 radius=4.099e-07
validated polygonal E32 main rejections=30 segment=1/3 fraction=0.227792510531 next_step=5.212e-04 reason=ArithmeticError: E32 lift correction exceeds local budget
validated polygonal E32 main steps=70 segment=1/3 fraction=0.234632410348 radius=4.352e-07
validated polygonal E32 main steps=80 segment=1/3 fraction=0.267631339551 radius=4.990e-07
validated polygonal E32 main rejections=40 segment=1/3 fraction=0.28153772928 next_step=5.000e-03 reason=ArithmeticError: E32 lift correction exceeds local budget
validated polygonal E32 main steps=90 segment=1/3 fraction=0.32073526322 radius=5.926e-07
validated polygonal E32 main rejections=50 segment=1/3 fraction=0.339649132036 next_step=3.177e-03 reason=ArithmeticError: E32 lift correction exceeds local budget
validated polygonal E32 main steps=97 segment=1/3 fraction=0.349993499935 radius=6.439e-07
validated polygonal E32 main steps=100 segment=2/3 fraction=0.361168079209 radius=6.600e-07
validated polygonal E32 main rejections=60 segment=2/3 fraction=0.390650830715 next_step=1.765e-03 reason=ArithmeticError: E32 lift correction exceeds local budget
validated polygonal E32 main steps=110 segment=2/3 fraction=0.396927029213 radius=7.087e-07
validated polygonal E32 main steps=111 segment=2/3 fraction=0.39999399994 radius=7.116e-07
validated polygonal E32 main steps=120 segment=3/3 fraction=0.437214635041 radius=7.406e-07
validated polygonal E32 main rejections=70 segment=3/3 fraction=0.474387838559 next_step=3.909e-03 reason=ArithmeticError: E32 lift correction exceeds local budget
validated polygonal E32 main steps=130 segment=3/3 fraction=0.491457096058 radius=7.741e-07
validated polygonal E32 main rejections=80 segment=3/3 fraction=0.53432715335 next_step=3.353e-03 reason=ArithmeticError: E32 lift correction exceeds local budget
validated polygonal E32 main steps=140 segment=3/3 fraction=0.538585184695 radius=7.960e-07
validated polygonal E32 main steps=150 segment=3/3 fraction=0.611346286836 radius=8.114e-07
validated polygonal E32 main rejections=90 segment=3/3 fraction=0.639409718876 next_step=4.050e-03 reason=ArithmeticError: E32 lift correction exceeds local budget
validated polygonal E32 main steps=160 segment=3/3 fraction=0.663506987336 radius=8.138e-07
validated polygonal E32 main rejections=100 segment=3/3 fraction=0.700897196298 next_step=4.633e-03 reason=ArithmeticError: E32 lift correction exceeds local budget
validated polygonal E32 main steps=170 segment=3/3 fraction=0.730066837175 radius=8.064e-07
validated polygonal E32 main steps=180 segment=3/3 fraction=0.850701499791 radius=8.198e-07
validated polygonal E32 main rejections=110 segment=3/3 fraction=0.881803681411 next_step=1.453e-03 reason=ArithmeticError: E32 lift correction exceeds local budget
validated polygonal E32 main steps=190 segment=3/3 fraction=0.885308906909 radius=8.346e-07
validated polygonal E32 main steps=200 segment=3/3 fraction=0.93099639718 radius=8.702e-07
validated polygonal E32 main steps=206 segment=3/3 fraction=1 radius=9.284e-07
wrote candidate_data/selected_q79covariantperiodbranchcutsetandtightbetatransport/selected_alignment_thimble_periods/d036_selected_016.E32_main.interval.packet.json
{
  "distinguished_index": 36,
  "main_radius": 9.283786085953156e-07,
  "base_center_difference": 1.0457355947906318e-10,
  "other_critical_clearance": 0.015233935799276548,
  "accepted_steps": 206,
  "rejected_steps": 116
}

=== full: C:\Users\nero_\AppData\Local\Programs\Python\Python314\python.exe scripts/build_selected_q79_single_E32_thimble_full_interval.py --distinguished-index 36 ===
wrote candidate_data/selected_q79covariantperiodbranchcutsetandtightbetatransport/selected_alignment_thimble_periods/d036_selected_016.E32_full.interval.packet.json
{
  "distinguished_index": 36,
  "root_id": "selected_016",
  "full_center": {
    "real": "0.53764086288850366",
    "imaginary": "1.0969933738870958"
  },
  "full_radius": 4.409281942230337e-06,
  "fallback": 2.3086601928801926e-05,
  "fallback_met": true,
  "floating_contained": true
}
