
=== nodal: C:\Users\nero_\AppData\Local\Programs\Python\Python314\python.exe scripts/certify_q79_selected_alignment_single_E32_thimble_nodal_factor.py --distinguished-index 38 --dps 100 ===
wrote candidate_data/selected_q79covariantperiodbranchcutsetandtightbetatransport/selected_alignment_thimble_periods/d038_selected_001.nodal_factor.interval.packet.json
{
  "distinguished_index": 38,
  "root_id": "selected_001",
  "parameter_radius": 1.4142135714185176e-80,
  "double_root_radius": 1.4142135714185176e-80,
  "node_jacobian_lower": 239636428.87178296,
  "quartic_at_node_lower": 4368.30294183506,
  "hensel_jacobian_lower": 19082070.59164484
}

=== tail-384: C:\Users\nero_\AppData\Local\Programs\Python\Python314\python.exe scripts/certify_q79_selected_alignment_single_E32_thimble_tail_interval_node_pair.py --distinguished-index 38 --outer-segments 384 --dps 100 ===
certified E32 tail segments=8/384 x=[7.867e-06,1.000e-05] radius=3.936e-08
certified E32 tail segments=16/384 x=[6.190e-06,1.000e-05] radius=6.630e-08
certified E32 tail segments=24/384 x=[4.870e-06,1.000e-05] radius=8.499e-08
certified E32 tail segments=32/384 x=[3.831e-06,1.000e-05] radius=9.797e-08
certified E32 tail segments=40/384 x=[3.014e-06,1.000e-05] radius=1.070e-07
certified E32 tail segments=48/384 x=[2.371e-06,1.000e-05] radius=1.132e-07
certified E32 tail segments=56/384 x=[1.866e-06,1.000e-05] radius=1.176e-07
certified E32 tail segments=64/384 x=[1.468e-06,1.000e-05] radius=1.206e-07
certified E32 tail segments=72/384 x=[1.155e-06,1.000e-05] radius=1.227e-07
certified E32 tail segments=80/384 x=[9.085e-07,1.000e-05] radius=1.242e-07
certified E32 tail segments=88/384 x=[7.148e-07,1.000e-05] radius=1.252e-07
certified E32 tail segments=96/384 x=[5.623e-07,1.000e-05] radius=1.259e-07
certified E32 tail segments=104/384 x=[4.424e-07,1.000e-05] radius=1.264e-07
certified E32 tail segments=112/384 x=[3.481e-07,1.000e-05] radius=1.268e-07
certified E32 tail segments=120/384 x=[2.738e-07,1.000e-05] radius=1.270e-07
certified E32 tail segments=128/384 x=[2.154e-07,1.000e-05] radius=1.272e-07
certified E32 tail segments=136/384 x=[1.695e-07,1.000e-05] radius=1.273e-07
certified E32 tail segments=144/384 x=[1.334e-07,1.000e-05] radius=1.274e-07
certified E32 tail segments=152/384 x=[1.049e-07,1.000e-05] radius=1.274e-07
certified E32 tail segments=160/384 x=[8.254e-08,1.000e-05] radius=1.275e-07
certified E32 tail segments=168/384 x=[6.494e-08,1.000e-05] radius=1.275e-07
certified E32 tail segments=176/384 x=[5.109e-08,1.000e-05] radius=1.275e-07
certified E32 tail segments=184/384 x=[4.019e-08,1.000e-05] radius=1.275e-07
certified E32 tail segments=192/384 x=[3.162e-08,1.000e-05] radius=1.276e-07
certified E32 tail segments=200/384 x=[2.488e-08,1.000e-05] radius=1.276e-07
certified E32 tail segments=208/384 x=[1.957e-08,1.000e-05] radius=1.276e-07
certified E32 tail segments=216/384 x=[1.540e-08,1.000e-05] radius=1.276e-07
certified E32 tail segments=224/384 x=[1.212e-08,1.000e-05] radius=1.276e-07
certified E32 tail segments=232/384 x=[9.532e-09,1.000e-05] radius=1.276e-07
certified E32 tail segments=240/384 x=[7.499e-09,1.000e-05] radius=1.276e-07
certified E32 tail segments=248/384 x=[5.900e-09,1.000e-05] radius=1.276e-07
certified E32 tail segments=256/384 x=[4.642e-09,1.000e-05] radius=1.276e-07
certified E32 tail segments=264/384 x=[3.652e-09,1.000e-05] radius=1.276e-07
certified E32 tail segments=272/384 x=[2.873e-09,1.000e-05] radius=1.276e-07
certified E32 tail segments=280/384 x=[2.260e-09,1.000e-05] radius=1.276e-07
certified E32 tail segments=288/384 x=[1.778e-09,1.000e-05] radius=1.276e-07
certified E32 tail segments=296/384 x=[1.399e-09,1.000e-05] radius=1.276e-07
certified E32 tail segments=304/384 x=[1.101e-09,1.000e-05] radius=1.276e-07
certified E32 tail segments=312/384 x=[8.660e-10,1.000e-05] radius=1.276e-07
certified E32 tail segments=320/384 x=[6.813e-10,1.000e-05] radius=1.276e-07
certified E32 tail segments=328/384 x=[5.360e-10,1.000e-05] radius=1.276e-07
certified E32 tail segments=336/384 x=[4.217e-10,1.000e-05] radius=1.276e-07
certified E32 tail segments=344/384 x=[3.318e-10,1.000e-05] radius=1.276e-07
certified E32 tail segments=352/384 x=[2.610e-10,1.000e-05] radius=1.276e-07
certified E32 tail segments=360/384 x=[2.054e-10,1.000e-05] radius=1.276e-07
certified E32 tail segments=368/384 x=[1.616e-10,1.000e-05] radius=1.276e-07
certified E32 tail segments=376/384 x=[1.271e-10,1.000e-05] radius=1.276e-07
certified E32 tail segments=384/384 x=[1.000e-10,1.000e-05] radius=1.276e-07
wrote candidate_data/selected_q79covariantperiodbranchcutsetandtightbetatransport/selected_alignment_thimble_periods/d038_selected_001.E32_tail.interval.packet.json
{
  "distinguished_index": 38,
  "tail_center": {
    "real": "6.8082173307622859e-06",
    "imaginary": "3.2702259786996765e-05"
  },
  "tail_radius": 1.2757401379737135e-07,
  "node_bound_radius": 4.928165575276978e-10,
  "regular_segments": 384
}

=== route scan: C:\Users\nero_\AppData\Local\Programs\Python\Python314\python.exe scripts/scan_q79_selected_alignment_E32_polygonal_detours.py --distinguished-index 38 --limit 5 ===
{
  "distinguished_index": 38,
  "root_id": "selected_001",
  "line_chart": "y",
  "tested": 1122,
  "accepted_null_homotopic": 285,
  "rejected": 837,
  "ranked_routes": [
    {
      "detour_fraction": 0.45,
      "detour_offset": 0.01,
      "return_fraction": 0.86,
      "minimum_clearance_lower": 0.00997225257948396,
      "other_critical_clearance_lower": 0.00997225257948396,
      "chart_zero_clearance_lower": 0.057039128178998255,
      "elliptic_infinity_clearance_lower": 0.2730071007852034,
      "path_length": 0.8519922160781574,
      "maximum_winding_residual": 7.067899292141149e-17,
      "path": [
        {
          "real": "0.25",
          "imaginary": "0.25"
        },
        {
          "real": "0.57192471600077754",
          "imaginary": "0.45824481423028901"
        },
        {
          "real": "0.85443886252860246",
          "imaginary": "0.66374925723255873"
        },
        {
          "real": "0.95282885830229913",
          "imaginary": "0.73109897644184463"
        }
      ]
    },
    {
      "detour_fraction": 0.4,
      "detour_offset": 0.01,
      "return_fraction": 0.86,
      "minimum_clearance_lower": 0.00997225257948396,
      "other_critical_clearance_lower": 0.00997225257948396,
      "chart_zero_clearance_lower": 0.05598421398356813,
      "elliptic_infinity_clearance_lower": 0.2730071007852034,
      "path_length": 0.8519929588118766,
      "maximum_winding_residual": 7.067899292141149e-17,
      "path": [
        {
          "real": "0.25",
          "imaginary": "0.25"
        },
        {
          "real": "0.53678292166771924",
          "imaginary": "0.43418962485630302"
        },
        {
          "real": "0.85443886252860246",
          "imaginary": "0.66374925723255873"
        },
        {
          "real": "0.95282885830229913",
          "imaginary": "0.73109897644184463"
        }
      ]
    },
    {
      "detour_fraction": 0.385,
      "detour_offset": 0.01,
      "return_fraction": 0.86,
      "minimum_clearance_lower": 0.00997225257948396,
      "other_critical_clearance_lower": 0.00997225257948396,
      "chart_zero_clearance_lower": 0.05571092989839145,
      "elliptic_infinity_clearance_lower": 0.2730071007852034,
      "path_length": 0.8519946447869848,
      "maximum_winding_residual": 7.067899292141149e-17,
      "path": [
        {
          "real": "0.25",
          "imaginary": "0.25"
        },
        {
          "real": "0.52624038336780188",
          "imaginary": "0.42697306804410723"
        },
        {
          "real": "0.85443886252860246",
          "imaginary": "0.66374925723255873"
        },
        {
          "real": "0.95282885830229913",
          "imaginary": "0.73109897644184463"
        }
      ]
    },
    {
      "detour_fraction": 0.5,
      "detour_offset": 0.01,
      "return_fraction": 0.86,
      "minimum_clearance_lower": 0.00997225257948396,
      "other_critical_clearance_lower": 0.00997225257948396,
      "chart_zero_clearance_lower": 0.056497228225404796,
      "elliptic_infinity_clearance_lower": 0.2730071007852034,
      "path_length": 0.8519990489688349,
      "maximum_winding_residual": 7.067899292141149e-17,
      "path": [
        {
          "real": "0.25",
          "imaginary": "0.25"
        },
        {
          "real": "0.60706651033383585",
          "imaginary": "0.48230000360427494"
        },
        {
          "real": "0.85443886252860246",
          "imaginary": "0.66374925723255873"
        },
        {
          "real": "0.95282885830229913",
          "imaginary": "0.73109897644184463"
        }
      ]
    },
    {
      "detour_fraction": 0.35,
      "detour_offset": 0.01,
      "return_fraction": 0.86,
      "minimum_clearance_lower": 0.00997225257948396,
      "other_critical_clearance_lower": 0.00997225257948396,
      "chart_zero_clearance_lower": 0.055135629986339384,
      "elliptic_infinity_clearance_lower": 0.2730071007852034,
      "path_length": 0.8520014030213502,
      "maximum_winding_residual": 7.067899292141149e-17,
      "path": [
        {
          "real": "0.25",
          "imaginary": "0.25"
        },
        {
          "real": "0.50164112733466104",
          "imaginary": "0.41013443548231704"
        },
        {
          "real": "0.85443886252860246",
          "imaginary": "0.66374925723255873"
        },
        {
          "real": "0.95282885830229913",
          "imaginary": "0.73109897644184463"
        }
      ]
    }
  ]
}

=== main: C:\Users\nero_\AppData\Local\Programs\Python\Python314\python.exe scripts/certify_q79_selected_alignment_E32_thimble_polygonal_main_interval_tail_reuse_zonotope.py --distinguished-index 38 --dps 100 --order 20 --detour-fraction 0.45 --detour-offset 0.01 --return-fraction 0.86 ===
starting certified zonotope transport index=38
reused certified cutoff periods index=38 radius=2.776e-17
validated polygonal E32 main steps=10 segment=1/3 fraction=9.53808509649e-05 radius=1.726e-08
validated polygonal E32 main steps=20 segment=1/3 fraction=0.00110094248121 radius=4.395e-08
validated polygonal E32 main rejections=10 segment=1/3 fraction=0.00664627915054 next_step=9.253e-04 reason=ArithmeticError: E32 lift correction exceeds local budget
validated polygonal E32 main steps=30 segment=1/3 fraction=0.00968736199411 radius=1.519e-07
validated polygonal E32 main steps=40 segment=1/3 fraction=0.0464223707655 radius=7.848e-07
validated polygonal E32 main rejections=20 segment=1/3 fraction=0.0691677442192 next_step=4.050e-03 reason=ArithmeticError: E32 lift correction exceeds local budget
validated polygonal E32 main steps=50 segment=1/3 fraction=0.0942479310998 radius=1.822e-06
validated polygonal E32 main steps=56 segment=1/3 fraction=0.139946447241 radius=2.767e-06
validated polygonal E32 main steps=60 segment=2/3 fraction=0.169406810289 radius=3.292e-06
validated polygonal E32 main rejections=30 segment=2/3 fraction=0.250980325503 next_step=4.050e-03 reason=ArithmeticError: E32 lift correction exceeds local budget
validated polygonal E32 main steps=70 segment=2/3 fraction=0.260012098158 radius=4.662e-06
validated polygonal E32 main rejections=40 segment=2/3 fraction=0.285256247265 next_step=1.906e-03 reason=ArithmeticError: E32 lift correction exceeds local budget
validated polygonal E32 main steps=80 segment=2/3 fraction=0.287493825655 radius=5.045e-06
validated polygonal E32 main steps=90 segment=2/3 fraction=0.322608574972 radius=5.524e-06
validated polygonal E32 main rejections=50 segment=2/3 fraction=0.347030034363 next_step=4.050e-03 reason=ArithmeticError: E32 lift correction exceeds local budget
validated polygonal E32 main steps=100 segment=2/3 fraction=0.377849223499 radius=6.282e-06
validated polygonal E32 main rejections=60 segment=2/3 fraction=0.393367026113 next_step=1.906e-03 reason=ArithmeticError: E32 lift correction exceeds local budget
validated polygonal E32 main steps=110 segment=2/3 fraction=0.405892206788 radius=6.683e-06
validated polygonal E32 main rejections=70 segment=2/3 fraction=0.432809151633 next_step=2.181e-03 reason=ArithmeticError: E32 lift correction exceeds local budget
validated polygonal E32 main steps=120 segment=2/3 fraction=0.437672070195 radius=7.162e-06
validated polygonal E32 main steps=130 segment=2/3 fraction=0.468323664965 radius=7.637e-06
validated polygonal E32 main rejections=80 segment=2/3 fraction=0.483016448987 next_step=3.409e-03 reason=ArithmeticError: E32 lift correction exceeds local budget
validated polygonal E32 main steps=140 segment=2/3 fraction=0.518253519921 radius=8.151e-06
validated polygonal E32 main steps=147 segment=2/3 fraction=0.54998691078 radius=8.340e-06
validated polygonal E32 main rejections=90 segment=3/3 fraction=0.558202948283 next_step=4.050e-03 reason=ArithmeticError: E32 lift correction exceeds local budget
validated polygonal E32 main steps=150 segment=3/3 fraction=0.562956512839 radius=8.385e-06
validated polygonal E32 main steps=160 segment=3/3 fraction=0.625238992423 radius=8.420e-06
validated polygonal E32 main rejections=100 segment=3/3 fraction=0.652880090024 next_step=3.645e-03 reason=ArithmeticError: E32 lift correction exceeds local budget
validated polygonal E32 main steps=170 segment=3/3 fraction=0.682735073256 radius=8.178e-06
validated polygonal E32 main rejections=110 segment=3/3 fraction=0.702966315101 next_step=3.088e-03 reason=ArithmeticError: E32 lift correction exceeds local budget
validated polygonal E32 main steps=180 segment=3/3 fraction=0.725447802205 radius=7.918e-06
validated polygonal E32 main steps=190 segment=3/3 fraction=0.834328548979 radius=7.743e-06
validated polygonal E32 main rejections=120 segment=3/3 fraction=0.876682404236 next_step=2.391e-03 reason=ArithmeticError: E32 lift correction exceeds local budget
validated polygonal E32 main steps=200 segment=3/3 fraction=0.882015575671 radius=7.895e-06
validated polygonal E32 main steps=210 segment=3/3 fraction=0.90163463544 radius=8.008e-06
validated polygonal E32 main rejections=130 segment=3/3 fraction=0.905202058132 next_step=2.052e-03 reason=ArithmeticError: E32 lift correction exceeds local budget
validated polygonal E32 main steps=220 segment=3/3 fraction=0.971349933896 radius=8.567e-06
validated polygonal E32 main steps=223 segment=3/3 fraction=1 radius=8.870e-06
wrote candidate_data/selected_q79covariantperiodbranchcutsetandtightbetatransport/selected_alignment_thimble_periods/d038_selected_001.E32_main.interval.packet.json
{
  "distinguished_index": 38,
  "main_radius": 8.86981420207365e-06,
  "base_center_difference": 1.0526063326017536e-10,
  "other_critical_clearance": 0.00997225257948396,
  "accepted_steps": 223,
  "rejected_steps": 132
}

=== full: C:\Users\nero_\AppData\Local\Programs\Python\Python314\python.exe scripts/build_selected_q79_single_E32_thimble_full_interval.py --distinguished-index 38 ===
wrote candidate_data/selected_q79covariantperiodbranchcutsetandtightbetatransport/selected_alignment_thimble_periods/d038_selected_001.E32_full.interval.packet.json
{
  "distinguished_index": 38,
  "root_id": "selected_001",
  "full_center": {
    "real": "0.20661277449518667",
    "imaginary": "1.3494569025368812"
  },
  "full_radius": 1.2671385661633396e-05,
  "fallback": 2.3086601928801926e-05,
  "fallback_met": true,
  "floating_contained": true
}
