
=== nodal: C:\Users\nero_\AppData\Local\Programs\Python\Python314\python.exe scripts/certify_q79_selected_alignment_single_E32_thimble_nodal_factor.py --distinguished-index 40 --dps 100 ===
wrote candidate_data/selected_q79covariantperiodbranchcutsetandtightbetatransport/selected_alignment_thimble_periods/d040_selected_036.nodal_factor.interval.packet.json
{
  "distinguished_index": 40,
  "root_id": "selected_036",
  "parameter_radius": 1.4142135714185176e-80,
  "double_root_radius": 1.4142135714185176e-80,
  "node_jacobian_lower": 38443.619741215414,
  "quartic_at_node_lower": 9.396220895579077,
  "hensel_jacobian_lower": 88.28896711851691
}

=== tail-384: C:\Users\nero_\AppData\Local\Programs\Python\Python314\python.exe scripts/certify_q79_selected_alignment_single_E32_thimble_tail_interval_node_pair.py --distinguished-index 40 --outer-segments 384 --dps 100 ===
certified E32 tail segments=8/384 x=[7.867e-06,1.000e-05] radius=1.052e-07
certified E32 tail segments=16/384 x=[6.190e-06,1.000e-05] radius=1.749e-07
certified E32 tail segments=24/384 x=[4.870e-06,1.000e-05] radius=2.176e-07
certified E32 tail segments=32/384 x=[3.831e-06,1.000e-05] radius=2.411e-07
certified E32 tail segments=40/384 x=[3.014e-06,1.000e-05] radius=2.475e-07
certified E32 tail segments=48/384 x=[2.371e-06,1.000e-05] radius=2.506e-07
certified E32 tail segments=56/384 x=[1.866e-06,1.000e-05] radius=2.528e-07
certified E32 tail segments=64/384 x=[1.468e-06,1.000e-05] radius=2.543e-07
certified E32 tail segments=72/384 x=[1.155e-06,1.000e-05] radius=2.553e-07
certified E32 tail segments=80/384 x=[9.085e-07,1.000e-05] radius=2.561e-07
certified E32 tail segments=88/384 x=[7.148e-07,1.000e-05] radius=2.566e-07
certified E32 tail segments=96/384 x=[5.623e-07,1.000e-05] radius=2.569e-07
certified E32 tail segments=104/384 x=[4.424e-07,1.000e-05] radius=2.572e-07
certified E32 tail segments=112/384 x=[3.481e-07,1.000e-05] radius=2.573e-07
certified E32 tail segments=120/384 x=[2.738e-07,1.000e-05] radius=2.575e-07
certified E32 tail segments=128/384 x=[2.154e-07,1.000e-05] radius=2.575e-07
certified E32 tail segments=136/384 x=[1.695e-07,1.000e-05] radius=2.576e-07
certified E32 tail segments=144/384 x=[1.334e-07,1.000e-05] radius=2.576e-07
certified E32 tail segments=152/384 x=[1.049e-07,1.000e-05] radius=2.577e-07
certified E32 tail segments=160/384 x=[8.254e-08,1.000e-05] radius=2.577e-07
certified E32 tail segments=168/384 x=[6.494e-08,1.000e-05] radius=2.577e-07
certified E32 tail segments=176/384 x=[5.109e-08,1.000e-05] radius=2.577e-07
certified E32 tail segments=184/384 x=[4.019e-08,1.000e-05] radius=2.577e-07
certified E32 tail segments=192/384 x=[3.162e-08,1.000e-05] radius=2.577e-07
certified E32 tail segments=200/384 x=[2.488e-08,1.000e-05] radius=2.577e-07
certified E32 tail segments=208/384 x=[1.957e-08,1.000e-05] radius=2.577e-07
certified E32 tail segments=216/384 x=[1.540e-08,1.000e-05] radius=2.577e-07
certified E32 tail segments=224/384 x=[1.212e-08,1.000e-05] radius=2.577e-07
certified E32 tail segments=232/384 x=[9.532e-09,1.000e-05] radius=2.577e-07
certified E32 tail segments=240/384 x=[7.499e-09,1.000e-05] radius=2.577e-07
certified E32 tail segments=248/384 x=[5.900e-09,1.000e-05] radius=2.577e-07
certified E32 tail segments=256/384 x=[4.642e-09,1.000e-05] radius=2.577e-07
certified E32 tail segments=264/384 x=[3.652e-09,1.000e-05] radius=2.577e-07
certified E32 tail segments=272/384 x=[2.873e-09,1.000e-05] radius=2.577e-07
certified E32 tail segments=280/384 x=[2.260e-09,1.000e-05] radius=2.577e-07
certified E32 tail segments=288/384 x=[1.778e-09,1.000e-05] radius=2.577e-07
certified E32 tail segments=296/384 x=[1.399e-09,1.000e-05] radius=2.577e-07
certified E32 tail segments=304/384 x=[1.101e-09,1.000e-05] radius=2.577e-07
certified E32 tail segments=312/384 x=[8.660e-10,1.000e-05] radius=2.577e-07
certified E32 tail segments=320/384 x=[6.813e-10,1.000e-05] radius=2.577e-07
certified E32 tail segments=328/384 x=[5.360e-10,1.000e-05] radius=2.577e-07
certified E32 tail segments=336/384 x=[4.217e-10,1.000e-05] radius=2.577e-07
certified E32 tail segments=344/384 x=[3.318e-10,1.000e-05] radius=2.577e-07
certified E32 tail segments=352/384 x=[2.610e-10,1.000e-05] radius=2.577e-07
certified E32 tail segments=360/384 x=[2.054e-10,1.000e-05] radius=2.577e-07
certified E32 tail segments=368/384 x=[1.616e-10,1.000e-05] radius=2.577e-07
certified E32 tail segments=376/384 x=[1.271e-10,1.000e-05] radius=2.577e-07
certified E32 tail segments=384/384 x=[1.000e-10,1.000e-05] radius=2.577e-07
wrote candidate_data/selected_q79covariantperiodbranchcutsetandtightbetatransport/selected_alignment_thimble_periods/d040_selected_036.E32_tail.interval.packet.json
{
  "distinguished_index": 40,
  "tail_center": {
    "real": "-3.6411973622814982e-06",
    "imaginary": "-1.4117534328057246e-05"
  },
  "tail_radius": 2.577303752637761e-07,
  "node_bound_radius": 2.1517320325688263e-10,
  "regular_segments": 384
}

=== route scan: C:\Users\nero_\AppData\Local\Programs\Python\Python314\python.exe scripts/scan_q79_selected_alignment_E32_polygonal_detours.py --distinguished-index 40 --limit 5 ===
{
  "distinguished_index": 40,
  "root_id": "selected_036",
  "line_chart": "z",
  "tested": 1122,
  "accepted_null_homotopic": 772,
  "rejected": 350,
  "ranked_routes": [
    {
      "detour_fraction": 0.2,
      "detour_offset": 0.0,
      "return_fraction": 0.65,
      "minimum_clearance_lower": 0.00019477308235611864,
      "other_critical_clearance_lower": 0.00019477308235611864,
      "chart_zero_clearance_lower": 0.25629873774204354,
      "elliptic_infinity_clearance_lower": 0.3535533905922738,
      "path_length": 0.5133067950422088,
      "maximum_winding_residual": 7.067899292141149e-17,
      "path": [
        {
          "real": "0.25",
          "imaginary": "0.25"
        },
        {
          "real": "0.33391580429305606",
          "imaginary": "0.30914138325710855"
        },
        {
          "real": "0.52272636395243222",
          "imaginary": "0.44220949558560285"
        },
        {
          "real": "0.66957482567506554",
          "imaginary": "0.54570395921637993"
        }
      ]
    },
    {
      "detour_fraction": 0.2,
      "detour_offset": 0.0,
      "return_fraction": 0.7,
      "minimum_clearance_lower": 0.00019477308235611864,
      "other_critical_clearance_lower": 0.00019477308235611864,
      "chart_zero_clearance_lower": 0.25629873774204354,
      "elliptic_infinity_clearance_lower": 0.3535533905922738,
      "path_length": 0.5133067950422088,
      "maximum_winding_residual": 7.067899292141149e-17,
      "path": [
        {
          "real": "0.25",
          "imaginary": "0.25"
        },
        {
          "real": "0.33391580429305606",
          "imaginary": "0.30914138325710855"
        },
        {
          "real": "0.54370531502569608",
          "imaginary": "0.45699484139987995"
        },
        {
          "real": "0.66957482567506554",
          "imaginary": "0.54570395921637993"
        }
      ]
    },
    {
      "detour_fraction": 0.2,
      "detour_offset": 0.0,
      "return_fraction": 0.74,
      "minimum_clearance_lower": 0.00019477308235611864,
      "other_critical_clearance_lower": 0.00019477308235611864,
      "chart_zero_clearance_lower": 0.25629873774204354,
      "elliptic_infinity_clearance_lower": 0.3535533905922738,
      "path_length": 0.5133067950422088,
      "maximum_winding_residual": 7.067899292141149e-17,
      "path": [
        {
          "real": "0.25",
          "imaginary": "0.25"
        },
        {
          "real": "0.33391580429305606",
          "imaginary": "0.30914138325710855"
        },
        {
          "real": "0.56048847588430739",
          "imaginary": "0.46882311805130167"
        },
        {
          "real": "0.66957482567506554",
          "imaginary": "0.54570395921637993"
        }
      ]
    },
    {
      "detour_fraction": 0.2,
      "detour_offset": 0.0,
      "return_fraction": 0.78,
      "minimum_clearance_lower": 0.00019477308235611864,
      "other_critical_clearance_lower": 0.00019477308235611864,
      "chart_zero_clearance_lower": 0.25629873774204354,
      "elliptic_infinity_clearance_lower": 0.3535533905922738,
      "path_length": 0.5133067950422088,
      "maximum_winding_residual": 7.067899292141149e-17,
      "path": [
        {
          "real": "0.25",
          "imaginary": "0.25"
        },
        {
          "real": "0.33391580429305606",
          "imaginary": "0.30914138325710855"
        },
        {
          "real": "0.57727163674291859",
          "imaginary": "0.48065139470272339"
        },
        {
          "real": "0.66957482567506554",
          "imaginary": "0.54570395921637993"
        }
      ]
    },
    {
      "detour_fraction": 0.25,
      "detour_offset": 0.0,
      "return_fraction": 0.65,
      "minimum_clearance_lower": 0.00019477308235611864,
      "other_critical_clearance_lower": 0.00019477308235611864,
      "chart_zero_clearance_lower": 0.25629873774204354,
      "elliptic_infinity_clearance_lower": 0.3535533905922738,
      "path_length": 0.5133067950422088,
      "maximum_winding_residual": 7.067899292141149e-17,
      "path": [
        {
          "real": "0.25",
          "imaginary": "0.25"
        },
        {
          "real": "0.35489475536632009",
          "imaginary": "0.3239267290713857"
        },
        {
          "real": "0.52272636395243222",
          "imaginary": "0.44220949558560285"
        },
        {
          "real": "0.66957482567506554",
          "imaginary": "0.54570395921637993"
        }
      ]
    }
  ]
}

=== main: C:\Users\nero_\AppData\Local\Programs\Python\Python314\python.exe scripts/certify_q79_selected_alignment_E32_thimble_polygonal_main_interval_tail_reuse_zonotope.py --distinguished-index 40 --dps 100 --order 20 --detour-fraction 0.2 --detour-offset 0.0 --return-fraction 0.65 ===
starting certified zonotope transport index=40
reused certified cutoff periods index=40 radius=5.684e-14
validated polygonal E32 main steps=10 segment=1/3 fraction=3.5900758743e-05 radius=7.510e-09
validated polygonal E32 main rejections=10 segment=1/3 fraction=0.000137073124627 next_step=1.156e-05 reason=ArithmeticError: E32 lift correction exceeds local budget
validated polygonal E32 main steps=20 segment=1/3 fraction=0.000216323884572 radius=1.875e-08
validated polygonal E32 main steps=30 segment=1/3 fraction=0.00106226321609 radius=2.988e-08
validated polygonal E32 main rejections=20 segment=1/3 fraction=0.00241826598624 next_step=1.873e-04 reason=ArithmeticError: E32 lift correction exceeds local budget
validated polygonal E32 main steps=40 segment=1/3 fraction=0.00540012908629 radius=4.041e-08
validated polygonal E32 main steps=50 segment=1/3 fraction=0.0290803218222 radius=6.672e-08
validated polygonal E32 main rejections=30 segment=1/3 fraction=0.0455749165225 next_step=2.278e-03 reason=ArithmeticError: E32 lift correction exceeds local budget
validated polygonal E32 main steps=60 segment=1/3 fraction=0.0621645905196 radius=6.998e-08
validated polygonal E32 main rejections=40 segment=1/3 fraction=0.0632986702394 next_step=2.482e-04 reason=ArithmeticError: E32 lift correction exceeds local budget
validated polygonal E32 main steps=70 segment=1/3 fraction=0.0655138091129 radius=7.306e-08
validated polygonal E32 main rejections=50 segment=1/3 fraction=0.0656806307846 next_step=3.651e-05 reason=ArithmeticError: E32 lift correction exceeds local budget
validated polygonal E32 main steps=80 segment=1/3 fraction=0.0665663590951 radius=7.587e-08
validated polygonal E32 main steps=90 segment=1/3 fraction=0.0729929634739 radius=9.133e-08
validated polygonal E32 main rejections=60 segment=1/3 fraction=0.0878113860256 next_step=1.990e-03 reason=ArithmeticError: E32 lift correction exceeds local budget
validated polygonal E32 main steps=100 segment=1/3 fraction=0.12589461801 radius=1.121e-07
validated polygonal E32 main steps=110 segment=1/3 fraction=0.309020968388 radius=1.149e-07
validated polygonal E32 main steps=113 segment=1/3 fraction=0.349993499935 radius=1.147e-07
validated polygonal E32 main steps=120 segment=2/3 fraction=0.449766654288 radius=1.156e-07
validated polygonal E32 main steps=130 segment=2/3 fraction=0.570865849936 radius=1.223e-07
validated polygonal E32 main steps=140 segment=2/3 fraction=0.755940352977 radius=1.333e-07
validated polygonal E32 main rejections=70 segment=2/3 fraction=0.755940352977 next_step=4.500e-03 reason=ArithmeticError: E32 lift correction exceeds local budget
validated polygonal E32 main steps=147 segment=2/3 fraction=0.79999799998 radius=1.356e-07
validated polygonal E32 main steps=150 segment=3/3 fraction=0.81221048199 radius=1.374e-07
validated polygonal E32 main rejections=80 segment=3/3 fraction=0.817269956217 next_step=1.107e-03 reason=ArithmeticError: E32 lift correction exceeds local budget
validated polygonal E32 main steps=160 segment=3/3 fraction=0.844039960875 radius=1.560e-07
validated polygonal E32 main steps=170 segment=3/3 fraction=0.925017043212 radius=1.796e-07
validated polygonal E32 main steps=174 segment=3/3 fraction=1 radius=1.933e-07
wrote candidate_data/selected_q79covariantperiodbranchcutsetandtightbetatransport/selected_alignment_thimble_periods/d040_selected_036.E32_main.interval.packet.json
{
  "distinguished_index": 40,
  "main_radius": 1.9330632387980037e-07,
  "base_center_difference": 3.2296603368890755e-10,
  "other_critical_clearance": 0.00019477308235611864,
  "accepted_steps": 174,
  "rejected_steps": 89
}

=== full: C:\Users\nero_\AppData\Local\Programs\Python\Python314\python.exe scripts/build_selected_q79_single_E32_thimble_full_interval.py --distinguished-index 40 ===
wrote candidate_data/selected_q79covariantperiodbranchcutsetandtightbetatransport/selected_alignment_thimble_periods/d040_selected_036.E32_full.interval.packet.json
{
  "distinguished_index": 40,
  "root_id": "selected_036",
  "full_center": {
    "real": "0.35826305657727275",
    "imaginary": "-0.44708833150546978"
  },
  "full_radius": 5.311006159303134e-07,
  "fallback": 2.3086601928801926e-05,
  "fallback_met": true,
  "floating_contained": true
}
