
=== nodal: C:\Users\nero_\AppData\Local\Programs\Python\Python314\python.exe scripts/certify_q79_selected_alignment_single_E32_thimble_nodal_factor.py --distinguished-index 41 --dps 100 ===
wrote candidate_data/selected_q79covariantperiodbranchcutsetandtightbetatransport/selected_alignment_thimble_periods/d041_selected_090.nodal_factor.interval.packet.json
{
  "distinguished_index": 41,
  "root_id": "selected_090",
  "parameter_radius": 1.4142135714185176e-80,
  "double_root_radius": 1.4142135714185176e-80,
  "node_jacobian_lower": 17118918951.779211,
  "quartic_at_node_lower": 259488.07759568893,
  "hensel_jacobian_lower": 67334062414.30628
}

=== tail-384: C:\Users\nero_\AppData\Local\Programs\Python\Python314\python.exe scripts/certify_q79_selected_alignment_single_E32_thimble_tail_interval_node_pair.py --distinguished-index 41 --outer-segments 384 --dps 100 ===
certified E32 tail segments=8/384 x=[7.867e-06,1.000e-05] radius=8.225e-09
certified E32 tail segments=16/384 x=[6.190e-06,1.000e-05] radius=1.355e-08
certified E32 tail segments=24/384 x=[4.870e-06,1.000e-05] radius=1.710e-08
certified E32 tail segments=32/384 x=[3.831e-06,1.000e-05] radius=1.948e-08
certified E32 tail segments=40/384 x=[3.014e-06,1.000e-05] radius=2.108e-08
certified E32 tail segments=48/384 x=[2.371e-06,1.000e-05] radius=2.215e-08
certified E32 tail segments=56/384 x=[1.866e-06,1.000e-05] radius=2.288e-08
certified E32 tail segments=64/384 x=[1.468e-06,1.000e-05] radius=2.337e-08
certified E32 tail segments=72/384 x=[1.155e-06,1.000e-05] radius=2.371e-08
certified E32 tail segments=80/384 x=[9.085e-07,1.000e-05] radius=2.394e-08
certified E32 tail segments=88/384 x=[7.148e-07,1.000e-05] radius=2.409e-08
certified E32 tail segments=96/384 x=[5.623e-07,1.000e-05] radius=2.420e-08
certified E32 tail segments=104/384 x=[4.424e-07,1.000e-05] radius=2.427e-08
certified E32 tail segments=112/384 x=[3.481e-07,1.000e-05] radius=2.432e-08
certified E32 tail segments=120/384 x=[2.738e-07,1.000e-05] radius=2.435e-08
certified E32 tail segments=128/384 x=[2.154e-07,1.000e-05] radius=2.438e-08
certified E32 tail segments=136/384 x=[1.695e-07,1.000e-05] radius=2.439e-08
certified E32 tail segments=144/384 x=[1.334e-07,1.000e-05] radius=2.441e-08
certified E32 tail segments=152/384 x=[1.049e-07,1.000e-05] radius=2.441e-08
certified E32 tail segments=160/384 x=[8.254e-08,1.000e-05] radius=2.442e-08
certified E32 tail segments=168/384 x=[6.494e-08,1.000e-05] radius=2.442e-08
certified E32 tail segments=176/384 x=[5.109e-08,1.000e-05] radius=2.443e-08
certified E32 tail segments=184/384 x=[4.019e-08,1.000e-05] radius=2.443e-08
certified E32 tail segments=192/384 x=[3.162e-08,1.000e-05] radius=2.443e-08
certified E32 tail segments=200/384 x=[2.488e-08,1.000e-05] radius=2.443e-08
certified E32 tail segments=208/384 x=[1.957e-08,1.000e-05] radius=2.443e-08
certified E32 tail segments=216/384 x=[1.540e-08,1.000e-05] radius=2.443e-08
certified E32 tail segments=224/384 x=[1.212e-08,1.000e-05] radius=2.443e-08
certified E32 tail segments=232/384 x=[9.532e-09,1.000e-05] radius=2.443e-08
certified E32 tail segments=240/384 x=[7.499e-09,1.000e-05] radius=2.443e-08
certified E32 tail segments=248/384 x=[5.900e-09,1.000e-05] radius=2.443e-08
certified E32 tail segments=256/384 x=[4.642e-09,1.000e-05] radius=2.443e-08
certified E32 tail segments=264/384 x=[3.652e-09,1.000e-05] radius=2.443e-08
certified E32 tail segments=272/384 x=[2.873e-09,1.000e-05] radius=2.443e-08
certified E32 tail segments=280/384 x=[2.260e-09,1.000e-05] radius=2.443e-08
certified E32 tail segments=288/384 x=[1.778e-09,1.000e-05] radius=2.443e-08
certified E32 tail segments=296/384 x=[1.399e-09,1.000e-05] radius=2.443e-08
certified E32 tail segments=304/384 x=[1.101e-09,1.000e-05] radius=2.443e-08
certified E32 tail segments=312/384 x=[8.660e-10,1.000e-05] radius=2.443e-08
certified E32 tail segments=320/384 x=[6.813e-10,1.000e-05] radius=2.443e-08
certified E32 tail segments=328/384 x=[5.360e-10,1.000e-05] radius=2.443e-08
certified E32 tail segments=336/384 x=[4.217e-10,1.000e-05] radius=2.443e-08
certified E32 tail segments=344/384 x=[3.318e-10,1.000e-05] radius=2.443e-08
certified E32 tail segments=352/384 x=[2.610e-10,1.000e-05] radius=2.443e-08
certified E32 tail segments=360/384 x=[2.054e-10,1.000e-05] radius=2.443e-08
certified E32 tail segments=368/384 x=[1.616e-10,1.000e-05] radius=2.443e-08
certified E32 tail segments=376/384 x=[1.271e-10,1.000e-05] radius=2.443e-08
certified E32 tail segments=384/384 x=[1.000e-10,1.000e-05] radius=2.443e-08
wrote candidate_data/selected_q79covariantperiodbranchcutsetandtightbetatransport/selected_alignment_thimble_periods/d041_selected_090.E32_tail.interval.packet.json
{
  "distinguished_index": 41,
  "tail_center": {
    "real": "-1.1131087037102319e-05",
    "imaginary": "4.9826337681790865e-06"
  },
  "tail_radius": 2.4431055761775514e-08,
  "node_bound_radius": 2.210620501756633e-10,
  "regular_segments": 384
}

=== route scan: C:\Users\nero_\AppData\Local\Programs\Python\Python314\python.exe scripts/scan_q79_selected_alignment_E32_polygonal_detours.py --distinguished-index 41 --limit 5 ===
{
  "distinguished_index": 41,
  "root_id": "selected_090",
  "line_chart": "y",
  "tested": 1122,
  "accepted_null_homotopic": 312,
  "rejected": 810,
  "ranked_routes": [
    {
      "detour_fraction": 0.4,
      "detour_offset": -0.01,
      "return_fraction": 0.86,
      "minimum_clearance_lower": 0.019164171617904378,
      "other_critical_clearance_lower": 0.019164171617904378,
      "chart_zero_clearance_lower": 0.026312897459025084,
      "elliptic_infinity_clearance_lower": 0.1600982950866779,
      "path_length": 1.2409678279286291,
      "maximum_winding_residual": 7.067899292141149e-17,
      "path": [
        {
          "real": "0.25",
          "imaginary": "0.25"
        },
        {
          "real": "0.64407929581922019",
          "imaginary": "0.55188050346643625"
        },
        {
          "real": "1.1099985563553947",
          "imaginary": "0.88171546792237288"
        },
        {
          "real": "1.2499883213602687",
          "imaginary": "0.98454552414848107"
        }
      ]
    },
    {
      "detour_fraction": 0.4,
      "detour_offset": -0.01,
      "return_fraction": 0.82,
      "minimum_clearance_lower": 0.019164171617904378,
      "other_critical_clearance_lower": 0.019164171617904378,
      "chart_zero_clearance_lower": 0.026312897459025084,
      "elliptic_infinity_clearance_lower": 0.16044921580343086,
      "path_length": 1.2409761688519538,
      "maximum_winding_residual": 7.067899292141149e-17,
      "path": [
        {
          "real": "0.25",
          "imaginary": "0.25"
        },
        {
          "real": "0.64407929581922019",
          "imaginary": "0.55188050346643625"
        },
        {
          "real": "1.0699986235016552",
          "imaginary": "0.8523333531352858"
        },
        {
          "real": "1.2499883213602687",
          "imaginary": "0.98454552414848107"
        }
      ]
    },
    {
      "detour_fraction": 0.4,
      "detour_offset": -0.01,
      "return_fraction": 0.78,
      "minimum_clearance_lower": 0.019164171617904378,
      "other_critical_clearance_lower": 0.019164171617904378,
      "chart_zero_clearance_lower": 0.026312897459025084,
      "elliptic_infinity_clearance_lower": 0.16044921580343094,
      "path_length": 1.2409862652200825,
      "maximum_winding_residual": 7.067899292141149e-17,
      "path": [
        {
          "real": "0.25",
          "imaginary": "0.25"
        },
        {
          "real": "0.64407929581922019",
          "imaginary": "0.55188050346643625"
        },
        {
          "real": "1.0299986906479162",
          "imaginary": "0.82295123834819872"
        },
        {
          "real": "1.2499883213602687",
          "imaginary": "0.98454552414848107"
        }
      ]
    },
    {
      "detour_fraction": 0.4,
      "detour_offset": -0.01,
      "return_fraction": 0.74,
      "minimum_clearance_lower": 0.019164171617904378,
      "other_critical_clearance_lower": 0.019164171617904378,
      "chart_zero_clearance_lower": 0.026312897459025084,
      "elliptic_infinity_clearance_lower": 0.16044921580343086,
      "path_length": 1.2409987363022346,
      "maximum_winding_residual": 7.067899292141149e-17,
      "path": [
        {
          "real": "0.25",
          "imaginary": "0.25"
        },
        {
          "real": "0.64407929581922019",
          "imaginary": "0.55188050346643625"
        },
        {
          "real": "0.98999875779417679",
          "imaginary": "0.79356912356111153"
        },
        {
          "real": "1.2499883213602687",
          "imaginary": "0.98454552414848107"
        }
      ]
    },
    {
      "detour_fraction": 0.4,
      "detour_offset": -0.01,
      "return_fraction": 0.7,
      "minimum_clearance_lower": 0.019164171617904378,
      "other_critical_clearance_lower": 0.019164171617904378,
      "chart_zero_clearance_lower": 0.026312897459025084,
      "elliptic_infinity_clearance_lower": 0.16044921580343094,
      "path_length": 1.2410145314040526,
      "maximum_winding_residual": 7.067899292141149e-17,
      "path": [
        {
          "real": "0.25",
          "imaginary": "0.25"
        },
        {
          "real": "0.64407929581922019",
          "imaginary": "0.55188050346643625"
        },
        {
          "real": "0.94999882494043753",
          "imaginary": "0.76418700877402446"
        },
        {
          "real": "1.2499883213602687",
          "imaginary": "0.98454552414848107"
        }
      ]
    }
  ]
}

=== main: C:\Users\nero_\AppData\Local\Programs\Python\Python314\python.exe scripts/certify_q79_selected_alignment_E32_thimble_polygonal_main_interval_tail_reuse_zonotope.py --distinguished-index 41 --dps 100 --order 20 --detour-fraction 0.4 --detour-offset -0.01 --return-fraction 0.86 ===
starting certified zonotope transport index=41
reused certified cutoff periods index=41 radius=3.469e-18
validated polygonal E32 main steps=10 segment=1/3 fraction=0.000181108187954 radius=1.593e-08
validated polygonal E32 main steps=20 segment=1/3 fraction=0.00383932317528 radius=7.056e-08
validated polygonal E32 main steps=30 segment=1/3 fraction=0.0276530985914 radius=4.820e-07
validated polygonal E32 main steps=40 segment=1/3 fraction=0.103400428929 radius=2.025e-06
validated polygonal E32 main steps=45 segment=1/3 fraction=0.139970155075 radius=2.873e-06
validated polygonal E32 main steps=50 segment=2/3 fraction=0.168254530552 radius=3.587e-06
validated polygonal E32 main steps=60 segment=2/3 fraction=0.248836796868 radius=6.048e-06
validated polygonal E32 main steps=70 segment=2/3 fraction=0.32055501389 radius=9.346e-06
validated polygonal E32 main steps=80 segment=2/3 fraction=0.400331457543 radius=1.313e-05
validated polygonal E32 main rejections=10 segment=2/3 fraction=0.444651704017 next_step=4.500e-03 reason=ArithmeticError: E32 lift correction exceeds local budget
validated polygonal E32 main steps=90 segment=2/3 fraction=0.462460384873 radius=1.568e-05
validated polygonal E32 main steps=100 segment=2/3 fraction=0.531050478898 radius=1.823e-05
validated polygonal E32 main rejections=20 segment=2/3 fraction=0.579783007364 next_step=2.952e-03 reason=ArithmeticError: E32 lift correction exceeds local budget
validated polygonal E32 main steps=110 segment=2/3 fraction=0.582162158486 radius=2.001e-05
validated polygonal E32 main steps=117 segment=2/3 fraction=0.599975531794 radius=2.073e-05
validated polygonal E32 main steps=120 segment=3/3 fraction=0.607728147635 radius=2.105e-05
validated polygonal E32 main rejections=30 segment=3/3 fraction=0.6165227396 next_step=2.082e-03 reason=ArithmeticError: E32 lift correction exceeds local budget
validated polygonal E32 main steps=130 segment=3/3 fraction=0.627400897752 radius=2.189e-05
validated polygonal E32 main rejections=40 segment=3/3 fraction=0.638204983495 next_step=1.786e-03 reason=ArithmeticError: E32 lift correction exceeds local budget
validated polygonal E32 main steps=140 segment=3/3 fraction=0.643271653507 radius=2.242e-05
validated polygonal E32 main steps=150 segment=3/3 fraction=0.66134293544 radius=2.281e-05
validated polygonal E32 main rejections=50 segment=3/3 fraction=0.66134293544 next_step=1.532e-03 reason=ArithmeticError: E32 lift correction exceeds local budget
validated polygonal E32 main steps=160 segment=3/3 fraction=0.669385634353 radius=2.292e-05
validated polygonal E32 main rejections=60 segment=3/3 fraction=0.669385634353 next_step=5.343e-04 reason=ArithmeticError: E32 lift correction exceeds local budget
validated polygonal E32 main steps=170 segment=3/3 fraction=0.67357058003 radius=2.298e-05
validated polygonal E32 main rejections=70 segment=3/3 fraction=0.674201110147 next_step=3.395e-04 reason=ArithmeticError: E32 lift correction exceeds local budget
validated polygonal E32 main steps=180 segment=3/3 fraction=0.676157807992 radius=2.300e-05
validated polygonal E32 main rejections=80 segment=3/3 fraction=0.677157478171 next_step=2.158e-04 reason=ArithmeticError: E32 lift correction exceeds local budget
validated polygonal E32 main steps=190 segment=3/3 fraction=0.678370787787 radius=2.303e-05
validated polygonal E32 main rejections=90 segment=3/3 fraction=0.679669632733 next_step=1.828e-04 reason=ArithmeticError: E32 lift correction exceeds local budget
validated polygonal E32 main steps=200 segment=3/3 fraction=0.68040296868 radius=2.304e-05
validated polygonal E32 main rejections=100 segment=3/3 fraction=0.681941150349 next_step=1.568e-04 reason=ArithmeticError: E32 lift correction exceeds local budget
validated polygonal E32 main steps=210 segment=3/3 fraction=0.682067529223 radius=2.307e-05
validated polygonal E32 main steps=220 segment=3/3 fraction=0.68371358416 radius=2.309e-05
validated polygonal E32 main rejections=110 segment=3/3 fraction=0.684184733433 next_step=1.816e-04 reason=ArithmeticError: E32 lift correction exceeds local budget
validated polygonal E32 main steps=230 segment=3/3 fraction=0.685301814902 radius=2.311e-05
validated polygonal E32 main rejections=120 segment=3/3 fraction=0.686351033315 next_step=2.078e-04 reason=ArithmeticError: E32 lift correction exceeds local budget
validated polygonal E32 main steps=240 segment=3/3 fraction=0.687048827742 radius=2.312e-05
validated polygonal E32 main steps=250 segment=3/3 fraction=0.689084147271 radius=2.314e-05
validated polygonal E32 main rejections=130 segment=3/3 fraction=0.689084147271 next_step=2.406e-04 reason=ArithmeticError: E32 lift correction exceeds local budget
validated polygonal E32 main steps=260 segment=3/3 fraction=0.691697340521 radius=2.316e-05
validated polygonal E32 main rejections=140 segment=3/3 fraction=0.693312055032 next_step=3.762e-04 reason=ArithmeticError: E32 lift correction exceeds local budget
validated polygonal E32 main steps=270 segment=3/3 fraction=0.695457368769 radius=2.320e-05
validated polygonal E32 main steps=280 segment=3/3 fraction=0.701630265301 radius=2.321e-05
validated polygonal E32 main rejections=150 segment=3/3 fraction=0.703620925433 next_step=1.072e-03 reason=ArithmeticError: E32 lift correction exceeds local budget
validated polygonal E32 main steps=290 segment=3/3 fraction=0.717109101894 radius=2.320e-05
validated polygonal E32 main steps=300 segment=3/3 fraction=0.757985092081 radius=2.306e-05
validated polygonal E32 main rejections=160 segment=3/3 fraction=0.757985092081 next_step=5.000e-03 reason=ArithmeticError: E32 lift correction exceeds local budget
validated polygonal E32 main steps=310 segment=3/3 fraction=0.808913084393 radius=2.317e-05
validated polygonal E32 main steps=320 segment=3/3 fraction=0.889495350709 radius=2.501e-05
validated polygonal E32 main rejections=170 segment=3/3 fraction=0.911409698034 next_step=3.281e-03 reason=ArithmeticError: E32 lift correction exceeds local budget
validated polygonal E32 main steps=330 segment=3/3 fraction=0.923969501156 radius=2.611e-05
validated polygonal E32 main steps=340 segment=3/3 fraction=0.959301599902 radius=2.731e-05
validated polygonal E32 main steps=346 segment=3/3 fraction=1 radius=2.880e-05
Traceback (most recent call last):
  File "C:\Users\nero_\Downloads\TEXPAPERS\mtt-sm-parity-closure\scripts\certify_q79_selected_alignment_E32_thimble_polygonal_main_interval_tail_reuse_zonotope.py", line 127, in <module>
    raise SystemExit(main())
                     ~~~~^^
  File "C:\Users\nero_\Downloads\TEXPAPERS\mtt-sm-parity-closure\scripts\certify_q79_selected_alignment_E32_thimble_polygonal_main_interval_tail_reuse_zonotope.py", line 107, in main
    result = polygonal.main()
  File "C:\Users\nero_\Downloads\TEXPAPERS\mtt-sm-parity-closure\scripts\certify_q79_selected_alignment_E32_thimble_polygonal_main_interval.py", line 416, in main
    execution = execute_polyline(
        system,
    ...<7 lines>...
        target_main_radius=arguments.target_main_radius,
    )
  File "C:\Users\nero_\Downloads\TEXPAPERS\mtt-sm-parity-closure\scripts\certify_q79_selected_alignment_E32_thimble_polygonal_main_interval.py", line 331, in execute_polyline
    raise ArithmeticError(
        "final polygonal E32 radius exceeds the selected main-segment cap"
    )
ArithmeticError: final polygonal E32 radius exceeds the selected main-segment cap
