
=== nodal: C:\Users\nero_\AppData\Local\Programs\Python\Python314\python.exe scripts/certify_q79_selected_alignment_single_E32_thimble_nodal_factor.py --distinguished-index 42 --dps 100 ===
wrote candidate_data/selected_q79covariantperiodbranchcutsetandtightbetatransport/selected_alignment_thimble_periods/d042_selected_031.nodal_factor.interval.packet.json
{
  "distinguished_index": 42,
  "root_id": "selected_031",
  "parameter_radius": 1.4142135714185176e-80,
  "double_root_radius": 1.4142135714185176e-80,
  "node_jacobian_lower": 1189.954201692809,
  "quartic_at_node_lower": 6.9353617943239545,
  "hensel_jacobian_lower": 48.09924321816839
}

=== tail-384: C:\Users\nero_\AppData\Local\Programs\Python\Python314\python.exe scripts/certify_q79_selected_alignment_single_E32_thimble_tail_interval_node_pair.py --distinguished-index 42 --outer-segments 384 --dps 100 ===
certified E32 tail segments=8/384 x=[7.867e-06,1.000e-05] radius=1.684e-06
certified E32 tail segments=16/384 x=[6.190e-06,1.000e-05] radius=2.897e-06
certified E32 tail segments=24/384 x=[4.870e-06,1.000e-05] radius=3.735e-06
certified E32 tail segments=32/384 x=[3.831e-06,1.000e-05] radius=4.305e-06
certified E32 tail segments=40/384 x=[3.014e-06,1.000e-05] radius=4.686e-06
certified E32 tail segments=48/384 x=[2.371e-06,1.000e-05] radius=4.930e-06
certified E32 tail segments=56/384 x=[1.866e-06,1.000e-05] radius=5.095e-06
certified E32 tail segments=64/384 x=[1.468e-06,1.000e-05] radius=5.205e-06
certified E32 tail segments=72/384 x=[1.155e-06,1.000e-05] radius=5.279e-06
certified E32 tail segments=80/384 x=[9.085e-07,1.000e-05] radius=5.328e-06
certified E32 tail segments=88/384 x=[7.148e-07,1.000e-05] radius=5.360e-06
certified E32 tail segments=96/384 x=[5.623e-07,1.000e-05] radius=5.381e-06
certified E32 tail segments=104/384 x=[4.424e-07,1.000e-05] radius=5.393e-06
certified E32 tail segments=112/384 x=[3.481e-07,1.000e-05] radius=5.400e-06
certified E32 tail segments=120/384 x=[2.738e-07,1.000e-05] radius=5.401e-06
certified E32 tail segments=128/384 x=[2.154e-07,1.000e-05] radius=5.402e-06
certified E32 tail segments=136/384 x=[1.695e-07,1.000e-05] radius=5.402e-06
certified E32 tail segments=144/384 x=[1.334e-07,1.000e-05] radius=5.403e-06
certified E32 tail segments=152/384 x=[1.049e-07,1.000e-05] radius=5.403e-06
certified E32 tail segments=160/384 x=[8.254e-08,1.000e-05] radius=5.403e-06
certified E32 tail segments=168/384 x=[6.494e-08,1.000e-05] radius=5.403e-06
certified E32 tail segments=176/384 x=[5.109e-08,1.000e-05] radius=5.403e-06
certified E32 tail segments=184/384 x=[4.019e-08,1.000e-05] radius=5.403e-06
certified E32 tail segments=192/384 x=[3.162e-08,1.000e-05] radius=5.403e-06
certified E32 tail segments=200/384 x=[2.488e-08,1.000e-05] radius=5.403e-06
certified E32 tail segments=208/384 x=[1.957e-08,1.000e-05] radius=5.403e-06
certified E32 tail segments=216/384 x=[1.540e-08,1.000e-05] radius=5.403e-06
certified E32 tail segments=224/384 x=[1.212e-08,1.000e-05] radius=5.403e-06
certified E32 tail segments=232/384 x=[9.532e-09,1.000e-05] radius=5.403e-06
certified E32 tail segments=240/384 x=[7.499e-09,1.000e-05] radius=5.403e-06
certified E32 tail segments=248/384 x=[5.900e-09,1.000e-05] radius=5.403e-06
certified E32 tail segments=256/384 x=[4.642e-09,1.000e-05] radius=5.403e-06
certified E32 tail segments=264/384 x=[3.652e-09,1.000e-05] radius=5.403e-06
certified E32 tail segments=272/384 x=[2.873e-09,1.000e-05] radius=5.403e-06
certified E32 tail segments=280/384 x=[2.260e-09,1.000e-05] radius=5.403e-06
certified E32 tail segments=288/384 x=[1.778e-09,1.000e-05] radius=5.403e-06
certified E32 tail segments=296/384 x=[1.399e-09,1.000e-05] radius=5.403e-06
certified E32 tail segments=304/384 x=[1.101e-09,1.000e-05] radius=5.403e-06
certified E32 tail segments=312/384 x=[8.660e-10,1.000e-05] radius=5.403e-06
certified E32 tail segments=320/384 x=[6.813e-10,1.000e-05] radius=5.403e-06
certified E32 tail segments=328/384 x=[5.360e-10,1.000e-05] radius=5.403e-06
certified E32 tail segments=336/384 x=[4.217e-10,1.000e-05] radius=5.403e-06
certified E32 tail segments=344/384 x=[3.318e-10,1.000e-05] radius=5.403e-06
certified E32 tail segments=352/384 x=[2.610e-10,1.000e-05] radius=5.403e-06
certified E32 tail segments=360/384 x=[2.054e-10,1.000e-05] radius=5.403e-06
certified E32 tail segments=368/384 x=[1.616e-10,1.000e-05] radius=5.403e-06
certified E32 tail segments=376/384 x=[1.271e-10,1.000e-05] radius=5.403e-06
certified E32 tail segments=384/384 x=[1.000e-10,1.000e-05] radius=5.403e-06
wrote candidate_data/selected_q79covariantperiodbranchcutsetandtightbetatransport/selected_alignment_thimble_periods/d042_selected_031.E32_tail.interval.packet.json
{
  "distinguished_index": 42,
  "tail_center": {
    "real": "-1.9736732836678248e-05",
    "imaginary": "2.9264325738009367e-05"
  },
  "tail_radius": 5.403449954144436e-06,
  "node_bound_radius": 7.31110687615666e-10,
  "regular_segments": 384
}

=== route scan: C:\Users\nero_\AppData\Local\Programs\Python\Python314\python.exe scripts/scan_q79_selected_alignment_E32_polygonal_detours.py --distinguished-index 42 --limit 5 ===
{
  "distinguished_index": 42,
  "root_id": "selected_031",
  "line_chart": "z",
  "tested": 1122,
  "accepted_null_homotopic": 510,
  "rejected": 612,
  "ranked_routes": [
    {
      "detour_fraction": 0.55,
      "detour_offset": 0.03,
      "return_fraction": 0.82,
      "minimum_clearance_lower": 0.0198341358070714,
      "other_critical_clearance_lower": 0.0198341358070714,
      "chart_zero_clearance_lower": 0.14544040358286422,
      "elliptic_infinity_clearance_lower": 0.3535533905922738,
      "path_length": 0.6777212178338227,
      "maximum_winding_residual": 7.067899292141149e-17,
      "path": [
        {
          "real": "0.25",
          "imaginary": "0.25"
        },
        {
          "real": "0.55595657510097662",
          "imaginary": "0.4615031457644142"
        },
        {
          "real": "0.67783500263437202",
          "imaginary": "0.59995269462489187"
        },
        {
          "real": "0.77174478571261673",
          "imaginary": "0.67676731109505572"
        }
      ]
    },
    {
      "detour_fraction": 0.55,
      "detour_offset": 0.03,
      "return_fraction": 0.86,
      "minimum_clearance_lower": 0.019791011056196517,
      "other_critical_clearance_lower": 0.019791011056196517,
      "chart_zero_clearance_lower": 0.14544040358286422,
      "elliptic_infinity_clearance_lower": 0.3535533905922738,
      "path_length": 0.6774077628161967,
      "maximum_winding_residual": 7.067899292141149e-17,
      "path": [
        {
          "real": "0.25",
          "imaginary": "0.25"
        },
        {
          "real": "0.55595657510097662",
          "imaginary": "0.4615031457644142"
        },
        {
          "real": "0.69870500276287806",
          "imaginary": "0.61702355777732576"
        },
        {
          "real": "0.77174478571261673",
          "imaginary": "0.67676731109505572"
        }
      ]
    },
    {
      "detour_fraction": 0.6,
      "detour_offset": 0.03,
      "return_fraction": 0.78,
      "minimum_clearance_lower": 0.019672222282046264,
      "other_critical_clearance_lower": 0.019672222282046264,
      "chart_zero_clearance_lower": 0.14544040358286422,
      "elliptic_infinity_clearance_lower": 0.3535533905922738,
      "path_length": 0.6788183646955479,
      "maximum_winding_residual": 7.067899292141149e-17,
      "path": [
        {
          "real": "0.25",
          "imaginary": "0.25"
        },
        {
          "real": "0.58204407526160895",
          "imaginary": "0.48284172470495645"
        },
        {
          "real": "0.6569650025058662",
          "imaginary": "0.5828818314724582"
        },
        {
          "real": "0.77174478571261673",
          "imaginary": "0.67676731109505572"
        }
      ]
    },
    {
      "detour_fraction": 0.5,
      "detour_offset": 0.03,
      "return_fraction": 0.86,
      "minimum_clearance_lower": 0.01939783420458002,
      "other_critical_clearance_lower": 0.01939783420458002,
      "chart_zero_clearance_lower": 0.14544040358286422,
      "elliptic_infinity_clearance_lower": 0.3535533905922738,
      "path_length": 0.6772333400175437,
      "maximum_winding_residual": 7.067899292141149e-17,
      "path": [
        {
          "real": "0.25",
          "imaginary": "0.25"
        },
        {
          "real": "0.52986907494034408",
          "imaginary": "0.44016456682387201"
        },
        {
          "real": "0.69870500276287806",
          "imaginary": "0.61702355777732576"
        },
        {
          "real": "0.77174478571261673",
          "imaginary": "0.67676731109505572"
        }
      ]
    },
    {
      "detour_fraction": 0.6,
      "detour_offset": 0.03,
      "return_fraction": 0.82,
      "minimum_clearance_lower": 0.019109969751511607,
      "other_critical_clearance_lower": 0.019109969751511607,
      "chart_zero_clearance_lower": 0.14544040358286422,
      "elliptic_infinity_clearance_lower": 0.3535533905922738,
      "path_length": 0.6781686142226299,
      "maximum_winding_residual": 7.067899292141149e-17,
      "path": [
        {
          "real": "0.25",
          "imaginary": "0.25"
        },
        {
          "real": "0.58204407526160895",
          "imaginary": "0.48284172470495645"
        },
        {
          "real": "0.67783500263437202",
          "imaginary": "0.59995269462489187"
        },
        {
          "real": "0.77174478571261673",
          "imaginary": "0.67676731109505572"
        }
      ]
    }
  ]
}

=== main: C:\Users\nero_\AppData\Local\Programs\Python\Python314\python.exe scripts/certify_q79_selected_alignment_E32_thimble_polygonal_main_interval_tail_reuse_zonotope.py --distinguished-index 42 --dps 100 --order 20 --detour-fraction 0.55 --detour-offset 0.03 --return-fraction 0.82 ===
starting certified zonotope transport index=42
reused certified cutoff periods index=42 radius=3.553e-15
validated polygonal E32 main steps=10 segment=1/3 fraction=3.49891301586e-05 radius=1.983e-08
validated polygonal E32 main rejections=10 segment=1/3 fraction=0.000138785054253 next_step=1.152e-05 reason=ArithmeticError: E32 lift correction exceeds local budget
validated polygonal E32 main steps=20 segment=1/3 fraction=0.000186397260567 radius=2.756e-08
validated polygonal E32 main steps=30 segment=1/3 fraction=0.000875156963385 radius=4.494e-08
validated polygonal E32 main rejections=20 segment=1/3 fraction=0.00277577769295 next_step=2.553e-04 reason=ArithmeticError: E32 lift correction exceeds local budget
validated polygonal E32 main steps=40 segment=1/3 fraction=0.00383073778871 radius=6.275e-08
validated polygonal E32 main steps=50 segment=1/3 fraction=0.0144658419553 radius=7.221e-08
validated polygonal E32 main rejections=30 segment=1/3 fraction=0.0240007281081 next_step=1.703e-03 reason=ArithmeticError: E32 lift correction exceeds local budget
validated polygonal E32 main steps=60 segment=1/3 fraction=0.051307150317 radius=1.099e-07
validated polygonal E32 main steps=70 segment=1/3 fraction=0.175456663622 radius=2.485e-07
validated polygonal E32 main steps=71 segment=1/3 fraction=0.17901768151 radius=2.520e-07
validated polygonal E32 main steps=80 segment=2/3 fraction=0.25270579793 radius=3.224e-07
validated polygonal E32 main rejections=40 segment=2/3 fraction=0.25270579793 next_step=4.921e-03 reason=ArithmeticError: E32 lift correction exceeds local budget
validated polygonal E32 main steps=90 segment=2/3 fraction=0.315138257772 radius=3.431e-07
validated polygonal E32 main rejections=50 segment=2/3 fraction=0.325961102605 next_step=3.127e-03 reason=ArithmeticError: E32 lift correction exceeds local budget
validated polygonal E32 main steps=100 segment=2/3 fraction=0.40911553087 radius=3.440e-07
validated polygonal E32 main steps=103 segment=2/3 fraction=0.451183041991 radius=3.451e-07
validated polygonal E32 main steps=110 segment=3/3 fraction=0.532484908526 radius=3.440e-07
validated polygonal E32 main steps=120 segment=3/3 fraction=0.624219505088 radius=3.353e-07
validated polygonal E32 main steps=130 segment=3/3 fraction=0.758100765151 radius=3.359e-07
validated polygonal E32 main rejections=60 segment=3/3 fraction=0.81712208387 next_step=5.000e-03 reason=ArithmeticError: E32 lift correction exceeds local budget
validated polygonal E32 main steps=140 segment=3/3 fraction=0.851690796466 radius=3.659e-07
validated polygonal E32 main rejections=70 segment=3/3 fraction=0.865174405588 next_step=1.743e-03 reason=ArithmeticError: E32 lift correction exceeds local budget
validated polygonal E32 main steps=150 segment=3/3 fraction=0.885523383396 radius=3.970e-07
validated polygonal E32 main steps=160 segment=3/3 fraction=0.982352910936 radius=4.784e-07
validated polygonal E32 main steps=162 segment=3/3 fraction=1 radius=4.936e-07
wrote candidate_data/selected_q79covariantperiodbranchcutsetandtightbetatransport/selected_alignment_thimble_periods/d042_selected_031.E32_main.interval.packet.json
{
  "distinguished_index": 42,
  "main_radius": 4.935919067589073e-07,
  "base_center_difference": 9.999332879359542e-11,
  "other_critical_clearance": 0.0198341358070714,
  "accepted_steps": 162,
  "rejected_steps": 76
}

=== full: C:\Users\nero_\AppData\Local\Programs\Python\Python314\python.exe scripts/build_selected_q79_single_E32_thimble_full_interval.py --distinguished-index 42 ===
wrote candidate_data/selected_q79covariantperiodbranchcutsetandtightbetatransport/selected_alignment_thimble_periods/d042_selected_031.E32_full.interval.packet.json
{
  "distinguished_index": 42,
  "root_id": "selected_031",
  "full_center": {
    "real": "-1.341377041532134",
    "imaginary": "0.70280306843825091"
  },
  "full_radius": 6.10149439239649e-06,
  "fallback": 2.3086601928801926e-05,
  "fallback_met": true,
  "floating_contained": true
}
