
=== nodal: C:\Users\nero_\AppData\Local\Programs\Python\Python314\python.exe scripts/certify_q79_selected_alignment_single_E32_thimble_nodal_factor.py --distinguished-index 49 --dps 100 ===
wrote candidate_data/selected_q79covariantperiodbranchcutsetandtightbetatransport/selected_alignment_thimble_periods/d049_selected_049.nodal_factor.interval.packet.json
{
  "distinguished_index": 49,
  "root_id": "selected_049",
  "parameter_radius": 1.4142135714185176e-80,
  "double_root_radius": 1.4142135714185176e-80,
  "node_jacobian_lower": 230.37904558285612,
  "quartic_at_node_lower": 3.832431027127721,
  "hensel_jacobian_lower": 14.687527577691242
}

=== tail-384: C:\Users\nero_\AppData\Local\Programs\Python\Python314\python.exe scripts/certify_q79_selected_alignment_single_E32_thimble_tail_interval_node_pair.py --distinguished-index 49 --outer-segments 384 --dps 100 ===
certified E32 tail segments=8/384 x=[7.867e-06,1.000e-05] radius=4.863e-07
certified E32 tail segments=16/384 x=[6.190e-06,1.000e-05] radius=8.197e-07
certified E32 tail segments=24/384 x=[4.870e-06,1.000e-05] radius=1.051e-06
certified E32 tail segments=32/384 x=[3.831e-06,1.000e-05] radius=1.206e-06
certified E32 tail segments=40/384 x=[3.014e-06,1.000e-05] radius=1.306e-06
certified E32 tail segments=48/384 x=[2.371e-06,1.000e-05] radius=1.372e-06
certified E32 tail segments=56/384 x=[1.866e-06,1.000e-05] radius=1.415e-06
certified E32 tail segments=64/384 x=[1.468e-06,1.000e-05] radius=1.444e-06
certified E32 tail segments=72/384 x=[1.155e-06,1.000e-05] radius=1.463e-06
certified E32 tail segments=80/384 x=[9.085e-07,1.000e-05] radius=1.475e-06
certified E32 tail segments=88/384 x=[7.148e-07,1.000e-05] radius=1.481e-06
certified E32 tail segments=96/384 x=[5.623e-07,1.000e-05] radius=1.483e-06
certified E32 tail segments=104/384 x=[4.424e-07,1.000e-05] radius=1.483e-06
certified E32 tail segments=112/384 x=[3.481e-07,1.000e-05] radius=1.484e-06
certified E32 tail segments=120/384 x=[2.738e-07,1.000e-05] radius=1.484e-06
certified E32 tail segments=128/384 x=[2.154e-07,1.000e-05] radius=1.484e-06
certified E32 tail segments=136/384 x=[1.695e-07,1.000e-05] radius=1.484e-06
certified E32 tail segments=144/384 x=[1.334e-07,1.000e-05] radius=1.484e-06
certified E32 tail segments=152/384 x=[1.049e-07,1.000e-05] radius=1.484e-06
certified E32 tail segments=160/384 x=[8.254e-08,1.000e-05] radius=1.485e-06
certified E32 tail segments=168/384 x=[6.494e-08,1.000e-05] radius=1.485e-06
certified E32 tail segments=176/384 x=[5.109e-08,1.000e-05] radius=1.485e-06
certified E32 tail segments=184/384 x=[4.019e-08,1.000e-05] radius=1.485e-06
certified E32 tail segments=192/384 x=[3.162e-08,1.000e-05] radius=1.485e-06
certified E32 tail segments=200/384 x=[2.488e-08,1.000e-05] radius=1.485e-06
certified E32 tail segments=208/384 x=[1.957e-08,1.000e-05] radius=1.485e-06
certified E32 tail segments=216/384 x=[1.540e-08,1.000e-05] radius=1.485e-06
certified E32 tail segments=224/384 x=[1.212e-08,1.000e-05] radius=1.485e-06
certified E32 tail segments=232/384 x=[9.532e-09,1.000e-05] radius=1.485e-06
certified E32 tail segments=240/384 x=[7.499e-09,1.000e-05] radius=1.485e-06
certified E32 tail segments=248/384 x=[5.900e-09,1.000e-05] radius=1.485e-06
certified E32 tail segments=256/384 x=[4.642e-09,1.000e-05] radius=1.485e-06
certified E32 tail segments=264/384 x=[3.652e-09,1.000e-05] radius=1.485e-06
certified E32 tail segments=272/384 x=[2.873e-09,1.000e-05] radius=1.485e-06
certified E32 tail segments=280/384 x=[2.260e-09,1.000e-05] radius=1.485e-06
certified E32 tail segments=288/384 x=[1.778e-09,1.000e-05] radius=1.485e-06
certified E32 tail segments=296/384 x=[1.399e-09,1.000e-05] radius=1.485e-06
certified E32 tail segments=304/384 x=[1.101e-09,1.000e-05] radius=1.485e-06
certified E32 tail segments=312/384 x=[8.660e-10,1.000e-05] radius=1.485e-06
certified E32 tail segments=320/384 x=[6.813e-10,1.000e-05] radius=1.485e-06
certified E32 tail segments=328/384 x=[5.360e-10,1.000e-05] radius=1.485e-06
certified E32 tail segments=336/384 x=[4.217e-10,1.000e-05] radius=1.485e-06
certified E32 tail segments=344/384 x=[3.318e-10,1.000e-05] radius=1.485e-06
certified E32 tail segments=352/384 x=[2.610e-10,1.000e-05] radius=1.485e-06
certified E32 tail segments=360/384 x=[2.054e-10,1.000e-05] radius=1.485e-06
certified E32 tail segments=368/384 x=[1.616e-10,1.000e-05] radius=1.485e-06
certified E32 tail segments=376/384 x=[1.271e-10,1.000e-05] radius=1.485e-06
certified E32 tail segments=384/384 x=[1.000e-10,1.000e-05] radius=1.485e-06
wrote candidate_data/selected_q79covariantperiodbranchcutsetandtightbetatransport/selected_alignment_thimble_periods/d049_selected_049.E32_tail.interval.packet.json
{
  "distinguished_index": 49,
  "tail_center": {
    "real": "-2.3259767284116142e-05",
    "imaginary": "-1.0999492565331122e-05"
  },
  "tail_radius": 1.4846365274934217e-06,
  "node_bound_radius": 3.6383854826529954e-10,
  "regular_segments": 384
}

=== route scan: C:\Users\nero_\AppData\Local\Programs\Python\Python314\python.exe scripts/scan_q79_selected_alignment_E32_polygonal_detours.py --distinguished-index 49 --limit 5 ===
{
  "distinguished_index": 49,
  "root_id": "selected_049",
  "line_chart": "z",
  "tested": 1122,
  "accepted_null_homotopic": 331,
  "rejected": 791,
  "ranked_routes": [
    {
      "detour_fraction": 0.55,
      "detour_offset": -0.02,
      "return_fraction": 0.65,
      "minimum_clearance_lower": 0.019505918898641735,
      "other_critical_clearance_lower": 0.019505918898641735,
      "chart_zero_clearance_lower": 0.21195294214515817,
      "elliptic_infinity_clearance_lower": 0.3535533905922738,
      "path_length": 0.5973488220506354,
      "maximum_winding_residual": 7.067899292141149e-17,
      "path": [
        {
          "real": "0.25",
          "imaginary": "0.25"
        },
        {
          "real": "0.45522053688300856",
          "imaginary": "0.50460672127165684"
        },
        {
          "real": "0.50999438632568905",
          "imaginary": "0.53496805496032485"
        },
        {
          "real": "0.6499873636643474",
          "imaginary": "0.68840800812273117"
        }
      ]
    },
    {
      "detour_fraction": 0.5,
      "detour_offset": -0.02,
      "return_fraction": 0.65,
      "minimum_clearance_lower": 0.019284973384737787,
      "other_critical_clearance_lower": 0.019284973384737787,
      "chart_zero_clearance_lower": 0.21195294214515817,
      "elliptic_infinity_clearance_lower": 0.3535533905922738,
      "path_length": 0.5963495084103477,
      "maximum_winding_residual": 7.067899292141149e-17,
      "path": [
        {
          "real": "0.25",
          "imaginary": "0.25"
        },
        {
          "real": "0.43522096870410937",
          "imaginary": "0.48268610165932413"
        },
        {
          "real": "0.50999438632568905",
          "imaginary": "0.53496805496032485"
        },
        {
          "real": "0.6499873636643474",
          "imaginary": "0.68840800812273117"
        }
      ]
    },
    {
      "detour_fraction": 0.6,
      "detour_offset": -0.02,
      "return_fraction": 0.65,
      "minimum_clearance_lower": 0.018350091091487514,
      "other_critical_clearance_lower": 0.018350091091487514,
      "chart_zero_clearance_lower": 0.21195294214515817,
      "elliptic_infinity_clearance_lower": 0.3535533905922738,
      "path_length": 0.6001293182514102,
      "maximum_winding_residual": 7.067899292141149e-17,
      "path": [
        {
          "real": "0.25",
          "imaginary": "0.25"
        },
        {
          "real": "0.4752201050619077",
          "imaginary": "0.52652734088398945"
        },
        {
          "real": "0.50999438632568905",
          "imaginary": "0.53496805496032485"
        },
        {
          "real": "0.6499873636643474",
          "imaginary": "0.68840800812273117"
        }
      ]
    },
    {
      "detour_fraction": 0.3,
      "detour_offset": -0.03,
      "return_fraction": 0.7,
      "minimum_clearance_lower": 0.01611955048601243,
      "other_critical_clearance_lower": 0.01611955048601243,
      "chart_zero_clearance_lower": 0.21195294214515817,
      "elliptic_infinity_clearance_lower": 0.3535533905922738,
      "path_length": 0.5978552101611934,
      "maximum_winding_residual": 7.067899292141149e-17,
      "path": [
        {
          "real": "0.25",
          "imaginary": "0.25"
        },
        {
          "real": "0.3478353394460717",
          "imaginary": "0.40174357597799204"
        },
        {
          "real": "0.52999395450458819",
          "imaginary": "0.55688867457265756"
        },
        {
          "real": "0.6499873636643474",
          "imaginary": "0.68840800812273117"
        }
      ]
    },
    {
      "detour_fraction": 0.32,
      "detour_offset": -0.03,
      "return_fraction": 0.7,
      "minimum_clearance_lower": 0.01593589572409428,
      "other_critical_clearance_lower": 0.01593589572409428,
      "chart_zero_clearance_lower": 0.21195294214515817,
      "elliptic_infinity_clearance_lower": 0.3535533905922738,
      "path_length": 0.5977988580701676,
      "maximum_winding_residual": 7.067899292141149e-17,
      "path": [
        {
          "real": "0.25",
          "imaginary": "0.25"
        },
        {
          "real": "0.35583516671763138",
          "imaginary": "0.41051182382292517"
        },
        {
          "real": "0.52999395450458819",
          "imaginary": "0.55688867457265756"
        },
        {
          "real": "0.6499873636643474",
          "imaginary": "0.68840800812273117"
        }
      ]
    }
  ]
}

=== main: C:\Users\nero_\AppData\Local\Programs\Python\Python314\python.exe scripts/certify_q79_selected_alignment_E32_thimble_polygonal_main_interval_tail_reuse_zonotope.py --distinguished-index 49 --dps 100 --order 20 --detour-fraction 0.55 --detour-offset -0.02 --return-fraction 0.65 ===
starting certified zonotope transport index=49
reused certified cutoff periods index=49 radius=1.776e-15
validated polygonal E32 main steps=10 segment=1/3 fraction=7.08102948326e-05 radius=1.073e-08
validated polygonal E32 main steps=20 segment=1/3 fraction=0.000666251311296 radius=2.868e-08
validated polygonal E32 main rejections=10 segment=1/3 fraction=0.00124740018742 next_step=1.438e-04 reason=ArithmeticError: E32 lift correction exceeds local budget
validated polygonal E32 main steps=30 segment=1/3 fraction=0.0054028243758 radius=3.995e-08
validated polygonal E32 main steps=40 segment=1/3 fraction=0.041656220069 radius=6.342e-08
validated polygonal E32 main rejections=20 segment=1/3 fraction=0.0892760557996 next_step=4.050e-03 reason=ArithmeticError: E32 lift correction exceeds local budget
validated polygonal E32 main steps=50 segment=1/3 fraction=0.124207417057 radius=8.167e-08
validated polygonal E32 main steps=60 segment=1/3 fraction=0.276102201588 radius=1.051e-07
validated polygonal E32 main steps=67 segment=1/3 fraction=0.347713366179 radius=1.090e-07
validated polygonal E32 main steps=70 segment=2/3 fraction=0.366211770448 radius=1.090e-07
validated polygonal E32 main rejections=30 segment=2/3 fraction=0.366211770448 next_step=3.645e-03 reason=ArithmeticError: E32 lift correction exceeds local budget
validated polygonal E32 main steps=78 segment=2/3 fraction=0.452552871176 radius=1.157e-07
validated polygonal E32 main steps=80 segment=3/3 fraction=0.46427131732 radius=1.157e-07
validated polygonal E32 main steps=90 segment=3/3 fraction=0.557777888251 radius=1.211e-07
validated polygonal E32 main rejections=40 segment=3/3 fraction=0.557777888251 next_step=3.281e-03 reason=ArithmeticError: E32 lift correction exceeds local budget
validated polygonal E32 main steps=100 segment=3/3 fraction=0.670300822789 radius=1.259e-07
validated polygonal E32 main steps=110 segment=3/3 fraction=0.829336877592 radius=1.294e-07
validated polygonal E32 main steps=120 segment=3/3 fraction=0.943508024303 radius=1.503e-07
validated polygonal E32 main steps=124 segment=3/3 fraction=1 radius=1.574e-07
wrote candidate_data/selected_q79covariantperiodbranchcutsetandtightbetatransport/selected_alignment_thimble_periods/d049_selected_049.E32_main.interval.packet.json
{
  "distinguished_index": 49,
  "main_radius": 1.5737217591515985e-07,
  "base_center_difference": 1.8270627701169206e-11,
  "other_critical_clearance": 0.019505918898641735,
  "accepted_steps": 124,
  "rejected_steps": 49
}

=== full: C:\Users\nero_\AppData\Local\Programs\Python\Python314\python.exe scripts/build_selected_q79_single_E32_thimble_full_interval.py --distinguished-index 49 ===
wrote candidate_data/selected_q79covariantperiodbranchcutsetandtightbetatransport/selected_alignment_thimble_periods/d049_selected_049.E32_full.interval.packet.json
{
  "distinguished_index": 49,
  "root_id": "selected_049",
  "full_center": {
    "real": "-0.41859801764407673",
    "imaginary": "-0.27929607802891676"
  },
  "full_radius": 1.707193499456139e-06,
  "fallback": 2.3086601928801926e-05,
  "fallback_met": true,
  "floating_contained": true
}
