
=== nodal: C:\Users\nero_\AppData\Local\Programs\Python\Python314\python.exe scripts/certify_q79_selected_alignment_single_E32_thimble_nodal_factor.py --distinguished-index 53 --dps 100 ===
wrote candidate_data/selected_q79covariantperiodbranchcutsetandtightbetatransport/selected_alignment_thimble_periods/d053_selected_055.nodal_factor.interval.packet.json
{
  "distinguished_index": 53,
  "root_id": "selected_055",
  "parameter_radius": 1.4142135714185176e-80,
  "double_root_radius": 1.4142135714185176e-80,
  "node_jacobian_lower": 120705.71212947044,
  "quartic_at_node_lower": 12.006545378330086,
  "hensel_jacobian_lower": 144.15713192189958
}

=== tail-384: C:\Users\nero_\AppData\Local\Programs\Python\Python314\python.exe scripts/certify_q79_selected_alignment_single_E32_thimble_tail_interval_node_pair.py --distinguished-index 53 --outer-segments 384 --dps 100 ===
certified E32 tail segments=8/384 x=[7.867e-06,1.000e-05] radius=1.702e-06
certified E32 tail segments=16/384 x=[6.190e-06,1.000e-05] radius=2.948e-06
certified E32 tail segments=24/384 x=[4.870e-06,1.000e-05] radius=3.861e-06
certified E32 tail segments=32/384 x=[3.831e-06,1.000e-05] radius=4.533e-06
certified E32 tail segments=40/384 x=[3.014e-06,1.000e-05] radius=5.027e-06
certified E32 tail segments=48/384 x=[2.371e-06,1.000e-05] radius=5.391e-06
certified E32 tail segments=56/384 x=[1.866e-06,1.000e-05] radius=5.661e-06
certified E32 tail segments=64/384 x=[1.468e-06,1.000e-05] radius=5.860e-06
certified E32 tail segments=72/384 x=[1.155e-06,1.000e-05] radius=6.009e-06
certified E32 tail segments=80/384 x=[9.085e-07,1.000e-05] radius=6.119e-06
certified E32 tail segments=88/384 x=[7.148e-07,1.000e-05] radius=6.201e-06
certified E32 tail segments=96/384 x=[5.623e-07,1.000e-05] radius=6.262e-06
certified E32 tail segments=104/384 x=[4.424e-07,1.000e-05] radius=6.307e-06
certified E32 tail segments=112/384 x=[3.481e-07,1.000e-05] radius=6.341e-06
certified E32 tail segments=120/384 x=[2.738e-07,1.000e-05] radius=6.366e-06
certified E32 tail segments=128/384 x=[2.154e-07,1.000e-05] radius=6.384e-06
certified E32 tail segments=136/384 x=[1.695e-07,1.000e-05] radius=6.397e-06
certified E32 tail segments=144/384 x=[1.334e-07,1.000e-05] radius=6.406e-06
certified E32 tail segments=152/384 x=[1.049e-07,1.000e-05] radius=6.413e-06
certified E32 tail segments=160/384 x=[8.254e-08,1.000e-05] radius=6.417e-06
certified E32 tail segments=168/384 x=[6.494e-08,1.000e-05] radius=6.420e-06
certified E32 tail segments=176/384 x=[5.109e-08,1.000e-05] radius=6.422e-06
certified E32 tail segments=184/384 x=[4.019e-08,1.000e-05] radius=6.423e-06
certified E32 tail segments=192/384 x=[3.162e-08,1.000e-05] radius=6.423e-06
certified E32 tail segments=200/384 x=[2.488e-08,1.000e-05] radius=6.423e-06
certified E32 tail segments=208/384 x=[1.957e-08,1.000e-05] radius=6.423e-06
certified E32 tail segments=216/384 x=[1.540e-08,1.000e-05] radius=6.423e-06
certified E32 tail segments=224/384 x=[1.212e-08,1.000e-05] radius=6.423e-06
certified E32 tail segments=232/384 x=[9.532e-09,1.000e-05] radius=6.423e-06
certified E32 tail segments=240/384 x=[7.499e-09,1.000e-05] radius=6.423e-06
certified E32 tail segments=248/384 x=[5.900e-09,1.000e-05] radius=6.423e-06
certified E32 tail segments=256/384 x=[4.642e-09,1.000e-05] radius=6.423e-06
certified E32 tail segments=264/384 x=[3.652e-09,1.000e-05] radius=6.423e-06
certified E32 tail segments=272/384 x=[2.873e-09,1.000e-05] radius=6.423e-06
certified E32 tail segments=280/384 x=[2.260e-09,1.000e-05] radius=6.423e-06
certified E32 tail segments=288/384 x=[1.778e-09,1.000e-05] radius=6.423e-06
certified E32 tail segments=296/384 x=[1.399e-09,1.000e-05] radius=6.423e-06
certified E32 tail segments=304/384 x=[1.101e-09,1.000e-05] radius=6.423e-06
certified E32 tail segments=312/384 x=[8.660e-10,1.000e-05] radius=6.423e-06
certified E32 tail segments=320/384 x=[6.813e-10,1.000e-05] radius=6.423e-06
certified E32 tail segments=328/384 x=[5.360e-10,1.000e-05] radius=6.423e-06
certified E32 tail segments=336/384 x=[4.217e-10,1.000e-05] radius=6.423e-06
certified E32 tail segments=344/384 x=[3.318e-10,1.000e-05] radius=6.423e-06
certified E32 tail segments=352/384 x=[2.610e-10,1.000e-05] radius=6.423e-06
certified E32 tail segments=360/384 x=[2.054e-10,1.000e-05] radius=6.423e-06
certified E32 tail segments=368/384 x=[1.616e-10,1.000e-05] radius=6.423e-06
certified E32 tail segments=376/384 x=[1.271e-10,1.000e-05] radius=6.423e-06
certified E32 tail segments=384/384 x=[1.000e-10,1.000e-05] radius=6.423e-06
wrote candidate_data/selected_q79covariantperiodbranchcutsetandtightbetatransport/selected_alignment_thimble_periods/d053_selected_055.E32_tail.interval.packet.json
{
  "distinguished_index": 53,
  "tail_center": {
    "real": "-1.9612577814908026e-05",
    "imaginary": "4.0260130385159389e-06"
  },
  "tail_radius": 6.423097353547292e-06,
  "node_bound_radius": 2.8821555385361025e-10,
  "regular_segments": 384
}

=== route scan: C:\Users\nero_\AppData\Local\Programs\Python\Python314\python.exe scripts/scan_q79_selected_alignment_E32_polygonal_detours.py --distinguished-index 53 --limit 5 ===
{
  "distinguished_index": 53,
  "root_id": "selected_055",
  "line_chart": "z",
  "tested": 1122,
  "accepted_null_homotopic": 496,
  "rejected": 626,
  "ranked_routes": [
    {
      "detour_fraction": 0.2,
      "detour_offset": 0.0,
      "return_fraction": 0.82,
      "minimum_clearance_lower": 0.006251886245096548,
      "other_critical_clearance_lower": 0.006251886245096548,
      "chart_zero_clearance_lower": 0.25629873774204354,
      "elliptic_infinity_clearance_lower": 0.3535533905922738,
      "path_length": 0.5439565782743051,
      "maximum_winding_residual": 7.067899292141149e-17,
      "path": [
        {
          "real": "0.25",
          "imaginary": "0.25"
        },
        {
          "real": "0.3168037081319926",
          "imaginary": "0.33586647574163686"
        },
        {
          "real": "0.52389520334116968",
          "imaginary": "0.60205255054071105"
        },
        {
          "real": "0.58401520047455635",
          "imaginary": "0.67932808538439715"
        }
      ]
    },
    {
      "detour_fraction": 0.25,
      "detour_offset": 0.0,
      "return_fraction": 0.82,
      "minimum_clearance_lower": 0.006251886245096548,
      "other_critical_clearance_lower": 0.006251886245096548,
      "chart_zero_clearance_lower": 0.25629873774204354,
      "elliptic_infinity_clearance_lower": 0.3535533905922738,
      "path_length": 0.5439565782743051,
      "maximum_winding_residual": 7.067899292141149e-17,
      "path": [
        {
          "real": "0.25",
          "imaginary": "0.25"
        },
        {
          "real": "0.33350463516499074",
          "imaginary": "0.35733309467704605"
        },
        {
          "real": "0.52389520334116968",
          "imaginary": "0.60205255054071105"
        },
        {
          "real": "0.58401520047455635",
          "imaginary": "0.67932808538439715"
        }
      ]
    },
    {
      "detour_fraction": 0.25,
      "detour_offset": 0.0,
      "return_fraction": 0.86,
      "minimum_clearance_lower": 0.006251886245096548,
      "other_critical_clearance_lower": 0.006251886245096548,
      "chart_zero_clearance_lower": 0.25629873774204354,
      "elliptic_infinity_clearance_lower": 0.3535533905922738,
      "path_length": 0.5439565782743051,
      "maximum_winding_residual": 7.067899292141149e-17,
      "path": [
        {
          "real": "0.25",
          "imaginary": "0.25"
        },
        {
          "real": "0.33350463516499074",
          "imaginary": "0.35733309467704605"
        },
        {
          "real": "0.53725594496756812",
          "imaginary": "0.61922584568903838"
        },
        {
          "real": "0.58401520047455635",
          "imaginary": "0.67932808538439715"
        }
      ]
    },
    {
      "detour_fraction": 0.3,
      "detour_offset": 0.0,
      "return_fraction": 0.86,
      "minimum_clearance_lower": 0.006251886245096548,
      "other_critical_clearance_lower": 0.006251886245096548,
      "chart_zero_clearance_lower": 0.25629873774204354,
      "elliptic_infinity_clearance_lower": 0.3535533905922738,
      "path_length": 0.5439565782743051,
      "maximum_winding_residual": 7.067899292141149e-17,
      "path": [
        {
          "real": "0.25",
          "imaginary": "0.25"
        },
        {
          "real": "0.35020556219798887",
          "imaginary": "0.37879971361245524"
        },
        {
          "real": "0.53725594496756812",
          "imaginary": "0.61922584568903838"
        },
        {
          "real": "0.58401520047455635",
          "imaginary": "0.67932808538439715"
        }
      ]
    },
    {
      "detour_fraction": 0.35,
      "detour_offset": 0.0,
      "return_fraction": 0.78,
      "minimum_clearance_lower": 0.006251886245096548,
      "other_critical_clearance_lower": 0.006251886245096548,
      "chart_zero_clearance_lower": 0.25629873774204354,
      "elliptic_infinity_clearance_lower": 0.3535533905922738,
      "path_length": 0.5439565782743051,
      "maximum_winding_residual": 7.067899292141149e-17,
      "path": [
        {
          "real": "0.25",
          "imaginary": "0.25"
        },
        {
          "real": "0.36690648923098701",
          "imaginary": "0.40026633254786448"
        },
        {
          "real": "0.51053446171477113",
          "imaginary": "0.58487925539238361"
        },
        {
          "real": "0.58401520047455635",
          "imaginary": "0.67932808538439715"
        }
      ]
    }
  ]
}

=== main: C:\Users\nero_\AppData\Local\Programs\Python\Python314\python.exe scripts/certify_q79_selected_alignment_E32_thimble_polygonal_main_interval_tail_reuse_zonotope.py --distinguished-index 53 --dps 100 --order 20 --detour-fraction 0.2 --detour-offset 0.0 --return-fraction 0.82 ===
starting certified zonotope transport index=53
reused certified cutoff periods index=53 radius=5.684e-14
validated polygonal E32 main steps=10 segment=1/3 fraction=3.47507497423e-05 radius=6.130e-09
validated polygonal E32 main rejections=10 segment=1/3 fraction=0.000101944755724 next_step=9.072e-06 reason=ArithmeticError: E32 lift correction exceeds local budget
validated polygonal E32 main steps=20 segment=1/3 fraction=0.000184964596423 radius=1.165e-08
validated polygonal E32 main steps=30 segment=1/3 fraction=0.000912700555664 radius=2.244e-08
validated polygonal E32 main rejections=20 segment=1/3 fraction=0.00139616807223 next_step=1.089e-04 reason=ArithmeticError: E32 lift correction exceeds local budget
validated polygonal E32 main steps=40 segment=1/3 fraction=0.00402559221392 radius=2.860e-08
validated polygonal E32 main steps=50 segment=1/3 fraction=0.0173767351546 radius=3.673e-08
validated polygonal E32 main rejections=30 segment=1/3 fraction=0.0173767351546 next_step=1.308e-03 reason=ArithmeticError: E32 lift correction exceeds local budget
validated polygonal E32 main steps=60 segment=1/3 fraction=0.0661970381911 radius=5.268e-08
validated polygonal E32 main rejections=40 segment=1/3 fraction=0.0930857190613 next_step=2.727e-03 reason=ArithmeticError: E32 lift correction exceeds local budget
validated polygonal E32 main steps=70 segment=1/3 fraction=0.11361314539 radius=5.518e-08
validated polygonal E32 main rejections=50 segment=1/3 fraction=0.130298120567 next_step=1.283e-03 reason=ArithmeticError: E32 lift correction exceeds local budget
validated polygonal E32 main steps=80 segment=1/3 fraction=0.144167544893 radius=6.397e-08
validated polygonal E32 main steps=85 segment=1/3 fraction=0.179991799918 radius=6.972e-08
validated polygonal E32 main steps=90 segment=2/3 fraction=0.235327099098 radius=7.059e-08
validated polygonal E32 main rejections=60 segment=2/3 fraction=0.263776980244 next_step=2.952e-03 reason=ArithmeticError: E32 lift correction exceeds local budget
validated polygonal E32 main steps=100 segment=2/3 fraction=0.28920910249 radius=7.086e-08
validated polygonal E32 main steps=110 segment=2/3 fraction=0.384711841339 radius=7.880e-08
validated polygonal E32 main rejections=70 segment=2/3 fraction=0.403095661665 next_step=5.000e-03 reason=ArithmeticError: E32 lift correction exceeds local budget
validated polygonal E32 main steps=120 segment=2/3 fraction=0.504565157953 radius=9.568e-08
validated polygonal E32 main rejections=80 segment=2/3 fraction=0.535636807327 next_step=2.906e-03 reason=ArithmeticError: E32 lift correction exceeds local budget
validated polygonal E32 main steps=130 segment=2/3 fraction=0.58105409012 radius=1.034e-07
validated polygonal E32 main steps=140 segment=2/3 fraction=0.764892293377 radius=1.164e-07
validated polygonal E32 main steps=142 segment=2/3 fraction=0.79999799998 radius=1.201e-07
validated polygonal E32 main steps=150 segment=3/3 fraction=0.875115668618 radius=1.366e-07
validated polygonal E32 main steps=159 segment=3/3 fraction=1 radius=1.672e-07
wrote candidate_data/selected_q79covariantperiodbranchcutsetandtightbetatransport/selected_alignment_thimble_periods/d053_selected_055.E32_main.interval.packet.json
{
  "distinguished_index": 53,
  "main_radius": 1.6724278550042397e-07,
  "base_center_difference": 1.0391319411248055e-10,
  "other_critical_clearance": 0.006251886245096548,
  "accepted_steps": 159,
  "rejected_steps": 88
}

=== full: C:\Users\nero_\AppData\Local\Programs\Python\Python314\python.exe scripts/build_selected_q79_single_E32_thimble_full_interval.py --distinguished-index 53 ===
wrote candidate_data/selected_q79covariantperiodbranchcutsetandtightbetatransport/selected_alignment_thimble_periods/d053_selected_055.E32_full.interval.packet.json
{
  "distinguished_index": 53,
  "root_id": "selected_055",
  "full_center": {
    "real": "0.043410740919780651",
    "imaginary": "-0.35416121626087294"
  },
  "full_radius": 6.659614435022832e-06,
  "fallback": 2.3086601928801926e-05,
  "fallback_met": true,
  "floating_contained": true
}
