
=== nodal: C:\Users\nero_\AppData\Local\Programs\Python\Python314\python.exe scripts/certify_q79_selected_alignment_single_E32_thimble_nodal_factor.py --distinguished-index 56 --dps 100 ===
wrote candidate_data/selected_q79covariantperiodbranchcutsetandtightbetatransport/selected_alignment_thimble_periods/d056_selected_050.nodal_factor.interval.packet.json
{
  "distinguished_index": 56,
  "root_id": "selected_050",
  "parameter_radius": 1.4142135714185176e-80,
  "double_root_radius": 1.4142135714185176e-80,
  "node_jacobian_lower": 100.96875943506122,
  "quartic_at_node_lower": 2.090359515795993,
  "hensel_jacobian_lower": 4.3696029052788585
}

=== tail-384: C:\Users\nero_\AppData\Local\Programs\Python\Python314\python.exe scripts/certify_q79_selected_alignment_single_E32_thimble_tail_interval_node_pair.py --distinguished-index 56 --outer-segments 384 --dps 100 ===
certified E32 tail segments=8/384 x=[7.867e-06,1.000e-05] radius=7.573e-09
certified E32 tail segments=16/384 x=[6.190e-06,1.000e-05] radius=1.275e-08
certified E32 tail segments=24/384 x=[4.870e-06,1.000e-05] radius=1.635e-08
certified E32 tail segments=32/384 x=[3.831e-06,1.000e-05] radius=1.885e-08
certified E32 tail segments=40/384 x=[3.014e-06,1.000e-05] radius=2.059e-08
certified E32 tail segments=48/384 x=[2.371e-06,1.000e-05] radius=2.179e-08
certified E32 tail segments=56/384 x=[1.866e-06,1.000e-05] radius=2.263e-08
certified E32 tail segments=64/384 x=[1.468e-06,1.000e-05] radius=2.321e-08
certified E32 tail segments=72/384 x=[1.155e-06,1.000e-05] radius=2.362e-08
certified E32 tail segments=80/384 x=[9.085e-07,1.000e-05] radius=2.390e-08
certified E32 tail segments=88/384 x=[7.148e-07,1.000e-05] radius=2.410e-08
certified E32 tail segments=96/384 x=[5.623e-07,1.000e-05] radius=2.424e-08
certified E32 tail segments=104/384 x=[4.424e-07,1.000e-05] radius=2.433e-08
certified E32 tail segments=112/384 x=[3.481e-07,1.000e-05] radius=2.440e-08
certified E32 tail segments=120/384 x=[2.738e-07,1.000e-05] radius=2.444e-08
certified E32 tail segments=128/384 x=[2.154e-07,1.000e-05] radius=2.448e-08
certified E32 tail segments=136/384 x=[1.695e-07,1.000e-05] radius=2.450e-08
certified E32 tail segments=144/384 x=[1.334e-07,1.000e-05] radius=2.451e-08
certified E32 tail segments=152/384 x=[1.049e-07,1.000e-05] radius=2.452e-08
certified E32 tail segments=160/384 x=[8.254e-08,1.000e-05] radius=2.453e-08
certified E32 tail segments=168/384 x=[6.494e-08,1.000e-05] radius=2.454e-08
certified E32 tail segments=176/384 x=[5.109e-08,1.000e-05] radius=2.454e-08
certified E32 tail segments=184/384 x=[4.019e-08,1.000e-05] radius=2.454e-08
certified E32 tail segments=192/384 x=[3.162e-08,1.000e-05] radius=2.454e-08
certified E32 tail segments=200/384 x=[2.488e-08,1.000e-05] radius=2.455e-08
certified E32 tail segments=208/384 x=[1.957e-08,1.000e-05] radius=2.455e-08
certified E32 tail segments=216/384 x=[1.540e-08,1.000e-05] radius=2.455e-08
certified E32 tail segments=224/384 x=[1.212e-08,1.000e-05] radius=2.455e-08
certified E32 tail segments=232/384 x=[9.532e-09,1.000e-05] radius=2.455e-08
certified E32 tail segments=240/384 x=[7.499e-09,1.000e-05] radius=2.455e-08
certified E32 tail segments=248/384 x=[5.900e-09,1.000e-05] radius=2.455e-08
certified E32 tail segments=256/384 x=[4.642e-09,1.000e-05] radius=2.455e-08
certified E32 tail segments=264/384 x=[3.652e-09,1.000e-05] radius=2.455e-08
certified E32 tail segments=272/384 x=[2.873e-09,1.000e-05] radius=2.455e-08
certified E32 tail segments=280/384 x=[2.260e-09,1.000e-05] radius=2.455e-08
certified E32 tail segments=288/384 x=[1.778e-09,1.000e-05] radius=2.455e-08
certified E32 tail segments=296/384 x=[1.399e-09,1.000e-05] radius=2.455e-08
certified E32 tail segments=304/384 x=[1.101e-09,1.000e-05] radius=2.455e-08
certified E32 tail segments=312/384 x=[8.660e-10,1.000e-05] radius=2.455e-08
certified E32 tail segments=320/384 x=[6.813e-10,1.000e-05] radius=2.455e-08
certified E32 tail segments=328/384 x=[5.360e-10,1.000e-05] radius=2.455e-08
certified E32 tail segments=336/384 x=[4.217e-10,1.000e-05] radius=2.455e-08
certified E32 tail segments=344/384 x=[3.318e-10,1.000e-05] radius=2.455e-08
certified E32 tail segments=352/384 x=[2.610e-10,1.000e-05] radius=2.455e-08
certified E32 tail segments=360/384 x=[2.054e-10,1.000e-05] radius=2.455e-08
certified E32 tail segments=368/384 x=[1.616e-10,1.000e-05] radius=2.455e-08
certified E32 tail segments=376/384 x=[1.271e-10,1.000e-05] radius=2.455e-08
certified E32 tail segments=384/384 x=[1.000e-10,1.000e-05] radius=2.455e-08
wrote candidate_data/selected_q79covariantperiodbranchcutsetandtightbetatransport/selected_alignment_thimble_periods/d056_selected_050.E32_tail.interval.packet.json
{
  "distinguished_index": 56,
  "tail_center": {
    "real": "-4.588448465655949e-06",
    "imaginary": "-7.9344466946805554e-06"
  },
  "tail_radius": 2.4548819588243734e-08,
  "node_bound_radius": 1.307251210492383e-10,
  "regular_segments": 384
}

=== route scan: C:\Users\nero_\AppData\Local\Programs\Python\Python314\python.exe scripts/scan_q79_selected_alignment_E32_polygonal_detours.py --distinguished-index 56 --limit 5 ===
{
  "distinguished_index": 56,
  "root_id": "selected_050",
  "line_chart": "z",
  "tested": 1122,
  "accepted_null_homotopic": 640,
  "rejected": 482,
  "ranked_routes": [
    {
      "detour_fraction": 0.385,
      "detour_offset": 0.01,
      "return_fraction": 0.78,
      "minimum_clearance_lower": 0.01734674869497367,
      "other_critical_clearance_lower": 0.01734674869497367,
      "chart_zero_clearance_lower": 0.25629873774204354,
      "elliptic_infinity_clearance_lower": 0.3535533905922738,
      "path_length": 0.4793422862061931,
      "maximum_winding_residual": 7.067899292141149e-17,
      "path": [
        {
          "real": "0.25",
          "imaginary": "0.25"
        },
        {
          "real": "0.36883243104286217",
          "imaginary": "0.39128352524588988"
        },
        {
          "real": "0.47456315573324026",
          "imaginary": "0.54841859205850696"
        },
        {
          "real": "0.53789860269446532",
          "imaginary": "0.63258411265716208"
        }
      ]
    },
    {
      "detour_fraction": 0.4,
      "detour_offset": 0.01,
      "return_fraction": 0.78,
      "minimum_clearance_lower": 0.01734674869497367,
      "other_critical_clearance_lower": 0.01734674869497367,
      "chart_zero_clearance_lower": 0.25629873774204354,
      "elliptic_infinity_clearance_lower": 0.3535533905922738,
      "path_length": 0.47934254934916154,
      "maximum_winding_residual": 7.067899292141149e-17,
      "path": [
        {
          "real": "0.25",
          "imaginary": "0.25"
        },
        {
          "real": "0.37315095326850145",
          "imaginary": "0.39702234432393813"
        },
        {
          "real": "0.47456315573324026",
          "imaginary": "0.54841859205850696"
        },
        {
          "real": "0.53789860269446532",
          "imaginary": "0.63258411265716208"
        }
      ]
    },
    {
      "detour_fraction": 0.35,
      "detour_offset": 0.01,
      "return_fraction": 0.78,
      "minimum_clearance_lower": 0.01734674869497367,
      "other_critical_clearance_lower": 0.01734674869497367,
      "chart_zero_clearance_lower": 0.25629873774204354,
      "elliptic_infinity_clearance_lower": 0.3535533905922738,
      "path_length": 0.4793478669256241,
      "maximum_winding_residual": 7.067899292141149e-17,
      "path": [
        {
          "real": "0.25",
          "imaginary": "0.25"
        },
        {
          "real": "0.35875587918303731",
          "imaginary": "0.37789294739711071"
        },
        {
          "real": "0.47456315573324026",
          "imaginary": "0.54841859205850696"
        },
        {
          "real": "0.53789860269446532",
          "imaginary": "0.63258411265716208"
        }
      ]
    },
    {
      "detour_fraction": 0.45,
      "detour_offset": 0.01,
      "return_fraction": 0.78,
      "minimum_clearance_lower": 0.01734674869497367,
      "other_critical_clearance_lower": 0.01734674869497367,
      "chart_zero_clearance_lower": 0.25629873774204354,
      "elliptic_infinity_clearance_lower": 0.3535533905922738,
      "path_length": 0.4793551230178183,
      "maximum_winding_residual": 7.067899292141149e-17,
      "path": [
        {
          "real": "0.25",
          "imaginary": "0.25"
        },
        {
          "real": "0.38754602735396554",
          "imaginary": "0.41615174125076548"
        },
        {
          "real": "0.47456315573324026",
          "imaginary": "0.54841859205850696"
        },
        {
          "real": "0.53789860269446532",
          "imaginary": "0.63258411265716208"
        }
      ]
    },
    {
      "detour_fraction": 0.5,
      "detour_offset": 0.01,
      "return_fraction": 0.78,
      "minimum_clearance_lower": 0.01734674869497367,
      "other_critical_clearance_lower": 0.01734674869497367,
      "chart_zero_clearance_lower": 0.25629873774204354,
      "elliptic_infinity_clearance_lower": 0.3535533905922738,
      "path_length": 0.47938825729404966,
      "maximum_winding_residual": 7.067899292141149e-17,
      "path": [
        {
          "real": "0.25",
          "imaginary": "0.25"
        },
        {
          "real": "0.40194110143942968",
          "imaginary": "0.43528113817759284"
        },
        {
          "real": "0.47456315573324026",
          "imaginary": "0.54841859205850696"
        },
        {
          "real": "0.53789860269446532",
          "imaginary": "0.63258411265716208"
        }
      ]
    }
  ]
}

=== main: C:\Users\nero_\AppData\Local\Programs\Python\Python314\python.exe scripts/certify_q79_selected_alignment_E32_thimble_polygonal_main_interval_tail_reuse_zonotope.py --distinguished-index 56 --dps 100 --order 20 --detour-fraction 0.385 --detour-offset 0.01 --return-fraction 0.78 ===
starting certified zonotope transport index=56
reused certified cutoff periods index=56 radius=3.553e-15
validated polygonal E32 main steps=10 segment=1/3 fraction=5.82470930262e-05 radius=1.613e-08
validated polygonal E32 main steps=20 segment=1/3 fraction=0.000449558856697 radius=3.098e-08
validated polygonal E32 main rejections=10 segment=1/3 fraction=0.000809355616878 next_step=6.526e-05 reason=ArithmeticError: E32 lift correction exceeds local budget
validated polygonal E32 main steps=30 segment=1/3 fraction=0.0031594824094 radius=4.890e-08
validated polygonal E32 main steps=40 segment=1/3 fraction=0.0215566006397 radius=6.885e-08
validated polygonal E32 main rejections=20 segment=1/3 fraction=0.0614259814692 next_step=4.743e-03 reason=ArithmeticError: E32 lift correction exceeds local budget
validated polygonal E32 main steps=50 segment=1/3 fraction=0.13085710598 radius=7.721e-08
validated polygonal E32 main steps=60 segment=1/3 fraction=0.208050966833 radius=7.979e-08
validated polygonal E32 main steps=62 segment=1/3 fraction=0.21974656385 radius=8.017e-08
validated polygonal E32 main steps=70 segment=2/3 fraction=0.313918214673 radius=8.309e-08
validated polygonal E32 main rejections=30 segment=2/3 fraction=0.334780133782 next_step=5.000e-03 reason=ArithmeticError: E32 lift correction exceeds local budget
validated polygonal E32 main steps=80 segment=2/3 fraction=0.44842648122 radius=9.408e-08
validated polygonal E32 main steps=90 segment=2/3 fraction=0.583807606623 radius=1.140e-07
validated polygonal E32 main steps=92 segment=2/3 fraction=0.614860601795 radius=1.164e-07
validated polygonal E32 main steps=100 segment=3/3 fraction=0.750671695189 radius=1.312e-07
validated polygonal E32 main rejections=40 segment=3/3 fraction=0.771533614298 next_step=5.000e-03 reason=ArithmeticError: E32 lift correction exceeds local budget
validated polygonal E32 main steps=110 segment=3/3 fraction=0.880351554006 radius=1.604e-07
validated polygonal E32 main steps=117 segment=3/3 fraction=1 radius=1.863e-07
wrote candidate_data/selected_q79covariantperiodbranchcutsetandtightbetatransport/selected_alignment_thimble_periods/d056_selected_050.E32_main.interval.packet.json
{
  "distinguished_index": 56,
  "main_radius": 1.862740075079708e-07,
  "base_center_difference": 4.935738770173346e-11,
  "other_critical_clearance": 0.01734674869497367,
  "accepted_steps": 117,
  "rejected_steps": 46
}

=== full: C:\Users\nero_\AppData\Local\Programs\Python\Python314\python.exe scripts/build_selected_q79_single_E32_thimble_full_interval.py --distinguished-index 56 ===
wrote candidate_data/selected_q79covariantperiodbranchcutsetandtightbetatransport/selected_alignment_thimble_periods/d056_selected_050.E32_full.interval.packet.json
{
  "distinguished_index": 56,
  "root_id": "selected_050",
  "full_center": {
    "real": "0.22315250325582528",
    "imaginary": "-0.0030376495792423814"
  },
  "full_radius": 2.8798004914065705e-07,
  "fallback": 2.3086601928801926e-05,
  "fallback_met": true,
  "floating_contained": true
}
