
=== nodal: C:\Users\nero_\AppData\Local\Programs\Python\Python314\python.exe scripts/certify_q79_selected_alignment_single_E32_thimble_nodal_factor.py --distinguished-index 64 --dps 100 ===
wrote candidate_data/selected_q79covariantperiodbranchcutsetandtightbetatransport/selected_alignment_thimble_periods/d064_selected_039.nodal_factor.interval.packet.json
{
  "distinguished_index": 64,
  "root_id": "selected_039",
  "parameter_radius": 1.4142135714185176e-80,
  "double_root_radius": 1.4142135714185176e-80,
  "node_jacobian_lower": 93.98710197597056,
  "quartic_at_node_lower": 1.8325069553208078,
  "hensel_jacobian_lower": 3.3580817412991375
}

=== tail-384: C:\Users\nero_\AppData\Local\Programs\Python\Python314\python.exe scripts/certify_q79_selected_alignment_single_E32_thimble_tail_interval_node_pair.py --distinguished-index 64 --outer-segments 384 --dps 100 ===
certified E32 tail segments=8/384 x=[7.867e-06,1.000e-05] radius=4.044e-08
certified E32 tail segments=16/384 x=[6.190e-06,1.000e-05] radius=6.730e-08
certified E32 tail segments=24/384 x=[4.870e-06,1.000e-05] radius=8.478e-08
certified E32 tail segments=32/384 x=[3.831e-06,1.000e-05] radius=9.568e-08
certified E32 tail segments=40/384 x=[3.014e-06,1.000e-05] radius=1.002e-07
certified E32 tail segments=48/384 x=[2.371e-06,1.000e-05] radius=1.011e-07
certified E32 tail segments=56/384 x=[1.866e-06,1.000e-05] radius=1.018e-07
certified E32 tail segments=64/384 x=[1.468e-06,1.000e-05] radius=1.022e-07
certified E32 tail segments=72/384 x=[1.155e-06,1.000e-05] radius=1.026e-07
certified E32 tail segments=80/384 x=[9.085e-07,1.000e-05] radius=1.028e-07
certified E32 tail segments=88/384 x=[7.148e-07,1.000e-05] radius=1.029e-07
certified E32 tail segments=96/384 x=[5.623e-07,1.000e-05] radius=1.030e-07
certified E32 tail segments=104/384 x=[4.424e-07,1.000e-05] radius=1.031e-07
certified E32 tail segments=112/384 x=[3.481e-07,1.000e-05] radius=1.032e-07
certified E32 tail segments=120/384 x=[2.738e-07,1.000e-05] radius=1.032e-07
certified E32 tail segments=128/384 x=[2.154e-07,1.000e-05] radius=1.032e-07
certified E32 tail segments=136/384 x=[1.695e-07,1.000e-05] radius=1.033e-07
certified E32 tail segments=144/384 x=[1.334e-07,1.000e-05] radius=1.033e-07
certified E32 tail segments=152/384 x=[1.049e-07,1.000e-05] radius=1.033e-07
certified E32 tail segments=160/384 x=[8.254e-08,1.000e-05] radius=1.033e-07
certified E32 tail segments=168/384 x=[6.494e-08,1.000e-05] radius=1.033e-07
certified E32 tail segments=176/384 x=[5.109e-08,1.000e-05] radius=1.033e-07
certified E32 tail segments=184/384 x=[4.019e-08,1.000e-05] radius=1.033e-07
certified E32 tail segments=192/384 x=[3.162e-08,1.000e-05] radius=1.033e-07
certified E32 tail segments=200/384 x=[2.488e-08,1.000e-05] radius=1.033e-07
certified E32 tail segments=208/384 x=[1.957e-08,1.000e-05] radius=1.033e-07
certified E32 tail segments=216/384 x=[1.540e-08,1.000e-05] radius=1.033e-07
certified E32 tail segments=224/384 x=[1.212e-08,1.000e-05] radius=1.033e-07
certified E32 tail segments=232/384 x=[9.532e-09,1.000e-05] radius=1.033e-07
certified E32 tail segments=240/384 x=[7.499e-09,1.000e-05] radius=1.033e-07
certified E32 tail segments=248/384 x=[5.900e-09,1.000e-05] radius=1.033e-07
certified E32 tail segments=256/384 x=[4.642e-09,1.000e-05] radius=1.033e-07
certified E32 tail segments=264/384 x=[3.652e-09,1.000e-05] radius=1.033e-07
certified E32 tail segments=272/384 x=[2.873e-09,1.000e-05] radius=1.033e-07
certified E32 tail segments=280/384 x=[2.260e-09,1.000e-05] radius=1.033e-07
certified E32 tail segments=288/384 x=[1.778e-09,1.000e-05] radius=1.033e-07
certified E32 tail segments=296/384 x=[1.399e-09,1.000e-05] radius=1.033e-07
certified E32 tail segments=304/384 x=[1.101e-09,1.000e-05] radius=1.033e-07
certified E32 tail segments=312/384 x=[8.660e-10,1.000e-05] radius=1.033e-07
certified E32 tail segments=320/384 x=[6.813e-10,1.000e-05] radius=1.033e-07
certified E32 tail segments=328/384 x=[5.360e-10,1.000e-05] radius=1.033e-07
certified E32 tail segments=336/384 x=[4.217e-10,1.000e-05] radius=1.033e-07
certified E32 tail segments=344/384 x=[3.318e-10,1.000e-05] radius=1.033e-07
certified E32 tail segments=352/384 x=[2.610e-10,1.000e-05] radius=1.033e-07
certified E32 tail segments=360/384 x=[2.054e-10,1.000e-05] radius=1.033e-07
certified E32 tail segments=368/384 x=[1.616e-10,1.000e-05] radius=1.033e-07
certified E32 tail segments=376/384 x=[1.271e-10,1.000e-05] radius=1.033e-07
certified E32 tail segments=384/384 x=[1.000e-10,1.000e-05] radius=1.033e-07
wrote candidate_data/selected_q79covariantperiodbranchcutsetandtightbetatransport/selected_alignment_thimble_periods/d064_selected_039.E32_tail.interval.packet.json
{
  "distinguished_index": 64,
  "tail_center": {
    "real": "-3.7143285842631465e-06",
    "imaginary": "2.1702217434476482e-06"
  },
  "tail_radius": 1.0329385979890306e-07,
  "node_bound_radius": 6.140159821560466e-11,
  "regular_segments": 384
}

=== route scan: C:\Users\nero_\AppData\Local\Programs\Python\Python314\python.exe scripts/scan_q79_selected_alignment_E32_polygonal_detours.py --distinguished-index 64 --limit 5 ===
{
  "distinguished_index": 64,
  "root_id": "selected_039",
  "line_chart": "z",
  "tested": 1122,
  "accepted_null_homotopic": 1122,
  "rejected": 0,
  "ranked_routes": [
    {
      "detour_fraction": 0.25,
      "detour_offset": 0.0,
      "return_fraction": 0.86,
      "minimum_clearance_lower": 6.4394643414114e-05,
      "other_critical_clearance_lower": 6.4394643414114e-05,
      "chart_zero_clearance_lower": 0.25629873774204354,
      "elliptic_infinity_clearance_lower": 0.3535533905922738,
      "path_length": 0.25102403576027627,
      "maximum_winding_residual": 3.533949646070574e-17,
      "path": [
        {
          "real": "0.25",
          "imaginary": "0.25"
        },
        {
          "real": "0.27858538010882317",
          "imaginary": "0.30586834049472739"
        },
        {
          "real": "0.34833370757435178",
          "imaginary": "0.44218709130186218"
        },
        {
          "real": "0.36434037702008842",
          "imaginary": "0.47347112724528978"
        }
      ]
    },
    {
      "detour_fraction": 0.3,
      "detour_offset": 0.0,
      "return_fraction": 0.86,
      "minimum_clearance_lower": 6.4394643414114e-05,
      "other_critical_clearance_lower": 6.4394643414114e-05,
      "chart_zero_clearance_lower": 0.25629873774204354,
      "elliptic_infinity_clearance_lower": 0.3535533905922738,
      "path_length": 0.25102403576027627,
      "maximum_winding_residual": 3.533949646070574e-17,
      "path": [
        {
          "real": "0.25",
          "imaginary": "0.25"
        },
        {
          "real": "0.28430245613058786",
          "imaginary": "0.31704200859367287"
        },
        {
          "real": "0.34833370757435178",
          "imaginary": "0.44218709130186218"
        },
        {
          "real": "0.36434037702008842",
          "imaginary": "0.47347112724528978"
        }
      ]
    },
    {
      "detour_fraction": 0.32,
      "detour_offset": 0.0,
      "return_fraction": 0.86,
      "minimum_clearance_lower": 6.4394643414114e-05,
      "other_critical_clearance_lower": 6.4394643414114e-05,
      "chart_zero_clearance_lower": 0.25629873774204354,
      "elliptic_infinity_clearance_lower": 0.3535533905922738,
      "path_length": 0.25102403576027627,
      "maximum_winding_residual": 3.533949646070574e-17,
      "path": [
        {
          "real": "0.25",
          "imaginary": "0.25"
        },
        {
          "real": "0.28658928653929372",
          "imaginary": "0.32151147583325107"
        },
        {
          "real": "0.34833370757435178",
          "imaginary": "0.44218709130186218"
        },
        {
          "real": "0.36434037702008842",
          "imaginary": "0.47347112724528978"
        }
      ]
    },
    {
      "detour_fraction": 0.35,
      "detour_offset": 0.0,
      "return_fraction": 0.86,
      "minimum_clearance_lower": 6.4394643414114e-05,
      "other_critical_clearance_lower": 6.4394643414114e-05,
      "chart_zero_clearance_lower": 0.25629873774204354,
      "elliptic_infinity_clearance_lower": 0.3535533905922738,
      "path_length": 0.25102403576027627,
      "maximum_winding_residual": 3.533949646070574e-17,
      "path": [
        {
          "real": "0.25",
          "imaginary": "0.25"
        },
        {
          "real": "0.29001953215235249",
          "imaginary": "0.32821567669261831"
        },
        {
          "real": "0.34833370757435178",
          "imaginary": "0.44218709130186218"
        },
        {
          "real": "0.36434037702008842",
          "imaginary": "0.47347112724528978"
        }
      ]
    },
    {
      "detour_fraction": 0.385,
      "detour_offset": 0.0,
      "return_fraction": 0.86,
      "minimum_clearance_lower": 6.4394643414114e-05,
      "other_critical_clearance_lower": 6.4394643414114e-05,
      "chart_zero_clearance_lower": 0.25629873774204354,
      "elliptic_infinity_clearance_lower": 0.3535533905922738,
      "path_length": 0.25102403576027627,
      "maximum_winding_residual": 4.1965652047088066e-17,
      "path": [
        {
          "real": "0.25",
          "imaginary": "0.25"
        },
        {
          "real": "0.29402148536758771",
          "imaginary": "0.33603724436188021"
        },
        {
          "real": "0.34833370757435178",
          "imaginary": "0.44218709130186218"
        },
        {
          "real": "0.36434037702008842",
          "imaginary": "0.47347112724528978"
        }
      ]
    }
  ]
}

=== main: C:\Users\nero_\AppData\Local\Programs\Python\Python314\python.exe scripts/certify_q79_selected_alignment_E32_thimble_polygonal_main_interval_tail_reuse_zonotope.py --distinguished-index 64 --dps 100 --order 20 --detour-fraction 0.25 --detour-offset 0.0 --return-fraction 0.86 ===
starting certified zonotope transport index=64
reused certified cutoff periods index=64 radius=8.882e-16
validated polygonal E32 main steps=10 segment=1/3 fraction=6.84615853453e-05 radius=7.540e-09
validated polygonal E32 main steps=20 segment=1/3 fraction=0.000607406612685 radius=2.592e-08
validated polygonal E32 main rejections=10 segment=1/3 fraction=0.00187321716886 next_step=8.314e-05 reason=ArithmeticError: E32 lift correction exceeds local budget
validated polygonal E32 main steps=30 segment=1/3 fraction=0.00512634056249 radius=4.190e-08
validated polygonal E32 main steps=40 segment=1/3 fraction=0.0280176410903 radius=4.873e-08
validated polygonal E32 main rejections=20 segment=1/3 fraction=0.0319529351106 next_step=4.211e-04 reason=ArithmeticError: E32 lift correction exceeds local budget
validated polygonal E32 main steps=50 segment=1/3 fraction=0.0390036518645 radius=5.001e-08
validated polygonal E32 main rejections=30 segment=1/3 fraction=0.0393647445436 next_step=8.158e-05 reason=ArithmeticError: E32 lift correction exceeds local budget
validated polygonal E32 main steps=60 segment=1/3 fraction=0.0408469276002 radius=6.535e-08
validated polygonal E32 main rejections=40 segment=1/3 fraction=0.04090004387 next_step=1.200e-05 reason=ArithmeticError: E32 lift correction exceeds local budget
validated polygonal E32 main steps=70 segment=1/3 fraction=0.0414836812286 radius=6.708e-08
validated polygonal E32 main rejections=50 segment=1/3 fraction=0.0441003655705 next_step=1.094e-04 reason=ArithmeticError: E32 lift correction exceeds local budget
validated polygonal E32 main steps=80 segment=1/3 fraction=0.0445362602114 radius=7.831e-08
validated polygonal E32 main steps=90 segment=1/3 fraction=0.0638944939348 radius=9.275e-08
validated polygonal E32 main steps=98 segment=1/3 fraction=0.139991399914 radius=1.149e-07
validated polygonal E32 main steps=100 segment=2/3 fraction=0.167877175787 radius=1.185e-07
validated polygonal E32 main steps=110 segment=2/3 fraction=0.558676406239 radius=1.937e-07
validated polygonal E32 main steps=115 segment=2/3 fraction=0.749997499975 radius=2.420e-07
validated polygonal E32 main steps=120 segment=3/3 fraction=0.889824747568 radius=2.810e-07
validated polygonal E32 main steps=123 segment=3/3 fraction=1 radius=3.142e-07
wrote candidate_data/selected_q79covariantperiodbranchcutsetandtightbetatransport/selected_alignment_thimble_periods/d064_selected_039.E32_main.interval.packet.json
{
  "distinguished_index": 64,
  "main_radius": 3.1420381143949104e-07,
  "base_center_difference": 2.0799031760660225e-10,
  "other_critical_clearance": 6.4394643414114e-05,
  "accepted_steps": 123,
  "rejected_steps": 57
}

=== full: C:\Users\nero_\AppData\Local\Programs\Python\Python314\python.exe scripts/build_selected_q79_single_E32_thimble_full_interval.py --distinguished-index 64 ===
wrote candidate_data/selected_q79covariantperiodbranchcutsetandtightbetatransport/selected_alignment_thimble_periods/d064_selected_039.E32_full.interval.packet.json
{
  "distinguished_index": 64,
  "root_id": "selected_039",
  "full_center": {
    "real": "-0.53451632993351861",
    "imaginary": "-0.22509685904428056"
  },
  "full_radius": 5.476451558905638e-07,
  "fallback": 2.3086601928801926e-05,
  "fallback_met": true,
  "floating_contained": true
}
