
=== nodal: C:\Users\nero_\AppData\Local\Programs\Python\Python314\python.exe scripts/certify_q79_selected_alignment_single_E32_thimble_nodal_factor.py --distinguished-index 68 --dps 100 ===
wrote candidate_data/selected_q79covariantperiodbranchcutsetandtightbetatransport/selected_alignment_thimble_periods/d068_selected_080.nodal_factor.interval.packet.json
{
  "distinguished_index": 68,
  "root_id": "selected_080",
  "parameter_radius": 1.4142135714185176e-80,
  "double_root_radius": 1.4142135714185176e-80,
  "node_jacobian_lower": 235.4741801606929,
  "quartic_at_node_lower": 13.35726227742271,
  "hensel_jacobian_lower": 178.4164555478597
}

=== tail-384: C:\Users\nero_\AppData\Local\Programs\Python\Python314\python.exe scripts/certify_q79_selected_alignment_single_E32_thimble_tail_interval_node_pair.py --distinguished-index 68 --outer-segments 384 --dps 100 ===
Traceback (most recent call last):
  File "C:\Users\nero_\Downloads\TEXPAPERS\mtt-sm-parity-closure\scripts\certify_q79_selected_alignment_single_E32_thimble_tail_interval_node_pair.py", line 71, in <module>
    result = tail.main()
  File "C:\Users\nero_\Downloads\TEXPAPERS\mtt-sm-parity-closure\scripts\certify_q79_selected_alignment_single_E32_thimble_tail_interval.py", line 737, in main
    periods, period_diagnostics = period_enclosure(
                                  ~~~~~~~~~~~~~~~~^
        factor, theta_segments=arguments.theta_segments
        ^^^^^^^^^^^^^^^^^^^^^^^^^^^^^^^^^^^^^^^^^^^^^^^
    )
    ^
  File "C:\Users\nero_\Downloads\TEXPAPERS\mtt-sm-parity-closure\scripts\certify_q79_selected_alignment_single_E32_thimble_tail_interval.py", line 474, in period_enclosure
    raise ZeroDivisionError("regular period segment contains the nodal discriminant")
ZeroDivisionError: regular period segment contains the nodal discriminant

=== tail-768: C:\Users\nero_\AppData\Local\Programs\Python\Python314\python.exe scripts/certify_q79_selected_alignment_single_E32_thimble_tail_interval_node_pair.py --distinguished-index 68 --outer-segments 768 --dps 100 ===
certified E32 tail segments=8/768 x=[8.870e-06,1.000e-05] radius=8.773e-08
certified E32 tail segments=16/768 x=[7.867e-06,1.000e-05] radius=1.632e-07
certified E32 tail segments=24/768 x=[6.978e-06,1.000e-05] radius=2.262e-07
certified E32 tail segments=32/768 x=[6.190e-06,1.000e-05] radius=2.793e-07
certified E32 tail segments=40/768 x=[5.490e-06,1.000e-05] radius=3.252e-07
certified E32 tail segments=48/768 x=[4.870e-06,1.000e-05] radius=3.636e-07
certified E32 tail segments=56/768 x=[4.319e-06,1.000e-05] radius=3.956e-07
certified E32 tail segments=64/768 x=[3.831e-06,1.000e-05] radius=4.234e-07
certified E32 tail segments=72/768 x=[3.398e-06,1.000e-05] radius=4.456e-07
certified E32 tail segments=80/768 x=[3.014e-06,1.000e-05] radius=4.648e-07
certified E32 tail segments=88/768 x=[2.674e-06,1.000e-05] radius=4.801e-07
certified E32 tail segments=96/768 x=[2.371e-06,1.000e-05] radius=4.928e-07
certified E32 tail segments=104/768 x=[2.103e-06,1.000e-05] radius=5.032e-07
certified E32 tail segments=112/768 x=[1.866e-06,1.000e-05] radius=5.112e-07
certified E32 tail segments=120/768 x=[1.655e-06,1.000e-05] radius=5.173e-07
certified E32 tail segments=128/768 x=[1.468e-06,1.000e-05] radius=5.215e-07
certified E32 tail segments=136/768 x=[1.302e-06,1.000e-05] radius=5.233e-07
certified E32 tail segments=144/768 x=[1.155e-06,1.000e-05] radius=5.237e-07
certified E32 tail segments=152/768 x=[1.024e-06,1.000e-05] radius=5.240e-07
certified E32 tail segments=160/768 x=[9.085e-07,1.000e-05] radius=5.243e-07
certified E32 tail segments=168/768 x=[8.058e-07,1.000e-05] radius=5.245e-07
certified E32 tail segments=176/768 x=[7.148e-07,1.000e-05] radius=5.247e-07
certified E32 tail segments=184/768 x=[6.340e-07,1.000e-05] radius=5.248e-07
certified E32 tail segments=192/768 x=[5.623e-07,1.000e-05] radius=5.250e-07
certified E32 tail segments=200/768 x=[4.988e-07,1.000e-05] radius=5.251e-07
certified E32 tail segments=208/768 x=[4.424e-07,1.000e-05] radius=5.252e-07
certified E32 tail segments=216/768 x=[3.924e-07,1.000e-05] radius=5.252e-07
certified E32 tail segments=224/768 x=[3.481e-07,1.000e-05] radius=5.253e-07
certified E32 tail segments=232/768 x=[3.087e-07,1.000e-05] radius=5.254e-07
certified E32 tail segments=240/768 x=[2.738e-07,1.000e-05] radius=5.254e-07
certified E32 tail segments=248/768 x=[2.429e-07,1.000e-05] radius=5.254e-07
certified E32 tail segments=256/768 x=[2.154e-07,1.000e-05] radius=5.255e-07
certified E32 tail segments=264/768 x=[1.911e-07,1.000e-05] radius=5.255e-07
certified E32 tail segments=272/768 x=[1.695e-07,1.000e-05] radius=5.255e-07
certified E32 tail segments=280/768 x=[1.503e-07,1.000e-05] radius=5.255e-07
certified E32 tail segments=288/768 x=[1.334e-07,1.000e-05] radius=5.255e-07
certified E32 tail segments=296/768 x=[1.183e-07,1.000e-05] radius=5.256e-07
certified E32 tail segments=304/768 x=[1.049e-07,1.000e-05] radius=5.256e-07
certified E32 tail segments=312/768 x=[9.306e-08,1.000e-05] radius=5.256e-07
certified E32 tail segments=320/768 x=[8.254e-08,1.000e-05] radius=5.256e-07
certified E32 tail segments=328/768 x=[7.321e-08,1.000e-05] radius=5.256e-07
certified E32 tail segments=336/768 x=[6.494e-08,1.000e-05] radius=5.256e-07
certified E32 tail segments=344/768 x=[5.760e-08,1.000e-05] radius=5.256e-07
certified E32 tail segments=352/768 x=[5.109e-08,1.000e-05] radius=5.256e-07
certified E32 tail segments=360/768 x=[4.532e-08,1.000e-05] radius=5.256e-07
certified E32 tail segments=368/768 x=[4.019e-08,1.000e-05] radius=5.256e-07
certified E32 tail segments=376/768 x=[3.565e-08,1.000e-05] radius=5.256e-07
certified E32 tail segments=384/768 x=[3.162e-08,1.000e-05] radius=5.256e-07
certified E32 tail segments=392/768 x=[2.805e-08,1.000e-05] radius=5.256e-07
certified E32 tail segments=400/768 x=[2.488e-08,1.000e-05] radius=5.256e-07
certified E32 tail segments=408/768 x=[2.207e-08,1.000e-05] radius=5.256e-07
certified E32 tail segments=416/768 x=[1.957e-08,1.000e-05] radius=5.256e-07
certified E32 tail segments=424/768 x=[1.736e-08,1.000e-05] radius=5.256e-07
certified E32 tail segments=432/768 x=[1.540e-08,1.000e-05] radius=5.256e-07
certified E32 tail segments=440/768 x=[1.366e-08,1.000e-05] radius=5.256e-07
certified E32 tail segments=448/768 x=[1.212e-08,1.000e-05] radius=5.256e-07
certified E32 tail segments=456/768 x=[1.075e-08,1.000e-05] radius=5.256e-07
certified E32 tail segments=464/768 x=[9.532e-09,1.000e-05] radius=5.256e-07
certified E32 tail segments=472/768 x=[8.454e-09,1.000e-05] radius=5.256e-07
certified E32 tail segments=480/768 x=[7.499e-09,1.000e-05] radius=5.256e-07
certified E32 tail segments=488/768 x=[6.651e-09,1.000e-05] radius=5.256e-07
certified E32 tail segments=496/768 x=[5.900e-09,1.000e-05] radius=5.256e-07
certified E32 tail segments=504/768 x=[5.233e-09,1.000e-05] radius=5.256e-07
certified E32 tail segments=512/768 x=[4.642e-09,1.000e-05] radius=5.256e-07
certified E32 tail segments=520/768 x=[4.117e-09,1.000e-05] radius=5.256e-07
certified E32 tail segments=528/768 x=[3.652e-09,1.000e-05] radius=5.256e-07
certified E32 tail segments=536/768 x=[3.239e-09,1.000e-05] radius=5.256e-07
certified E32 tail segments=544/768 x=[2.873e-09,1.000e-05] radius=5.256e-07
certified E32 tail segments=552/768 x=[2.548e-09,1.000e-05] radius=5.256e-07
certified E32 tail segments=560/768 x=[2.260e-09,1.000e-05] radius=5.256e-07
certified E32 tail segments=568/768 x=[2.005e-09,1.000e-05] radius=5.256e-07
certified E32 tail segments=576/768 x=[1.778e-09,1.000e-05] radius=5.256e-07
certified E32 tail segments=584/768 x=[1.577e-09,1.000e-05] radius=5.256e-07
certified E32 tail segments=592/768 x=[1.399e-09,1.000e-05] radius=5.256e-07
certified E32 tail segments=600/768 x=[1.241e-09,1.000e-05] radius=5.256e-07
certified E32 tail segments=608/768 x=[1.101e-09,1.000e-05] radius=5.256e-07
certified E32 tail segments=616/768 x=[9.763e-10,1.000e-05] radius=5.256e-07
certified E32 tail segments=624/768 x=[8.660e-10,1.000e-05] radius=5.256e-07
certified E32 tail segments=632/768 x=[7.681e-10,1.000e-05] radius=5.256e-07
certified E32 tail segments=640/768 x=[6.813e-10,1.000e-05] radius=5.256e-07
certified E32 tail segments=648/768 x=[6.043e-10,1.000e-05] radius=5.256e-07
certified E32 tail segments=656/768 x=[5.360e-10,1.000e-05] radius=5.256e-07
certified E32 tail segments=664/768 x=[4.754e-10,1.000e-05] radius=5.256e-07
certified E32 tail segments=672/768 x=[4.217e-10,1.000e-05] radius=5.256e-07
certified E32 tail segments=680/768 x=[3.740e-10,1.000e-05] radius=5.256e-07
certified E32 tail segments=688/768 x=[3.318e-10,1.000e-05] radius=5.256e-07
certified E32 tail segments=696/768 x=[2.943e-10,1.000e-05] radius=5.256e-07
certified E32 tail segments=704/768 x=[2.610e-10,1.000e-05] radius=5.256e-07
certified E32 tail segments=712/768 x=[2.315e-10,1.000e-05] radius=5.256e-07
certified E32 tail segments=720/768 x=[2.054e-10,1.000e-05] radius=5.256e-07
certified E32 tail segments=728/768 x=[1.821e-10,1.000e-05] radius=5.256e-07
certified E32 tail segments=736/768 x=[1.616e-10,1.000e-05] radius=5.256e-07
certified E32 tail segments=744/768 x=[1.433e-10,1.000e-05] radius=5.256e-07
certified E32 tail segments=752/768 x=[1.271e-10,1.000e-05] radius=5.256e-07
certified E32 tail segments=760/768 x=[1.127e-10,1.000e-05] radius=5.256e-07
certified E32 tail segments=768/768 x=[1.000e-10,1.000e-05] radius=5.256e-07
wrote candidate_data/selected_q79covariantperiodbranchcutsetandtightbetatransport/selected_alignment_thimble_periods/d068_selected_080.E32_tail.interval.packet.json
{
  "distinguished_index": 68,
  "tail_center": {
    "real": "-6.6825608622636448e-06",
    "imaginary": "-9.0164404673488989e-06"
  },
  "tail_radius": 5.256219850480194e-07,
  "node_bound_radius": 2.0986944929309029e-10,
  "regular_segments": 768
}

=== route scan: C:\Users\nero_\AppData\Local\Programs\Python\Python314\python.exe scripts/scan_q79_selected_alignment_E32_polygonal_detours.py --distinguished-index 68 --limit 5 ===
{
  "distinguished_index": 68,
  "root_id": "selected_080",
  "line_chart": "z",
  "tested": 1122,
  "accepted_null_homotopic": 514,
  "rejected": 608,
  "ranked_routes": [
    {
      "detour_fraction": 0.2,
      "detour_offset": 0.0,
      "return_fraction": 0.86,
      "minimum_clearance_lower": 0.0018384453424103993,
      "other_critical_clearance_lower": 0.0018384453424103993,
      "chart_zero_clearance_lower": 0.25629873774204354,
      "elliptic_infinity_clearance_lower": 0.3535533905922738,
      "path_length": 0.8306271917397711,
      "maximum_winding_residual": 7.067899292141149e-17,
      "path": [
        {
          "real": "0.25",
          "imaginary": "0.25"
        },
        {
          "real": "0.31457138593249412",
          "imaginary": "0.40306452674137649"
        },
        {
          "real": "0.52765695950972469",
          "imaginary": "0.90817746498791896"
        },
        {
          "real": "0.57285370109317402",
          "imaginary": "1.0153149804805457"
        }
      ]
    },
    {
      "detour_fraction": 0.2,
      "detour_offset": 0.0,
      "return_fraction": 0.65,
      "minimum_clearance_lower": 0.0018384453424103993,
      "other_critical_clearance_lower": 0.0018384453424103993,
      "chart_zero_clearance_lower": 0.25629873774204354,
      "elliptic_infinity_clearance_lower": 0.3535533905922738,
      "path_length": 0.8306271917397712,
      "maximum_winding_residual": 7.067899292141149e-17,
      "path": [
        {
          "real": "0.25",
          "imaginary": "0.25"
        },
        {
          "real": "0.31457138593249412",
          "imaginary": "0.40306452674137649"
        },
        {
          "real": "0.45985700428060589",
          "imaginary": "0.74745971190947369"
        },
        {
          "real": "0.57285370109317402",
          "imaginary": "1.0153149804805457"
        }
      ]
    },
    {
      "detour_fraction": 0.2,
      "detour_offset": 0.0,
      "return_fraction": 0.7,
      "minimum_clearance_lower": 0.0018384453424103993,
      "other_critical_clearance_lower": 0.0018384453424103993,
      "chart_zero_clearance_lower": 0.25629873774204354,
      "elliptic_infinity_clearance_lower": 0.3535533905922738,
      "path_length": 0.8306271917397712,
      "maximum_winding_residual": 7.067899292141149e-17,
      "path": [
        {
          "real": "0.25",
          "imaginary": "0.25"
        },
        {
          "real": "0.31457138593249412",
          "imaginary": "0.40306452674137649"
        },
        {
          "real": "0.47599985076372942",
          "imaginary": "0.78572584359481779"
        },
        {
          "real": "0.57285370109317402",
          "imaginary": "1.0153149804805457"
        }
      ]
    },
    {
      "detour_fraction": 0.2,
      "detour_offset": 0.0,
      "return_fraction": 0.74,
      "minimum_clearance_lower": 0.0018384453424103993,
      "other_critical_clearance_lower": 0.0018384453424103993,
      "chart_zero_clearance_lower": 0.25629873774204354,
      "elliptic_infinity_clearance_lower": 0.3535533905922738,
      "path_length": 0.8306271917397712,
      "maximum_winding_residual": 7.067899292141149e-17,
      "path": [
        {
          "real": "0.25",
          "imaginary": "0.25"
        },
        {
          "real": "0.31457138593249412",
          "imaginary": "0.40306452674137649"
        },
        {
          "real": "0.48891412795022826",
          "imaginary": "0.81633874894309311"
        },
        {
          "real": "0.57285370109317402",
          "imaginary": "1.0153149804805457"
        }
      ]
    },
    {
      "detour_fraction": 0.2,
      "detour_offset": 0.0,
      "return_fraction": 0.78,
      "minimum_clearance_lower": 0.0018384453424103993,
      "other_critical_clearance_lower": 0.0018384453424103993,
      "chart_zero_clearance_lower": 0.25629873774204354,
      "elliptic_infinity_clearance_lower": 0.3535533905922738,
      "path_length": 0.8306271917397712,
      "maximum_winding_residual": 7.067899292141149e-17,
      "path": [
        {
          "real": "0.25",
          "imaginary": "0.25"
        },
        {
          "real": "0.31457138593249412",
          "imaginary": "0.40306452674137649"
        },
        {
          "real": "0.501828405136727",
          "imaginary": "0.84695165429136843"
        },
        {
          "real": "0.57285370109317402",
          "imaginary": "1.0153149804805457"
        }
      ]
    }
  ]
}

=== main: C:\Users\nero_\AppData\Local\Programs\Python\Python314\python.exe scripts/certify_q79_selected_alignment_E32_thimble_polygonal_main_interval_tail_reuse_zonotope.py --distinguished-index 68 --dps 100 --order 20 --detour-fraction 0.2 --detour-offset 0.0 --return-fraction 0.86 ===
starting certified zonotope transport index=68
reused certified cutoff periods index=68 radius=4.441e-16
validated polygonal E32 main steps=10 segment=1/3 fraction=5.83122025173e-05 radius=9.380e-09
validated polygonal E32 main steps=20 segment=1/3 fraction=0.000470039410721 radius=2.358e-08
validated polygonal E32 main rejections=10 segment=1/3 fraction=0.00108094430216 next_step=1.528e-04 reason=ArithmeticError: E32 lift correction exceeds local budget
validated polygonal E32 main steps=30 segment=1/3 fraction=0.00337713752496 radius=4.003e-08
validated polygonal E32 main steps=40 segment=1/3 fraction=0.0229074115892 radius=5.873e-08
validated polygonal E32 main rejections=20 segment=1/3 fraction=0.0400368144159 next_step=2.540e-03 reason=ArithmeticError: E32 lift correction exceeds local budget
validated polygonal E32 main steps=50 segment=1/3 fraction=0.0518955178146 radius=6.771e-08
validated polygonal E32 main rejections=30 segment=1/3 fraction=0.0544814971406 next_step=3.736e-04 reason=ArithmeticError: E32 lift correction exceeds local budget
validated polygonal E32 main steps=60 segment=1/3 fraction=0.056854489813 radius=7.156e-08
validated polygonal E32 main rejections=40 segment=1/3 fraction=0.0635782566018 next_step=1.038e-03 reason=ArithmeticError: E32 lift correction exceeds local budget
validated polygonal E32 main steps=70 segment=1/3 fraction=0.0648283902227 radius=7.920e-08
validated polygonal E32 main steps=80 segment=1/3 fraction=0.10603820649 radius=1.031e-07
validated polygonal E32 main steps=83 segment=1/3 fraction=0.139991399914 radius=1.094e-07
validated polygonal E32 main steps=90 segment=2/3 fraction=0.206326815547 radius=1.201e-07
validated polygonal E32 main steps=100 segment=2/3 fraction=0.311789291217 radius=1.404e-07
validated polygonal E32 main steps=110 segment=2/3 fraction=0.417251766888 radius=1.620e-07
validated polygonal E32 main steps=120 segment=2/3 fraction=0.537642720849 radius=1.722e-07
validated polygonal E32 main rejections=50 segment=2/3 fraction=0.609877293226 next_step=5.000e-03 reason=ArithmeticError: E32 lift correction exceeds local budget
validated polygonal E32 main steps=130 segment=2/3 fraction=0.63057851776 radius=1.749e-07
validated polygonal E32 main rejections=60 segment=2/3 fraction=0.671038517119 next_step=4.289e-03 reason=ArithmeticError: E32 lift correction exceeds local budget
validated polygonal E32 main steps=140 segment=2/3 fraction=0.676202564995 radius=1.871e-07
validated polygonal E32 main steps=150 segment=2/3 fraction=0.721777139943 radius=1.987e-07
validated polygonal E32 main rejections=70 segment=2/3 fraction=0.731986497479 next_step=3.680e-03 reason=ArithmeticError: E32 lift correction exceeds local budget
validated polygonal E32 main steps=160 segment=2/3 fraction=0.79999799998 radius=2.273e-07
validated polygonal E32 main steps=170 segment=3/3 fraction=0.902450701801 radius=2.919e-07
validated polygonal E32 main steps=179 segment=3/3 fraction=1 radius=3.860e-07
wrote candidate_data/selected_q79covariantperiodbranchcutsetandtightbetatransport/selected_alignment_thimble_periods/d068_selected_080.E32_main.interval.packet.json
{
  "distinguished_index": 68,
  "main_radius": 3.8595839614444723e-07,
  "base_center_difference": 4.6793792818514e-11,
  "other_critical_clearance": 0.0018384453424103993,
  "accepted_steps": 179,
  "rejected_steps": 71
}

=== full: C:\Users\nero_\AppData\Local\Programs\Python\Python314\python.exe scripts/build_selected_q79_single_E32_thimble_full_interval.py --distinguished-index 68 ===
wrote candidate_data/selected_q79covariantperiodbranchcutsetandtightbetatransport/selected_alignment_thimble_periods/d068_selected_080.E32_full.interval.packet.json
{
  "distinguished_index": 68,
  "root_id": "selected_080",
  "full_center": {
    "real": "-0.010919524224124712",
    "imaginary": "-0.5634669934992681"
  },
  "full_radius": 1.0712346618646509e-06,
  "fallback": 2.3086601928801926e-05,
  "fallback_met": true,
  "floating_contained": true
}
