
=== nodal: C:\Users\nero_\AppData\Local\Programs\Python\Python314\python.exe scripts/certify_q79_selected_alignment_single_E32_thimble_nodal_factor.py --distinguished-index 71 --dps 100 ===
wrote candidate_data/selected_q79covariantperiodbranchcutsetandtightbetatransport/selected_alignment_thimble_periods/d071_selected_073.nodal_factor.interval.packet.json
{
  "distinguished_index": 71,
  "root_id": "selected_073",
  "parameter_radius": 1.4142135714185176e-80,
  "double_root_radius": 1.4142135714185176e-80,
  "node_jacobian_lower": 60.75710735801529,
  "quartic_at_node_lower": 3.801680748329981,
  "hensel_jacobian_lower": 14.452776512222806
}

=== tail-384: C:\Users\nero_\AppData\Local\Programs\Python\Python314\python.exe scripts/certify_q79_selected_alignment_single_E32_thimble_tail_interval_node_pair.py --distinguished-index 71 --outer-segments 384 --dps 100 ===
certified E32 tail segments=8/384 x=[7.867e-06,1.000e-05] radius=6.583e-08
certified E32 tail segments=16/384 x=[6.190e-06,1.000e-05] radius=1.126e-07
certified E32 tail segments=24/384 x=[4.870e-06,1.000e-05] radius=1.459e-07
certified E32 tail segments=32/384 x=[3.831e-06,1.000e-05] radius=1.688e-07
certified E32 tail segments=40/384 x=[3.014e-06,1.000e-05] radius=1.840e-07
certified E32 tail segments=48/384 x=[2.371e-06,1.000e-05] radius=1.926e-07
certified E32 tail segments=56/384 x=[1.866e-06,1.000e-05] radius=1.958e-07
certified E32 tail segments=64/384 x=[1.468e-06,1.000e-05] radius=1.962e-07
certified E32 tail segments=72/384 x=[1.155e-06,1.000e-05] radius=1.965e-07
certified E32 tail segments=80/384 x=[9.085e-07,1.000e-05] radius=1.967e-07
certified E32 tail segments=88/384 x=[7.148e-07,1.000e-05] radius=1.968e-07
certified E32 tail segments=96/384 x=[5.623e-07,1.000e-05] radius=1.969e-07
certified E32 tail segments=104/384 x=[4.424e-07,1.000e-05] radius=1.970e-07
certified E32 tail segments=112/384 x=[3.481e-07,1.000e-05] radius=1.970e-07
certified E32 tail segments=120/384 x=[2.738e-07,1.000e-05] radius=1.970e-07
certified E32 tail segments=128/384 x=[2.154e-07,1.000e-05] radius=1.971e-07
certified E32 tail segments=136/384 x=[1.695e-07,1.000e-05] radius=1.971e-07
certified E32 tail segments=144/384 x=[1.334e-07,1.000e-05] radius=1.971e-07
certified E32 tail segments=152/384 x=[1.049e-07,1.000e-05] radius=1.971e-07
certified E32 tail segments=160/384 x=[8.254e-08,1.000e-05] radius=1.971e-07
certified E32 tail segments=168/384 x=[6.494e-08,1.000e-05] radius=1.971e-07
certified E32 tail segments=176/384 x=[5.109e-08,1.000e-05] radius=1.971e-07
certified E32 tail segments=184/384 x=[4.019e-08,1.000e-05] radius=1.971e-07
certified E32 tail segments=192/384 x=[3.162e-08,1.000e-05] radius=1.971e-07
certified E32 tail segments=200/384 x=[2.488e-08,1.000e-05] radius=1.971e-07
certified E32 tail segments=208/384 x=[1.957e-08,1.000e-05] radius=1.971e-07
certified E32 tail segments=216/384 x=[1.540e-08,1.000e-05] radius=1.971e-07
certified E32 tail segments=224/384 x=[1.212e-08,1.000e-05] radius=1.971e-07
certified E32 tail segments=232/384 x=[9.532e-09,1.000e-05] radius=1.971e-07
certified E32 tail segments=240/384 x=[7.499e-09,1.000e-05] radius=1.971e-07
certified E32 tail segments=248/384 x=[5.900e-09,1.000e-05] radius=1.971e-07
certified E32 tail segments=256/384 x=[4.642e-09,1.000e-05] radius=1.971e-07
certified E32 tail segments=264/384 x=[3.652e-09,1.000e-05] radius=1.971e-07
certified E32 tail segments=272/384 x=[2.873e-09,1.000e-05] radius=1.971e-07
certified E32 tail segments=280/384 x=[2.260e-09,1.000e-05] radius=1.971e-07
certified E32 tail segments=288/384 x=[1.778e-09,1.000e-05] radius=1.971e-07
certified E32 tail segments=296/384 x=[1.399e-09,1.000e-05] radius=1.971e-07
certified E32 tail segments=304/384 x=[1.101e-09,1.000e-05] radius=1.971e-07
certified E32 tail segments=312/384 x=[8.660e-10,1.000e-05] radius=1.971e-07
certified E32 tail segments=320/384 x=[6.813e-10,1.000e-05] radius=1.971e-07
certified E32 tail segments=328/384 x=[5.360e-10,1.000e-05] radius=1.971e-07
certified E32 tail segments=336/384 x=[4.217e-10,1.000e-05] radius=1.971e-07
certified E32 tail segments=344/384 x=[3.318e-10,1.000e-05] radius=1.971e-07
certified E32 tail segments=352/384 x=[2.610e-10,1.000e-05] radius=1.971e-07
certified E32 tail segments=360/384 x=[2.054e-10,1.000e-05] radius=1.971e-07
certified E32 tail segments=368/384 x=[1.616e-10,1.000e-05] radius=1.971e-07
certified E32 tail segments=376/384 x=[1.271e-10,1.000e-05] radius=1.971e-07
certified E32 tail segments=384/384 x=[1.000e-10,1.000e-05] radius=1.971e-07
wrote candidate_data/selected_q79covariantperiodbranchcutsetandtightbetatransport/selected_alignment_thimble_periods/d071_selected_073.E32_tail.interval.packet.json
{
  "distinguished_index": 71,
  "tail_center": {
    "real": "-3.5261984584053594e-06",
    "imaginary": "-2.6475762144795331e-06"
  },
  "tail_radius": 1.9710485332780084e-07,
  "node_bound_radius": 6.252300500247944e-11,
  "regular_segments": 384
}

=== route scan: C:\Users\nero_\AppData\Local\Programs\Python\Python314\python.exe scripts/scan_q79_selected_alignment_E32_polygonal_detours.py --distinguished-index 71 --limit 5 ===
{
  "distinguished_index": 71,
  "root_id": "selected_073",
  "line_chart": "z",
  "tested": 1122,
  "accepted_null_homotopic": 436,
  "rejected": 686,
  "ranked_routes": [
    {
      "detour_fraction": 0.6,
      "detour_offset": 0.03,
      "return_fraction": 0.86,
      "minimum_clearance_lower": 0.011289737859473807,
      "other_critical_clearance_lower": 0.011289737859473807,
      "chart_zero_clearance_lower": 0.25629873774204354,
      "elliptic_infinity_clearance_lower": 0.3535533905922738,
      "path_length": 0.7820735799024342,
      "maximum_winding_residual": 7.067899292141149e-17,
      "path": [
        {
          "real": "0.25",
          "imaginary": "0.25"
        },
        {
          "real": "0.43598849206744578",
          "imaginary": "0.67979097141122635"
        },
        {
          "real": "0.47610716789848562",
          "imaginary": "0.88054806724624879"
        },
        {
          "real": "0.51291268235675191",
          "imaginary": "0.9831880950762516"
        }
      ]
    },
    {
      "detour_fraction": 0.6,
      "detour_offset": 0.03,
      "return_fraction": 0.82,
      "minimum_clearance_lower": 0.010764244601615158,
      "other_critical_clearance_lower": 0.010764244601615158,
      "chart_zero_clearance_lower": 0.25629873774204354,
      "elliptic_infinity_clearance_lower": 0.3535533905922738,
      "path_length": 0.7824698266098504,
      "maximum_winding_residual": 7.067899292141149e-17,
      "path": [
        {
          "real": "0.25",
          "imaginary": "0.25"
        },
        {
          "real": "0.43598849206744578",
          "imaginary": "0.67979097141122635"
        },
        {
          "real": "0.46559055543809091",
          "imaginary": "0.85122025016502789"
        },
        {
          "real": "0.51291268235675191",
          "imaginary": "0.9831880950762516"
        }
      ]
    },
    {
      "detour_fraction": 0.55,
      "detour_offset": 0.03,
      "return_fraction": 0.86,
      "minimum_clearance_lower": 0.009552847967835147,
      "other_critical_clearance_lower": 0.009552847967835147,
      "chart_zero_clearance_lower": 0.25629873774204354,
      "elliptic_infinity_clearance_lower": 0.3535533905922738,
      "path_length": 0.7818073476558668,
      "maximum_winding_residual": 7.067899292141149e-17,
      "path": [
        {
          "real": "0.25",
          "imaginary": "0.25"
        },
        {
          "real": "0.42284272649195243",
          "imaginary": "0.64313120005970037"
        },
        {
          "real": "0.47610716789848562",
          "imaginary": "0.88054806724624879"
        },
        {
          "real": "0.51291268235675191",
          "imaginary": "0.9831880950762516"
        }
      ]
    },
    {
      "detour_fraction": 0.6,
      "detour_offset": 0.02,
      "return_fraction": 0.86,
      "minimum_clearance_lower": 0.009230721298847229,
      "other_critical_clearance_lower": 0.009230721298847229,
      "chart_zero_clearance_lower": 0.25629873774204354,
      "elliptic_infinity_clearance_lower": 0.3535533905922738,
      "path_length": 0.7803146326561359,
      "maximum_winding_residual": 7.067899292141149e-17,
      "path": [
        {
          "real": "0.25",
          "imaginary": "0.25"
        },
        {
          "real": "0.42657539034693726",
          "imaginary": "0.68316639968025528"
        },
        {
          "real": "0.47610716789848562",
          "imaginary": "0.88054806724624879"
        },
        {
          "real": "0.51291268235675191",
          "imaginary": "0.9831880950762516"
        }
      ]
    },
    {
      "detour_fraction": 0.55,
      "detour_offset": 0.03,
      "return_fraction": 0.82,
      "minimum_clearance_lower": 0.008829415734156656,
      "other_critical_clearance_lower": 0.008829415734156656,
      "chart_zero_clearance_lower": 0.25629873774204354,
      "elliptic_infinity_clearance_lower": 0.3535533905922738,
      "path_length": 0.7820798046293028,
      "maximum_winding_residual": 7.067899292141149e-17,
      "path": [
        {
          "real": "0.25",
          "imaginary": "0.25"
        },
        {
          "real": "0.42284272649195243",
          "imaginary": "0.64313120005970037"
        },
        {
          "real": "0.46559055543809091",
          "imaginary": "0.85122025016502789"
        },
        {
          "real": "0.51291268235675191",
          "imaginary": "0.9831880950762516"
        }
      ]
    }
  ]
}

=== main: C:\Users\nero_\AppData\Local\Programs\Python\Python314\python.exe scripts/certify_q79_selected_alignment_E32_thimble_polygonal_main_interval_tail_reuse_zonotope.py --distinguished-index 71 --dps 100 --order 20 --detour-fraction 0.6 --detour-offset 0.03 --return-fraction 0.86 ===
starting certified zonotope transport index=71
reused certified cutoff periods index=71 radius=8.882e-16
validated polygonal E32 main steps=10 segment=1/3 fraction=7.51775107462e-05 radius=1.572e-08
validated polygonal E32 main steps=20 segment=1/3 fraction=0.000640866179036 radius=2.842e-08
validated polygonal E32 main rejections=10 segment=1/3 fraction=0.00389276718063 next_step=4.760e-04 reason=ArithmeticError: E32 lift correction exceeds local budget
validated polygonal E32 main steps=30 segment=1/3 fraction=0.00559698575647 radius=5.246e-08
validated polygonal E32 main steps=40 segment=1/3 fraction=0.041018119931 radius=6.418e-08
validated polygonal E32 main rejections=20 segment=1/3 fraction=0.0935707199116 next_step=4.050e-03 reason=ArithmeticError: E32 lift correction exceeds local budget
validated polygonal E32 main steps=50 segment=1/3 fraction=0.111799183788 radius=8.002e-08
validated polygonal E32 main steps=53 segment=1/3 fraction=0.139423632832 radius=9.324e-08
validated polygonal E32 main steps=60 segment=2/3 fraction=0.20987736176 radius=1.038e-07
validated polygonal E32 main rejections=30 segment=2/3 fraction=0.256017719812 next_step=2.391e-03 reason=ArithmeticError: E32 lift correction exceeds local budget
validated polygonal E32 main steps=70 segment=2/3 fraction=0.261827685353 radius=1.146e-07
validated polygonal E32 main steps=80 segment=2/3 fraction=0.325860372234 radius=1.281e-07
validated polygonal E32 main steps=86 segment=2/3 fraction=0.401197532518 radius=1.385e-07
validated polygonal E32 main steps=90 segment=3/3 fraction=0.433291699416 radius=1.421e-07
validated polygonal E32 main steps=100 segment=3/3 fraction=0.561156906181 radius=1.525e-07
validated polygonal E32 main rejections=40 segment=3/3 fraction=0.604055683051 next_step=3.645e-03 reason=ArithmeticError: E32 lift correction exceeds local budget
validated polygonal E32 main steps=110 segment=3/3 fraction=0.623141661511 radius=1.580e-07
validated polygonal E32 main rejections=50 segment=3/3 fraction=0.663198919196 next_step=3.127e-03 reason=ArithmeticError: E32 lift correction exceeds local budget
validated polygonal E32 main steps=120 segment=3/3 fraction=0.670795705654 radius=1.736e-07
validated polygonal E32 main steps=130 segment=3/3 fraction=0.714334301533 radius=1.932e-07
validated polygonal E32 main steps=140 segment=3/3 fraction=0.825868604583 radius=2.156e-07
validated polygonal E32 main steps=150 segment=3/3 fraction=0.953733811348 radius=2.402e-07
validated polygonal E32 main steps=154 segment=3/3 fraction=1 radius=2.539e-07
wrote candidate_data/selected_q79covariantperiodbranchcutsetandtightbetatransport/selected_alignment_thimble_periods/d071_selected_073.E32_main.interval.packet.json
{
  "distinguished_index": 71,
  "main_radius": 2.5388642723856986e-07,
  "base_center_difference": 3.287499450680914e-10,
  "other_critical_clearance": 0.011289737859473807,
  "accepted_steps": 154,
  "rejected_steps": 59
}

=== full: C:\Users\nero_\AppData\Local\Programs\Python\Python314\python.exe scripts/build_selected_q79_single_E32_thimble_full_interval.py --distinguished-index 71 ===
wrote candidate_data/selected_q79covariantperiodbranchcutsetandtightbetatransport/selected_alignment_thimble_periods/d071_selected_073.E32_full.interval.packet.json
{
  "distinguished_index": 71,
  "root_id": "selected_073",
  "full_center": {
    "real": "-0.15148159707108907",
    "imaginary": "-0.55142623971583382"
  },
  "full_radius": 5.561536209341967e-07,
  "fallback": 2.3086601928801926e-05,
  "fallback_met": true,
  "floating_contained": true
}
