
=== nodal: C:\Users\nero_\AppData\Local\Programs\Python\Python314\python.exe scripts/certify_q79_selected_alignment_single_E32_thimble_nodal_factor.py --distinguished-index 72 --dps 100 ===
wrote candidate_data/selected_q79covariantperiodbranchcutsetandtightbetatransport/selected_alignment_thimble_periods/d072_selected_061.nodal_factor.interval.packet.json
{
  "distinguished_index": 72,
  "root_id": "selected_061",
  "parameter_radius": 1.4142135714185176e-80,
  "double_root_radius": 1.4142135714185176e-80,
  "node_jacobian_lower": 28.801882240730453,
  "quartic_at_node_lower": 13.21644353638625,
  "hensel_jacobian_lower": 174.67437975048588
}

=== tail-384: C:\Users\nero_\AppData\Local\Programs\Python\Python314\python.exe scripts/certify_q79_selected_alignment_single_E32_thimble_tail_interval_node_pair.py --distinguished-index 72 --outer-segments 384 --dps 100 ===
certified E32 tail segments=8/384 x=[7.867e-06,1.000e-05] radius=5.884e-10
certified E32 tail segments=16/384 x=[6.190e-06,1.000e-05] radius=9.610e-10
certified E32 tail segments=24/384 x=[4.870e-06,1.000e-05] radius=1.212e-09
certified E32 tail segments=32/384 x=[3.831e-06,1.000e-05] radius=1.382e-09
certified E32 tail segments=40/384 x=[3.014e-06,1.000e-05] radius=1.497e-09
certified E32 tail segments=48/384 x=[2.371e-06,1.000e-05] radius=1.575e-09
certified E32 tail segments=56/384 x=[1.866e-06,1.000e-05] radius=1.629e-09
certified E32 tail segments=64/384 x=[1.468e-06,1.000e-05] radius=1.665e-09
certified E32 tail segments=72/384 x=[1.155e-06,1.000e-05] radius=1.690e-09
certified E32 tail segments=80/384 x=[9.085e-07,1.000e-05] radius=1.707e-09
certified E32 tail segments=88/384 x=[7.148e-07,1.000e-05] radius=1.719e-09
certified E32 tail segments=96/384 x=[5.623e-07,1.000e-05] radius=1.727e-09
certified E32 tail segments=104/384 x=[4.424e-07,1.000e-05] radius=1.732e-09
certified E32 tail segments=112/384 x=[3.481e-07,1.000e-05] radius=1.736e-09
certified E32 tail segments=120/384 x=[2.738e-07,1.000e-05] radius=1.739e-09
certified E32 tail segments=128/384 x=[2.154e-07,1.000e-05] radius=1.741e-09
certified E32 tail segments=136/384 x=[1.695e-07,1.000e-05] radius=1.742e-09
certified E32 tail segments=144/384 x=[1.334e-07,1.000e-05] radius=1.743e-09
certified E32 tail segments=152/384 x=[1.049e-07,1.000e-05] radius=1.743e-09
certified E32 tail segments=160/384 x=[8.254e-08,1.000e-05] radius=1.744e-09
certified E32 tail segments=168/384 x=[6.494e-08,1.000e-05] radius=1.744e-09
certified E32 tail segments=176/384 x=[5.109e-08,1.000e-05] radius=1.744e-09
certified E32 tail segments=184/384 x=[4.019e-08,1.000e-05] radius=1.744e-09
certified E32 tail segments=192/384 x=[3.162e-08,1.000e-05] radius=1.745e-09
certified E32 tail segments=200/384 x=[2.488e-08,1.000e-05] radius=1.745e-09
certified E32 tail segments=208/384 x=[1.957e-08,1.000e-05] radius=1.745e-09
certified E32 tail segments=216/384 x=[1.540e-08,1.000e-05] radius=1.745e-09
certified E32 tail segments=224/384 x=[1.212e-08,1.000e-05] radius=1.745e-09
certified E32 tail segments=232/384 x=[9.532e-09,1.000e-05] radius=1.745e-09
certified E32 tail segments=240/384 x=[7.499e-09,1.000e-05] radius=1.745e-09
certified E32 tail segments=248/384 x=[5.900e-09,1.000e-05] radius=1.745e-09
certified E32 tail segments=256/384 x=[4.642e-09,1.000e-05] radius=1.745e-09
certified E32 tail segments=264/384 x=[3.652e-09,1.000e-05] radius=1.745e-09
certified E32 tail segments=272/384 x=[2.873e-09,1.000e-05] radius=1.745e-09
certified E32 tail segments=280/384 x=[2.260e-09,1.000e-05] radius=1.745e-09
certified E32 tail segments=288/384 x=[1.778e-09,1.000e-05] radius=1.745e-09
certified E32 tail segments=296/384 x=[1.399e-09,1.000e-05] radius=1.745e-09
certified E32 tail segments=304/384 x=[1.101e-09,1.000e-05] radius=1.745e-09
certified E32 tail segments=312/384 x=[8.660e-10,1.000e-05] radius=1.745e-09
certified E32 tail segments=320/384 x=[6.813e-10,1.000e-05] radius=1.745e-09
certified E32 tail segments=328/384 x=[5.360e-10,1.000e-05] radius=1.745e-09
certified E32 tail segments=336/384 x=[4.217e-10,1.000e-05] radius=1.745e-09
certified E32 tail segments=344/384 x=[3.318e-10,1.000e-05] radius=1.745e-09
certified E32 tail segments=352/384 x=[2.610e-10,1.000e-05] radius=1.745e-09
certified E32 tail segments=360/384 x=[2.054e-10,1.000e-05] radius=1.745e-09
certified E32 tail segments=368/384 x=[1.616e-10,1.000e-05] radius=1.745e-09
certified E32 tail segments=376/384 x=[1.271e-10,1.000e-05] radius=1.745e-09
certified E32 tail segments=384/384 x=[1.000e-10,1.000e-05] radius=1.745e-09
wrote candidate_data/selected_q79covariantperiodbranchcutsetandtightbetatransport/selected_alignment_thimble_periods/d072_selected_061.E32_tail.interval.packet.json
{
  "distinguished_index": 72,
  "tail_center": {
    "real": "-1.616786282819564e-06",
    "imaginary": "-5.7220990628799781e-07"
  },
  "tail_radius": 1.7447365982525833e-09,
  "node_bound_radius": 3.427273650427263e-11,
  "regular_segments": 384
}

=== route scan: C:\Users\nero_\AppData\Local\Programs\Python\Python314\python.exe scripts/scan_q79_selected_alignment_E32_polygonal_detours.py --distinguished-index 72 --limit 5 ===
{
  "distinguished_index": 72,
  "root_id": "selected_061",
  "line_chart": "y",
  "tested": 1122,
  "accepted_null_homotopic": 572,
  "rejected": 550,
  "ranked_routes": [
    {
      "detour_fraction": 0.55,
      "detour_offset": -0.01,
      "return_fraction": 0.86,
      "minimum_clearance_lower": 0.03835884469803643,
      "other_critical_clearance_lower": 0.03835884469803643,
      "chart_zero_clearance_lower": 0.19953476679258975,
      "elliptic_infinity_clearance_lower": 0.3535533905922738,
      "path_length": 0.5771648476838084,
      "maximum_winding_residual": 7.067899292141149e-17,
      "path": [
        {
          "real": "0.25",
          "imaginary": "0.25"
        },
        {
          "real": "0.34761555894712981",
          "imaginary": "0.55197556943835735"
        },
        {
          "real": "0.41735462392088707",
          "imaginary": "0.71690404206184"
        },
        {
          "real": "0.44459645392400915",
          "imaginary": "0.79290624769932494"
        }
      ]
    },
    {
      "detour_fraction": 0.55,
      "detour_offset": -0.01,
      "return_fraction": 0.82,
      "minimum_clearance_lower": 0.03835884469803643,
      "other_critical_clearance_lower": 0.03835884469803643,
      "chart_zero_clearance_lower": 0.19920389989760667,
      "elliptic_infinity_clearance_lower": 0.3535533905922738,
      "path_length": 0.5772061670692817,
      "maximum_winding_residual": 7.067899292141149e-17,
      "path": [
        {
          "real": "0.25",
          "imaginary": "0.25"
        },
        {
          "real": "0.34761555894712981",
          "imaginary": "0.55197556943835735"
        },
        {
          "real": "0.40957068792456675",
          "imaginary": "0.69518757498919626"
        },
        {
          "real": "0.44459645392400915",
          "imaginary": "0.79290624769932494"
        }
      ]
    },
    {
      "detour_fraction": 0.55,
      "detour_offset": -0.01,
      "return_fraction": 0.78,
      "minimum_clearance_lower": 0.03835884469803643,
      "other_critical_clearance_lower": 0.03835884469803643,
      "chart_zero_clearance_lower": 0.1987370727451135,
      "elliptic_infinity_clearance_lower": 0.3535533905922738,
      "path_length": 0.5772618056850549,
      "maximum_winding_residual": 7.067899292141149e-17,
      "path": [
        {
          "real": "0.25",
          "imaginary": "0.25"
        },
        {
          "real": "0.34761555894712981",
          "imaginary": "0.55197556943835735"
        },
        {
          "real": "0.40178675192824642",
          "imaginary": "0.67347110791655262"
        },
        {
          "real": "0.44459645392400915",
          "imaginary": "0.79290624769932494"
        }
      ]
    },
    {
      "detour_fraction": 0.55,
      "detour_offset": -0.01,
      "return_fraction": 0.74,
      "minimum_clearance_lower": 0.03835884469803643,
      "other_critical_clearance_lower": 0.03835884469803643,
      "chart_zero_clearance_lower": 0.198032980773781,
      "elliptic_infinity_clearance_lower": 0.3535533905922738,
      "path_length": 0.5773407484763661,
      "maximum_winding_residual": 7.067899292141149e-17,
      "path": [
        {
          "real": "0.25",
          "imaginary": "0.25"
        },
        {
          "real": "0.34761555894712981",
          "imaginary": "0.55197556943835735"
        },
        {
          "real": "0.3940028159319261",
          "imaginary": "0.65175464084390888"
        },
        {
          "real": "0.44459645392400915",
          "imaginary": "0.79290624769932494"
        }
      ]
    },
    {
      "detour_fraction": 0.55,
      "detour_offset": -0.01,
      "return_fraction": 0.7,
      "minimum_clearance_lower": 0.03835884469803643,
      "other_critical_clearance_lower": 0.03835884469803643,
      "chart_zero_clearance_lower": 0.19686250299398536,
      "elliptic_infinity_clearance_lower": 0.3535533905922738,
      "path_length": 0.5774614540443643,
      "maximum_winding_residual": 7.067899292141149e-17,
      "path": [
        {
          "real": "0.25",
          "imaginary": "0.25"
        },
        {
          "real": "0.34761555894712981",
          "imaginary": "0.55197556943835735"
        },
        {
          "real": "0.38621887993560577",
          "imaginary": "0.63003817377126514"
        },
        {
          "real": "0.44459645392400915",
          "imaginary": "0.79290624769932494"
        }
      ]
    }
  ]
}

=== main: C:\Users\nero_\AppData\Local\Programs\Python\Python314\python.exe scripts/certify_q79_selected_alignment_E32_thimble_polygonal_main_interval_tail_reuse_zonotope.py --distinguished-index 72 --dps 100 --order 20 --detour-fraction 0.55 --detour-offset -0.01 --return-fraction 0.86 ===
starting certified zonotope transport index=72
reused certified cutoff periods index=72 radius=4.441e-16
validated polygonal E32 main steps=10 segment=1/3 fraction=7.77535002494e-05 radius=1.403e-08
validated polygonal E32 main steps=20 segment=1/3 fraction=0.00069561142448 radius=3.019e-08
validated polygonal E32 main rejections=10 segment=1/3 fraction=0.00252770366948 next_step=2.579e-04 reason=ArithmeticError: E32 lift correction exceeds local budget
validated polygonal E32 main steps=30 segment=1/3 fraction=0.00632985612447 radius=4.862e-08
validated polygonal E32 main steps=40 segment=1/3 fraction=0.048772748256 radius=6.492e-08
validated polygonal E32 main steps=46 segment=1/3 fraction=0.139885397813 radius=8.562e-08
validated polygonal E32 main steps=50 segment=2/3 fraction=0.183373839808 radius=8.972e-08
validated polygonal E32 main steps=60 segment=2/3 fraction=0.356634564887 radius=1.059e-07
validated polygonal E32 main steps=66 segment=2/3 fraction=0.450137927739 radius=1.170e-07
validated polygonal E32 main steps=70 segment=3/3 fraction=0.48496333348 radius=1.226e-07
validated polygonal E32 main rejections=20 segment=3/3 fraction=0.565616201004 next_step=3.645e-03 reason=ZeroDivisionError: Taylor reciprocal residual is not contractive: 4.259306e+02
validated polygonal E32 main steps=80 segment=3/3 fraction=0.59196222686 radius=1.654e-07
validated polygonal E32 main steps=90 segment=3/3 fraction=0.720521684869 radius=2.391e-07
validated polygonal E32 main steps=100 segment=3/3 fraction=0.893782409948 radius=3.597e-07
validated polygonal E32 main steps=107 segment=3/3 fraction=1 radius=4.561e-07
wrote candidate_data/selected_q79covariantperiodbranchcutsetandtightbetatransport/selected_alignment_thimble_periods/d072_selected_061.E32_main.interval.packet.json
{
  "distinguished_index": 72,
  "main_radius": 4.5612855990789566e-07,
  "base_center_difference": 1.3330471847761313e-11,
  "other_critical_clearance": 0.03835884469803643,
  "accepted_steps": 107,
  "rejected_steps": 25
}

=== full: C:\Users\nero_\AppData\Local\Programs\Python\Python314\python.exe scripts/build_selected_q79_single_E32_thimble_full_interval.py --distinguished-index 72 ===
wrote candidate_data/selected_q79covariantperiodbranchcutsetandtightbetatransport/selected_alignment_thimble_periods/d072_selected_061.E32_full.interval.packet.json
{
  "distinguished_index": 72,
  "root_id": "selected_061",
  "full_center": {
    "real": "-0.11919231931865441",
    "imaginary": "-0.62496583913744175"
  },
  "full_radius": 6.46806895154839e-07,
  "fallback": 2.3086601928801926e-05,
  "fallback_met": true,
  "floating_contained": true
}
