
=== nodal: C:\Users\nero_\AppData\Local\Programs\Python\Python314\python.exe scripts/certify_q79_selected_alignment_single_E32_thimble_nodal_factor.py --distinguished-index 76 --dps 100 ===
wrote candidate_data/selected_q79covariantperiodbranchcutsetandtightbetatransport/selected_alignment_thimble_periods/d076_selected_075.nodal_factor.interval.packet.json
{
  "distinguished_index": 76,
  "root_id": "selected_075",
  "parameter_radius": 1.4142135714185176e-80,
  "double_root_radius": 1.4142135714185176e-80,
  "node_jacobian_lower": 6466.0042919612015,
  "quartic_at_node_lower": 5.715793711285346,
  "hensel_jacobian_lower": 32.67029774996911
}

=== tail-384: C:\Users\nero_\AppData\Local\Programs\Python\Python314\python.exe scripts/certify_q79_selected_alignment_single_E32_thimble_tail_interval_node_pair.py --distinguished-index 76 --outer-segments 384 --dps 100 ===
certified E32 tail segments=8/384 x=[7.867e-06,1.000e-05] radius=1.897e-07
certified E32 tail segments=16/384 x=[6.190e-06,1.000e-05] radius=3.255e-07
certified E32 tail segments=24/384 x=[4.870e-06,1.000e-05] radius=4.228e-07
certified E32 tail segments=32/384 x=[3.831e-06,1.000e-05] radius=4.917e-07
certified E32 tail segments=40/384 x=[3.014e-06,1.000e-05] radius=5.401e-07
certified E32 tail segments=48/384 x=[2.371e-06,1.000e-05] radius=5.716e-07
certified E32 tail segments=56/384 x=[1.866e-06,1.000e-05] radius=5.928e-07
certified E32 tail segments=64/384 x=[1.468e-06,1.000e-05] radius=6.079e-07
certified E32 tail segments=72/384 x=[1.155e-06,1.000e-05] radius=6.185e-07
certified E32 tail segments=80/384 x=[9.085e-07,1.000e-05] radius=6.259e-07
certified E32 tail segments=88/384 x=[7.148e-07,1.000e-05] radius=6.307e-07
certified E32 tail segments=96/384 x=[5.623e-07,1.000e-05] radius=6.334e-07
certified E32 tail segments=104/384 x=[4.424e-07,1.000e-05] radius=6.337e-07
certified E32 tail segments=112/384 x=[3.481e-07,1.000e-05] radius=6.339e-07
certified E32 tail segments=120/384 x=[2.738e-07,1.000e-05] radius=6.340e-07
certified E32 tail segments=128/384 x=[2.154e-07,1.000e-05] radius=6.341e-07
certified E32 tail segments=136/384 x=[1.695e-07,1.000e-05] radius=6.341e-07
certified E32 tail segments=144/384 x=[1.334e-07,1.000e-05] radius=6.342e-07
certified E32 tail segments=152/384 x=[1.049e-07,1.000e-05] radius=6.342e-07
certified E32 tail segments=160/384 x=[8.254e-08,1.000e-05] radius=6.342e-07
certified E32 tail segments=168/384 x=[6.494e-08,1.000e-05] radius=6.342e-07
certified E32 tail segments=176/384 x=[5.109e-08,1.000e-05] radius=6.342e-07
certified E32 tail segments=184/384 x=[4.019e-08,1.000e-05] radius=6.342e-07
certified E32 tail segments=192/384 x=[3.162e-08,1.000e-05] radius=6.342e-07
certified E32 tail segments=200/384 x=[2.488e-08,1.000e-05] radius=6.342e-07
certified E32 tail segments=208/384 x=[1.957e-08,1.000e-05] radius=6.342e-07
certified E32 tail segments=216/384 x=[1.540e-08,1.000e-05] radius=6.342e-07
certified E32 tail segments=224/384 x=[1.212e-08,1.000e-05] radius=6.342e-07
certified E32 tail segments=232/384 x=[9.532e-09,1.000e-05] radius=6.342e-07
certified E32 tail segments=240/384 x=[7.499e-09,1.000e-05] radius=6.342e-07
certified E32 tail segments=248/384 x=[5.900e-09,1.000e-05] radius=6.342e-07
certified E32 tail segments=256/384 x=[4.642e-09,1.000e-05] radius=6.342e-07
certified E32 tail segments=264/384 x=[3.652e-09,1.000e-05] radius=6.342e-07
certified E32 tail segments=272/384 x=[2.873e-09,1.000e-05] radius=6.342e-07
certified E32 tail segments=280/384 x=[2.260e-09,1.000e-05] radius=6.342e-07
certified E32 tail segments=288/384 x=[1.778e-09,1.000e-05] radius=6.342e-07
certified E32 tail segments=296/384 x=[1.399e-09,1.000e-05] radius=6.342e-07
certified E32 tail segments=304/384 x=[1.101e-09,1.000e-05] radius=6.342e-07
certified E32 tail segments=312/384 x=[8.660e-10,1.000e-05] radius=6.342e-07
certified E32 tail segments=320/384 x=[6.813e-10,1.000e-05] radius=6.342e-07
certified E32 tail segments=328/384 x=[5.360e-10,1.000e-05] radius=6.342e-07
certified E32 tail segments=336/384 x=[4.217e-10,1.000e-05] radius=6.342e-07
certified E32 tail segments=344/384 x=[3.318e-10,1.000e-05] radius=6.342e-07
certified E32 tail segments=352/384 x=[2.610e-10,1.000e-05] radius=6.342e-07
certified E32 tail segments=360/384 x=[2.054e-10,1.000e-05] radius=6.342e-07
certified E32 tail segments=368/384 x=[1.616e-10,1.000e-05] radius=6.342e-07
certified E32 tail segments=376/384 x=[1.271e-10,1.000e-05] radius=6.342e-07
certified E32 tail segments=384/384 x=[1.000e-10,1.000e-05] radius=6.342e-07
wrote candidate_data/selected_q79covariantperiodbranchcutsetandtightbetatransport/selected_alignment_thimble_periods/d076_selected_075.E32_tail.interval.packet.json
{
  "distinguished_index": 76,
  "tail_center": {
    "real": "-5.1357269503574034e-06",
    "imaginary": "2.6470349592926851e-06"
  },
  "tail_radius": 6.342381908552853e-07,
  "node_bound_radius": 8.364882907434952e-11,
  "regular_segments": 384
}

=== route scan: C:\Users\nero_\AppData\Local\Programs\Python\Python314\python.exe scripts/scan_q79_selected_alignment_E32_polygonal_detours.py --distinguished-index 76 --limit 5 ===
{
  "distinguished_index": 76,
  "root_id": "selected_075",
  "line_chart": "z",
  "tested": 1122,
  "accepted_null_homotopic": 613,
  "rejected": 509,
  "ranked_routes": [
    {
      "detour_fraction": 0.2,
      "detour_offset": 0.0,
      "return_fraction": 0.74,
      "minimum_clearance_lower": 0.006865689217801166,
      "other_critical_clearance_lower": 0.006865689217801166,
      "chart_zero_clearance_lower": 0.22871616861457478,
      "elliptic_infinity_clearance_lower": 0.3535533905922738,
      "path_length": 0.7893040935973258,
      "maximum_winding_residual": 7.067899292141149e-17,
      "path": [
        {
          "real": "0.25",
          "imaginary": "0.25"
        },
        {
          "real": "0.29591699621784484",
          "imaginary": "0.40103696882997919"
        },
        {
          "real": "0.41989288600602581",
          "imaginary": "0.80883678467092313"
        },
        {
          "real": "0.47958268523941322",
          "imaginary": "1.0051772923014546"
        }
      ]
    },
    {
      "detour_fraction": 0.2,
      "detour_offset": 0.0,
      "return_fraction": 0.86,
      "minimum_clearance_lower": 0.006865689217801166,
      "other_critical_clearance_lower": 0.006865689217801166,
      "chart_zero_clearance_lower": 0.22871616861457478,
      "elliptic_infinity_clearance_lower": 0.3535533905922738,
      "path_length": 0.7893040935973258,
      "maximum_winding_residual": 7.067899292141149e-17,
      "path": [
        {
          "real": "0.25",
          "imaginary": "0.25"
        },
        {
          "real": "0.29591699621784484",
          "imaginary": "0.40103696882997919"
        },
        {
          "real": "0.44744308373673269",
          "imaginary": "0.89945896596891062"
        },
        {
          "real": "0.47958268523941322",
          "imaginary": "1.0051772923014546"
        }
      ]
    },
    {
      "detour_fraction": 0.25,
      "detour_offset": 0.0,
      "return_fraction": 0.74,
      "minimum_clearance_lower": 0.006865689217801166,
      "other_critical_clearance_lower": 0.006865689217801166,
      "chart_zero_clearance_lower": 0.22871616861457478,
      "elliptic_infinity_clearance_lower": 0.3535533905922738,
      "path_length": 0.7893040935973258,
      "maximum_winding_residual": 7.067899292141149e-17,
      "path": [
        {
          "real": "0.25",
          "imaginary": "0.25"
        },
        {
          "real": "0.30739624527230602",
          "imaginary": "0.43879621103747402"
        },
        {
          "real": "0.41989288600602581",
          "imaginary": "0.80883678467092313"
        },
        {
          "real": "0.47958268523941322",
          "imaginary": "1.0051772923014546"
        }
      ]
    },
    {
      "detour_fraction": 0.25,
      "detour_offset": 0.0,
      "return_fraction": 0.86,
      "minimum_clearance_lower": 0.006865689217801166,
      "other_critical_clearance_lower": 0.006865689217801166,
      "chart_zero_clearance_lower": 0.22871616861457478,
      "elliptic_infinity_clearance_lower": 0.3535533905922738,
      "path_length": 0.7893040935973258,
      "maximum_winding_residual": 7.067899292141149e-17,
      "path": [
        {
          "real": "0.25",
          "imaginary": "0.25"
        },
        {
          "real": "0.30739624527230602",
          "imaginary": "0.43879621103747402"
        },
        {
          "real": "0.44744308373673269",
          "imaginary": "0.89945896596891062"
        },
        {
          "real": "0.47958268523941322",
          "imaginary": "1.0051772923014546"
        }
      ]
    },
    {
      "detour_fraction": 0.3,
      "detour_offset": 0.0,
      "return_fraction": 0.74,
      "minimum_clearance_lower": 0.006865689217801166,
      "other_critical_clearance_lower": 0.006865689217801166,
      "chart_zero_clearance_lower": 0.22871616861457478,
      "elliptic_infinity_clearance_lower": 0.3535533905922738,
      "path_length": 0.7893040935973258,
      "maximum_winding_residual": 7.067899292141149e-17,
      "path": [
        {
          "real": "0.25",
          "imaginary": "0.25"
        },
        {
          "real": "0.31887549432676721",
          "imaginary": "0.47655545324496884"
        },
        {
          "real": "0.41989288600602581",
          "imaginary": "0.80883678467092313"
        },
        {
          "real": "0.47958268523941322",
          "imaginary": "1.0051772923014546"
        }
      ]
    }
  ]
}

=== main: C:\Users\nero_\AppData\Local\Programs\Python\Python314\python.exe scripts/certify_q79_selected_alignment_E32_thimble_polygonal_main_interval_tail_reuse_zonotope.py --distinguished-index 76 --dps 100 --order 20 --detour-fraction 0.2 --detour-offset 0.0 --return-fraction 0.74 ===
starting certified zonotope transport index=76
reused certified cutoff periods index=76 radius=1.421e-14
validated polygonal E32 main steps=10 segment=1/3 fraction=5.54827491248e-05 radius=1.610e-08
validated polygonal E32 main steps=20 segment=1/3 fraction=0.000424914948436 radius=3.963e-08
validated polygonal E32 main rejections=10 segment=1/3 fraction=0.000599405787575 next_step=7.968e-05 reason=ArithmeticError: E32 lift correction exceeds local budget
validated polygonal E32 main steps=30 segment=1/3 fraction=0.00245793404416 radius=4.458e-08
validated polygonal E32 main steps=40 segment=1/3 fraction=0.014791128803 radius=6.055e-08
validated polygonal E32 main rejections=20 segment=1/3 fraction=0.0254325320485 next_step=3.178e-03 reason=ArithmeticError: E32 lift correction exceeds local budget
validated polygonal E32 main steps=50 segment=1/3 fraction=0.0666045180544 radius=6.995e-08
validated polygonal E32 main rejections=30 segment=1/3 fraction=0.0899516033534 next_step=1.993e-03 reason=ArithmeticError: E32 lift correction exceeds local budget
validated polygonal E32 main steps=60 segment=1/3 fraction=0.100291268652 radius=7.405e-08
validated polygonal E32 main rejections=40 segment=1/3 fraction=0.106396737614 next_step=6.949e-04 reason=ArithmeticError: E32 lift correction exceeds local budget
validated polygonal E32 main steps=70 segment=1/3 fraction=0.109857552684 radius=7.735e-08
validated polygonal E32 main rejections=50 segment=1/3 fraction=0.111240225447 next_step=1.022e-04 reason=ArithmeticError: E32 lift correction exceeds local budget
validated polygonal E32 main steps=80 segment=1/3 fraction=0.111725705193 radius=8.438e-08
validated polygonal E32 main rejections=60 segment=1/3 fraction=0.111960568012 next_step=2.673e-05 reason=ArithmeticError: E32 lift correction exceeds local budget
validated polygonal E32 main steps=90 segment=1/3 fraction=0.112200230039 radius=8.997e-08
validated polygonal E32 main steps=100 segment=1/3 fraction=0.113263577052 radius=9.147e-08
validated polygonal E32 main rejections=70 segment=1/3 fraction=0.113514593656 next_step=1.783e-04 reason=ArithmeticError: E32 lift correction exceeds local budget
validated polygonal E32 main steps=110 segment=1/3 fraction=0.118296265038 radius=1.040e-07
validated polygonal E32 main rejections=80 segment=1/3 fraction=0.136532911676 next_step=2.891e-03 reason=ArithmeticError: E32 lift correction exceeds local budget
validated polygonal E32 main steps=120 segment=1/3 fraction=0.140195042739 radius=1.110e-07
validated polygonal E32 main steps=130 segment=1/3 fraction=0.240329533255 radius=1.370e-07
validated polygonal E32 main steps=133 segment=1/3 fraction=0.259992599926 radius=1.400e-07
validated polygonal E32 main steps=140 segment=2/3 fraction=0.302633060394 radius=1.505e-07
validated polygonal E32 main steps=150 segment=2/3 fraction=0.421725309835 radius=1.672e-07
validated polygonal E32 main steps=160 segment=2/3 fraction=0.54841919222 radius=1.790e-07
validated polygonal E32 main steps=170 segment=2/3 fraction=0.675113074605 radius=1.885e-07
validated polygonal E32 main rejections=90 segment=2/3 fraction=0.675113074605 next_step=2.500e-03 reason=ZeroDivisionError: Taylor reciprocal residual is not contractive: 1.163366e+04
validated polygonal E32 main steps=180 segment=2/3 fraction=0.701329325157 radius=1.908e-07
validated polygonal E32 main steps=189 segment=2/3 fraction=0.79999799998 radius=2.186e-07
validated polygonal E32 main steps=190 segment=3/3 fraction=0.80316534704 radius=2.191e-07
validated polygonal E32 main steps=200 segment=3/3 fraction=0.920483882128 radius=2.396e-07
validated polygonal E32 main steps=207 segment=3/3 fraction=1 radius=2.587e-07
wrote candidate_data/selected_q79covariantperiodbranchcutsetandtightbetatransport/selected_alignment_thimble_periods/d076_selected_075.E32_main.interval.packet.json
{
  "distinguished_index": 76,
  "main_radius": 2.5867097524105855e-07,
  "base_center_difference": 1.3693343007571214e-10,
  "other_critical_clearance": 0.006865689217801166,
  "accepted_steps": 207,
  "rejected_steps": 97
}

=== full: C:\Users\nero_\AppData\Local\Programs\Python\Python314\python.exe scripts/build_selected_q79_single_E32_thimble_full_interval.py --distinguished-index 76 ===
wrote candidate_data/selected_q79covariantperiodbranchcutsetandtightbetatransport/selected_alignment_thimble_periods/d076_selected_075.E32_full.interval.packet.json
{
  "distinguished_index": 76,
  "root_id": "selected_075",
  "full_center": {
    "real": "0.11564872189162682",
    "imaginary": "0.68519684992079688"
  },
  "full_radius": 1.0000538033239084e-06,
  "fallback": 2.3086601928801926e-05,
  "fallback_met": true,
  "floating_contained": true
}
