
=== nodal: C:\Users\nero_\AppData\Local\Programs\Python\Python314\python.exe scripts/certify_q79_selected_alignment_single_E32_thimble_nodal_factor.py --distinguished-index 77 --dps 100 ===
wrote candidate_data/selected_q79covariantperiodbranchcutsetandtightbetatransport/selected_alignment_thimble_periods/d077_selected_068.nodal_factor.interval.packet.json
{
  "distinguished_index": 77,
  "root_id": "selected_068",
  "parameter_radius": 1.4142135714185176e-80,
  "double_root_radius": 1.4142135714185176e-80,
  "node_jacobian_lower": 129655.9510461019,
  "quartic_at_node_lower": 25.604404114769437,
  "hensel_jacobian_lower": 655.5855100724222
}

=== tail-384: C:\Users\nero_\AppData\Local\Programs\Python\Python314\python.exe scripts/certify_q79_selected_alignment_single_E32_thimble_tail_interval_node_pair.py --distinguished-index 77 --outer-segments 384 --dps 100 ===
certified E32 tail segments=8/384 x=[7.867e-06,1.000e-05] radius=2.952e-07
certified E32 tail segments=16/384 x=[6.190e-06,1.000e-05] radius=5.138e-07
certified E32 tail segments=24/384 x=[4.870e-06,1.000e-05] radius=6.757e-07
certified E32 tail segments=32/384 x=[3.831e-06,1.000e-05] radius=7.938e-07
certified E32 tail segments=40/384 x=[3.014e-06,1.000e-05] radius=8.786e-07
certified E32 tail segments=48/384 x=[2.371e-06,1.000e-05] radius=9.368e-07
certified E32 tail segments=56/384 x=[1.866e-06,1.000e-05] radius=9.754e-07
certified E32 tail segments=64/384 x=[1.468e-06,1.000e-05] radius=1.001e-06
certified E32 tail segments=72/384 x=[1.155e-06,1.000e-05] radius=1.016e-06
certified E32 tail segments=80/384 x=[9.085e-07,1.000e-05] radius=1.024e-06
certified E32 tail segments=88/384 x=[7.148e-07,1.000e-05] radius=1.025e-06
certified E32 tail segments=96/384 x=[5.623e-07,1.000e-05] radius=1.026e-06
certified E32 tail segments=104/384 x=[4.424e-07,1.000e-05] radius=1.026e-06
certified E32 tail segments=112/384 x=[3.481e-07,1.000e-05] radius=1.026e-06
certified E32 tail segments=120/384 x=[2.738e-07,1.000e-05] radius=1.026e-06
certified E32 tail segments=128/384 x=[2.154e-07,1.000e-05] radius=1.026e-06
certified E32 tail segments=136/384 x=[1.695e-07,1.000e-05] radius=1.027e-06
certified E32 tail segments=144/384 x=[1.334e-07,1.000e-05] radius=1.027e-06
certified E32 tail segments=152/384 x=[1.049e-07,1.000e-05] radius=1.027e-06
certified E32 tail segments=160/384 x=[8.254e-08,1.000e-05] radius=1.027e-06
certified E32 tail segments=168/384 x=[6.494e-08,1.000e-05] radius=1.027e-06
certified E32 tail segments=176/384 x=[5.109e-08,1.000e-05] radius=1.027e-06
certified E32 tail segments=184/384 x=[4.019e-08,1.000e-05] radius=1.027e-06
certified E32 tail segments=192/384 x=[3.162e-08,1.000e-05] radius=1.027e-06
certified E32 tail segments=200/384 x=[2.488e-08,1.000e-05] radius=1.027e-06
certified E32 tail segments=208/384 x=[1.957e-08,1.000e-05] radius=1.027e-06
certified E32 tail segments=216/384 x=[1.540e-08,1.000e-05] radius=1.027e-06
certified E32 tail segments=224/384 x=[1.212e-08,1.000e-05] radius=1.027e-06
certified E32 tail segments=232/384 x=[9.532e-09,1.000e-05] radius=1.027e-06
certified E32 tail segments=240/384 x=[7.499e-09,1.000e-05] radius=1.027e-06
certified E32 tail segments=248/384 x=[5.900e-09,1.000e-05] radius=1.027e-06
certified E32 tail segments=256/384 x=[4.642e-09,1.000e-05] radius=1.027e-06
certified E32 tail segments=264/384 x=[3.652e-09,1.000e-05] radius=1.027e-06
certified E32 tail segments=272/384 x=[2.873e-09,1.000e-05] radius=1.027e-06
certified E32 tail segments=280/384 x=[2.260e-09,1.000e-05] radius=1.027e-06
certified E32 tail segments=288/384 x=[1.778e-09,1.000e-05] radius=1.027e-06
certified E32 tail segments=296/384 x=[1.399e-09,1.000e-05] radius=1.027e-06
certified E32 tail segments=304/384 x=[1.101e-09,1.000e-05] radius=1.027e-06
certified E32 tail segments=312/384 x=[8.660e-10,1.000e-05] radius=1.027e-06
certified E32 tail segments=320/384 x=[6.813e-10,1.000e-05] radius=1.027e-06
certified E32 tail segments=328/384 x=[5.360e-10,1.000e-05] radius=1.027e-06
certified E32 tail segments=336/384 x=[4.217e-10,1.000e-05] radius=1.027e-06
certified E32 tail segments=344/384 x=[3.318e-10,1.000e-05] radius=1.027e-06
certified E32 tail segments=352/384 x=[2.610e-10,1.000e-05] radius=1.027e-06
certified E32 tail segments=360/384 x=[2.054e-10,1.000e-05] radius=1.027e-06
certified E32 tail segments=368/384 x=[1.616e-10,1.000e-05] radius=1.027e-06
certified E32 tail segments=376/384 x=[1.271e-10,1.000e-05] radius=1.027e-06
certified E32 tail segments=384/384 x=[1.000e-10,1.000e-05] radius=1.027e-06
wrote candidate_data/selected_q79covariantperiodbranchcutsetandtightbetatransport/selected_alignment_thimble_periods/d077_selected_068.E32_tail.interval.packet.json
{
  "distinguished_index": 77,
  "tail_center": {
    "real": "9.2259159844711159e-06",
    "imaginary": "8.516562670850462e-06"
  },
  "tail_radius": 1.0267843837397097e-06,
  "node_bound_radius": 1.8557275984973367e-10,
  "regular_segments": 384
}

=== route scan: C:\Users\nero_\AppData\Local\Programs\Python\Python314\python.exe scripts/scan_q79_selected_alignment_E32_polygonal_detours.py --distinguished-index 77 --limit 5 ===
{
  "distinguished_index": 77,
  "root_id": "selected_068",
  "line_chart": "z",
  "tested": 1122,
  "accepted_null_homotopic": 624,
  "rejected": 498,
  "ranked_routes": [
    {
      "detour_fraction": 0.2,
      "detour_offset": 0.0,
      "return_fraction": 0.74,
      "minimum_clearance_lower": 0.0018433955999211397,
      "other_critical_clearance_lower": 0.0018433955999211397,
      "chart_zero_clearance_lower": 0.22706178161978807,
      "elliptic_infinity_clearance_lower": 0.3535533905922738,
      "path_length": 0.8473139587290557,
      "maximum_winding_residual": 7.067899292141149e-17,
      "path": [
        {
          "real": "0.25",
          "imaginary": "0.25"
        },
        {
          "real": "0.29891286593372535",
          "imaginary": "0.41225209919691241"
        },
        {
          "real": "0.43097760395478368",
          "imaginary": "0.85033276702857585"
        },
        {
          "real": "0.49456188402532997",
          "imaginary": "1.0612523833796021"
        }
      ]
    },
    {
      "detour_fraction": 0.2,
      "detour_offset": 0.0,
      "return_fraction": 0.86,
      "minimum_clearance_lower": 0.0018433955999211397,
      "other_critical_clearance_lower": 0.0018433955999211397,
      "chart_zero_clearance_lower": 0.22706178161978804,
      "elliptic_infinity_clearance_lower": 0.3535533905922738,
      "path_length": 0.8473139587290557,
      "maximum_winding_residual": 7.067899292141149e-17,
      "path": [
        {
          "real": "0.25",
          "imaginary": "0.25"
        },
        {
          "real": "0.29891286593372535",
          "imaginary": "0.41225209919691241"
        },
        {
          "real": "0.46032532351501887",
          "imaginary": "0.94768402654672323"
        },
        {
          "real": "0.49456188402532997",
          "imaginary": "1.0612523833796021"
        }
      ]
    },
    {
      "detour_fraction": 0.25,
      "detour_offset": 0.0,
      "return_fraction": 0.74,
      "minimum_clearance_lower": 0.0018433955999211397,
      "other_critical_clearance_lower": 0.0018433955999211397,
      "chart_zero_clearance_lower": 0.22706178161978807,
      "elliptic_infinity_clearance_lower": 0.3535533905922738,
      "path_length": 0.8473139587290557,
      "maximum_winding_residual": 7.067899292141149e-17,
      "path": [
        {
          "real": "0.25",
          "imaginary": "0.25"
        },
        {
          "real": "0.31114108241715666",
          "imaginary": "0.45281512399614049"
        },
        {
          "real": "0.43097760395478368",
          "imaginary": "0.85033276702857585"
        },
        {
          "real": "0.49456188402532997",
          "imaginary": "1.0612523833796021"
        }
      ]
    },
    {
      "detour_fraction": 0.25,
      "detour_offset": 0.0,
      "return_fraction": 0.86,
      "minimum_clearance_lower": 0.0018433955999211397,
      "other_critical_clearance_lower": 0.0018433955999211397,
      "chart_zero_clearance_lower": 0.22706178161978807,
      "elliptic_infinity_clearance_lower": 0.3535533905922738,
      "path_length": 0.8473139587290557,
      "maximum_winding_residual": 7.067899292141149e-17,
      "path": [
        {
          "real": "0.25",
          "imaginary": "0.25"
        },
        {
          "real": "0.31114108241715666",
          "imaginary": "0.45281512399614049"
        },
        {
          "real": "0.46032532351501887",
          "imaginary": "0.94768402654672323"
        },
        {
          "real": "0.49456188402532997",
          "imaginary": "1.0612523833796021"
        }
      ]
    },
    {
      "detour_fraction": 0.3,
      "detour_offset": 0.0,
      "return_fraction": 0.74,
      "minimum_clearance_lower": 0.0018433955999211397,
      "other_critical_clearance_lower": 0.0018433955999211397,
      "chart_zero_clearance_lower": 0.22706178161978807,
      "elliptic_infinity_clearance_lower": 0.3535533905922738,
      "path_length": 0.8473139587290557,
      "maximum_winding_residual": 7.067899292141149e-17,
      "path": [
        {
          "real": "0.25",
          "imaginary": "0.25"
        },
        {
          "real": "0.32336929890058796",
          "imaginary": "0.49337814879536857"
        },
        {
          "real": "0.43097760395478368",
          "imaginary": "0.85033276702857585"
        },
        {
          "real": "0.49456188402532997",
          "imaginary": "1.0612523833796021"
        }
      ]
    }
  ]
}

=== main: C:\Users\nero_\AppData\Local\Programs\Python\Python314\python.exe scripts/certify_q79_selected_alignment_E32_thimble_polygonal_main_interval_tail_reuse_zonotope.py --distinguished-index 77 --dps 100 --order 20 --detour-fraction 0.2 --detour-offset 0.0 --return-fraction 0.74 ===
starting certified zonotope transport index=77
reused certified cutoff periods index=77 radius=2.842e-14
validated polygonal E32 main steps=10 segment=1/3 fraction=4.07794359091e-05 radius=1.031e-08
validated polygonal E32 main rejections=10 segment=1/3 fraction=0.000185207473206 next_step=2.575e-05 reason=ArithmeticError: E32 lift correction exceeds local budget
validated polygonal E32 main steps=20 segment=1/3 fraction=0.000270311982464 radius=3.414e-08
validated polygonal E32 main steps=30 segment=1/3 fraction=0.00147506403919 radius=5.176e-08
validated polygonal E32 main rejections=20 segment=1/3 fraction=0.00574191989688 next_step=7.608e-04 reason=ArithmeticError: E32 lift correction exceeds local budget
validated polygonal E32 main steps=40 segment=1/3 fraction=0.00825617322774 radius=7.425e-08
validated polygonal E32 main steps=50 segment=1/3 fraction=0.043848316322 radius=8.786e-08
validated polygonal E32 main rejections=30 segment=1/3 fraction=0.0595335403567 next_step=2.141e-03 reason=ArithmeticError: E32 lift correction exceeds local budget
validated polygonal E32 main steps=60 segment=1/3 fraction=0.0654539496717 radius=8.970e-08
validated polygonal E32 main rejections=40 segment=1/3 fraction=0.067273699959 next_step=4.148e-04 reason=ArithmeticError: E32 lift correction exceeds local budget
validated polygonal E32 main steps=70 segment=1/3 fraction=0.070246670358 radius=9.054e-08
validated polygonal E32 main rejections=50 segment=1/3 fraction=0.0812733566384 next_step=1.556e-03 reason=ArithmeticError: E32 lift correction exceeds local budget
validated polygonal E32 main steps=80 segment=1/3 fraction=0.0831102130675 radius=1.022e-07
validated polygonal E32 main steps=90 segment=1/3 fraction=0.137263440817 radius=1.159e-07
validated polygonal E32 main rejections=60 segment=1/3 fraction=0.148921398175 next_step=2.657e-03 reason=ArithmeticError: E32 lift correction exceeds local budget
validated polygonal E32 main steps=100 segment=1/3 fraction=0.16528218241 radius=1.181e-07
validated polygonal E32 main rejections=70 segment=1/3 fraction=0.169043319884 next_step=6.949e-04 reason=ArithmeticError: E32 lift correction exceeds local budget
validated polygonal E32 main steps=110 segment=1/3 fraction=0.172641734763 radius=1.234e-07
validated polygonal E32 main rejections=80 segment=1/3 fraction=0.174578025503 next_step=3.312e-04 reason=ArithmeticError: E32 lift correction exceeds local budget
validated polygonal E32 main steps=120 segment=1/3 fraction=0.177579134624 radius=1.432e-07
validated polygonal E32 main steps=130 segment=1/3 fraction=0.195457074936 radius=1.544e-07
validated polygonal E32 main rejections=90 segment=1/3 fraction=0.210753678709 next_step=4.026e-03 reason=ArithmeticError: E32 lift correction exceeds local budget
validated polygonal E32 main steps=139 segment=1/3 fraction=0.259992599926 radius=1.797e-07
validated polygonal E32 main steps=140 segment=2/3 fraction=0.26294310012 radius=1.804e-07
validated polygonal E32 main steps=150 segment=2/3 fraction=0.330680683585 radius=2.076e-07
validated polygonal E32 main steps=160 segment=2/3 fraction=0.428591604496 radius=2.352e-07
validated polygonal E32 main steps=170 segment=2/3 fraction=0.546611612274 radius=2.567e-07
validated polygonal E32 main steps=180 segment=2/3 fraction=0.664631620053 radius=2.725e-07
validated polygonal E32 main rejections=100 segment=2/3 fraction=0.700037622386 next_step=5.000e-03 reason=ZeroDivisionError: Taylor reciprocal residual is not contractive: 8.223395e+21
validated polygonal E32 main steps=190 segment=2/3 fraction=0.702777841907 radius=2.784e-07
validated polygonal E32 main rejections=110 segment=2/3 fraction=0.759658590177 next_step=5.000e-03 reason=ArithmeticError: E32 lift correction exceeds local budget
validated polygonal E32 main steps=200 segment=2/3 fraction=0.776181391266 radius=3.009e-07
validated polygonal E32 main steps=203 segment=2/3 fraction=0.79999799998 radius=3.070e-07
validated polygonal E32 main steps=210 segment=3/3 fraction=0.827591929797 radius=3.139e-07
validated polygonal E32 main steps=220 segment=3/3 fraction=0.945611937576 radius=3.497e-07
validated polygonal E32 main steps=225 segment=3/3 fraction=1 radius=3.716e-07
wrote candidate_data/selected_q79covariantperiodbranchcutsetandtightbetatransport/selected_alignment_thimble_periods/d077_selected_068.E32_main.interval.packet.json
{
  "distinguished_index": 77,
  "main_radius": 3.716069516310713e-07,
  "base_center_difference": 1.3894613791980244e-10,
  "other_critical_clearance": 0.0018433955999211397,
  "accepted_steps": 225,
  "rejected_steps": 110
}

=== full: C:\Users\nero_\AppData\Local\Programs\Python\Python314\python.exe scripts/build_selected_q79_single_E32_thimble_full_interval.py --distinguished-index 77 ===
wrote candidate_data/selected_q79covariantperiodbranchcutsetandtightbetatransport/selected_alignment_thimble_periods/d077_selected_068.E32_full.interval.packet.json
{
  "distinguished_index": 77,
  "root_id": "selected_068",
  "full_center": {
    "real": "-0.10519262390268738",
    "imaginary": "-0.62575481525941323"
  },
  "full_radius": 1.5523159824226698e-06,
  "fallback": 2.3086601928801926e-05,
  "fallback_met": true,
  "floating_contained": true
}
