
=== nodal: C:\Users\nero_\AppData\Local\Programs\Python\Python314\python.exe scripts/certify_q79_selected_alignment_single_E32_thimble_nodal_factor.py --distinguished-index 78 --dps 100 ===
wrote candidate_data/selected_q79covariantperiodbranchcutsetandtightbetatransport/selected_alignment_thimble_periods/d078_selected_071.nodal_factor.interval.packet.json
{
  "distinguished_index": 78,
  "root_id": "selected_071",
  "parameter_radius": 1.4142135714185176e-80,
  "double_root_radius": 1.4142135714185176e-80,
  "node_jacobian_lower": 120922.41547549327,
  "quartic_at_node_lower": 24.11245645921747,
  "hensel_jacobian_lower": 581.4105564976583
}

=== tail-384: C:\Users\nero_\AppData\Local\Programs\Python\Python314\python.exe scripts/certify_q79_selected_alignment_single_E32_thimble_tail_interval_node_pair.py --distinguished-index 78 --outer-segments 384 --dps 100 ===
certified E32 tail segments=8/384 x=[7.867e-06,1.000e-05] radius=5.321e-07
certified E32 tail segments=16/384 x=[6.190e-06,1.000e-05] radius=9.221e-07
certified E32 tail segments=24/384 x=[4.870e-06,1.000e-05] radius=1.208e-06
certified E32 tail segments=32/384 x=[3.831e-06,1.000e-05] radius=1.419e-06
certified E32 tail segments=40/384 x=[3.014e-06,1.000e-05] radius=1.574e-06
certified E32 tail segments=48/384 x=[2.371e-06,1.000e-05] radius=1.688e-06
certified E32 tail segments=56/384 x=[1.866e-06,1.000e-05] radius=1.772e-06
certified E32 tail segments=64/384 x=[1.468e-06,1.000e-05] radius=1.832e-06
certified E32 tail segments=72/384 x=[1.155e-06,1.000e-05] radius=1.876e-06
certified E32 tail segments=80/384 x=[9.085e-07,1.000e-05] radius=1.909e-06
certified E32 tail segments=88/384 x=[7.148e-07,1.000e-05] radius=1.932e-06
certified E32 tail segments=96/384 x=[5.623e-07,1.000e-05] radius=1.949e-06
certified E32 tail segments=104/384 x=[4.424e-07,1.000e-05] radius=1.961e-06
certified E32 tail segments=112/384 x=[3.481e-07,1.000e-05] radius=1.970e-06
certified E32 tail segments=120/384 x=[2.738e-07,1.000e-05] radius=1.976e-06
certified E32 tail segments=128/384 x=[2.154e-07,1.000e-05] radius=1.981e-06
certified E32 tail segments=136/384 x=[1.695e-07,1.000e-05] radius=1.984e-06
certified E32 tail segments=144/384 x=[1.334e-07,1.000e-05] radius=1.985e-06
certified E32 tail segments=152/384 x=[1.049e-07,1.000e-05] radius=1.987e-06
certified E32 tail segments=160/384 x=[8.254e-08,1.000e-05] radius=1.987e-06
certified E32 tail segments=168/384 x=[6.494e-08,1.000e-05] radius=1.987e-06
certified E32 tail segments=176/384 x=[5.109e-08,1.000e-05] radius=1.987e-06
certified E32 tail segments=184/384 x=[4.019e-08,1.000e-05] radius=1.987e-06
certified E32 tail segments=192/384 x=[3.162e-08,1.000e-05] radius=1.987e-06
certified E32 tail segments=200/384 x=[2.488e-08,1.000e-05] radius=1.987e-06
certified E32 tail segments=208/384 x=[1.957e-08,1.000e-05] radius=1.987e-06
certified E32 tail segments=216/384 x=[1.540e-08,1.000e-05] radius=1.987e-06
certified E32 tail segments=224/384 x=[1.212e-08,1.000e-05] radius=1.987e-06
certified E32 tail segments=232/384 x=[9.532e-09,1.000e-05] radius=1.987e-06
certified E32 tail segments=240/384 x=[7.499e-09,1.000e-05] radius=1.987e-06
certified E32 tail segments=248/384 x=[5.900e-09,1.000e-05] radius=1.987e-06
certified E32 tail segments=256/384 x=[4.642e-09,1.000e-05] radius=1.987e-06
certified E32 tail segments=264/384 x=[3.652e-09,1.000e-05] radius=1.987e-06
certified E32 tail segments=272/384 x=[2.873e-09,1.000e-05] radius=1.987e-06
certified E32 tail segments=280/384 x=[2.260e-09,1.000e-05] radius=1.987e-06
certified E32 tail segments=288/384 x=[1.778e-09,1.000e-05] radius=1.987e-06
certified E32 tail segments=296/384 x=[1.399e-09,1.000e-05] radius=1.987e-06
certified E32 tail segments=304/384 x=[1.101e-09,1.000e-05] radius=1.987e-06
certified E32 tail segments=312/384 x=[8.660e-10,1.000e-05] radius=1.987e-06
certified E32 tail segments=320/384 x=[6.813e-10,1.000e-05] radius=1.987e-06
certified E32 tail segments=328/384 x=[5.360e-10,1.000e-05] radius=1.987e-06
certified E32 tail segments=336/384 x=[4.217e-10,1.000e-05] radius=1.987e-06
certified E32 tail segments=344/384 x=[3.318e-10,1.000e-05] radius=1.987e-06
certified E32 tail segments=352/384 x=[2.610e-10,1.000e-05] radius=1.987e-06
certified E32 tail segments=360/384 x=[2.054e-10,1.000e-05] radius=1.987e-06
certified E32 tail segments=368/384 x=[1.616e-10,1.000e-05] radius=1.987e-06
certified E32 tail segments=376/384 x=[1.271e-10,1.000e-05] radius=1.987e-06
certified E32 tail segments=384/384 x=[1.000e-10,1.000e-05] radius=1.987e-06
wrote candidate_data/selected_q79covariantperiodbranchcutsetandtightbetatransport/selected_alignment_thimble_periods/d078_selected_071.E32_tail.interval.packet.json
{
  "distinguished_index": 78,
  "tail_center": {
    "real": "-8.688521361902776e-06",
    "imaginary": "-1.1896210743266814e-05"
  },
  "tail_radius": 1.987024791816339e-06,
  "node_bound_radius": 2.4941573285863777e-10,
  "regular_segments": 384
}

=== route scan: C:\Users\nero_\AppData\Local\Programs\Python\Python314\python.exe scripts/scan_q79_selected_alignment_E32_polygonal_detours.py --distinguished-index 78 --limit 5 ===
{
  "distinguished_index": 78,
  "root_id": "selected_071",
  "line_chart": "z",
  "tested": 1122,
  "accepted_null_homotopic": 586,
  "rejected": 536,
  "ranked_routes": [
    {
      "detour_fraction": 0.2,
      "detour_offset": 0.0,
      "return_fraction": 0.65,
      "minimum_clearance_lower": 0.004022751242586699,
      "other_critical_clearance_lower": 0.004022751242586699,
      "chart_zero_clearance_lower": 0.2166672237915338,
      "elliptic_infinity_clearance_lower": 0.3535533905922738,
      "path_length": 0.7147945657629284,
      "maximum_winding_residual": 7.067899292141149e-17,
      "path": [
        {
          "real": "0.25",
          "imaginary": "0.25"
        },
        {
          "real": "0.28925547958786235",
          "imaginary": "0.38746514803121451"
        },
        {
          "real": "0.3775803086605527",
          "imaginary": "0.69676173110144712"
        },
        {
          "real": "0.44627543516533241",
          "imaginary": "0.93731886689867094"
        }
      ]
    },
    {
      "detour_fraction": 0.25,
      "detour_offset": 0.0,
      "return_fraction": 0.65,
      "minimum_clearance_lower": 0.004022751242586699,
      "other_critical_clearance_lower": 0.004022751242586699,
      "chart_zero_clearance_lower": 0.2166672237915338,
      "elliptic_infinity_clearance_lower": 0.3535533905922738,
      "path_length": 0.7147945657629284,
      "maximum_winding_residual": 7.067899292141149e-17,
      "path": [
        {
          "real": "0.25",
          "imaginary": "0.25"
        },
        {
          "real": "0.29906934948482794",
          "imaginary": "0.4218314350390181"
        },
        {
          "real": "0.3775803086605527",
          "imaginary": "0.69676173110144712"
        },
        {
          "real": "0.44627543516533241",
          "imaginary": "0.93731886689867094"
        }
      ]
    },
    {
      "detour_fraction": 0.3,
      "detour_offset": 0.0,
      "return_fraction": 0.86,
      "minimum_clearance_lower": 0.004022751242586699,
      "other_critical_clearance_lower": 0.004022751242586699,
      "chart_zero_clearance_lower": 0.21666722379153378,
      "elliptic_infinity_clearance_lower": 0.3535533905922738,
      "path_length": 0.7147945657629284,
      "maximum_winding_residual": 7.067899292141149e-17,
      "path": [
        {
          "real": "0.25",
          "imaginary": "0.25"
        },
        {
          "real": "0.30888321938179353",
          "imaginary": "0.45619772204682174"
        },
        {
          "real": "0.41879856222780815",
          "imaginary": "0.84110013653422233"
        },
        {
          "real": "0.44627543516533241",
          "imaginary": "0.93731886689867094"
        }
      ]
    },
    {
      "detour_fraction": 0.385,
      "detour_offset": 0.0,
      "return_fraction": 0.65,
      "minimum_clearance_lower": 0.004022751242586699,
      "other_critical_clearance_lower": 0.004022751242586699,
      "chart_zero_clearance_lower": 0.2166672237915338,
      "elliptic_infinity_clearance_lower": 0.3535533905922738,
      "path_length": 0.7147945657629284,
      "maximum_winding_residual": 7.067899292141149e-17,
      "path": [
        {
          "real": "0.25",
          "imaginary": "0.25"
        },
        {
          "real": "0.32556679820663503",
          "imaginary": "0.51462040996008795"
        },
        {
          "real": "0.3775803086605527",
          "imaginary": "0.69676173110144712"
        },
        {
          "real": "0.44627543516533241",
          "imaginary": "0.93731886689867094"
        }
      ]
    },
    {
      "detour_fraction": 0.385,
      "detour_offset": 0.0,
      "return_fraction": 0.7,
      "minimum_clearance_lower": 0.004022751242586699,
      "other_critical_clearance_lower": 0.004022751242586699,
      "chart_zero_clearance_lower": 0.21666722379153378,
      "elliptic_infinity_clearance_lower": 0.3535533905922738,
      "path_length": 0.7147945657629284,
      "maximum_winding_residual": 7.067899292141149e-17,
      "path": [
        {
          "real": "0.25",
          "imaginary": "0.25"
        },
        {
          "real": "0.32556679820663503",
          "imaginary": "0.51462040996008795"
        },
        {
          "real": "0.38739417855751823",
          "imaginary": "0.73112801810925077"
        },
        {
          "real": "0.44627543516533241",
          "imaginary": "0.93731886689867094"
        }
      ]
    }
  ]
}

=== main: C:\Users\nero_\AppData\Local\Programs\Python\Python314\python.exe scripts/certify_q79_selected_alignment_E32_thimble_polygonal_main_interval_tail_reuse_zonotope.py --distinguished-index 78 --dps 100 --order 20 --detour-fraction 0.2 --detour-offset 0.0 --return-fraction 0.65 ===
starting certified zonotope transport index=78
reused certified cutoff periods index=78 radius=2.842e-14
validated polygonal E32 main steps=10 segment=1/3 fraction=3.47507497425e-05 radius=7.234e-09
validated polygonal E32 main rejections=10 segment=1/3 fraction=0.000101944755724 next_step=1.192e-05 reason=ArithmeticError: E32 lift correction exceeds local budget
validated polygonal E32 main steps=20 segment=1/3 fraction=0.000184964596424 radius=1.378e-08
validated polygonal E32 main steps=30 segment=1/3 fraction=0.00091270055567 radius=2.699e-08
validated polygonal E32 main rejections=20 segment=1/3 fraction=0.00139616807224 next_step=1.431e-04 reason=ArithmeticError: E32 lift correction exceeds local budget
validated polygonal E32 main steps=40 segment=1/3 fraction=0.00434683328228 radius=4.466e-08
validated polygonal E32 main steps=50 segment=1/3 fraction=0.0148805362081 radius=4.810e-08
validated polygonal E32 main rejections=30 segment=1/3 fraction=0.0148805362081 next_step=7.251e-04 reason=ArithmeticError: E32 lift correction exceeds local budget
validated polygonal E32 main steps=60 segment=1/3 fraction=0.0256141255179 radius=6.018e-08
validated polygonal E32 main rejections=40 segment=1/3 fraction=0.0357640196339 next_step=2.015e-03 reason=ArithmeticError: E32 lift correction exceeds local budget
validated polygonal E32 main steps=70 segment=1/3 fraction=0.0535000723836 radius=6.309e-08
validated polygonal E32 main steps=80 segment=1/3 fraction=0.155570542077 radius=7.729e-08
validated polygonal E32 main rejections=50 segment=1/3 fraction=0.201178051649 next_step=4.500e-03 reason=ArithmeticError: E32 lift correction exceeds local budget
validated polygonal E32 main steps=90 segment=1/3 fraction=0.24538655786 radius=1.160e-07
validated polygonal E32 main steps=100 segment=1/3 fraction=0.333803570281 radius=1.372e-07
validated polygonal E32 main steps=102 segment=1/3 fraction=0.349993499935 radius=1.393e-07
validated polygonal E32 main steps=110 segment=2/3 fraction=0.441068618743 radius=1.469e-07
validated polygonal E32 main steps=120 segment=2/3 fraction=0.580968954853 radius=1.582e-07
validated polygonal E32 main rejections=60 segment=2/3 fraction=0.643924106103 next_step=4.500e-03 reason=ZeroDivisionError: Taylor reciprocal residual is not contractive: 2.574669e+07
validated polygonal E32 main steps=130 segment=2/3 fraction=0.678173107386 radius=1.752e-07
validated polygonal E32 main steps=140 segment=2/3 fraction=0.783937761485 radius=2.249e-07
validated polygonal E32 main steps=142 segment=2/3 fraction=0.79999799998 radius=2.321e-07
validated polygonal E32 main steps=150 segment=3/3 fraction=0.891073118788 radius=2.784e-07
validated polygonal E32 main steps=158 segment=3/3 fraction=1 radius=3.492e-07
wrote candidate_data/selected_q79covariantperiodbranchcutsetandtightbetatransport/selected_alignment_thimble_periods/d078_selected_071.E32_main.interval.packet.json
{
  "distinguished_index": 78,
  "main_radius": 3.4922745976316854e-07,
  "base_center_difference": 2.7111317106536925e-10,
  "other_critical_clearance": 0.004022751242586699,
  "accepted_steps": 158,
  "rejected_steps": 66
}

=== full: C:\Users\nero_\AppData\Local\Programs\Python\Python314\python.exe scripts/build_selected_q79_single_E32_thimble_full_interval.py --distinguished-index 78 ===
wrote candidate_data/selected_q79covariantperiodbranchcutsetandtightbetatransport/selected_alignment_thimble_periods/d078_selected_071.E32_full.interval.packet.json
{
  "distinguished_index": 78,
  "root_id": "selected_071",
  "full_center": {
    "real": "-0.12776310431592797",
    "imaginary": "-1.2183465529367838"
  },
  "full_radius": 2.4808974856682657e-06,
  "fallback": 2.3086601928801926e-05,
  "fallback_met": true,
  "floating_contained": true
}
