
=== nodal: C:\Users\nero_\AppData\Local\Programs\Python\Python314\python.exe scripts/certify_q79_selected_alignment_single_E32_thimble_nodal_factor.py --distinguished-index 80 --dps 100 ===
wrote candidate_data/selected_q79covariantperiodbranchcutsetandtightbetatransport/selected_alignment_thimble_periods/d080_selected_069.nodal_factor.interval.packet.json
{
  "distinguished_index": 80,
  "root_id": "selected_069",
  "parameter_radius": 1.4142135714185176e-80,
  "double_root_radius": 1.4142135714185176e-80,
  "node_jacobian_lower": 450.88742794291056,
  "quartic_at_node_lower": 3.0115289866199078,
  "hensel_jacobian_lower": 9.069306837251931
}

=== tail-384: C:\Users\nero_\AppData\Local\Programs\Python\Python314\python.exe scripts/certify_q79_selected_alignment_single_E32_thimble_tail_interval_node_pair.py --distinguished-index 80 --outer-segments 384 --dps 100 ===
certified E32 tail segments=8/384 x=[7.867e-06,1.000e-05] radius=5.874e-07
certified E32 tail segments=16/384 x=[6.190e-06,1.000e-05] radius=1.000e-06
certified E32 tail segments=24/384 x=[4.870e-06,1.000e-05] radius=1.287e-06
certified E32 tail segments=32/384 x=[3.831e-06,1.000e-05] radius=1.475e-06
certified E32 tail segments=40/384 x=[3.014e-06,1.000e-05] radius=1.601e-06
certified E32 tail segments=48/384 x=[2.371e-06,1.000e-05] radius=1.686e-06
certified E32 tail segments=56/384 x=[1.866e-06,1.000e-05] radius=1.743e-06
certified E32 tail segments=64/384 x=[1.468e-06,1.000e-05] radius=1.782e-06
certified E32 tail segments=72/384 x=[1.155e-06,1.000e-05] radius=1.808e-06
certified E32 tail segments=80/384 x=[9.085e-07,1.000e-05] radius=1.825e-06
certified E32 tail segments=88/384 x=[7.148e-07,1.000e-05] radius=1.836e-06
certified E32 tail segments=96/384 x=[5.623e-07,1.000e-05] radius=1.844e-06
certified E32 tail segments=104/384 x=[4.424e-07,1.000e-05] radius=1.848e-06
certified E32 tail segments=112/384 x=[3.481e-07,1.000e-05] radius=1.849e-06
certified E32 tail segments=120/384 x=[2.738e-07,1.000e-05] radius=1.849e-06
certified E32 tail segments=128/384 x=[2.154e-07,1.000e-05] radius=1.850e-06
certified E32 tail segments=136/384 x=[1.695e-07,1.000e-05] radius=1.850e-06
certified E32 tail segments=144/384 x=[1.334e-07,1.000e-05] radius=1.850e-06
certified E32 tail segments=152/384 x=[1.049e-07,1.000e-05] radius=1.850e-06
certified E32 tail segments=160/384 x=[8.254e-08,1.000e-05] radius=1.850e-06
certified E32 tail segments=168/384 x=[6.494e-08,1.000e-05] radius=1.851e-06
certified E32 tail segments=176/384 x=[5.109e-08,1.000e-05] radius=1.851e-06
certified E32 tail segments=184/384 x=[4.019e-08,1.000e-05] radius=1.851e-06
certified E32 tail segments=192/384 x=[3.162e-08,1.000e-05] radius=1.851e-06
certified E32 tail segments=200/384 x=[2.488e-08,1.000e-05] radius=1.851e-06
certified E32 tail segments=208/384 x=[1.957e-08,1.000e-05] radius=1.851e-06
certified E32 tail segments=216/384 x=[1.540e-08,1.000e-05] radius=1.851e-06
certified E32 tail segments=224/384 x=[1.212e-08,1.000e-05] radius=1.851e-06
certified E32 tail segments=232/384 x=[9.532e-09,1.000e-05] radius=1.851e-06
certified E32 tail segments=240/384 x=[7.499e-09,1.000e-05] radius=1.851e-06
certified E32 tail segments=248/384 x=[5.900e-09,1.000e-05] radius=1.851e-06
certified E32 tail segments=256/384 x=[4.642e-09,1.000e-05] radius=1.851e-06
certified E32 tail segments=264/384 x=[3.652e-09,1.000e-05] radius=1.851e-06
certified E32 tail segments=272/384 x=[2.873e-09,1.000e-05] radius=1.851e-06
certified E32 tail segments=280/384 x=[2.260e-09,1.000e-05] radius=1.851e-06
certified E32 tail segments=288/384 x=[1.778e-09,1.000e-05] radius=1.851e-06
certified E32 tail segments=296/384 x=[1.399e-09,1.000e-05] radius=1.851e-06
certified E32 tail segments=304/384 x=[1.101e-09,1.000e-05] radius=1.851e-06
certified E32 tail segments=312/384 x=[8.660e-10,1.000e-05] radius=1.851e-06
certified E32 tail segments=320/384 x=[6.813e-10,1.000e-05] radius=1.851e-06
certified E32 tail segments=328/384 x=[5.360e-10,1.000e-05] radius=1.851e-06
certified E32 tail segments=336/384 x=[4.217e-10,1.000e-05] radius=1.851e-06
certified E32 tail segments=344/384 x=[3.318e-10,1.000e-05] radius=1.851e-06
certified E32 tail segments=352/384 x=[2.610e-10,1.000e-05] radius=1.851e-06
certified E32 tail segments=360/384 x=[2.054e-10,1.000e-05] radius=1.851e-06
certified E32 tail segments=368/384 x=[1.616e-10,1.000e-05] radius=1.851e-06
certified E32 tail segments=376/384 x=[1.271e-10,1.000e-05] radius=1.851e-06
certified E32 tail segments=384/384 x=[1.000e-10,1.000e-05] radius=1.851e-06
wrote candidate_data/selected_q79covariantperiodbranchcutsetandtightbetatransport/selected_alignment_thimble_periods/d080_selected_069.E32_tail.interval.packet.json
{
  "distinguished_index": 80,
  "tail_center": {
    "real": "1.7214435603872951e-05",
    "imaginary": "-8.3914018281350813e-07"
  },
  "tail_radius": 1.8506510244264975e-06,
  "node_bound_radius": 5.011258196602198e-10,
  "regular_segments": 384
}

=== route scan: C:\Users\nero_\AppData\Local\Programs\Python\Python314\python.exe scripts/scan_q79_selected_alignment_E32_polygonal_detours.py --distinguished-index 80 --limit 5 ===
{
  "distinguished_index": 80,
  "root_id": "selected_069",
  "line_chart": "z",
  "tested": 1122,
  "accepted_null_homotopic": 577,
  "rejected": 545,
  "ranked_routes": [
    {
      "detour_fraction": 0.2,
      "detour_offset": 0.0,
      "return_fraction": 0.65,
      "minimum_clearance_lower": 0.013076128885481219,
      "other_critical_clearance_lower": 0.013076128885481219,
      "chart_zero_clearance_lower": 0.2128581314640299,
      "elliptic_infinity_clearance_lower": 0.3535533905922738,
      "path_length": 0.7023712504977303,
      "maximum_winding_residual": 7.067899292141149e-17,
      "path": [
        {
          "real": "0.25",
          "imaginary": "0.25"
        },
        {
          "real": "0.28779895203601624",
          "imaginary": "0.38529467407192186"
        },
        {
          "real": "0.3728465941170529",
          "imaginary": "0.68970769073374605"
        },
        {
          "real": "0.43899287023247957",
          "imaginary": "0.92646660562590566"
        }
      ]
    },
    {
      "detour_fraction": 0.2,
      "detour_offset": 0.0,
      "return_fraction": 0.7,
      "minimum_clearance_lower": 0.013076128885481219,
      "other_critical_clearance_lower": 0.013076128885481219,
      "chart_zero_clearance_lower": 0.2128581314640299,
      "elliptic_infinity_clearance_lower": 0.3535533905922738,
      "path_length": 0.7023712504977303,
      "maximum_winding_residual": 7.067899292141149e-17,
      "path": [
        {
          "real": "0.25",
          "imaginary": "0.25"
        },
        {
          "real": "0.28779895203601624",
          "imaginary": "0.38529467407192186"
        },
        {
          "real": "0.3822963321260569",
          "imaginary": "0.7235313592517264"
        },
        {
          "real": "0.43899287023247957",
          "imaginary": "0.92646660562590566"
        }
      ]
    },
    {
      "detour_fraction": 0.2,
      "detour_offset": 0.0,
      "return_fraction": 0.74,
      "minimum_clearance_lower": 0.013076128885481219,
      "other_critical_clearance_lower": 0.013076128885481219,
      "chart_zero_clearance_lower": 0.2128581314640299,
      "elliptic_infinity_clearance_lower": 0.3535533905922738,
      "path_length": 0.7023712504977303,
      "maximum_winding_residual": 7.067899292141149e-17,
      "path": [
        {
          "real": "0.25",
          "imaginary": "0.25"
        },
        {
          "real": "0.28779895203601624",
          "imaginary": "0.38529467407192186"
        },
        {
          "real": "0.38985612253326019",
          "imaginary": "0.75059029406611077"
        },
        {
          "real": "0.43899287023247957",
          "imaginary": "0.92646660562590566"
        }
      ]
    },
    {
      "detour_fraction": 0.2,
      "detour_offset": 0.0,
      "return_fraction": 0.78,
      "minimum_clearance_lower": 0.013076128885481219,
      "other_critical_clearance_lower": 0.013076128885481219,
      "chart_zero_clearance_lower": 0.2128581314640299,
      "elliptic_infinity_clearance_lower": 0.3535533905922738,
      "path_length": 0.7023712504977303,
      "maximum_winding_residual": 7.067899292141149e-17,
      "path": [
        {
          "real": "0.25",
          "imaginary": "0.25"
        },
        {
          "real": "0.28779895203601624",
          "imaginary": "0.38529467407192186"
        },
        {
          "real": "0.39741591294046341",
          "imaginary": "0.77764922888049515"
        },
        {
          "real": "0.43899287023247957",
          "imaginary": "0.92646660562590566"
        }
      ]
    },
    {
      "detour_fraction": 0.2,
      "detour_offset": 0.0,
      "return_fraction": 0.82,
      "minimum_clearance_lower": 0.013076128885481219,
      "other_critical_clearance_lower": 0.013076128885481219,
      "chart_zero_clearance_lower": 0.2128581314640299,
      "elliptic_infinity_clearance_lower": 0.3535533905922738,
      "path_length": 0.7023712504977303,
      "maximum_winding_residual": 7.067899292141149e-17,
      "path": [
        {
          "real": "0.25",
          "imaginary": "0.25"
        },
        {
          "real": "0.28779895203601624",
          "imaginary": "0.38529467407192186"
        },
        {
          "real": "0.40497570334766664",
          "imaginary": "0.80470816369487952"
        },
        {
          "real": "0.43899287023247957",
          "imaginary": "0.92646660562590566"
        }
      ]
    }
  ]
}

=== main: C:\Users\nero_\AppData\Local\Programs\Python\Python314\python.exe scripts/certify_q79_selected_alignment_E32_thimble_polygonal_main_interval_tail_reuse_zonotope.py --distinguished-index 80 --dps 100 --order 20 --detour-fraction 0.2 --detour-offset 0.0 --return-fraction 0.65 ===
starting certified zonotope transport index=80
reused certified cutoff periods index=80 radius=1.776e-15
validated polygonal E32 main steps=10 segment=1/3 fraction=5.8312202518e-05 radius=1.046e-08
validated polygonal E32 main steps=20 segment=1/3 fraction=0.000470039410727 radius=2.565e-08
validated polygonal E32 main rejections=10 segment=1/3 fraction=0.00108094430218 next_step=1.292e-04 reason=ArithmeticError: E32 lift correction exceeds local budget
validated polygonal E32 main steps=30 segment=1/3 fraction=0.003377137525 radius=4.171e-08
validated polygonal E32 main steps=40 segment=1/3 fraction=0.0194934788033 radius=5.205e-08
validated polygonal E32 main rejections=20 segment=1/3 fraction=0.0467580242586 next_step=3.866e-03 reason=ArithmeticError: E32 lift correction exceeds local budget
validated polygonal E32 main steps=50 segment=1/3 fraction=0.0963381310592 radius=7.787e-08
validated polygonal E32 main steps=60 segment=1/3 fraction=0.221627997263 radius=1.072e-07
validated polygonal E32 main steps=70 segment=1/3 fraction=0.338375372589 radius=1.380e-07
validated polygonal E32 main steps=71 segment=1/3 fraction=0.349993499935 radius=1.392e-07
validated polygonal E32 main steps=80 segment=2/3 fraction=0.456917010752 radius=1.491e-07
validated polygonal E32 main steps=90 segment=2/3 fraction=0.59929185871 radius=1.615e-07
validated polygonal E32 main rejections=30 segment=2/3 fraction=0.671675231412 next_step=5.000e-03 reason=ArithmeticError: E32 lift correction exceeds local budget
validated polygonal E32 main steps=100 segment=2/3 fraction=0.698726452524 radius=1.881e-07
validated polygonal E32 main steps=109 segment=2/3 fraction=0.79999799998 radius=2.264e-07
validated polygonal E32 main steps=110 segment=3/3 fraction=0.803557371179 radius=2.278e-07
validated polygonal E32 main steps=120 segment=3/3 fraction=0.935396480388 radius=2.903e-07
validated polygonal E32 main steps=125 segment=3/3 fraction=1 radius=3.290e-07
wrote candidate_data/selected_q79covariantperiodbranchcutsetandtightbetatransport/selected_alignment_thimble_periods/d080_selected_069.E32_main.interval.packet.json
{
  "distinguished_index": 80,
  "main_radius": 3.2895435592896434e-07,
  "base_center_difference": 3.953179013882108e-11,
  "other_critical_clearance": 0.013076128885481219,
  "accepted_steps": 125,
  "rejected_steps": 33
}

=== full: C:\Users\nero_\AppData\Local\Programs\Python\Python314\python.exe scripts/build_selected_q79_single_E32_thimble_full_interval.py --distinguished-index 80 ===
wrote candidate_data/selected_q79covariantperiodbranchcutsetandtightbetatransport/selected_alignment_thimble_periods/d080_selected_069.E32_full.interval.packet.json
{
  "distinguished_index": 80,
  "root_id": "selected_069",
  "full_center": {
    "real": "0.36842237344150519",
    "imaginary": "0.93718911125805549"
  },
  "full_radius": 2.3157800725925885e-06,
  "fallback": 2.3086601928801926e-05,
  "fallback_met": true,
  "floating_contained": true
}
