
=== nodal: C:\Users\nero_\AppData\Local\Programs\Python\Python314\python.exe scripts/certify_q79_selected_alignment_single_E32_thimble_nodal_factor.py --distinguished-index 81 --dps 100 ===
wrote candidate_data/selected_q79covariantperiodbranchcutsetandtightbetatransport/selected_alignment_thimble_periods/d081_selected_081.nodal_factor.interval.packet.json
{
  "distinguished_index": 81,
  "root_id": "selected_081",
  "parameter_radius": 1.4142135714185176e-80,
  "double_root_radius": 1.4142135714185176e-80,
  "node_jacobian_lower": 918.7376159512019,
  "quartic_at_node_lower": 5.258139173951926,
  "hensel_jacobian_lower": 27.648027572647845
}

=== tail-384: C:\Users\nero_\AppData\Local\Programs\Python\Python314\python.exe scripts/certify_q79_selected_alignment_single_E32_thimble_tail_interval_node_pair.py --distinguished-index 81 --outer-segments 384 --dps 100 ===
certified E32 tail segments=8/384 x=[7.867e-06,1.000e-05] radius=1.975e-07
certified E32 tail segments=16/384 x=[6.190e-06,1.000e-05] radius=3.188e-07
certified E32 tail segments=24/384 x=[4.870e-06,1.000e-05] radius=3.528e-07
certified E32 tail segments=32/384 x=[3.831e-06,1.000e-05] radius=3.619e-07
certified E32 tail segments=40/384 x=[3.014e-06,1.000e-05] radius=3.681e-07
certified E32 tail segments=48/384 x=[2.371e-06,1.000e-05] radius=3.723e-07
certified E32 tail segments=56/384 x=[1.866e-06,1.000e-05] radius=3.752e-07
certified E32 tail segments=64/384 x=[1.468e-06,1.000e-05] radius=3.773e-07
certified E32 tail segments=72/384 x=[1.155e-06,1.000e-05] radius=3.786e-07
certified E32 tail segments=80/384 x=[9.085e-07,1.000e-05] radius=3.796e-07
certified E32 tail segments=88/384 x=[7.148e-07,1.000e-05] radius=3.802e-07
certified E32 tail segments=96/384 x=[5.623e-07,1.000e-05] radius=3.807e-07
certified E32 tail segments=104/384 x=[4.424e-07,1.000e-05] radius=3.810e-07
certified E32 tail segments=112/384 x=[3.481e-07,1.000e-05] radius=3.812e-07
certified E32 tail segments=120/384 x=[2.738e-07,1.000e-05] radius=3.814e-07
certified E32 tail segments=128/384 x=[2.154e-07,1.000e-05] radius=3.815e-07
certified E32 tail segments=136/384 x=[1.695e-07,1.000e-05] radius=3.815e-07
certified E32 tail segments=144/384 x=[1.334e-07,1.000e-05] radius=3.816e-07
certified E32 tail segments=152/384 x=[1.049e-07,1.000e-05] radius=3.816e-07
certified E32 tail segments=160/384 x=[8.254e-08,1.000e-05] radius=3.817e-07
certified E32 tail segments=168/384 x=[6.494e-08,1.000e-05] radius=3.817e-07
certified E32 tail segments=176/384 x=[5.109e-08,1.000e-05] radius=3.817e-07
certified E32 tail segments=184/384 x=[4.019e-08,1.000e-05] radius=3.817e-07
certified E32 tail segments=192/384 x=[3.162e-08,1.000e-05] radius=3.817e-07
certified E32 tail segments=200/384 x=[2.488e-08,1.000e-05] radius=3.817e-07
certified E32 tail segments=208/384 x=[1.957e-08,1.000e-05] radius=3.817e-07
certified E32 tail segments=216/384 x=[1.540e-08,1.000e-05] radius=3.817e-07
certified E32 tail segments=224/384 x=[1.212e-08,1.000e-05] radius=3.817e-07
certified E32 tail segments=232/384 x=[9.532e-09,1.000e-05] radius=3.817e-07
certified E32 tail segments=240/384 x=[7.499e-09,1.000e-05] radius=3.817e-07
certified E32 tail segments=248/384 x=[5.900e-09,1.000e-05] radius=3.817e-07
certified E32 tail segments=256/384 x=[4.642e-09,1.000e-05] radius=3.817e-07
certified E32 tail segments=264/384 x=[3.652e-09,1.000e-05] radius=3.817e-07
certified E32 tail segments=272/384 x=[2.873e-09,1.000e-05] radius=3.817e-07
certified E32 tail segments=280/384 x=[2.260e-09,1.000e-05] radius=3.817e-07
certified E32 tail segments=288/384 x=[1.778e-09,1.000e-05] radius=3.817e-07
certified E32 tail segments=296/384 x=[1.399e-09,1.000e-05] radius=3.817e-07
certified E32 tail segments=304/384 x=[1.101e-09,1.000e-05] radius=3.817e-07
certified E32 tail segments=312/384 x=[8.660e-10,1.000e-05] radius=3.817e-07
certified E32 tail segments=320/384 x=[6.813e-10,1.000e-05] radius=3.817e-07
certified E32 tail segments=328/384 x=[5.360e-10,1.000e-05] radius=3.817e-07
certified E32 tail segments=336/384 x=[4.217e-10,1.000e-05] radius=3.817e-07
certified E32 tail segments=344/384 x=[3.318e-10,1.000e-05] radius=3.817e-07
certified E32 tail segments=352/384 x=[2.610e-10,1.000e-05] radius=3.817e-07
certified E32 tail segments=360/384 x=[2.054e-10,1.000e-05] radius=3.817e-07
certified E32 tail segments=368/384 x=[1.616e-10,1.000e-05] radius=3.817e-07
certified E32 tail segments=376/384 x=[1.271e-10,1.000e-05] radius=3.817e-07
certified E32 tail segments=384/384 x=[1.000e-10,1.000e-05] radius=3.817e-07
wrote candidate_data/selected_q79covariantperiodbranchcutsetandtightbetatransport/selected_alignment_thimble_periods/d081_selected_081.E32_tail.interval.packet.json
{
  "distinguished_index": 81,
  "tail_center": {
    "real": "1.1146033174022858e-05",
    "imaginary": "-1.5547370438332934e-05"
  },
  "tail_radius": 3.817116702720114e-07,
  "node_bound_radius": 4.998599459696275e-10,
  "regular_segments": 384
}

=== route scan: C:\Users\nero_\AppData\Local\Programs\Python\Python314\python.exe scripts/scan_q79_selected_alignment_E32_polygonal_detours.py --distinguished-index 81 --limit 5 ===
{
  "distinguished_index": 81,
  "root_id": "selected_081",
  "line_chart": "z",
  "tested": 1122,
  "accepted_null_homotopic": 564,
  "rejected": 558,
  "ranked_routes": [
    {
      "detour_fraction": 0.2,
      "detour_offset": 0.0,
      "return_fraction": 0.65,
      "minimum_clearance_lower": 3.042742948634704e-05,
      "other_critical_clearance_lower": 3.042742948634704e-05,
      "chart_zero_clearance_lower": 0.17318938139796777,
      "elliptic_infinity_clearance_lower": 0.3535533905922738,
      "path_length": 0.7806481120086295,
      "maximum_winding_residual": 7.067899292141149e-17,
      "path": [
        {
          "real": "0.25",
          "imaginary": "0.25"
        },
        {
          "real": "0.28370828101580603",
          "imaginary": "0.40244900235409153"
        },
        {
          "real": "0.35955191330136965",
          "imaginary": "0.74545925765079757"
        },
        {
          "real": "0.41853971966497938",
          "imaginary": "1.0122373893203402"
        }
      ]
    },
    {
      "detour_fraction": 0.2,
      "detour_offset": 0.0,
      "return_fraction": 0.7,
      "minimum_clearance_lower": 3.042742948634704e-05,
      "other_critical_clearance_lower": 3.042742948634704e-05,
      "chart_zero_clearance_lower": 0.17318938139796777,
      "elliptic_infinity_clearance_lower": 0.3535533905922738,
      "path_length": 0.7806481120086295,
      "maximum_winding_residual": 7.067899292141149e-17,
      "path": [
        {
          "real": "0.25",
          "imaginary": "0.25"
        },
        {
          "real": "0.28370828101580603",
          "imaginary": "0.40244900235409153"
        },
        {
          "real": "0.3679789835553211",
          "imaginary": "0.78357150823932042"
        },
        {
          "real": "0.41853971966497938",
          "imaginary": "1.0122373893203402"
        }
      ]
    },
    {
      "detour_fraction": 0.2,
      "detour_offset": 0.0,
      "return_fraction": 0.74,
      "minimum_clearance_lower": 3.042742948634704e-05,
      "other_critical_clearance_lower": 3.042742948634704e-05,
      "chart_zero_clearance_lower": 0.17318938139796777,
      "elliptic_infinity_clearance_lower": 0.3535533905922738,
      "path_length": 0.7806481120086295,
      "maximum_winding_residual": 7.067899292141149e-17,
      "path": [
        {
          "real": "0.25",
          "imaginary": "0.25"
        },
        {
          "real": "0.28370828101580603",
          "imaginary": "0.40244900235409153"
        },
        {
          "real": "0.37472063975848235",
          "imaginary": "0.81406130871013871"
        },
        {
          "real": "0.41853971966497938",
          "imaginary": "1.0122373893203402"
        }
      ]
    },
    {
      "detour_fraction": 0.2,
      "detour_offset": 0.0,
      "return_fraction": 0.78,
      "minimum_clearance_lower": 3.042742948634704e-05,
      "other_critical_clearance_lower": 3.042742948634704e-05,
      "chart_zero_clearance_lower": 0.17318938139796783,
      "elliptic_infinity_clearance_lower": 0.3535533905922738,
      "path_length": 0.7806481120086295,
      "maximum_winding_residual": 7.067899292141149e-17,
      "path": [
        {
          "real": "0.25",
          "imaginary": "0.25"
        },
        {
          "real": "0.28370828101580603",
          "imaginary": "0.40244900235409153"
        },
        {
          "real": "0.3814622959616436",
          "imaginary": "0.8445511091809571"
        },
        {
          "real": "0.41853971966497938",
          "imaginary": "1.0122373893203402"
        }
      ]
    },
    {
      "detour_fraction": 0.2,
      "detour_offset": 0.0,
      "return_fraction": 0.82,
      "minimum_clearance_lower": 3.042742948634704e-05,
      "other_critical_clearance_lower": 3.042742948634704e-05,
      "chart_zero_clearance_lower": 0.17318938139796777,
      "elliptic_infinity_clearance_lower": 0.3535533905922738,
      "path_length": 0.7806481120086295,
      "maximum_winding_residual": 7.067899292141149e-17,
      "path": [
        {
          "real": "0.25",
          "imaginary": "0.25"
        },
        {
          "real": "0.28370828101580603",
          "imaginary": "0.40244900235409153"
        },
        {
          "real": "0.38820395216480474",
          "imaginary": "0.87504090965177539"
        },
        {
          "real": "0.41853971966497938",
          "imaginary": "1.0122373893203402"
        }
      ]
    }
  ]
}

=== main: C:\Users\nero_\AppData\Local\Programs\Python\Python314\python.exe scripts/certify_q79_selected_alignment_E32_thimble_polygonal_main_interval_tail_reuse_zonotope.py --distinguished-index 81 --dps 100 --order 20 --detour-fraction 0.2 --detour-offset 0.0 --return-fraction 0.65 ===
starting certified zonotope transport index=81
reused certified cutoff periods index=81 radius=3.553e-15
validated polygonal E32 main steps=10 segment=1/3 fraction=5.54827491239e-05 radius=1.579e-08
validated polygonal E32 main steps=20 segment=1/3 fraction=0.000424914948429 radius=3.974e-08
validated polygonal E32 main rejections=10 segment=1/3 fraction=0.000599405787565 next_step=7.881e-05 reason=ArithmeticError: E32 lift correction exceeds local budget
validated polygonal E32 main steps=30 segment=1/3 fraction=0.00245793404412 radius=4.719e-08
validated polygonal E32 main rejections=20 segment=1/3 fraction=0.00686929605623 next_step=2.957e-04 reason=ArithmeticError: E32 lift correction exceeds local budget
validated polygonal E32 main steps=40 segment=1/3 fraction=0.0075890571939 radius=5.609e-08
validated polygonal E32 main rejections=30 segment=1/3 fraction=0.0105619893037 next_step=1.392e-04 reason=ArithmeticError: E32 lift correction exceeds local budget
validated polygonal E32 main steps=50 segment=1/3 fraction=0.0107403066761 radius=6.573e-08
validated polygonal E32 main rejections=40 segment=1/3 fraction=0.011665625737 next_step=3.640e-05 reason=ArithmeticError: E32 lift correction exceeds local budget
validated polygonal E32 main steps=60 segment=1/3 fraction=0.0117122573044 radius=6.925e-08
validated polygonal E32 main rejections=50 segment=1/3 fraction=0.0118813915858 next_step=5.355e-06 reason=ArithmeticError: E32 lift correction exceeds local budget
validated polygonal E32 main steps=70 segment=1/3 fraction=0.0118882510295 radius=7.278e-08
validated polygonal E32 main steps=80 segment=1/3 fraction=0.0119435272129 radius=7.625e-08
validated polygonal E32 main rejections=60 segment=1/3 fraction=0.0119715213354 next_step=6.202e-06 reason=ArithmeticError: E32 lift correction exceeds local budget
validated polygonal E32 main steps=90 segment=1/3 fraction=0.0120758317214 radius=8.663e-08
validated polygonal E32 main rejections=70 segment=1/3 fraction=0.0124436749755 next_step=5.516e-05 reason=ArithmeticError: E32 lift correction exceeds local budget
validated polygonal E32 main steps=100 segment=1/3 fraction=0.0125143344584 radius=8.782e-08
validated polygonal E32 main steps=110 segment=1/3 fraction=0.0139998540404 radius=8.898e-08
validated polygonal E32 main rejections=80 segment=1/3 fraction=0.0154131166302 next_step=2.726e-04 reason=ArithmeticError: E32 lift correction exceeds local budget
validated polygonal E32 main steps=120 segment=1/3 fraction=0.0179860880787 radius=9.444e-08
validated polygonal E32 main steps=130 segment=1/3 fraction=0.0279382458484 radius=9.826e-08
validated polygonal E32 main rejections=90 segment=1/3 fraction=0.0279382458484 next_step=1.364e-03 reason=ArithmeticError: E32 lift correction exceeds local budget
validated polygonal E32 main steps=140 segment=1/3 fraction=0.0547116315281 radius=1.111e-07
validated polygonal E32 main rejections=100 segment=1/3 fraction=0.102067657484 next_step=5.000e-03 reason=ArithmeticError: E32 lift correction exceeds local budget
validated polygonal E32 main steps=150 segment=1/3 fraction=0.114237032974 radius=1.334e-07
validated polygonal E32 main rejections=110 segment=1/3 fraction=0.143784376572 next_step=1.743e-03 reason=ArithmeticError: E32 lift correction exceeds local budget
validated polygonal E32 main steps=160 segment=1/3 fraction=0.147525091359 radius=1.410e-07
validated polygonal E32 main steps=170 segment=1/3 fraction=0.161390739546 radius=1.502e-07
validated polygonal E32 main rejections=120 segment=1/3 fraction=0.165861104401 next_step=1.514e-03 reason=ArithmeticError: E32 lift correction exceeds local budget
validated polygonal E32 main steps=180 segment=1/3 fraction=0.198482069662 radius=1.614e-07
validated polygonal E32 main steps=190 segment=1/3 fraction=0.304291587073 radius=1.909e-07
validated polygonal E32 main rejections=130 segment=1/3 fraction=0.315244025014 next_step=3.645e-03 reason=ArithmeticError: E32 lift correction exceeds local budget
validated polygonal E32 main steps=200 segment=1/3 fraction=0.34679734366 radius=2.056e-07
validated polygonal E32 main steps=201 segment=1/3 fraction=0.349993499935 radius=2.063e-07
validated polygonal E32 main rejections=140 segment=2/3 fraction=0.365209062257 next_step=2.214e-03 reason=ArithmeticError: E32 lift correction exceeds local budget
validated polygonal E32 main steps=210 segment=2/3 fraction=0.382801266688 radius=2.163e-07
validated polygonal E32 main steps=220 segment=2/3 fraction=0.489318925251 radius=2.432e-07
validated polygonal E32 main steps=230 segment=2/3 fraction=0.617417614611 radius=2.605e-07
validated polygonal E32 main steps=240 segment=2/3 fraction=0.716303397863 radius=2.758e-07
validated polygonal E32 main rejections=150 segment=2/3 fraction=0.731095414679 next_step=3.587e-03 reason=ArithmeticError: E32 lift correction exceeds local budget
validated polygonal E32 main steps=250 segment=2/3 fraction=0.779273855701 radius=2.948e-07
validated polygonal E32 main steps=252 segment=2/3 fraction=0.79999799998 radius=2.989e-07
validated polygonal E32 main steps=260 segment=3/3 fraction=0.883390246754 radius=3.201e-07
validated polygonal E32 main steps=270 segment=3/3 fraction=1 radius=3.718e-07
wrote candidate_data/selected_q79covariantperiodbranchcutsetandtightbetatransport/selected_alignment_thimble_periods/d081_selected_081.E32_main.interval.packet.json
{
  "distinguished_index": 81,
  "main_radius": 3.7179427045510143e-07,
  "base_center_difference": 3.320953948901036e-10,
  "other_critical_clearance": 3.042742948634704e-05,
  "accepted_steps": 270,
  "rejected_steps": 153
}

=== full: C:\Users\nero_\AppData\Local\Programs\Python\Python314\python.exe scripts/build_selected_q79_single_E32_thimble_full_interval.py --distinguished-index 81 ===
wrote candidate_data/selected_q79covariantperiodbranchcutsetandtightbetatransport/selected_alignment_thimble_periods/d081_selected_081.E32_full.interval.packet.json
{
  "distinguished_index": 81,
  "root_id": "selected_081",
  "full_center": {
    "real": "-0.33492763270512893",
    "imaginary": "-0.40411558645804102"
  },
  "full_radius": 9.070752353679269e-07,
  "fallback": 2.3086601928801926e-05,
  "fallback_met": true,
  "floating_contained": true
}
