
=== nodal: C:\Users\nero_\AppData\Local\Programs\Python\Python314\python.exe scripts/certify_q79_selected_alignment_single_E32_thimble_nodal_factor.py --distinguished-index 84 --dps 100 ===
wrote candidate_data/selected_q79covariantperiodbranchcutsetandtightbetatransport/selected_alignment_thimble_periods/d084_selected_070.nodal_factor.interval.packet.json
{
  "distinguished_index": 84,
  "root_id": "selected_070",
  "parameter_radius": 1.4142135714185176e-80,
  "double_root_radius": 1.4142135714185176e-80,
  "node_jacobian_lower": 191.66530447327204,
  "quartic_at_node_lower": 11.897678423503063,
  "hensel_jacobian_lower": 141.55475186909035
}

=== tail-384: C:\Users\nero_\AppData\Local\Programs\Python\Python314\python.exe scripts/certify_q79_selected_alignment_single_E32_thimble_tail_interval_node_pair.py --distinguished-index 84 --outer-segments 384 --dps 100 ===
certified E32 tail segments=8/384 x=[7.867e-06,1.000e-05] radius=9.142e-09
certified E32 tail segments=16/384 x=[6.190e-06,1.000e-05] radius=1.528e-08
certified E32 tail segments=24/384 x=[4.870e-06,1.000e-05] radius=1.962e-08
certified E32 tail segments=32/384 x=[3.831e-06,1.000e-05] radius=2.261e-08
certified E32 tail segments=40/384 x=[3.014e-06,1.000e-05] radius=2.466e-08
certified E32 tail segments=48/384 x=[2.371e-06,1.000e-05] radius=2.607e-08
certified E32 tail segments=56/384 x=[1.866e-06,1.000e-05] radius=2.703e-08
certified E32 tail segments=64/384 x=[1.468e-06,1.000e-05] radius=2.769e-08
certified E32 tail segments=72/384 x=[1.155e-06,1.000e-05] radius=2.815e-08
certified E32 tail segments=80/384 x=[9.085e-07,1.000e-05] radius=2.847e-08
certified E32 tail segments=88/384 x=[7.148e-07,1.000e-05] radius=2.869e-08
certified E32 tail segments=96/384 x=[5.623e-07,1.000e-05] radius=2.884e-08
certified E32 tail segments=104/384 x=[4.424e-07,1.000e-05] radius=2.894e-08
certified E32 tail segments=112/384 x=[3.481e-07,1.000e-05] radius=2.901e-08
certified E32 tail segments=120/384 x=[2.738e-07,1.000e-05] radius=2.906e-08
certified E32 tail segments=128/384 x=[2.154e-07,1.000e-05] radius=2.910e-08
certified E32 tail segments=136/384 x=[1.695e-07,1.000e-05] radius=2.912e-08
certified E32 tail segments=144/384 x=[1.334e-07,1.000e-05] radius=2.914e-08
certified E32 tail segments=152/384 x=[1.049e-07,1.000e-05] radius=2.915e-08
certified E32 tail segments=160/384 x=[8.254e-08,1.000e-05] radius=2.916e-08
certified E32 tail segments=168/384 x=[6.494e-08,1.000e-05] radius=2.917e-08
certified E32 tail segments=176/384 x=[5.109e-08,1.000e-05] radius=2.917e-08
certified E32 tail segments=184/384 x=[4.019e-08,1.000e-05] radius=2.917e-08
certified E32 tail segments=192/384 x=[3.162e-08,1.000e-05] radius=2.917e-08
certified E32 tail segments=200/384 x=[2.488e-08,1.000e-05] radius=2.918e-08
certified E32 tail segments=208/384 x=[1.957e-08,1.000e-05] radius=2.918e-08
certified E32 tail segments=216/384 x=[1.540e-08,1.000e-05] radius=2.918e-08
certified E32 tail segments=224/384 x=[1.212e-08,1.000e-05] radius=2.918e-08
certified E32 tail segments=232/384 x=[9.532e-09,1.000e-05] radius=2.918e-08
certified E32 tail segments=240/384 x=[7.499e-09,1.000e-05] radius=2.918e-08
certified E32 tail segments=248/384 x=[5.900e-09,1.000e-05] radius=2.918e-08
certified E32 tail segments=256/384 x=[4.642e-09,1.000e-05] radius=2.918e-08
certified E32 tail segments=264/384 x=[3.652e-09,1.000e-05] radius=2.918e-08
certified E32 tail segments=272/384 x=[2.873e-09,1.000e-05] radius=2.918e-08
certified E32 tail segments=280/384 x=[2.260e-09,1.000e-05] radius=2.918e-08
certified E32 tail segments=288/384 x=[1.778e-09,1.000e-05] radius=2.918e-08
certified E32 tail segments=296/384 x=[1.399e-09,1.000e-05] radius=2.918e-08
certified E32 tail segments=304/384 x=[1.101e-09,1.000e-05] radius=2.918e-08
certified E32 tail segments=312/384 x=[8.660e-10,1.000e-05] radius=2.918e-08
certified E32 tail segments=320/384 x=[6.813e-10,1.000e-05] radius=2.918e-08
certified E32 tail segments=328/384 x=[5.360e-10,1.000e-05] radius=2.918e-08
certified E32 tail segments=336/384 x=[4.217e-10,1.000e-05] radius=2.918e-08
certified E32 tail segments=344/384 x=[3.318e-10,1.000e-05] radius=2.918e-08
certified E32 tail segments=352/384 x=[2.610e-10,1.000e-05] radius=2.918e-08
certified E32 tail segments=360/384 x=[2.054e-10,1.000e-05] radius=2.918e-08
certified E32 tail segments=368/384 x=[1.616e-10,1.000e-05] radius=2.918e-08
certified E32 tail segments=376/384 x=[1.271e-10,1.000e-05] radius=2.918e-08
certified E32 tail segments=384/384 x=[1.000e-10,1.000e-05] radius=2.918e-08
wrote candidate_data/selected_q79covariantperiodbranchcutsetandtightbetatransport/selected_alignment_thimble_periods/d084_selected_070.E32_tail.interval.packet.json
{
  "distinguished_index": 84,
  "tail_center": {
    "real": "-4.0425947624155877e-06",
    "imaginary": "-1.4639540369939079e-05"
  },
  "tail_radius": 2.9178258365014645e-08,
  "node_bound_radius": 2.5836155090330775e-10,
  "regular_segments": 384
}

=== route scan: C:\Users\nero_\AppData\Local\Programs\Python\Python314\python.exe scripts/scan_q79_selected_alignment_E32_polygonal_detours.py --distinguished-index 84 --limit 5 ===
{
  "distinguished_index": 84,
  "root_id": "selected_070",
  "line_chart": "z",
  "tested": 1122,
  "accepted_null_homotopic": 525,
  "rejected": 597,
  "ranked_routes": [
    {
      "detour_fraction": 0.25,
      "detour_offset": 0.03,
      "return_fraction": 0.65,
      "minimum_clearance_lower": 0.03996118588253861,
      "other_critical_clearance_lower": 0.03996118588253861,
      "chart_zero_clearance_lower": 0.1786032986054722,
      "elliptic_infinity_clearance_lower": 0.3535533905922738,
      "path_length": 0.6668366868287274,
      "maximum_winding_residual": 7.067899292141149e-17,
      "path": [
        {
          "real": "0.25",
          "imaginary": "0.25"
        },
        {
          "real": "0.31377442025763452",
          "imaginary": "0.40575865571518777"
        },
        {
          "real": "0.33951766165174929",
          "imaginary": "0.67118811984188886"
        },
        {
          "real": "0.38771810226943504",
          "imaginary": "0.89797524301644682"
        }
      ]
    },
    {
      "detour_fraction": 0.2,
      "detour_offset": 0.03,
      "return_fraction": 0.82,
      "minimum_clearance_lower": 0.039844103396919,
      "other_critical_clearance_lower": 0.039844103396919,
      "chart_zero_clearance_lower": 0.1786032986054722,
      "elliptic_infinity_clearance_lower": 0.3535533905922738,
      "path_length": 0.6668968089844041,
      "maximum_winding_residual": 7.067899292141149e-17,
      "path": [
        {
          "real": "0.25",
          "imaginary": "0.25"
        },
        {
          "real": "0.30688844628442302",
          "imaginary": "0.37335956957350402"
        },
        {
          "real": "0.36292997316066833",
          "imaginary": "0.78134501272361356"
        },
        {
          "real": "0.38771810226943504",
          "imaginary": "0.89797524301644682"
        }
      ]
    },
    {
      "detour_fraction": 0.2,
      "detour_offset": 0.03,
      "return_fraction": 0.78,
      "minimum_clearance_lower": 0.039694356866314624,
      "other_critical_clearance_lower": 0.039694356866314624,
      "chart_zero_clearance_lower": 0.1786032986054722,
      "elliptic_infinity_clearance_lower": 0.3535533905922738,
      "path_length": 0.6669720475951674,
      "maximum_winding_residual": 7.067899292141149e-17,
      "path": [
        {
          "real": "0.25",
          "imaginary": "0.25"
        },
        {
          "real": "0.30688844628442302",
          "imaginary": "0.37335956957350402"
        },
        {
          "real": "0.35742119398209915",
          "imaginary": "0.75542574381026661"
        },
        {
          "real": "0.38771810226943504",
          "imaginary": "0.89797524301644682"
        }
      ]
    },
    {
      "detour_fraction": 0.2,
      "detour_offset": 0.03,
      "return_fraction": 0.86,
      "minimum_clearance_lower": 0.03941501454726918,
      "other_critical_clearance_lower": 0.03941501454726918,
      "chart_zero_clearance_lower": 0.1786032986054722,
      "elliptic_infinity_clearance_lower": 0.3535533905922738,
      "path_length": 0.6668306559896192,
      "maximum_winding_residual": 7.067899292141149e-17,
      "path": [
        {
          "real": "0.25",
          "imaginary": "0.25"
        },
        {
          "real": "0.30688844628442302",
          "imaginary": "0.37335956957350402"
        },
        {
          "real": "0.36843875233923751",
          "imaginary": "0.80726428163696062"
        },
        {
          "real": "0.38771810226943504",
          "imaginary": "0.89797524301644682"
        }
      ]
    },
    {
      "detour_fraction": 0.2,
      "detour_offset": 0.03,
      "return_fraction": 0.74,
      "minimum_clearance_lower": 0.03919713966874439,
      "other_critical_clearance_lower": 0.03919713966874439,
      "chart_zero_clearance_lower": 0.1786032986054722,
      "elliptic_infinity_clearance_lower": 0.3535533905922738,
      "path_length": 0.667058378077859,
      "maximum_winding_residual": 7.067899292141149e-17,
      "path": [
        {
          "real": "0.25",
          "imaginary": "0.25"
        },
        {
          "real": "0.30688844628442302",
          "imaginary": "0.37335956957350402"
        },
        {
          "real": "0.35191241480352997",
          "imaginary": "0.72950647489691955"
        },
        {
          "real": "0.38771810226943504",
          "imaginary": "0.89797524301644682"
        }
      ]
    }
  ]
}

=== main: C:\Users\nero_\AppData\Local\Programs\Python\Python314\python.exe scripts/certify_q79_selected_alignment_E32_thimble_polygonal_main_interval_tail_reuse_zonotope.py --distinguished-index 84 --dps 100 --order 20 --detour-fraction 0.25 --detour-offset 0.03 --return-fraction 0.65 ===
starting certified zonotope transport index=84
reused certified cutoff periods index=84 radius=4.441e-16
validated polygonal E32 main steps=10 segment=1/3 fraction=5.79284847458e-05 radius=1.406e-08
validated polygonal E32 main steps=20 segment=1/3 fraction=0.000466946362141 radius=3.552e-08
validated polygonal E32 main rejections=10 segment=1/3 fraction=0.00107383125342 next_step=1.219e-04 reason=ArithmeticError: E32 lift correction exceeds local budget
validated polygonal E32 main steps=30 segment=1/3 fraction=0.00321478318388 radius=5.231e-08
validated polygonal E32 main steps=40 segment=1/3 fraction=0.0192250724472 radius=8.113e-08
validated polygonal E32 main rejections=20 segment=1/3 fraction=0.0363770426599 next_step=3.601e-03 reason=ArithmeticError: E32 lift correction exceeds local budget
validated polygonal E32 main steps=50 segment=1/3 fraction=0.0913755390324 radius=1.478e-07
validated polygonal E32 main steps=60 segment=1/3 fraction=0.206996052305 radius=2.515e-07
validated polygonal E32 main rejections=30 segment=1/3 fraction=0.222225230904 next_step=2.214e-03 reason=ArithmeticError: E32 lift correction exceeds local budget
validated polygonal E32 main steps=70 segment=1/3 fraction=0.241313948379 radius=2.832e-07
validated polygonal E32 main rejections=40 segment=1/3 fraction=0.261926781963 next_step=2.533e-03 reason=ArithmeticError: E32 lift correction exceeds local budget
validated polygonal E32 main steps=80 segment=1/3 fraction=0.284253199792 radius=3.159e-07
validated polygonal E32 main steps=86 segment=1/3 fraction=0.347690401776 radius=3.586e-07
validated polygonal E32 main steps=90 segment=2/3 fraction=0.385330802335 radius=3.808e-07
validated polygonal E32 main steps=100 segment=2/3 fraction=0.535292557552 radius=4.499e-07
validated polygonal E32 main rejections=50 segment=2/3 fraction=0.618594438053 next_step=8.201e-04 reason=ZeroDivisionError: Taylor reciprocal residual is not contractive: 3.385545e+00
validated polygonal E32 main steps=110 segment=2/3 fraction=0.619824311898 radius=4.748e-07
validated polygonal E32 main steps=120 segment=2/3 fraction=0.736083277146 radius=4.794e-07
validated polygonal E32 main steps=121 segment=2/3 fraction=0.747600798006 radius=4.773e-07
validated polygonal E32 main steps=130 segment=3/3 fraction=0.860222076174 radius=4.869e-07
validated polygonal E32 main steps=140 segment=3/3 fraction=1 radius=5.558e-07
wrote candidate_data/selected_q79covariantperiodbranchcutsetandtightbetatransport/selected_alignment_thimble_periods/d084_selected_070.E32_main.interval.packet.json
{
  "distinguished_index": 84,
  "main_radius": 5.55794364168907e-07,
  "base_center_difference": 1.397822243470886e-11,
  "other_critical_clearance": 0.03996118588253861,
  "accepted_steps": 140,
  "rejected_steps": 50
}

=== full: C:\Users\nero_\AppData\Local\Programs\Python\Python314\python.exe scripts/build_selected_q79_single_E32_thimble_full_interval.py --distinguished-index 84 ===
wrote candidate_data/selected_q79covariantperiodbranchcutsetandtightbetatransport/selected_alignment_thimble_periods/d084_selected_070.E32_full.interval.packet.json
{
  "distinguished_index": 84,
  "root_id": "selected_070",
  "full_center": {
    "real": "-0.18891344858475903",
    "imaginary": "0.54496537884684071"
  },
  "full_radius": 8.151868220451776e-07,
  "fallback": 2.3086601928801926e-05,
  "fallback_met": true,
  "floating_contained": true
}
