
=== nodal: C:\Users\nero_\AppData\Local\Programs\Python\Python314\python.exe scripts/certify_q79_selected_alignment_single_E32_thimble_nodal_factor.py --distinguished-index 90 --dps 100 ===
wrote candidate_data/selected_q79covariantperiodbranchcutsetandtightbetatransport/selected_alignment_thimble_periods/d090_selected_072.nodal_factor.interval.packet.json
{
  "distinguished_index": 90,
  "root_id": "selected_072",
  "parameter_radius": 1.4142135714185176e-80,
  "double_root_radius": 1.4142135714185176e-80,
  "node_jacobian_lower": 5375472.167312697,
  "quartic_at_node_lower": 1215.9903752523505,
  "hensel_jacobian_lower": 1478632.5927063525
}

=== tail-384: C:\Users\nero_\AppData\Local\Programs\Python\Python314\python.exe scripts/certify_q79_selected_alignment_single_E32_thimble_tail_interval_node_pair.py --distinguished-index 90 --outer-segments 384 --dps 100 ===
certified E32 tail segments=8/384 x=[7.867e-06,1.000e-05] radius=1.449e-07
certified E32 tail segments=16/384 x=[6.190e-06,1.000e-05] radius=2.405e-07
certified E32 tail segments=24/384 x=[4.870e-06,1.000e-05] radius=3.028e-07
certified E32 tail segments=32/384 x=[3.831e-06,1.000e-05] radius=3.423e-07
certified E32 tail segments=40/384 x=[3.014e-06,1.000e-05] radius=3.658e-07
certified E32 tail segments=48/384 x=[2.371e-06,1.000e-05] radius=3.736e-07
certified E32 tail segments=56/384 x=[1.866e-06,1.000e-05] radius=3.770e-07
certified E32 tail segments=64/384 x=[1.468e-06,1.000e-05] radius=3.793e-07
certified E32 tail segments=72/384 x=[1.155e-06,1.000e-05] radius=3.808e-07
certified E32 tail segments=80/384 x=[9.085e-07,1.000e-05] radius=3.819e-07
certified E32 tail segments=88/384 x=[7.148e-07,1.000e-05] radius=3.827e-07
certified E32 tail segments=96/384 x=[5.623e-07,1.000e-05] radius=3.832e-07
certified E32 tail segments=104/384 x=[4.424e-07,1.000e-05] radius=3.836e-07
certified E32 tail segments=112/384 x=[3.481e-07,1.000e-05] radius=3.838e-07
certified E32 tail segments=120/384 x=[2.738e-07,1.000e-05] radius=3.840e-07
certified E32 tail segments=128/384 x=[2.154e-07,1.000e-05] radius=3.841e-07
certified E32 tail segments=136/384 x=[1.695e-07,1.000e-05] radius=3.842e-07
certified E32 tail segments=144/384 x=[1.334e-07,1.000e-05] radius=3.842e-07
certified E32 tail segments=152/384 x=[1.049e-07,1.000e-05] radius=3.843e-07
certified E32 tail segments=160/384 x=[8.254e-08,1.000e-05] radius=3.843e-07
certified E32 tail segments=168/384 x=[6.494e-08,1.000e-05] radius=3.843e-07
certified E32 tail segments=176/384 x=[5.109e-08,1.000e-05] radius=3.843e-07
certified E32 tail segments=184/384 x=[4.019e-08,1.000e-05] radius=3.844e-07
certified E32 tail segments=192/384 x=[3.162e-08,1.000e-05] radius=3.844e-07
certified E32 tail segments=200/384 x=[2.488e-08,1.000e-05] radius=3.844e-07
certified E32 tail segments=208/384 x=[1.957e-08,1.000e-05] radius=3.844e-07
certified E32 tail segments=216/384 x=[1.540e-08,1.000e-05] radius=3.844e-07
certified E32 tail segments=224/384 x=[1.212e-08,1.000e-05] radius=3.844e-07
certified E32 tail segments=232/384 x=[9.532e-09,1.000e-05] radius=3.844e-07
certified E32 tail segments=240/384 x=[7.499e-09,1.000e-05] radius=3.844e-07
certified E32 tail segments=248/384 x=[5.900e-09,1.000e-05] radius=3.844e-07
certified E32 tail segments=256/384 x=[4.642e-09,1.000e-05] radius=3.844e-07
certified E32 tail segments=264/384 x=[3.652e-09,1.000e-05] radius=3.844e-07
certified E32 tail segments=272/384 x=[2.873e-09,1.000e-05] radius=3.844e-07
certified E32 tail segments=280/384 x=[2.260e-09,1.000e-05] radius=3.844e-07
certified E32 tail segments=288/384 x=[1.778e-09,1.000e-05] radius=3.844e-07
certified E32 tail segments=296/384 x=[1.399e-09,1.000e-05] radius=3.844e-07
certified E32 tail segments=304/384 x=[1.101e-09,1.000e-05] radius=3.844e-07
certified E32 tail segments=312/384 x=[8.660e-10,1.000e-05] radius=3.844e-07
certified E32 tail segments=320/384 x=[6.813e-10,1.000e-05] radius=3.844e-07
certified E32 tail segments=328/384 x=[5.360e-10,1.000e-05] radius=3.844e-07
certified E32 tail segments=336/384 x=[4.217e-10,1.000e-05] radius=3.844e-07
certified E32 tail segments=344/384 x=[3.318e-10,1.000e-05] radius=3.844e-07
certified E32 tail segments=352/384 x=[2.610e-10,1.000e-05] radius=3.844e-07
certified E32 tail segments=360/384 x=[2.054e-10,1.000e-05] radius=3.844e-07
certified E32 tail segments=368/384 x=[1.616e-10,1.000e-05] radius=3.844e-07
certified E32 tail segments=376/384 x=[1.271e-10,1.000e-05] radius=3.844e-07
certified E32 tail segments=384/384 x=[1.000e-10,1.000e-05] radius=3.844e-07
wrote candidate_data/selected_q79covariantperiodbranchcutsetandtightbetatransport/selected_alignment_thimble_periods/d090_selected_072.E32_tail.interval.packet.json
{
  "distinguished_index": 90,
  "tail_center": {
    "real": "4.236237448941049e-06",
    "imaginary": "2.2545220781595559e-05"
  },
  "tail_radius": 3.8437982796679654e-07,
  "node_bound_radius": 3.3310579381634625e-10,
  "regular_segments": 384
}

=== route scan: C:\Users\nero_\AppData\Local\Programs\Python\Python314\python.exe scripts/scan_q79_selected_alignment_E32_polygonal_detours.py --distinguished-index 90 --limit 5 ===
{
  "distinguished_index": 90,
  "root_id": "selected_072",
  "line_chart": "y",
  "tested": 1122,
  "accepted_null_homotopic": 294,
  "rejected": 828,
  "ranked_routes": [
    {
      "detour_fraction": 0.2,
      "detour_offset": -0.01,
      "return_fraction": 0.86,
      "minimum_clearance_lower": 0.015147864149902972,
      "other_critical_clearance_lower": 0.015147864149902972,
      "chart_zero_clearance_lower": 0.1682486742956295,
      "elliptic_infinity_clearance_lower": 0.3279112930738215,
      "path_length": 0.8766774090608322,
      "maximum_winding_residual": 7.067899292141149e-17,
      "path": [
        {
          "real": "0.25",
          "imaginary": "0.25"
        },
        {
          "real": "0.25874793483859415",
          "imaginary": "0.4253298890526036"
        },
        {
          "real": "0.33037089796225394",
          "imaginary": "0.999332790181514"
        },
        {
          "real": "0.34345359796892366",
          "imaginary": "1.1213084847135026"
        }
      ]
    },
    {
      "detour_fraction": 0.25,
      "detour_offset": -0.01,
      "return_fraction": 0.65,
      "minimum_clearance_lower": 0.015124611211387728,
      "other_critical_clearance_lower": 0.015124611211387728,
      "chart_zero_clearance_lower": 0.16824867429562948,
      "elliptic_infinity_clearance_lower": 0.32855800226843557,
      "path_length": 0.8766766350614307,
      "maximum_winding_residual": 7.067899292141149e-17,
      "path": [
        {
          "real": "0.25",
          "imaginary": "0.25"
        },
        {
          "real": "0.26342066146430659",
          "imaginary": "0.46889574894687763"
        },
        {
          "real": "0.31074544613426169",
          "imaginary": "0.81635617862556298"
        },
        {
          "real": "0.34345359796892366",
          "imaginary": "1.1213084847135026"
        }
      ]
    },
    {
      "detour_fraction": 0.2,
      "detour_offset": -0.01,
      "return_fraction": 0.82,
      "minimum_clearance_lower": 0.015102023173761504,
      "other_critical_clearance_lower": 0.015102023173761504,
      "chart_zero_clearance_lower": 0.16824867429562945,
      "elliptic_infinity_clearance_lower": 0.3285112641870196,
      "path_length": 0.8766829851602902,
      "maximum_winding_residual": 7.067899292141149e-17,
      "path": [
        {
          "real": "0.25",
          "imaginary": "0.25"
        },
        {
          "real": "0.25874793483859415",
          "imaginary": "0.4253298890526036"
        },
        {
          "real": "0.32663271666168403",
          "imaginary": "0.96448010226609471"
        },
        {
          "real": "0.34345359796892366",
          "imaginary": "1.1213084847135026"
        }
      ]
    },
    {
      "detour_fraction": 0.25,
      "detour_offset": -0.01,
      "return_fraction": 0.7,
      "minimum_clearance_lower": 0.015095627394139634,
      "other_critical_clearance_lower": 0.015095627394139634,
      "chart_zero_clearance_lower": 0.16824867429562948,
      "elliptic_infinity_clearance_lower": 0.32855800226843557,
      "path_length": 0.8766607944928667,
      "maximum_winding_residual": 7.067899292141149e-17,
      "path": [
        {
          "real": "0.25",
          "imaginary": "0.25"
        },
        {
          "real": "0.26342066146430659",
          "imaginary": "0.46889574894687763"
        },
        {
          "real": "0.31541817275997414",
          "imaginary": "0.85992203851983695"
        },
        {
          "real": "0.34345359796892366",
          "imaginary": "1.1213084847135026"
        }
      ]
    },
    {
      "detour_fraction": 0.25,
      "detour_offset": -0.01,
      "return_fraction": 0.74,
      "minimum_clearance_lower": 0.015076614849711881,
      "other_critical_clearance_lower": 0.015076614849711881,
      "chart_zero_clearance_lower": 0.16824867429562948,
      "elliptic_infinity_clearance_lower": 0.32855800226843557,
      "path_length": 0.8766504485864948,
      "maximum_winding_residual": 7.067899292141149e-17,
      "path": [
        {
          "real": "0.25",
          "imaginary": "0.25"
        },
        {
          "real": "0.26342066146430659",
          "imaginary": "0.46889574894687763"
        },
        {
          "real": "0.3191563540605441",
          "imaginary": "0.89477472643525624"
        },
        {
          "real": "0.34345359796892366",
          "imaginary": "1.1213084847135026"
        }
      ]
    }
  ]
}

=== main: C:\Users\nero_\AppData\Local\Programs\Python\Python314\python.exe scripts/certify_q79_selected_alignment_E32_thimble_polygonal_main_interval_tail_reuse_zonotope.py --distinguished-index 90 --dps 100 --order 20 --detour-fraction 0.2 --detour-offset -0.01 --return-fraction 0.86 ===
starting certified zonotope transport index=90
reused certified cutoff periods index=90 radius=2.220e-16
validated polygonal E32 main steps=10 segment=1/3 fraction=5.99312384825e-05 radius=7.522e-09
validated polygonal E32 main steps=20 segment=1/3 fraction=0.000482501884703 radius=1.701e-08
validated polygonal E32 main rejections=10 segment=1/3 fraction=0.000916883015258 next_step=1.194e-04 reason=ArithmeticError: E32 lift correction exceeds local budget
validated polygonal E32 main steps=30 segment=1/3 fraction=0.00346616267827 radius=2.832e-08
validated polygonal E32 main steps=40 segment=1/3 fraction=0.0245330110518 radius=5.888e-08
validated polygonal E32 main steps=50 segment=1/3 fraction=0.118653606545 radius=1.772e-07
validated polygonal E32 main steps=52 segment=1/3 fraction=0.139932077677 radius=2.054e-07
validated polygonal E32 main steps=60 segment=2/3 fraction=0.21418972288 radius=2.946e-07
validated polygonal E32 main steps=70 segment=2/3 fraction=0.328256766204 radius=4.186e-07
validated polygonal E32 main rejections=20 segment=2/3 fraction=0.424073082595 next_step=5.000e-03 reason=ArithmeticError: E32 lift correction exceeds local budget
validated polygonal E32 main steps=80 segment=2/3 fraction=0.429776434761 radius=5.341e-07
validated polygonal E32 main steps=90 segment=2/3 fraction=0.535858785052 radius=6.537e-07
validated polygonal E32 main steps=100 segment=2/3 fraction=0.649925828376 radius=7.776e-07
validated polygonal E32 main steps=110 segment=2/3 fraction=0.722276215581 radius=8.752e-07
validated polygonal E32 main rejections=30 segment=2/3 fraction=0.734445661223 next_step=2.906e-03 reason=ArithmeticError: E32 lift correction exceeds local budget
validated polygonal E32 main steps=120 segment=2/3 fraction=0.755770787089 radius=9.454e-07
validated polygonal E32 main rejections=40 segment=2/3 fraction=0.776811053012 next_step=3.324e-03 reason=ArithmeticError: E32 lift correction exceeds local budget
validated polygonal E32 main steps=130 segment=2/3 fraction=0.799757599603 radius=1.008e-06
validated polygonal E32 main steps=140 segment=3/3 fraction=0.896828653471 radius=1.098e-06
validated polygonal E32 main steps=150 segment=3/3 fraction=1 radius=1.195e-06
wrote candidate_data/selected_q79covariantperiodbranchcutsetandtightbetatransport/selected_alignment_thimble_periods/d090_selected_072.E32_main.interval.packet.json
{
  "distinguished_index": 90,
  "main_radius": 1.1948619862014077e-06,
  "base_center_difference": 1.3437637568822141e-09,
  "other_critical_clearance": 0.015147864149902972,
  "accepted_steps": 150,
  "rejected_steps": 41
}

=== full: C:\Users\nero_\AppData\Local\Programs\Python\Python314\python.exe scripts/build_selected_q79_single_E32_thimble_full_interval.py --distinguished-index 90 ===
wrote candidate_data/selected_q79covariantperiodbranchcutsetandtightbetatransport/selected_alignment_thimble_periods/d090_selected_072.E32_full.interval.packet.json
{
  "distinguished_index": 90,
  "root_id": "selected_072",
  "full_center": {
    "real": "-0.014864235027244557",
    "imaginary": "-1.8254821681250828"
  },
  "full_radius": 2.0740373400940375e-06,
  "fallback": 2.3086601928801926e-05,
  "fallback_met": true,
  "floating_contained": true
}
