Initial seed for pseudo-random number generator is 790031

--------------- INPUT DATA ---------------
#variables                      12
#equations                      13
#invalid equations               0
field characteristic           101
homogeneous input?               0
signature-based computation      0
monomial order                 DRL
basis hash table resetting     OFF
linear algebra option            2
initial hash table size     131072 (2^17)
max pair selection             ALL
reduce gb                        1
#threads                         1
info level                       1
generate pbm files               0
------------------------------------------

---------------- TIMINGS ----------------
overall(elapsed)      244.45 sec
overall(cpu)          244.45 sec
select                  2.17 sec   0.9%
symbolic prep.          1.62 sec   0.7%
update                 10.16 sec   4.2%
convert                 0.19 sec   0.1%
linear algebra        230.29 sec  94.2%
reduce gb               0.00 sec   0.0%
-----------------------------------------

---------- COMPUTATIONAL DATA -----------
size of basis                     1
#terms in basis                   1
#pairs reduced                36489
#GM criterion              52009447
#redundant elements           10203
#rows reduced                 73371
#zero reductions              26494
max. matrix data              38115 x 36373 (4.755%)
max. symbolic hash table size  2^16
max. basis hash table size     2^20
-----------------------------------------

Grobner basis has a single element
No solution


------------------------------------------------------------------------------------
msolve overall time         244.49 sec (elapsed) / 244.46 sec (cpu)
------------------------------------------------------------------------------------
