Initial seed for pseudo-random number generator is 1784594205

--------------- INPUT DATA ---------------
#variables                      12
#equations                      13
#invalid equations               0
field characteristic           101
homogeneous input?               0
signature-based computation      0
monomial order                 DRL
basis hash table resetting     OFF
linear algebra option            2
initial hash table size     131072 (2^17)
max pair selection             ALL
reduce gb                        1
#threads                         1
info level                       1
generate pbm files               0
------------------------------------------

---------------- TIMINGS ----------------
overall(elapsed)      299.25 sec
overall(cpu)          299.24 sec
select                  2.69 sec   0.9%
symbolic prep.          1.62 sec   0.5%
update                 13.66 sec   4.6%
convert                 0.22 sec   0.1%
linear algebra        281.04 sec  93.9%
reduce gb               0.00 sec   0.0%
-----------------------------------------

---------- COMPUTATIONAL DATA -----------
size of basis                    78
#terms in basis                1579
#pairs reduced                46442
#GM criterion              51805394
#redundant elements           10116
#rows reduced                 93354
#zero reductions              36467
max. matrix data              38115 x 36373 (4.755%)
max. symbolic hash table size  2^16
max. basis hash table size     2^20
-----------------------------------------



------------------------------------------------------------------------------------
msolve overall time         299.29 sec (elapsed) / 299.26 sec (cpu)
------------------------------------------------------------------------------------
