Initial seed for pseudo-random number generator is 790036

--------------- INPUT DATA ---------------
#variables                      12
#equations                      13
#invalid equations               0
field characteristic           101
homogeneous input?               0
signature-based computation      0
monomial order                 DRL
basis hash table resetting     OFF
linear algebra option            2
initial hash table size     131072 (2^17)
max pair selection             ALL
reduce gb                        1
#threads                         1
info level                       1
generate pbm files               0
------------------------------------------

---------------- TIMINGS ----------------
overall(elapsed)      239.36 sec
overall(cpu)          239.35 sec
select                  2.11 sec   0.9%
symbolic prep.          1.54 sec   0.6%
update                  8.99 sec   3.8%
convert                 0.17 sec   0.1%
linear algebra        226.53 sec  94.6%
reduce gb               0.00 sec   0.0%
-----------------------------------------

---------- COMPUTATIONAL DATA -----------
size of basis                     1
#terms in basis                   1
#pairs reduced                36489
#GM criterion              52009447
#redundant elements           10203
#rows reduced                 73371
#zero reductions              26494
max. matrix data              38115 x 36373 (4.755%)
max. symbolic hash table size  2^16
max. basis hash table size     2^20
-----------------------------------------

Grobner basis has a single element
No solution


------------------------------------------------------------------------------------
msolve overall time         239.40 sec (elapsed) / 239.37 sec (cpu)
------------------------------------------------------------------------------------
