Initial seed for pseudo-random number generator is 1784589780

--------------- INPUT DATA ---------------
#variables                      12
#equations                      13
#invalid equations               0
field characteristic           101
homogeneous input?               0
signature-based computation      0
monomial order                 DRL
basis hash table resetting     OFF
linear algebra option            2
initial hash table size     131072 (2^17)
max pair selection             ALL
reduce gb                        1
#threads                         1
info level                       1
generate pbm files               0
------------------------------------------

---------------- TIMINGS ----------------
overall(elapsed)      457.29 sec
overall(cpu)          457.27 sec
select                  5.79 sec   1.3%
symbolic prep.          4.25 sec   0.9%
update                 28.31 sec   6.2%
convert                 0.36 sec   0.1%
linear algebra        418.53 sec  91.5%
reduce gb               0.00 sec   0.0%
-----------------------------------------

---------- COMPUTATIONAL DATA -----------
size of basis                     1
#terms in basis                   1
#pairs reduced                36489
#GM criterion              52009447
#redundant elements           10203
#rows reduced                 73371
#zero reductions              26494
max. matrix data              38115 x 36373 (4.755%)
max. symbolic hash table size  2^16
max. basis hash table size     2^20
-----------------------------------------

Grobner basis has a single element
No solution


------------------------------------------------------------------------------------
msolve overall time         457.73 sec (elapsed) / 457.30 sec (cpu)
------------------------------------------------------------------------------------
