#Reduced Groebner basis data
#---
#field characteristic: 101
#variable order:       h1, h2, h3, h4, h5, h6, u3, u4, u5, u6, u7, t
#monomial order:       graded reverse lexicographical
#length of basis:      48 elements sorted by increasing leading monomials
#---
[1*h3^1+16*h4^1+2*h5^1+10*h6^1+86*u3^1+97*u4^1+22*u5^1+68*u6^1+21*u7^1+62*t^1+75,
1*h2^1+62*h4^1+80*h5^1+18*h6^1+39*u3^1+86*u4^1+37*u5^1+29*u6^1+55*u7^1+76*t^1+75,
1*h1^1+54*h4^1+70*h5^1+15*h6^1+40*u3^1+96*u4^1+88*u5^1+89*u6^1+37*u7^1+69*t^1+93,
1*t^2+100*u3^1+98*t^1+3,
1*u7^1*t^1+85*h4^1+48*h5^1+56*h6^1+43*u3^1+2*u4^1+25*u5^1+78*u6^1+99*u7^1+50*t^1+88,
1*u6^1*t^1+33*h4^1+75*h5^1+5*h6^1+95*u3^1+1*u4^1+73*u5^1+93*u6^1+93*u7^1+5*t^1+74,
1*u5^1*t^1+5*h4^1+55*h5^1+82*h6^1+71*u3^1+45*u4^1+21*u5^1+82*u6^1+25*u7^1+77*t^1+15,
1*u4^1*t^1+40*h4^1+69*h5^1+3*h6^1+71*u3^1+2*u4^1+24*u5^1+64*u6^1+69*u7^1+25*t^1+8,
1*u3^1*t^1+100,
1*h6^1*t^1+94*h4^1+74*h5^1+69*h6^1+72*u3^1+92*u4^1+23*u5^1+7*u6^1+58*u7^1+14*t^1+17,
1*h5^1*t^1+1*h4^1+5*h5^1+72*h6^1+9*u3^1+11*u4^1+58*u5^1+98*u6^1+53*u7^1+92*t^1+78,
1*h4^1*t^1+7*h4^1+84*h5^1+17*h6^1+44*u3^1+58*u4^1+97*u5^1+100*u6^1+93*u7^1+85*t^1+93,
1*u7^2+86*h4^1+28*h5^1+70*h6^1+89*u3^1+74*u4^1+61*u5^1+7*u6^1+2*u7^1+90*t^1+52,
1*u6^1*u7^1+79*h4^1+95*h5^1+32*h6^1+55*u3^1+4*u4^1+26*u5^1+65*u6^1+82*u7^1+32*t^1+43,
1*u5^1*u7^1+67*h4^1+8*h5^1+71*h6^1+84*u3^1+78*u4^1+60*u5^1+35*u6^1+67*u7^1+33*t^1+1,
1*u4^1*u7^1+6*h4^1+1*h5^1+53*h6^1+11*u3^1+66*u4^1+87*u5^1+40*u6^1+69*u7^1+86*t^1+31,
1*u3^1*u7^1+16*h4^1+53*h5^1+45*h6^1+50*u3^1+99*u4^1+76*u5^1+23*u6^1+43*t^1+29,
1*h6^1*u7^1+89*h4^1+70*h5^1+84*h6^1+94*u3^1+49*u4^1+93*u5^1+3*u6^1+64*u7^1+38*t^1+57,
1*h5^1*u7^1+96*h4^1+91*h5^1+13*h6^1+80*u4^1+28*u5^1+70*u6^1+13*u7^1+29*t^1+17,
1*h4^1*u7^1+58*h4^1+51*h5^1+83*h6^1+7*u3^1+67*u4^1+67*u5^1+27*u6^1+12*u7^1+1*t^1+66,
1*u6^2+5*h4^1+45*h5^1+25*h6^1+43*u3^1+18*u4^1+78*u5^1+100*u6^1+55*u7^1+87*t^1+44,
1*u5^1*u6^1+50*h4^1+78*h5^1+73*h6^1+76*u3^1+6*u4^1+10*u5^1+66*u6^1+8*u7^1+85*t^1+63,
1*u4^1*u6^1+96*h4^1+42*h5^1+78*h6^1+36*u3^1+85*u4^1+79*u5^1+21*u6^1+99*u7^1+4*t^1+8,
1*u3^1*u6^1+68*h4^1+26*h5^1+96*h6^1+52*u3^1+100*u4^1+28*u5^1+6*u6^1+8*u7^1+41*t^1+36,
1*h6^1*u6^1+86*h4^1+54*h5^1+88*h6^1+41*u3^1+98*u4^1+42*u5^1+34*u6^1+19*u7^1+28*t^1+52,
1*h5^1*u6^1+94*h4^1+26*h5^1+43*h6^1+71*u3^1+77*u4^1+40*u5^1+32*u6^1+95*u7^1+99*t^1+43,
1*h4^1*u6^1+12*h4^1+98*h5^1+32*h6^1+68*u3^1+77*u4^1+68*u5^1+76*u6^1+54*u7^1+3*t^1+25,
1*u5^2+76*h4^1+59*h5^1+57*h6^1+44*u3^1+16*u4^1+85*u5^1+57*u6^1+46*u7^1+85*t^1+78,
1*u4^1*u5^1+70*h4^1+26*h5^1+10*h6^1+77*u3^1+74*u4^1+10*u5^1+61*u6^1+2*u7^1+91*t^1+75,
1*u3^1*u5^1+96*h4^1+46*h5^1+19*h6^1+96*u3^1+56*u4^1+78*u5^1+19*u6^1+76*u7^1+90*t^1+55,
1*h6^1*u5^1+29*h4^1+79*h5^1+85*h6^1+55*u3^1+46*u4^1+92*u5^1+85*u6^1+57*t^1+13,
1*h5^1*u5^1+25*h4^1+26*h5^1+53*h6^1+52*u3^1+19*u4^1+70*u5^1+42*u6^1+52*u7^1+15*t^1+50,
1*h4^1*u5^1+84*h4^1+52*h5^1+75*h6^1+57*u3^1+77*u4^1+87*u5^1+52*u6^1+38*u7^1+98*t^1+1,
1*u4^2+61*h4^1+7*h5^1+96*h6^1+71*u3^1+90*u4^1+21*u5^1+70*u6^1+86*u7^1+46*t^1+34,
1*u3^1*u4^1+61*h4^1+32*h5^1+98*h6^1+58*u3^1+97*u4^1+77*u5^1+37*u6^1+32*u7^1+3*t^1+37,
1*h6^1*u4^1+51*h4^1+87*h5^1+61*h6^1+88*u3^1+85*u4^1+76*u5^1+38*u6^1+13*t^1+94,
1*h5^1*u4^1+44*h4^1+8*h5^1+60*h6^1+51*u3^1+58*u4^1+12*u5^1+26*u6^1+89*u7^1+54*t^1+75,
1*h4^1*u4^1+39*h4^1+63*h5^1+59*h6^1+93*u3^1+75*u4^1+79*u5^1+67*u6^1+5*u7^1+89*t^1+76,
1*u3^2+98*u3^1+100*t^1+3,
1*h6^1*u3^1+7*h4^1+27*h5^1+30*h6^1+15*u3^1+9*u4^1+78*u5^1+94*u6^1+43*u7^1+73*t^1+11,
1*h5^1*u3^1+100*h4^1+94*h5^1+29*h6^1+19*u3^1+90*u4^1+43*u5^1+3*u6^1+48*u7^1+37*t^1+68,
1*h4^1*u3^1+92*h4^1+17*h5^1+84*h6^1+27*u3^1+43*u4^1+4*u5^1+1*u6^1+8*u7^1+87*t^1+68,
1*h6^2+55*h4^1+20*h5^1+4*h6^1+95*u3^1+55*u4^1+78*u5^1+41*u6^1+15*u7^1+95*t^1+54,
1*h5^1*h6^1+77*h4^1+3*h5^1+41*h6^1+24*u3^1+15*u4^1+30*u5^1+38*u6^1+96*u7^1+82*t^1+58,
1*h4^1*h6^1+54*h4^1+47*h5^1+47*h6^1+37*u3^1+81*u4^1+39*u5^1+61*u6^1+66*u7^1+91*t^1+55,
1*h5^2+84*h4^1+44*h5^1+96*h6^1+100*u3^1+78*u4^1+19*u5^1+37*u6^1+24*u7^1+16*t^1+2,
1*h4^1*h5^1+12*h4^1+64*h5^1+31*h6^1+75*u3^1+82*u4^1+98*u5^1+79*u6^1+42*u7^1+98*t^1+92,
1*h4^2+35*h4^1+60*h5^1+92*h6^1+70*u3^1+28*u4^1+63*u5^1+19*u6^1+1*u7^1+28*t^1+11]:
