#Reduced Groebner basis data
#---
#field characteristic: 101
#variable order:       h1, h2, h3, h4, h5, h6, u3, u4, u5, u6, u7, t
#monomial order:       graded reverse lexicographical
#length of basis:      78 elements sorted by increasing leading monomials
#---
[1*u3^1*t^1+100,
1*h4^1*t^1+39*h5^1*t^1+19*h6^1*t^1+51*u4^1*t^1+72*u5^1*t^1+66*u6^1*t^1+3*u7^1*t^1+9*t^2+92*h1^1+31*h2^1+33*h3^1+13*h4^1+44*h5^1+71*h6^1+23*u3^1+37*u4^1+1*u5^1+97*u6^1+95*u7^1+26*t^1+91,
1*h3^1*t^1+25*h5^1*t^1+97*h6^1*t^1+4*u4^1*t^1+9*u5^1*t^1+87*u6^1*t^1+46*u7^1*t^1+23*t^2+21*h1^1+54*h2^1+6*h3^1+17*h4^1+24*h5^1+80*h6^1+35*u3^1+86*u4^1+85*u5^1+1*u6^1+18*u7^1+1*t^1+44,
1*h2^1*t^1+92*h5^1*t^1+46*h6^1*t^1+37*u4^1*t^1+31*u5^1*t^1+8*u6^1*t^1+63*u7^1*t^1+7*t^2+94*h1^1+98*h2^1+33*h3^1+17*h4^1+84*h5^1+43*h6^1+94*u3^1+94*u4^1+49*u5^1+28*u6^1+99*u7^1+56*t^1+38,
1*h1^1*t^1+61*h5^1*t^1+61*h6^1*t^1+38*u4^1*t^1+79*u5^1*t^1+64*u6^1*t^1+27*u7^1*t^1+53*t^2+75*h1^1+99*h2^1+38*h3^1+80*h4^1+26*h5^1+1*h6^1+68*u3^1+79*u4^1+46*u5^1+5*u6^1+97*u7^1+45*t^1+22,
1*u7^2+97*h5^1*t^1+75*h6^1*t^1+54*u4^1*t^1+43*u5^1*t^1+39*u6^1*t^1+94*u7^1*t^1+29*t^2+48*h1^1+72*h2^1+1*h3^1+78*h4^1+9*h5^1+31*h6^1+89*u3^1+11*u4^1+90*u5^1+50*u6^1+87*u7^1+39*t^1+36,
1*u6^1*u7^1+55*h5^1*t^1+48*h6^1*t^1+50*u4^1*t^1+2*u5^1*t^1+61*u6^1*t^1+56*u7^1*t^1+39*t^2+35*h1^1+72*h2^1+82*h3^1+90*h4^1+33*h5^1+16*h6^1+65*u3^1+91*u4^1+56*u5^1+32*u6^1+57*u7^1+41*t^1+52,
1*u5^1*u7^1+76*h5^1*t^1+28*h6^1*t^1+53*u4^1*t^1+48*u5^1*t^1+74*u6^1*t^1+53*u7^1*t^1+82*t^2+95*h1^1+57*h2^1+43*h3^1+71*h4^1+4*h5^1+47*h6^1+15*u3^1+11*u4^1+20*u5^1+91*u6^1+51*u7^1+35*t^1+33,
1*u4^1*u7^1+70*h5^1*t^1+16*h6^1*t^1+54*u4^1*t^1+48*u5^1*t^1+17*u6^1*t^1+66*u7^1*t^1+17*t^2+11*h1^1+72*h2^1+86*h3^1+43*h4^1+11*h5^1+53*h6^1+65*u3^1+61*u4^1+94*u5^1+92*u6^1+59*u7^1+32*t^1+5,
1*u3^1*u7^1+75*h5^1*t^1+98*h6^1*t^1+40*u4^1*t^1+7*u5^1*t^1+6*u6^1*t^1+24*u7^1*t^1+45*t^2+21*h1^1+12*h2^1+65*h3^1+70*h4^1+32*h5^1+22*h6^1+44*u3^1+56*u4^1+78*u5^1+34*u6^1+90*u7^1+37*t^1+76,
1*h6^1*u7^1+32*h5^1*t^1+13*h6^1*t^1+3*u4^1*t^1+86*u5^1*t^1+55*u6^1*t^1+23*u7^1*t^1+65*t^2+20*h1^1+87*h2^1+87*h3^1+43*h4^1+58*h5^1+25*h6^1+45*u3^1+96*u4^1+6*u5^1+83*u6^1+5*u7^1+23*t^1+17,
1*h5^1*u7^1+37*h5^1*t^1+17*h6^1*t^1+17*u4^1*t^1+72*u5^1*t^1+37*u6^1*t^1+69*u7^1*t^1+8*t^2+46*h1^1+28*h2^1+23*h3^1+100*h4^1+26*h5^1+28*h6^1+96*u3^1+88*u4^1+28*u5^1+84*u6^1+29*u7^1+33*t^1+14,
1*h4^1*u7^1+91*h5^1*t^1+10*h6^1*t^1+45*u4^1*t^1+74*u5^1*t^1+83*u6^1*t^1+4*u7^1*t^1+9*t^2+96*h1^1+88*h2^1+83*h3^1+36*h4^1+60*h5^1+26*h6^1+29*u3^1+13*u4^1+80*u5^1+92*u6^1+61*u7^1+88*t^1+70,
1*h3^1*u7^1+76*h5^1*t^1+80*h6^1*t^1+6*u4^1*t^1+95*u5^1*t^1+48*u6^1*t^1+20*u7^1*t^1+35*t^2+51*h1^1+85*h2^1+23*h3^1+86*h4^1+67*h5^1+74*h6^1+96*u3^1+75*u4^1+12*u5^1+59*u6^1+72*u7^1+86*t^1+31,
1*h2^1*u7^1+99*h5^1*t^1+74*h6^1*t^1+59*u4^1*t^1+91*u5^1*t^1+11*u6^1*t^1+52*u7^1*t^1+91*t^2+3*h1^1+29*h2^1+1*h3^1+33*h4^1+34*h5^1+93*h6^1+99*u3^1+50*u4^1+13*u5^1+39*u6^1+51*u7^1+36*t^1+94,
1*h1^1*u7^1+58*h5^1*t^1+39*h6^1*t^1+19*u4^1*t^1+38*u5^1*t^1+8*u6^1*t^1+93*u7^1*t^1+19*t^2+71*h1^1+49*h2^1+27*h3^1+26*h4^1+54*h5^1+57*h6^1+12*u3^1+61*u4^1+10*u5^1+55*u6^1+92*u7^1+76*t^1+35,
1*u6^2+28*h5^1*t^1+88*h6^1*t^1+72*u4^1*t^1+50*u5^1*t^1+29*u6^1*t^1+35*u7^1*t^1+38*t^2+95*h1^1+68*h2^1+2*h3^1+44*h4^1+83*h5^1+54*h6^1+91*u3^1+70*u4^1+58*u5^1+90*u6^1+89*u7^1+87*t^1+47,
1*u5^1*u6^1+88*h5^1*t^1+32*h6^1*t^1+10*u4^1*t^1+7*u5^1*t^1+82*u6^1*t^1+70*u7^1*t^1+27*t^2+42*h1^1+79*h2^1+64*h3^1+32*h4^1+77*h5^1+64*h6^1+42*u3^1+17*u4^1+24*u5^1+70*u6^1+89*u7^1+88*t^1+41,
1*u4^1*u6^1+32*h5^1*t^1+42*h6^1*t^1+89*u4^1*t^1+96*u5^1*t^1+89*u6^1*t^1+60*u7^1*t^1+3*t^2+45*h1^1+64*h2^1+73*h3^1+12*h4^1+90*h5^1+72*h6^1+90*u3^1+20*u4^1+95*u5^1+55*u6^1+2*u7^1+96*t^1+9,
1*u3^1*u6^1+78*h5^1*t^1+96*h6^1*t^1+17*u4^1*t^1+50*u5^1*t^1+49*u6^1*t^1+20*u7^1*t^1+37*t^2+51*h1^1+89*h2^1+79*h3^1+90*h4^1+97*h5^1+70*h6^1+1*u3^1+78*u4^1+27*u5^1+51*u6^1+15*u7^1+37*t^1+74,
1*h6^1*u6^1+26*h5^1*t^1+54*h6^1*t^1+36*u4^1*t^1+83*u5^1*t^1+49*u6^1*t^1+28*u7^1*t^1+2*t^2+98*h1^1+27*h2^1+15*h3^1+30*h4^1+90*h5^1+67*h6^1+27*u3^1+95*u4^1+10*u5^1+86*u6^1+92*u7^1+25*t^1+4,
1*h5^1*u6^1+93*h5^1*t^1+97*h6^1*t^1+22*u4^1*t^1+37*u5^1*t^1+43*u6^1*t^1+80*u7^1*t^1+72*t^2+97*h1^1+84*h2^1+5*h3^1+89*h4^1+40*h5^1+24*h6^1+13*u3^1+3*u4^1+33*u5^1+67*u6^1+15*u7^1+99*t^1+91,
1*h4^1*u6^1+69*h5^1*t^1+11*h6^1*t^1+90*u4^1*t^1+86*u5^1*t^1+25*u6^1*t^1+71*u7^1*t^1+39*t^2+51*h1^1+3*h2^1+81*h3^1+87*h4^1+4*h5^1+41*h6^1+89*u3^1+2*u4^1+31*u5^1+89*u6^1+2*u7^1+30*t^1+35,
1*h3^1*u6^1+50*h5^1*t^1+67*h6^1*t^1+54*u4^1*t^1+19*u5^1*t^1+51*u6^1*t^1+89*u7^1*t^1+27*t^2+50*h1^1+49*h2^1+39*h3^1+41*h4^1+43*h5^1+16*h6^1+41*u3^1+44*u4^1+77*u6^1+82*u7^1+58*t^1+35,
1*h2^1*u6^1+76*h5^1*t^1+11*h6^1*t^1+52*u4^1*t^1+90*u5^1*t^1+48*u6^1*t^1+20*u7^1*t^1+5*t^2+8*h1^1+73*h2^1+10*h3^1+16*h4^1+21*h5^1+32*h6^1+51*u3^1+20*u4^1+79*u5^1+82*u6^1+84*u7^1+94*t^1+37,
1*h1^1*u6^1+85*h5^1*t^1+5*h6^1*t^1+30*u4^1*t^1+70*u5^1*t^1+63*u6^1*t^1+14*u7^1*t^1+56*t^2+37*h1^1+96*h2^1+40*h3^1+97*h4^1+30*h5^1+7*h6^1+96*u3^1+21*u4^1+68*u5^1+21*u6^1+46*u7^1+10*t^1+50,
1*u5^2+27*h5^1*t^1+72*h6^1*t^1+54*u4^1*t^1+51*u5^1*t^1+18*u6^1*t^1+20*u7^1*t^1+90*t^2+7*h1^1+63*h2^1+3*h3^1+36*h4^1+81*h5^1+67*h6^1+23*u3^1+81*u4^1+25*u5^1+29*u6^1+21*u7^1+22*t^1+15,
1*u4^1*u5^1+56*h5^1*t^1+98*h6^1*t^1+62*u4^1*t^1+70*u5^1*t^1+98*u6^1*t^1+6*u7^1*t^1+69*t^2+99*h1^1+50*h2^1+93*h3^1+91*h4^1+23*h5^1+98*h6^1+70*u3^1+28*u4^1+97*u5^1+70*u6^1+47*u7^1+98*t^1+47,
1*u3^1*u5^1+8*h5^1*t^1+77*h6^1*t^1+81*u4^1*t^1+13*u5^1*t^1+8*u6^1*t^1+57*u7^1*t^1+24*t^2+14*h1^1+15*h2^1+82*h3^1+21*h4^1+20*h5^1+99*h6^1+5*u3^1+93*u4^1+23*u5^1+21*u6^1+12*u7^1+1*t^1+51,
1*h6^1*u5^1+9*h5^1*t^1+58*h6^1*t^1+55*u4^1*t^1+26*u5^1*t^1+80*u6^1*t^1+53*u7^1*t^1+80*t^2+59*h1^1+33*h2^1+33*h3^1+10*h4^1+41*h5^1+13*h6^1+22*u3^1+46*u4^1+57*u5^1+61*u6^1+22*u7^1+69*t^1+29,
1*h5^1*u5^1+67*h5^1*t^1+49*h6^1*t^1+38*u4^1*t^1+77*u5^1*t^1+78*u6^1*t^1+6*u7^1*t^1+77*t^2+91*h1^1+37*h2^1+99*h3^1+98*h4^1+21*h5^1+61*h6^1+70*u3^1+28*u4^1+100*u5^1+34*u6^1+28*t^1+82,
1*h4^1*u5^1+93*h5^1*t^1+20*h6^1*t^1+40*u4^1*t^1+20*u5^1*t^1+61*u6^1*t^1+23*u7^1*t^1+32*t^2+82*h1^1+2*h2^1+12*h3^1+89*h4^1+35*h5^1+36*h6^1+61*u3^1+84*u4^1+99*u5^1+63*u6^1+50*u7^1+26*t^1+88,
1*h3^1*u5^1+39*h5^1*t^1+73*h6^1*t^1+65*u4^1*t^1+82*u5^1*t^1+60*u6^1*t^1+66*u7^1*t^1+46*t^2+71*h1^1+29*h2^1+10*h3^1+38*h4^1+72*h5^1+97*h6^1+70*u3^1+7*u4^1+37*u5^1+28*u6^1+90*u7^1+53*t^1+40,
1*h2^1*u5^1+74*h5^1*t^1+70*h6^1*t^1+59*u4^1*t^1+100*u5^1*t^1+76*u6^1*t^1+74*u7^1*t^1+95*t^2+86*h1^1+61*h2^1+74*h3^1+15*h4^1+88*h5^1+54*h6^1+31*u3^1+55*u4^1+61*u5^1+77*u6^1+32*u7^1+19*t^1+24,
1*h1^1*u5^1+76*h5^1*t^1+64*h6^1*t^1+73*u4^1*t^1+44*u5^1*t^1+92*u6^1*t^1+79*u7^1*t^1+44*t^2+40*h1^1+97*h2^1+21*h3^1+21*h4^1+55*h5^1+79*h6^1+13*u3^1+85*u4^1+24*u5^1+79*u6^1+63*u7^1+18*t^1+4,
1*u4^2+12*h5^1*t^1+27*h6^1*t^1+40*u4^1*t^1+100*u5^1*t^1+88*u6^1*t^1+60*u7^1*t^1+95*t^2+30*h1^1+88*h2^1+7*h3^1+84*h4^1+66*h5^1+14*h6^1+74*u3^1+96*u4^1+57*u5^1+45*u6^1+32*u7^1+78*t^1+98,
1*u3^1*u4^1+7*h5^1*t^1+51*h6^1*t^1+13*u4^1*t^1+18*u5^1*t^1+69*u6^1*t^1+100*u7^1*t^1+12*t^2+19*h1^1+52*h2^1+3*h3^1+76*h4^1+16*h5^1+2*h6^1+32*u3^1+5*u4^1+62*u5^1+18*u6^1+97*u7^1+14*t^1+79,
1*h6^1*u4^1+7*h5^1*t^1+76*h6^1*t^1+75*u4^1*t^1+48*u5^1*t^1+51*u6^1*t^1+28*u7^1*t^1+48*t^2+31*h1^1+97*h2^1+73*h3^1+97*h4^1+27*h5^1+32*h6^1+93*u3^1+10*u4^1+40*u5^1+5*u6^1+5*u7^1+7*t^1+45,
1*h5^1*u4^1+4*h5^1*t^1+9*h6^1*t^1+73*u4^1*t^1+50*u5^1*t^1+24*u6^1*t^1+93*u7^1*t^1+1*t^2+25*h1^1+75*h2^1+82*h3^1+31*h4^1+1*h5^1+80*h6^1+79*u3^1+28*u4^1+25*u5^1+19*u6^1+89*u7^1+28*t^1+86,
1*h4^1*u4^1+96*h5^1*t^1+94*h6^1*t^1+6*u4^1*t^1+76*u5^1*t^1+80*u6^1*t^1+8*u7^1*t^1+29*t^2+54*h1^1+13*h2^1+63*h3^1+56*h4^1+36*h5^1+32*h6^1+3*u3^1+87*u4^1+45*u5^1+20*u6^1+34*u7^1+32*t^1+55,
1*h3^1*u4^1+84*h5^1*t^1+90*h6^1*t^1+69*u4^1*t^1+82*u5^1*t^1+46*u6^1*t^1+17*u7^1*t^1+98*t^2+43*h1^1+70*h2^1+20*h3^1+83*h4^1+40*h5^1+84*h6^1+10*u3^1+11*u4^1+37*u5^1+5*u6^1+19*u7^1+3*t^1+7,
1*h2^1*u4^1+23*h5^1*t^1+39*h6^1*t^1+85*u4^1*t^1+29*u5^1*t^1+74*u6^1*t^1+26*u7^1*t^1+64*t^2+90*h1^1+16*h2^1+24*h3^1+12*h4^1+13*h5^1+57*h6^1+17*u3^1+72*u4^1+4*u5^1+64*u6^1+59*u7^1+11*t^1+71,
1*h1^1*u4^1+80*h5^1*t^1+34*h6^1*t^1+44*u4^1*t^1+3*u5^1*t^1+17*u6^1*t^1+42*u7^1*t^1+97*t^2+32*h1^1+16*h2^1+29*h3^1+66*h4^1+66*h5^1+35*h6^1+76*u3^1+94*u4^1+11*u5^1+65*u6^1+33*u7^1+19*t^1+59,
1*u3^2+88*t^2+34*u3^1+83*t^1+80,
1*h6^1*u3^1+20*h5^1*t^1+93*h6^1*t^1+30*u4^1*t^1+83*u5^1*t^1+81*u6^1*t^1+46*u7^1*t^1+69*t^2+44*h1^1+38*h2^1+43*h3^1+37*h4^1+9*h5^1+29*h6^1+3*u3^1+94*u4^1+28*u5^1+44*u6^1+95*u7^1+59*t^1+53,
1*h5^1*u3^1+48*h5^1*t^1+42*h6^1*t^1+4*u4^1*t^1+8*u5^1*t^1+17*u6^1*t^1+45*u7^1*t^1+61*t^2+52*h1^1+32*h2^1+98*h3^1+88*h4^1+48*h5^1+31*h6^1+52*u3^1+14*u4^1+28*u5^1+93*u6^1+61*u7^1+67*t^1+7,
1*h4^1*u3^1+78*h5^1*t^1+47*h6^1*t^1+7*u4^1*t^1+3*u5^1*t^1+25*u6^1*t^1+74*u7^1*t^1+77*h1^1+75*h2^1+20*h3^1+66*h5^1+54*h6^1+78*u3^1+15*u4^1+76*u5^1+85*u6^1+37*u7^1+35*t^1+62,
1*h3^1*u3^1+58*h6^1*t^1+67*u4^1*t^1+53*u5^1*t^1+79*u6^1*t^1+89*u7^1*t^1+11*t^2+94*h1^1+35*h2^1+70*h3^1+2*h4^1+7*h5^1+1*h6^1+9*u3^1+95*u4^1+9*u5^1+1*u6^1+62*u7^1+1*t^1+60,
1*h2^1*u3^1+46*h5^1*t^1+42*h6^1*t^1+25*u4^1*t^1+20*u5^1*t^1+14*u6^1*t^1+73*u7^1*t^1+100*t^2+37*h1^1+40*h2^1+46*h3^1+6*h4^1+22*h5^1+92*h6^1+73*u3^1+30*u4^1+77*u5^1+76*u6^1+39*u7^1+77*t^1+30,
1*h1^1*u3^1+25*h5^1*t^1+38*h6^1*t^1+54*u4^1*t^1+98*u6^1*t^1+89*u7^1*t^1+55*t^2+83*h1^1+11*h2^1+27*h3^1+13*h4^1+64*h5^1+32*h6^1+91*u3^1+47*u4^1+31*u5^1+69*u6^1+34*u7^1+72*t^1+68,
1*h6^2+37*h5^1*t^1+87*h6^1*t^1+52*u4^1*t^1+12*u5^1*t^1+20*u6^1*t^1+92*u7^1*t^1+78*t^2+52*h1^1+31*h2^1+24*h3^1+33*h4^1+81*h5^1+67*h6^1+43*u3^1+79*u4^1+69*u5^1+21*u6^1+77*u7^1+77*t^1+47,
1*h5^1*h6^1+75*h5^1*t^1+20*h6^1*t^1+29*u4^1*t^1+4*u5^1*t^1+87*u6^1*t^1+98*u7^1*t^1+6*t^2+48*h1^1+31*h2^1+76*h3^1+48*h4^1+38*h5^1+7*h6^1+86*u3^1+91*u4^1+5*u5^1+20*u6^1+66*u7^1+23*t^1+90,
1*h4^1*h6^1+42*h5^1*t^1+77*h6^1*t^1+2*u4^1*t^1+51*u5^1*t^1+84*u6^1*t^1+10*u7^1*t^1+96*h1^1+38*h2^1+100*h3^1+1*h4^1+8*h5^1+64*h6^1+42*u3^1+35*u4^1+71*u5^1+68*u6^1+41*u7^1+52*t^1+30,
1*h3^1*h6^1+8*h5^1*t^1+2*h6^1*t^1+32*u4^1*t^1+3*u5^1*t^1+70*u6^1*t^1+46*u7^1*t^1+28*t^2+62*h1^1+16*h2^1+65*h3^1+81*h4^1+8*h5^1+50*h6^1+13*u3^1+8*u4^1+13*u5^1+4*u6^1+31*u7^1+65*t^1+5,
1*h2^1*h6^1+55*h5^1*t^1+81*h6^1*t^1+33*u4^1*t^1+31*u5^1*t^1+41*u6^1*t^1+59*u7^1*t^1+58*t^2+63*h1^1+26*h2^1+41*h3^1+89*h4^1+23*h5^1+5*h6^1+87*u3^1+74*u4^1+56*u5^1+11*u6^1+80*u7^1+62*t^1+80,
1*h1^1*h6^1+1*h5^1*t^1+9*h6^1*t^1+31*u4^1*t^1+40*u5^1*t^1+91*u6^1*t^1+47*u7^1*t^1+29*t^2+16*h1^1+76*h2^1+40*h3^1+78*h4^1+50*h5^1+15*h6^1+43*u3^1+72*u4^1+65*u5^1+33*u6^1+42*u7^1+18*t^1+17,
1*h5^2+39*h5^1*t^1+80*h6^1*t^1+88*u4^1*t^1+56*u5^1*t^1+44*u6^1*t^1+18*u7^1*t^1+98*t^2+95*h1^1+65*h2^1+35*h3^1+16*h4^1+1*h5^1+1*h6^1+73*u3^1+44*u4^1+65*u5^1+10*u6^1+97*u7^1+97*t^1+4,
1*h4^1*h5^1+76*h5^1*t^1+29*h6^1*t^1+15*u4^1*t^1+17*u5^1*t^1+79*u6^1*t^1+46*u7^1*t^1+7*t^2+8*h1^1+74*h2^1+46*h3^1+54*h4^1+47*h5^1+87*h6^1+48*u3^1+17*u4^1+18*u5^1+56*u6^1+28*u7^1+20*t^1+14,
1*h3^1*h5^1+100*h5^1*t^1+22*h6^1*t^1+86*u4^1*t^1+39*u5^1*t^1+3*u6^1*t^1+16*u7^1*t^1+1*t^2+19*h1^1+94*h2^1+55*h3^1+38*h4^1+61*h5^1+73*h6^1+56*u3^1+3*u4^1+59*u5^1+5*u6^1+80*u7^1+96*t^1+89,
1*h2^1*h5^1+48*h5^1*t^1+48*h6^1*t^1+1*u4^1*t^1+62*u5^1*t^1+2*u6^1*t^1+12*u7^1*t^1+6*t^2+66*h1^1+50*h2^1+23*h3^1+1*h4^1+27*h5^1+31*h6^1+35*u3^1+72*u4^1+55*u5^1+4*u6^1+52*u7^1+38*t^1+39,
1*h1^1*h5^1+74*h5^1*t^1+63*h6^1*t^1+85*u4^1*t^1+75*u5^1*t^1+1*u6^1*t^1+30*u7^1*t^1+91*t^2+9*h1^1+99*h2^1+54*h3^1+6*h4^1+26*h5^1+63*h6^1+47*u3^1+91*u4^1+48*u5^1+27*u6^1+45*u7^1+36*t^1+37,
1*h4^2+64*h5^1*t^1+57*h6^1*t^1+13*u4^1*t^1+40*u5^1*t^1+75*u6^1*t^1+30*u7^1*t^1+9*t^2+8*h1^1+45*h2^1+24*h3^1+70*h4^1+62*h5^1+20*h6^1+27*u3^1+18*u4^1+58*u5^1+76*u6^1+14*u7^1+89*t^1+23,
1*h3^1*h4^1+9*h5^1*t^1+28*h6^1*t^1+37*u4^1*t^1+59*u5^1*t^1+2*u6^1*t^1+98*u7^1*t^1+36*t^2+98*h1^1+24*h2^1+35*h3^1+37*h4^1+36*h5^1+26*h6^1+75*u3^1+21*u4^1+33*u5^1+84*u6^1+37*u7^1+49*t^1+69,
1*h2^1*h4^1+1*h5^1*t^1+49*h6^1*t^1+68*u4^1*t^1+55*u5^1*t^1+75*u6^1*t^1+89*u7^1*t^1+34*t^2+71*h1^1+66*h2^1+53*h3^1+24*h4^1+4*h5^1+38*h6^1+89*u3^1+54*u4^1+32*u5^1+87*u6^1+34*u7^1+4*t^1+51,
1*h1^1*h4^1+97*h5^1*t^1+58*h6^1*t^1+78*u4^1*t^1+33*u5^1*t^1+76*u6^1*t^1+56*u7^1*t^1+84*t^2+69*h1^1+67*h3^1+24*h4^1+25*h5^1+71*h6^1+1*u3^1+25*u4^1+73*u5^1+19*u6^1+44*u7^1+58*t^1+28,
1*h3^2+34*h5^1*t^1+4*h6^1*t^1+73*u4^1*t^1+30*u5^1*t^1+81*u6^1*t^1+35*u7^1*t^1+9*t^2+29*h1^1+72*h2^1+4*h3^1+26*h4^1+43*h5^1+51*h6^1+73*u3^1+53*u4^1+97*u5^1+8*u6^1+40*u7^1+24*t^1+28,
1*h2^1*h3^1+43*h5^1*t^1+92*h6^1*t^1+23*u4^1*t^1+32*u5^1*t^1+73*u6^1*t^1+83*u7^1*t^1+93*t^2+8*h1^1+50*h2^1+70*h3^1+52*h4^1+69*h5^1+26*h6^1+32*u3^1+33*u4^1+53*u5^1+63*u6^1+74*u7^1+25*t^1+1,
1*h1^1*h3^1+62*h5^1*t^1+91*h6^1*t^1+38*u4^1*t^1+47*u5^1*t^1+78*u6^1*t^1+36*u7^1*t^1+71*t^2+22*h1^1+23*h2^1+78*h3^1+7*h4^1+82*h5^1+79*h6^1+56*u3^1+49*u4^1+72*u5^1+28*u6^1+58*u7^1+90*t^1+28,
1*h2^2+1*h5^1*t^1+64*h6^1*t^1+47*u4^1*t^1+63*u5^1*t^1+93*u6^1*t^1+62*u7^1*t^1+30*t^2+15*h1^1+78*h2^1+1*h3^1+54*h4^1+43*h5^1+93*h6^1+89*u3^1+43*u4^1+38*u5^1+52*u6^1+45*u7^1+21*t^1+100,
1*h1^1*h2^1+51*h5^1*t^1+9*h6^1*t^1+83*u4^1*t^1+70*u5^1*t^1+54*u6^1*t^1+51*u7^1*t^1+8*t^2+20*h1^1+45*h2^1+68*h3^1+40*h4^1+90*h5^1+88*h6^1+4*u3^1+64*u4^1+6*u5^1+10*u6^1+28*u7^1+47*t^1+15,
1*h1^2+73*h5^1*t^1+27*h6^1*t^1+15*u4^1*t^1+41*u5^1*t^1+3*u6^1*t^1+74*u7^1*t^1+19*t^2+6*h1^1+98*h2^1+83*h3^1+17*h4^1+14*h5^1+82*h6^1+98*u3^1+45*u4^1+84*u5^1+86*u6^1+2*u7^1+55*t^1+42,
1*t^3+48*t^2+31*u3^1+56*t^1+44,
1*u7^1*t^2+84*h5^1*t^1+33*h6^1*t^1+65*u4^1*t^1+24*u5^1*t^1+35*u6^1*t^1+75*u7^1*t^1+18*t^2+72*h1^1+70*h2^1+93*h3^1+38*h4^1+52*h5^1+61*h6^1+8*u3^1+91*u4^1+51*u5^1+30*u6^1+48*u7^1+83*t^1+95,
1*u6^1*t^2+51*h5^1*t^1+55*h6^1*t^1+15*u4^1*t^1+56*u5^1*t^1+2*u6^1*t^1+83*u7^1*t^1+36*t^2+45*h1^1+31*h2^1+40*h3^1+20*h4^1+44*h5^1+38*h6^1+14*u3^1+51*u4^1+6*u5^1+73*u6^1+37*u7^1+88*t^1+76,
1*u5^1*t^2+13*h5^1*t^1+62*h6^1*t^1+18*u4^1*t^1+95*u5^1*t^1+13*u6^1*t^1+80*u7^1*t^1+47*t^2+48*h1^1+37*h2^1+7*h3^1+72*h4^1+83*h5^1+22*h6^1+33*u3^1+88*u4^1+78*u5^1+72*u6^1+70*u7^1+75*t^1+67,
1*u4^1*t^2+24*h5^1*t^1+45*h6^1*t^1+95*u4^1*t^1+4*u5^1*t^1+49*u6^1*t^1+11*u7^1*t^1+22*t^2+94*h1^1+34*h2^1+68*h3^1+73*h4^1+26*h5^1+79*h6^1+29*u3^1+74*u4^1+25*u5^1+4*u6^1+44*u7^1+37*t^1+9,
1*h6^1*t^2+83*h5^1*t^1+23*h6^1*t^1+74*u4^1*t^1+97*u5^1*t^1+18*u6^1*t^1+100*u7^1*t^1+22*t^2+21*h1^1+87*h2^1+32*h3^1+98*h4^1+2*h5^1+12*h6^1+74*u3^1+77*u4^1+96*u5^1+21*u6^1+66*u7^1+96*t^1+75,
1*h5^1*t^2+13*h5^1*t^1+43*h6^1*t^1+57*u4^1*t^1+13*u5^1*t^1+15*u6^1*t^1+10*u7^1*t^1+53*t^2+34*h1^1+52*h2^1+33*h3^1+42*h4^1+5*h5^1+63*h6^1+19*u3^1+48*u4^1+96*u5^1+88*u6^1+36*u7^1+77*t^1+96]:
