#Reduced Groebner basis data
#---
#field characteristic: 101
#variable order:       h1, h2, h3, h4, h5, h6, u3, u4, u5, u6, u7, t
#monomial order:       graded reverse lexicographical
#length of basis:      48 elements sorted by increasing leading monomials
#---
[1*h3^1+72*h4^1+89*h5^1+74*h6^1+40*u3^1+70*u4^1+29*u5^1+19*u6^1+33*u7^1+98*t^1+40,
1*h2^1+42*h4^1+46*h5^1+76*h6^1+30*u3^1+98*u4^1+73*u5^1+16*u6^1+28*u7^1+85*t^1+7,
1*h1^1+9*h4^1+31*h5^1+7*h6^1+90*u3^1+82*u4^1+66*u5^1+36*u6^1+34*u7^1+28*t^1+31,
1*t^2+88*u3^1+72*t^1+11,
1*u7^1*t^1+4*h4^1+55*h5^1+38*h6^1+78*u3^1+75*u4^1+100*u5^1+55*u6^1+100*u7^1+45*t^1+87,
1*u6^1*t^1+47*h4^1+72*h5^1+96*h6^1+39*u3^1+31*u4^1+44*u5^1+79*u6^1+49*u7^1+49*t^1+61,
1*u5^1*t^1+15*h4^1+83*h5^1+24*h6^1+95*u3^1+54*u4^1+11*u5^1+31*u6^1+94*u7^1+87*t^1+34,
1*u4^1*t^1+40*h4^1+48*h5^1+4*h6^1+55*u3^1+23*u4^1+17*u5^1+2*u6^1+24*u7^1+45*t^1+24,
1*u3^1*t^1+100,
1*h6^1*t^1+69*h4^1+53*h5^1+75*h6^1+78*u3^1+90*u4^1+24*u5^1+20*u6^1+12*u7^1+18*t^1+75,
1*h5^1*t^1+15*h4^1+40*h5^1+100*h6^1+16*u3^1+98*u4^1+90*u5^1+42*u6^1+23*u7^1+35*t^1+31,
1*h4^1*t^1+42*h4^1+74*h5^1+19*h6^1+11*u3^1+69*u4^1+78*u6^1+5*u7^1+39*t^1+7,
1*u7^2+66*h4^1+28*h5^1+52*u3^1+13*u4^1+89*u5^1+48*u6^1+60*u7^1+15*t^1+80,
1*u6^1*u7^1+41*h4^1+77*h5^1+9*h6^1+45*u3^1+38*u4^1+82*u5^1+89*u6^1+88*u7^1+83*t^1+80,
1*u5^1*u7^1+99*h4^1+27*h5^1+21*h6^1+44*u3^1+84*u4^1+54*u5^1+71*u6^1+7*u7^1+7*t^1+62,
1*u4^1*u7^1+49*h4^1+95*h5^1+33*h6^1+83*u3^1+67*u4^1+82*u5^1+29*u6^1+1*u7^1+34*t^1+76,
1*u3^1*u7^1+54*h4^1+86*h5^1+8*h6^1+43*u3^1+53*u4^1+37*u5^1+86*u6^1+96*u7^1+52*t^1+13,
1*h6^1*u7^1+58*h4^1+9*h5^1+76*h6^1+69*u3^1+64*u4^1+5*u5^1+36*u6^1+51*u7^1+45,
1*h5^1*u7^1+17*h4^1+70*h5^1+79*h6^1+5*u3^1+100*u4^1+94*u5^1+65*u6^1+97*u7^1+48*t^1+69,
1*h4^1*u7^1+1*h4^1+58*h5^1+2*h6^1+89*u3^1+94*u4^1+46*u5^1+94*u6^1+61*u7^1+25*t^1+28,
1*u6^2+1*h4^1+47*h5^1+98*h6^1+63*u3^1+8*u4^1+43*u5^1+3*u6^1+86*u7^1+2*t^1+74,
1*u5^1*u6^1+25*h4^1+81*h5^1+7*h6^1+77*u3^1+17*u4^1+22*u5^1+36*u6^1+48*u7^1+27*t^1+5,
1*u4^1*u6^1+39*h4^1+10*h5^1+63*h6^1+23*u3^1+24*u4^1+67*u5^1+18*u6^1+59*u7^1+13*t^1+96,
1*u3^1*u6^1+79*h4^1+63*h5^1+84*h6^1+22*u3^1+65*u4^1+89*u5^1+65*u6^1+5*u7^1+74*t^1+45,
1*h6^1*u6^1+34*h4^1+86*h5^1+49*h6^1+23*u3^1+73*u4^1+86*u5^1+30*u6^1+44*u7^1+90*t^1+34,
1*h5^1*u6^1+36*h4^1+62*h5^1+19*h6^1+74*u3^1+53*u4^1+41*u5^1+58*u6^1+69*u7^1+1*t^1+92,
1*h4^1*u6^1+90*h4^1+95*h5^1+23*h6^1+40*u3^1+74*u4^1+46*u5^1+19*u6^1+80*u7^1+86*t^1+60,
1*u5^2+45*h4^1+72*h5^1+34*h6^1+38*u3^1+54*u4^1+22*u5^1+95*u6^1+31*u7^1+86*t^1+39,
1*u4^1*u5^1+24*h4^1+20*h5^1+91*h6^1+6*u3^1+2*u4^1+52*u5^1+20*u6^1+55*u7^1+95*t^1+55,
1*u3^1*u5^1+51*h4^1+60*h5^1+21*h6^1+10*u3^1+22*u4^1+56*u5^1+65*u6^1+57*u7^1+47*t^1+71,
1*h6^1*u5^1+15*h4^1+53*h5^1+10*h6^1+70*u3^1+66*u4^1+99*u5^1+57*u6^1+16*u7^1+54*t^1+31,
1*h5^1*u5^1+32*h4^1+80*h5^1+27*h6^1+68*u3^1+29*u4^1+6*u5^1+77*u6^1+18*u7^1+55*t^1+1,
1*h4^1*u5^1+50*h4^1+80*h5^1+76*h6^1+44*u3^1+88*u4^1+83*u5^1+31*u6^1+71*u7^1+14*t^1+85,
1*u4^2+68*h4^1+56*h5^1+11*h6^1+3*u3^1+26*u4^1+58*u5^1+32*u6^1+99*u7^1+9*t^1+36,
1*u3^1*u4^1+35*h4^1+42*h5^1+54*h6^1+1*u3^1+16*u4^1+78*u5^1+27*u6^1+21*u7^1+38*t^1+56,
1*h6^1*u4^1+26*h4^1+69*h5^1+55*h6^1+5*u3^1+67*u4^1+5*u5^1+19*u6^1+23*u7^1+25*t^1+61,
1*h5^1*u4^1+89*h4^1+84*h5^1+42*h6^1+85*u3^1+42*u4^1+3*u5^1+22*u6^1+89*u7^1+52*t^1+65,
1*h4^1*u4^1+80*h4^1+22*h5^1+90*h6^1+95*u3^1+83*u4^1+70*u5^1+67*u6^1+4*u7^1+91*t^1+97,
1*u3^2+38*u3^1+31*t^1+10,
1*h6^1*u3^1+73*h4^1+59*h5^1+11*h6^1+4*u3^1+3*u4^1+21*u5^1+68*u6^1+61*u7^1+12*t^1+75,
1*h5^1*u3^1+51*h4^1+94*h5^1+37*h6^1+91*u3^1+10*u4^1+3*u5^1+62*u6^1+58*u7^1+39*t^1+63,
1*h4^1*u3^1+20*h4^1+90*h5^1+4*h6^1+57*u3^1+73*u4^1+43*u6^1+17*u7^1+70*t^1+49,
1*h6^2+5*h4^1+12*h5^1+48*h6^1+24*u3^1+63*u4^1+77*u5^1+70*u6^1+83*u7^1+77*t^1+54,
1*h5^1*h6^1+23*h4^1+35*h5^1+76*h6^1+7*u3^1+7*u4^1+26*u5^1+28*u6^1+74*u7^1+39*t^1+22,
1*h4^1*h6^1+66*h4^1+68*h5^1+56*h6^1+69*u3^1+53*u4^1+51*u5^1+45*u6^1+61*u7^1+78*t^1+86,
1*h5^2+56*h4^1+20*h5^1+86*h6^1+35*u3^1+88*u4^1+7*u5^1+65*u6^1+26*u7^1+75*t^1+22,
1*h4^1*h5^1+42*h4^1+58*h5^1+43*h6^1+47*u3^1+31*u4^1+59*u6^1+36*u7^1+34*t^1+84,
1*h4^2+43*h4^1+28*h5^1+36*h6^1+46*u4^1+10*u5^1+79*u6^1+38*u7^1+9*t^1+68]:
