Initial seed for pseudo-random number generator is 1784586147

--------------- INPUT DATA ---------------
#variables                      12
#equations                      13
#invalid equations               0
field characteristic           101
homogeneous input?               0
signature-based computation      0
monomial order                 DRL
basis hash table resetting     OFF
linear algebra option            2
initial hash table size     131072 (2^17)
max pair selection             ALL
reduce gb                        1
#threads                         1
info level                       1
generate pbm files               0
------------------------------------------

---------------- TIMINGS ----------------
overall(elapsed)      333.66 sec
overall(cpu)          333.65 sec
select                  3.31 sec   1.0%
symbolic prep.          2.04 sec   0.6%
update                 18.90 sec   5.7%
convert                 0.22 sec   0.1%
linear algebra        309.14 sec  92.7%
reduce gb               0.00 sec   0.0%
-----------------------------------------

---------- COMPUTATIONAL DATA -----------
size of basis                    12
#terms in basis                  23
#pairs reduced                46259
#GM criterion              51999244
#redundant elements           10191
#rows reduced                 92922
#zero reductions              36265
max. matrix data              38115 x 36373 (4.755%)
max. symbolic hash table size  2^16
max. basis hash table size     2^20
-----------------------------------------



------------------------------------------------------------------------------------
msolve overall time         333.70 sec (elapsed) / 333.67 sec (cpu)
------------------------------------------------------------------------------------
	Command being timed: "timeout --kill-after=10s 900s prlimit --as=4294967296 -- nice -n 10 /home/nerodes/.local/opt/msolve-0.10.1/msolve -t 1 -l 2 -d 0 -c 0 -g 2 -f generated_q79_Ronly_fixed_u1_line_cover/exceptions/space6_class2_u1_001_a_047_symbolic_v.msolve.in -o generated_q79_Ronly_fixed_u1_line_cover/exceptions/space6_class2_u1_001_a_047_symbolic_v.msolve.out -v 1 -q 0"
	User time (seconds): 332.83
	System time (seconds): 1.00
	Percent of CPU this job got: 100%
	Elapsed (wall clock) time (h:mm:ss or m:ss): 5:33.80
	Average shared text size (kbytes): 0
	Average unshared data size (kbytes): 0
	Average stack size (kbytes): 0
	Average total size (kbytes): 0
	Maximum resident set size (kbytes): 1060808
	Average resident set size (kbytes): 0
	Major (requiring I/O) page faults: 0
	Minor (reclaiming a frame) page faults: 273739
	Voluntary context switches: 3482
	Involuntary context switches: 180
	Swaps: 0
	File system inputs: 0
	File system outputs: 0
	Socket messages sent: 0
	Socket messages received: 0
	Signals delivered: 0
	Page size (bytes): 4096
	Exit status: 0
