Initial seed for pseudo-random number generator is 1784582947

--------------- INPUT DATA ---------------
#variables                      12
#equations                      13
#invalid equations               0
field characteristic           101
homogeneous input?               0
signature-based computation      0
monomial order                 DRL
basis hash table resetting     OFF
linear algebra option            2
initial hash table size     131072 (2^17)
max pair selection             ALL
reduce gb                        1
#threads                         1
info level                       1
generate pbm files               0
------------------------------------------

---------------- TIMINGS ----------------
overall(elapsed)      712.66 sec
overall(cpu)          712.62 sec
select                  8.34 sec   1.2%
symbolic prep.          5.96 sec   0.8%
update                 54.24 sec   7.6%
convert                 0.56 sec   0.1%
linear algebra        643.50 sec  90.3%
reduce gb               0.00 sec   0.0%
-----------------------------------------

---------- COMPUTATIONAL DATA -----------
size of basis                    22
#terms in basis                 153
#pairs reduced                46270
#GM criterion              51948233
#redundant elements           10176
#rows reduced                 92954
#zero reductions              36281
max. matrix data              38115 x 36373 (4.755%)
max. symbolic hash table size  2^16
max. basis hash table size     2^20
-----------------------------------------



------------------------------------------------------------------------------------
msolve overall time         712.81 sec (elapsed) / 712.67 sec (cpu)
------------------------------------------------------------------------------------
	Command being timed: "timeout --kill-after=10s 900s prlimit --as=4294967296 -- nice -n 10 /home/nerodes/.local/opt/msolve-0.10.1/msolve -t 1 -l 2 -d 0 -c 0 -g 2 -f ./generated_q79_Ronly_fixed_u1_line_cover/exceptions/space6_class1_u1_001_a_047_symbolic_v.msolve.in -o ./generated_q79_Ronly_fixed_u1_line_cover/exceptions/space6_class1_u1_001_a_047_symbolic_v.msolve.out -v 1 -q 0"
	User time (seconds): 710.76
	System time (seconds): 2.57
	Percent of CPU this job got: 100%
	Elapsed (wall clock) time (h:mm:ss or m:ss): 11:52.85
	Average shared text size (kbytes): 0
	Average unshared data size (kbytes): 0
	Average stack size (kbytes): 0
	Average total size (kbytes): 0
	Maximum resident set size (kbytes): 1060776
	Average resident set size (kbytes): 0
	Major (requiring I/O) page faults: 0
	Minor (reclaiming a frame) page faults: 274190
	Voluntary context switches: 7248
	Involuntary context switches: 725
	Swaps: 0
	File system inputs: 8
	File system outputs: 0
	Socket messages sent: 0
	Socket messages received: 0
	Signals delivered: 0
	Page size (bytes): 4096
	Exit status: 0
