#Reduced Groebner basis data
#---
#field characteristic: 101
#variable order:       h1, h2, h3, h4, h5, h6, u3, u4, u5, u6, u7, v
#monomial order:       graded reverse lexicographical
#length of basis:      22 elements sorted by increasing leading monomials
#---
[1*u3^1+32*u4^1+87*u5^1+28*u6^1+94*u7^1+88*v^1+31,
1*h6^1+65*u4^1+20*u5^1+21*u6^1+39*u7^1+25*v^1+15,
1*h5^1+19*u4^1+69*u5^1+78*u6^1+96*u7^1+54*v^1+98,
1*h4^1+78*u4^1+40*u5^1+27*u6^1+96*u7^1+49*v^1+88,
1*h3^1+17*u4^1+74*u5^1+63*u6^1+78*u7^1+20*v^1+11,
1*h2^1+22*u4^1+17*u5^1+53*u6^1+70*u7^1+54*v^1+91,
1*h1^1+40*u4^1+54*u5^1+68*u6^1+49*u7^1+31*v^1+68,
1*v^2+50*u4^1+16*u5^1+69*u6^1+8*u7^1+5*v^1+32,
1*u7^1*v^1+98*u4^1+11*u5^1+60*u6^1+81*u7^1+6*v^1+10,
1*u6^1*v^1+87*u4^1+9*u5^1+32*u6^1+31*u7^1+53*v^1+43,
1*u5^1*v^1+12*u4^1+88*u5^1+98*u6^1+23*u7^1+73*v^1+28,
1*u4^1*v^1+34*u4^1+49*u5^1+15*u6^1+26*u7^1+53*v^1+67,
1*u7^2+1*u4^1+88*u5^1+35*u6^1+14*u7^1+16*v^1+42,
1*u6^1*u7^1+24*u4^1+39*u5^1+97*u6^1+87*u7^1+88*v^1+43,
1*u5^1*u7^1+90*u4^1+72*u5^1+88*u6^1+81*u7^1+7*v^1+4,
1*u4^1*u7^1+8*u4^1+64*u5^1+100*u6^1+98*u7^1+85*v^1+62,
1*u6^2+30*u4^1+43*u5^1+87*u6^1+47*u7^1+15*v^1+47,
1*u5^1*u6^1+24*u4^1+30*u5^1+22*u6^1+46*u7^1+90*v^1+8,
1*u4^1*u6^1+54*u4^1+99*u5^1+92*u6^1+100*u7^1+22*v^1+44,
1*u5^2+51*u4^1+26*u5^1+64*u6^1+36*u7^1+94*v^1+100,
1*u4^1*u5^1+67*u4^1+12*u5^1+48*u6^1+50*u7^1+3*v^1+5,
1*u4^2+71*u4^1+56*u5^1+24*u6^1+45*u7^1+46*v^1+38]:
