#Reduced Groebner basis data
#---
#field characteristic: 101
#variable order:       h1, h2, h3, h4, h5, h6, u3, u4, u5, u6, u7, v
#monomial order:       graded reverse lexicographical
#length of basis:      22 elements sorted by increasing leading monomials
#---
[1*u3^1+49*u4^1+52*u5^1+38*u6^1+31*u7^1+48*v^1+42,
1*h6^1+92*u4^1+91*u5^1+81*u6^1+49*u7^1+67*v^1+87,
1*h5^1+58*u4^1+34*u5^1+24*u6^1+42*u7^1+39*v^1+12,
1*h4^1+11*u4^1+54*u5^1+67*u6^1+90*u7^1+13*v^1+3,
1*h3^1+12*u4^1+73*u5^1+69*u6^1+12*u7^1+48*v^1+24,
1*h2^1+45*u4^1+17*u5^1+99*u6^1+62*u7^1+44*v^1+12,
1*h1^1+97*u4^1+89*u5^1+65*u6^1+66*u7^1+69*v^1+58,
1*v^2+92*u4^1+9*u5^1+26*u6^1+85*u7^1+45*v^1+38,
1*u7^1*v^1+59*u4^1+93*u5^1+37*u6^1+94*u7^1+59*v^1+28,
1*u6^1*v^1+84*u4^1+3*u5^1+85*u6^1+94*u7^1+79*v^1,
1*u5^1*v^1+16*u4^1+19*u5^1+61*u6^1+22*u7^1+66*v^1+76,
1*u4^1*v^1+79*u4^1+83*u5^1+74*u6^1+97*u7^1+19*v^1+55,
1*u7^2+17*u4^1+64*u5^1+81*u6^1+100*u7^1+27*v^1+82,
1*u6^1*u7^1+18*u4^1+31*u5^1+67*u6^1+52*u7^1+87*v^1+30,
1*u5^1*u7^1+46*u4^1+92*u5^1+57*u6^1+23*u7^1+4*v^1+46,
1*u4^1*u7^1+90*u4^1+29*u5^1+99*u6^1+18*u7^1+34*v^1+33,
1*u6^2+55*u4^1+6*u5^1+57*u6^1+100*u7^1+76*v^1+15,
1*u5^1*u6^1+31*u4^1+97*u5^1+58*u6^1+29*u7^1+69*v^1+78,
1*u4^1*u6^1+87*u4^1+55*u5^1+68*u6^1+40*u7^1+76*v^1+48,
1*u5^2+60*u4^1+63*u5^1+82*u6^1+37*u7^1+45*v^1+41,
1*u4^1*u5^1+33*u4^1+16*u5^1+9*u6^1+7*u7^1+55*v^1+49,
1*u4^2+5*u4^1+25*u5^1+66*u6^1+92*u7^1+11*v^1+84]:
